Clock: clk
Sources: clk 
Generated: no
Virtual: yes
Propagated: no
Period: 10.000000

===========================================================================
report_clock_properties
============================================================================
Clock                   Period          Waveform
----------------------------------------------------
clk                  10.000000    0.000000  5.000000

===========================================================================
report_clock_latency
============================================================================
Clock clk
rise -> rise
    min     max
0.000000 0.000000 source latency
0.434948         network latency _1402_/CLK
        0.444667 network latency _1431_/CLK
---------------
0.434948 0.444667 latency
        0.009719 skew

fall -> fall
    min     max
0.000000 0.000000 source latency
0.387900         network latency _1402_/CLK
        0.396157 network latency _1431_/CLK
---------------
0.387900 0.396157 latency
        0.008257 skew



===========================================================================
report_clock_min_period
============================================================================
clk period_min = 6.51 fmax = 153.66
