Clock: clk
Sources: clk 
Generated: no
Virtual: yes
Propagated: no
Period: 10.000000

===========================================================================
report_clock_properties
============================================================================
Clock                   Period          Waveform
----------------------------------------------------
clk                  10.000000    0.000000  5.000000

===========================================================================
report_clock_latency
============================================================================
Clock clk
rise -> rise
    min     max
0.000000 0.000000 source latency
0.322398         network latency _1451_/CLK
        0.330544 network latency _1391_/CLK
---------------
0.322398 0.330544 latency
        0.008146 skew

fall -> fall
    min     max
0.000000 0.000000 source latency
0.279339         network latency _1451_/CLK
        0.286457 network latency _1391_/CLK
---------------
0.279339 0.286457 latency
        0.007118 skew



===========================================================================
report_clock_min_period
============================================================================
clk period_min = 4.07 fmax = 245.54
