
===========================================================================
report_checks -unconstrained
===========================================================================
======================= nom_tt_025C_1v80 Corner ===================================

Startpoint: _1425_ (rising edge-triggered flip-flop clocked by clk)
Endpoint: _1456_ (rising edge-triggered flip-flop clocked by clk)
Path Group: clk
Path Type: max

Fanout         Cap        Slew       Delay        Time   Description
---------------------------------------------------------------------------------------------
                                  0.000000    0.000000   clock clk (rise edge)
                                  0.000000    0.000000   clock source latency
    81    0.246353    1.101485    0.767959    0.767959 ^ clk (in)
                                                         clk (net)
                      1.101927    0.000000    0.767959 ^ _1425_/CLK (sky130_fd_sc_hd__dfxtp_2)
    22    0.070188    0.163517    0.615386    1.383344 v _1425_/Q (sky130_fd_sc_hd__dfxtp_2)
                                                         core_b[0] (net)
                      0.163517    0.000268    1.383612 v _1019_/B (sky130_fd_sc_hd__and3_2)
     7    0.015859    0.067182    0.283510    1.667122 v _1019_/X (sky130_fd_sc_hd__and3_2)
                                                         _0351_ (net)
                      0.067182    0.000020    1.667142 v _1023_/A (sky130_fd_sc_hd__or4bb_2)
     2    0.006922    0.112485    0.655741    2.322882 v _1023_/X (sky130_fd_sc_hd__or4bb_2)
                                                         _0355_ (net)
                      0.112485    0.000013    2.322896 v _1026_/A2 (sky130_fd_sc_hd__a21o_2)
     3    0.010419    0.052716    0.256198    2.579093 v _1026_/X (sky130_fd_sc_hd__a21o_2)
                                                         _0358_ (net)
                      0.052716    0.000068    2.579162 v _1028_/A2 (sky130_fd_sc_hd__a21o_2)
     2    0.007263    0.044444    0.222496    2.801658 v _1028_/X (sky130_fd_sc_hd__a21o_2)
                                                         _0360_ (net)
                      0.044444    0.000024    2.801682 v _1031_/A2 (sky130_fd_sc_hd__a21o_2)
     3    0.013591    0.059196    0.238652    3.040334 v _1031_/X (sky130_fd_sc_hd__a21o_2)
                                                         _0363_ (net)
                      0.059196    0.000158    3.040492 v _1032_/C (sky130_fd_sc_hd__and3_2)
     3    0.009314    0.053221    0.231663    3.272155 v _1032_/X (sky130_fd_sc_hd__and3_2)
                                                         _0364_ (net)
                      0.053221    0.000043    3.272197 v _1037_/A1 (sky130_fd_sc_hd__o211a_2)
     2    0.005818    0.049812    0.267121    3.539319 v _1037_/X (sky130_fd_sc_hd__o211a_2)
                                                         _0369_ (net)
                      0.049812    0.000000    3.539319 v _1038_/C (sky130_fd_sc_hd__or3_2)
     4    0.012460    0.109253    0.460021    3.999341 v _1038_/X (sky130_fd_sc_hd__or3_2)
                                                         _0370_ (net)
                      0.109253    0.000025    3.999365 v _1082_/A2 (sky130_fd_sc_hd__a211o_2)
     3    0.007787    0.060519    0.367757    4.367123 v _1082_/X (sky130_fd_sc_hd__a211o_2)
                                                         _0413_ (net)
                      0.060519    0.000026    4.367148 v _1125_/D (sky130_fd_sc_hd__and4b_2)
     2    0.005139    0.048029    0.246873    4.614021 v _1125_/X (sky130_fd_sc_hd__and4b_2)
                                                         _0455_ (net)
                      0.048029    0.000015    4.614037 v _1196_/A2 (sky130_fd_sc_hd__a211o_2)
     3    0.011840    0.072591    0.361666    4.975703 v _1196_/X (sky130_fd_sc_hd__a211o_2)
                                                         _0524_ (net)
                      0.072591    0.000173    4.975875 v _1234_/A2 (sky130_fd_sc_hd__a31o_2)
     2    0.013560    0.064169    0.272137    5.248013 v _1234_/X (sky130_fd_sc_hd__a31o_2)
                                                         _0560_ (net)
                      0.064169    0.000020    5.248033 v _1247_/A (sky130_fd_sc_hd__nand2_2)
     1    0.002949    0.042909    0.055424    5.303456 ^ _1247_/Y (sky130_fd_sc_hd__nand2_2)
                                                         _0573_ (net)
                      0.042909    0.000007    5.303463 ^ _1266_/B1 (sky130_fd_sc_hd__o211a_2)
    36    0.203805    1.132577    0.922978    6.226440 ^ _1266_/X (sky130_fd_sc_hd__o211a_2)
                                                         _0591_ (net)
                      1.132643    0.007271    6.233712 ^ _1281_/B (sky130_fd_sc_hd__xnor2_2)
     3    0.011606    0.182233    0.173119    6.406831 v _1281_/Y (sky130_fd_sc_hd__xnor2_2)
                                                         _0604_ (net)
                      0.182233    0.000015    6.406846 v _1299_/B (sky130_fd_sc_hd__or4_2)
     1    0.002806    0.098951    0.675107    7.081953 v _1299_/X (sky130_fd_sc_hd__or4_2)
                                                         _0619_ (net)
                      0.098951    0.000012    7.081964 v _1300_/C1 (sky130_fd_sc_hd__a311o_2)
     2    0.006116    0.062470    0.334616    7.416581 v _1300_/X (sky130_fd_sc_hd__a311o_2)
                                                         _0620_ (net)
                      0.062470    0.000076    7.416657 v _1303_/A (sky130_fd_sc_hd__and2_2)
     2    0.006136    0.044588    0.182020    7.598677 v _1303_/X (sky130_fd_sc_hd__and2_2)
                                                         _0623_ (net)
                      0.044588    0.000014    7.598691 v _1304_/B (sky130_fd_sc_hd__or2_2)
     3    0.006167    0.064125    0.283804    7.882495 v _1304_/X (sky130_fd_sc_hd__or2_2)
                                                         _0624_ (net)
                      0.064125    0.000017    7.882512 v _1317_/B1 (sky130_fd_sc_hd__a2bb2o_2)
     2    0.011187    0.066206    0.292740    8.175252 v _1317_/X (sky130_fd_sc_hd__a2bb2o_2)
                                                         _0635_ (net)
                      0.066206    0.000049    8.175301 v _1322_/A2 (sky130_fd_sc_hd__o21a_2)
     1    0.008572    0.047499    0.215041    8.390342 v _1322_/X (sky130_fd_sc_hd__o21a_2)
                                                         _0639_ (net)
                      0.047499    0.000023    8.390365 v _1323_/B (sky130_fd_sc_hd__xnor2_2)
     1    0.004923    0.063326    0.128301    8.518666 v _1323_/Y (sky130_fd_sc_hd__xnor2_2)
                                                         _0640_ (net)
                      0.063326    0.000015    8.518682 v _1325_/A2 (sky130_fd_sc_hd__a211oi_2)
     1    0.001898    0.131359    0.196547    8.715228 ^ _1325_/Y (sky130_fd_sc_hd__a211oi_2)
                                                         _0072_ (net)
                      0.131359    0.000002    8.715230 ^ _1456_/D (sky130_fd_sc_hd__dfxtp_2)
                                              8.715230   data arrival time

                                 10.000000   10.000000   clock clk (rise edge)
                                  0.000000   10.000000   clock source latency
    81    0.246353    1.101485    0.760827   10.760827 ^ clk (in)
                                                         clk (net)
                      1.101648    0.000000   10.760827 ^ _1456_/CLK (sky130_fd_sc_hd__dfxtp_2)
                                 -0.250000   10.510827   clock uncertainty
                                  0.000000   10.510827   clock reconvergence pessimism
                                  0.009048   10.519875   library setup time
                                             10.519875   data required time
---------------------------------------------------------------------------------------------
                                             10.519875   data required time
                                             -8.715230   data arrival time
---------------------------------------------------------------------------------------------
                                              1.804645   slack (MET)




===========================================================================
report_checks --slack_max -0.01
============================================================================
======================= nom_tt_025C_1v80 Corner ===================================

No paths found.


===========================================================================
 report_check_types -max_slew -max_cap -max_fanout -violators
============================================================================
======================= nom_tt_025C_1v80 Corner ===================================

max slew

Pin                                        Limit        Slew       Slack
------------------------------------------------------------------------
_1202_/A                                0.750000    1.269410   -0.519410 (VIOLATED)
_1203_/A1                               0.750000    1.269410   -0.519410 (VIOLATED)
_1231_/A                                0.750000    1.269409   -0.519409 (VIOLATED)
_1232_/A1                               0.750000    1.269409   -0.519409 (VIOLATED)
_1259_/B1                               0.750000    1.269407   -0.519407 (VIOLATED)
_1260_/A1                               0.750000    1.269407   -0.519407 (VIOLATED)
_1271_/B1                               0.750000    1.269404   -0.519404 (VIOLATED)
_1272_/A1                               0.750000    1.269404   -0.519404 (VIOLATED)
_1279_/B1_N                             0.750000    1.269400   -0.519400 (VIOLATED)
_1280_/A1                               0.750000    1.269400   -0.519400 (VIOLATED)
_1291_/A                                0.750000    1.269396   -0.519396 (VIOLATED)
_1292_/A1                               0.750000    1.269396   -0.519396 (VIOLATED)
_1319_/A                                0.750000    1.269391   -0.519391 (VIOLATED)
_1320_/A1                               0.750000    1.269391   -0.519391 (VIOLATED)
_1310_/B1_N                             0.750000    1.269390   -0.519390 (VIOLATED)
_1312_/A1                               0.750000    1.269390   -0.519391 (VIOLATED)
_1297_/A1                               0.750000    1.269389   -0.519389 (VIOLATED)
_1306_/B1_N                             0.750000    1.269389   -0.519389 (VIOLATED)
_1307_/A1                               0.750000    1.269389   -0.519389 (VIOLATED)
_1296_/A                                0.750000    1.269388   -0.519388 (VIOLATED)
_1333_/A1                               0.750000    1.269374   -0.519374 (VIOLATED)
_1167_/B1                               0.750000    1.269374   -0.519374 (VIOLATED)
_1168_/A1                               0.750000    1.269374   -0.519374 (VIOLATED)
_1332_/B1_N                             0.750000    1.269373   -0.519373 (VIOLATED)
_1134_/A                                0.750000    1.269372   -0.519372 (VIOLATED)
_1135_/A1                               0.750000    1.269373   -0.519373 (VIOLATED)
_1091_/B1                               0.750000    1.269370   -0.519370 (VIOLATED)
_1092_/A1                               0.750000    1.269370   -0.519370 (VIOLATED)
_1283_/B1_N                             0.750000    1.269368   -0.519368 (VIOLATED)
_1285_/A1                               0.750000    1.269367   -0.519367 (VIOLATED)
_1049_/S                                0.750000    1.269358   -0.519358 (VIOLATED)
_1002_/B1_N                             0.750000    1.269346   -0.519346 (VIOLATED)
_1350_/A                                0.750000    1.269340   -0.519340 (VIOLATED)
_1351_/A1                               0.750000    1.269340   -0.519340 (VIOLATED)
_1003_/A1                               0.750000    1.269335   -0.519335 (VIOLATED)
_1324_/A                                0.750000    1.269327   -0.519327 (VIOLATED)
_1325_/A1                               0.750000    1.269327   -0.519327 (VIOLATED)
_1337_/A                                0.750000    1.269326   -0.519327 (VIOLATED)
_1338_/A1                               0.750000    1.269327   -0.519327 (VIOLATED)
_1345_/A                                0.750000    1.269325   -0.519325 (VIOLATED)
_1346_/A1                               0.750000    1.269325   -0.519325 (VIOLATED)
_1361_/A                                0.750000    1.269324   -0.519324 (VIOLATED)
_1362_/A1                               0.750000    1.269321   -0.519322 (VIOLATED)
_1377_/A                                0.750000    1.269319   -0.519319 (VIOLATED)
_1378_/A1                               0.750000    1.269319   -0.519319 (VIOLATED)
_1367_/A1                               0.750000    1.269318   -0.519318 (VIOLATED)
_1366_/A                                0.750000    1.269316   -0.519316 (VIOLATED)
_1382_/B                                0.750000    1.269316   -0.519316 (VIOLATED)
_1381_/B1                               0.750000    1.269315   -0.519315 (VIOLATED)
_0958_/A1                               0.750000    1.269306   -0.519306 (VIOLATED)
_0957_/A                                0.750000    1.269304   -0.519304 (VIOLATED)
_0917_/A                                0.750000    1.269293   -0.519293 (VIOLATED)
_0918_/A1                               0.750000    1.269292   -0.519292 (VIOLATED)
_0884_/S                                0.750000    1.269284   -0.519284 (VIOLATED)
_0813_/A1                               0.750000    1.269282   -0.519282 (VIOLATED)
_0815_/A                                0.750000    1.269282   -0.519282 (VIOLATED)
_0824_/A                                0.750000    1.269282   -0.519282 (VIOLATED)
_0825_/A1                               0.750000    1.269282   -0.519282 (VIOLATED)
_0839_/A                                0.750000    1.269282   -0.519282 (VIOLATED)
_0840_/A1                               0.750000    1.269282   -0.519282 (VIOLATED)
_0859_/A                                0.750000    1.269282   -0.519282 (VIOLATED)
_0860_/A1                               0.750000    1.269282   -0.519282 (VIOLATED)
_1384_/Q                                0.750000    1.269282   -0.519282 (VIOLATED)
_1379_/B                                0.750000    1.132678   -0.382678 (VIOLATED)
_1368_/B                                0.750000    1.132677   -0.382677 (VIOLATED)
_1369_/B                                0.750000    1.132677   -0.382677 (VIOLATED)
_1356_/B                                0.750000    1.132676   -0.382676 (VIOLATED)
_1357_/B                                0.750000    1.132676   -0.382676 (VIOLATED)
_1373_/B1                               0.750000    1.132676   -0.382676 (VIOLATED)
_1363_/B                                0.750000    1.132674   -0.382674 (VIOLATED)
_1354_/B1                               0.750000    1.132669   -0.382669 (VIOLATED)
_1339_/B                                0.750000    1.132668   -0.382668 (VIOLATED)
_1340_/B                                0.750000    1.132667   -0.382667 (VIOLATED)
_1334_/B                                0.750000    1.132664   -0.382664 (VIOLATED)
_1342_/B1                               0.750000    1.132663   -0.382663 (VIOLATED)
_1343_/A2_N                             0.750000    1.132663   -0.382663 (VIOLATED)
_1321_/B                                0.750000    1.132662   -0.382662 (VIOLATED)
_1335_/A2                               0.750000    1.132662   -0.382662 (VIOLATED)
_1309_/A2                               0.750000    1.132661   -0.382661 (VIOLATED)
_1313_/B                                0.750000    1.132661   -0.382661 (VIOLATED)
_1314_/B                                0.750000    1.132661   -0.382661 (VIOLATED)
_1316_/B1                               0.750000    1.132661   -0.382661 (VIOLATED)
_1317_/A2_N                             0.750000    1.132661   -0.382661 (VIOLATED)
_1327_/B1                               0.750000    1.132661   -0.382661 (VIOLATED)
_1347_/B                                0.750000    1.132661   -0.382661 (VIOLATED)
_1308_/B                                0.750000    1.132659   -0.382659 (VIOLATED)
_1326_/B                                0.750000    1.132655   -0.382655 (VIOLATED)
_1298_/B                                0.750000    1.132655   -0.382655 (VIOLATED)
_1293_/B                                0.750000    1.132646   -0.382646 (VIOLATED)
_1281_/B                                0.750000    1.132643   -0.382643 (VIOLATED)
_1301_/B1                               0.750000    1.132643   -0.382643 (VIOLATED)
_1286_/B                                0.750000    1.132638   -0.382638 (VIOLATED)
_1288_/B1                               0.750000    1.132638   -0.382638 (VIOLATED)
_1289_/A2_N                             0.750000    1.132638   -0.382638 (VIOLATED)
_1287_/B                                0.750000    1.132638   -0.382638 (VIOLATED)
_1282_/A2                               0.750000    1.132637   -0.382637 (VIOLATED)
_1273_/B                                0.750000    1.132622   -0.382622 (VIOLATED)
_1267_/B                                0.750000    1.132608   -0.382608 (VIOLATED)
_1268_/B                                0.750000    1.132608   -0.382608 (VIOLATED)
_1266_/X                                0.750000    1.132577   -0.382577 (VIOLATED)
_1428_/CLK                              0.750000    1.101932   -0.351932 (VIOLATED)
_1388_/CLK                              0.750000    1.101931   -0.351931 (VIOLATED)
_1389_/CLK                              0.750000    1.101930   -0.351930 (VIOLATED)
_1427_/CLK                              0.750000    1.101930   -0.351930 (VIOLATED)
_1430_/CLK                              0.750000    1.101929   -0.351929 (VIOLATED)
_1426_/CLK                              0.750000    1.101928   -0.351928 (VIOLATED)
_1425_/CLK                              0.750000    1.101927   -0.351927 (VIOLATED)
_1433_/CLK                              0.750000    1.101924   -0.351924 (VIOLATED)
_1386_/CLK                              0.750000    1.101923   -0.351923 (VIOLATED)
_1385_/CLK                              0.750000    1.101922   -0.351922 (VIOLATED)
_1387_/CLK                              0.750000    1.101917   -0.351917 (VIOLATED)
_1393_/CLK                              0.750000    1.101912   -0.351912 (VIOLATED)
_1394_/CLK                              0.750000    1.101903   -0.351904 (VIOLATED)
_1434_/CLK                              0.750000    1.101897   -0.351897 (VIOLATED)
_1395_/CLK                              0.750000    1.101890   -0.351890 (VIOLATED)
_1435_/CLK                              0.750000    1.101879   -0.351879 (VIOLATED)
_1396_/CLK                              0.750000    1.101869   -0.351869 (VIOLATED)
_1398_/CLK                              0.750000    1.101856   -0.351856 (VIOLATED)
_1436_/CLK                              0.750000    1.101841   -0.351841 (VIOLATED)
_1384_/CLK                              0.750000    1.101835   -0.351836 (VIOLATED)
_1397_/CLK                              0.750000    1.101829   -0.351829 (VIOLATED)
_1437_/CLK                              0.750000    1.101818   -0.351818 (VIOLATED)
_1399_/CLK                              0.750000    1.101806   -0.351806 (VIOLATED)
_1424_/CLK                              0.750000    1.101805   -0.351805 (VIOLATED)
_1438_/CLK                              0.750000    1.101787   -0.351788 (VIOLATED)
_1423_/CLK                              0.750000    1.101781   -0.351781 (VIOLATED)
_1464_/CLK                              0.750000    1.101780   -0.351780 (VIOLATED)
_1439_/CLK                              0.750000    1.101769   -0.351769 (VIOLATED)
_1462_/CLK                              0.750000    1.101756   -0.351756 (VIOLATED)
_1440_/CLK                              0.750000    1.101732   -0.351732 (VIOLATED)
_1460_/CLK                              0.750000    1.101721   -0.351721 (VIOLATED)
_1441_/CLK                              0.750000    1.101698   -0.351698 (VIOLATED)
_1450_/CLK                              0.750000    1.101681   -0.351681 (VIOLATED)
_1457_/CLK                              0.750000    1.101675   -0.351675 (VIOLATED)
_1461_/CLK                              0.750000    1.101663   -0.351662 (VIOLATED)
_1463_/CLK                              0.750000    1.101663   -0.351663 (VIOLATED)
_1400_/CLK                              0.750000    1.101662   -0.351662 (VIOLATED)
_1422_/CLK                              0.750000    1.101662   -0.351662 (VIOLATED)
_1420_/CLK                              0.750000    1.101661   -0.351661 (VIOLATED)
_1421_/CLK                              0.750000    1.101660   -0.351660 (VIOLATED)
_1418_/CLK                              0.750000    1.101659   -0.351659 (VIOLATED)
_1401_/CLK                              0.750000    1.101657   -0.351657 (VIOLATED)
_1442_/CLK                              0.750000    1.101655   -0.351655 (VIOLATED)
_1419_/CLK                              0.750000    1.101654   -0.351654 (VIOLATED)
_1459_/CLK                              0.750000    1.101651   -0.351651 (VIOLATED)
_1458_/CLK                              0.750000    1.101651   -0.351651 (VIOLATED)
_1456_/CLK                              0.750000    1.101648   -0.351648 (VIOLATED)
_1416_/CLK                              0.750000    1.101646   -0.351646 (VIOLATED)
_1443_/CLK                              0.750000    1.101634   -0.351634 (VIOLATED)
_1455_/CLK                              0.750000    1.101634   -0.351634 (VIOLATED)
_1454_/CLK                              0.750000    1.101627   -0.351628 (VIOLATED)
_1417_/CLK                              0.750000    1.101620   -0.351620 (VIOLATED)
_1444_/CLK                              0.750000    1.101615   -0.351615 (VIOLATED)
_1452_/CLK                              0.750000    1.101615   -0.351615 (VIOLATED)
_1453_/CLK                              0.750000    1.101616   -0.351616 (VIOLATED)
_1410_/CLK                              0.750000    1.101612   -0.351613 (VIOLATED)
_1414_/CLK                              0.750000    1.101609   -0.351609 (VIOLATED)
_1415_/CLK                              0.750000    1.101609   -0.351609 (VIOLATED)
_1413_/CLK                              0.750000    1.101609   -0.351609 (VIOLATED)
_1412_/CLK                              0.750000    1.101605   -0.351605 (VIOLATED)
_1411_/CLK                              0.750000    1.101598   -0.351598 (VIOLATED)
_1402_/CLK                              0.750000    1.101592   -0.351592 (VIOLATED)
_1448_/CLK                              0.750000    1.101592   -0.351592 (VIOLATED)
_1449_/CLK                              0.750000    1.101593   -0.351593 (VIOLATED)
_1451_/CLK                              0.750000    1.101593   -0.351593 (VIOLATED)
_1447_/CLK                              0.750000    1.101592   -0.351592 (VIOLATED)
_1409_/CLK                              0.750000    1.101590   -0.351590 (VIOLATED)
_1445_/CLK                              0.750000    1.101584   -0.351584 (VIOLATED)
_1446_/CLK                              0.750000    1.101584   -0.351584 (VIOLATED)
_1408_/CLK                              0.750000    1.101583   -0.351583 (VIOLATED)
_1404_/CLK                              0.750000    1.101579   -0.351579 (VIOLATED)
_1403_/CLK                              0.750000    1.101577   -0.351577 (VIOLATED)
_1407_/CLK                              0.750000    1.101570   -0.351571 (VIOLATED)
_1406_/CLK                              0.750000    1.101553   -0.351553 (VIOLATED)
_1405_/CLK                              0.750000    1.101543   -0.351543 (VIOLATED)
_1390_/CLK                              0.750000    1.101492   -0.351492 (VIOLATED)
_1391_/CLK                              0.750000    1.101492   -0.351492 (VIOLATED)
_1392_/CLK                              0.750000    1.101492   -0.351492 (VIOLATED)
_1429_/CLK                              0.750000    1.101492   -0.351492 (VIOLATED)
_1431_/CLK                              0.750000    1.101492   -0.351492 (VIOLATED)
_1432_/CLK                              0.750000    1.101492   -0.351492 (VIOLATED)
clk                                     0.750000    1.101485   -0.351485 (VIOLATED)
_0757_/C1                               0.750000    1.055363   -0.305363 (VIOLATED)
_0759_/C1                               0.750000    1.055362   -0.305362 (VIOLATED)
_0761_/C1                               0.750000    1.055362   -0.305362 (VIOLATED)
_0753_/C1                               0.750000    1.055361   -0.305361 (VIOLATED)
_1203_/B1                               0.750000    1.055361   -0.305361 (VIOLATED)
_1232_/B1                               0.750000    1.055361   -0.305361 (VIOLATED)
_0755_/C1                               0.750000    1.055360   -0.305360 (VIOLATED)
_0763_/C1                               0.750000    1.055359   -0.305360 (VIOLATED)
_1260_/B1                               0.750000    1.055359   -0.305359 (VIOLATED)
_0777_/C1                               0.750000    1.055358   -0.305358 (VIOLATED)
_0775_/C1                               0.750000    1.055357   -0.305357 (VIOLATED)
_0765_/C1                               0.750000    1.055357   -0.305357 (VIOLATED)
_0751_/C1                               0.750000    1.055357   -0.305357 (VIOLATED)
_1272_/C1                               0.750000    1.055357   -0.305357 (VIOLATED)
_0769_/C1                               0.750000    1.055357   -0.305357 (VIOLATED)
_0773_/C1                               0.750000    1.055357   -0.305357 (VIOLATED)
_1280_/B1                               0.750000    1.055357   -0.305357 (VIOLATED)
_0771_/C1                               0.750000    1.055356   -0.305356 (VIOLATED)
_1292_/B1                               0.750000    1.055355   -0.305355 (VIOLATED)
_0767_/C1                               0.750000    1.055354   -0.305355 (VIOLATED)
_0781_/C1                               0.750000    1.055355   -0.305355 (VIOLATED)
_1168_/B1                               0.750000    1.055351   -0.305351 (VIOLATED)
_1312_/B1                               0.750000    1.055351   -0.305351 (VIOLATED)
_1320_/B1                               0.750000    1.055351   -0.305351 (VIOLATED)
_1297_/B1                               0.750000    1.055350   -0.305350 (VIOLATED)
_1307_/B1                               0.750000    1.055350   -0.305350 (VIOLATED)
_1135_/B1                               0.750000    1.055349   -0.305349 (VIOLATED)
_1092_/B1                               0.750000    1.055340   -0.305340 (VIOLATED)
_1333_/B1                               0.750000    1.055338   -0.305338 (VIOLATED)
_1285_/B1                               0.750000    1.055335   -0.305335 (VIOLATED)
_1050_/A                                0.750000    1.055320   -0.305320 (VIOLATED)
_1003_/B1                               0.750000    1.055297   -0.305297 (VIOLATED)
_0779_/C1                               0.750000    1.055270   -0.305270 (VIOLATED)
_0749_/C1                               0.750000    1.055269   -0.305269 (VIOLATED)
_0785_/C1                               0.750000    1.055269   -0.305269 (VIOLATED)
_0958_/B1                               0.750000    1.055269   -0.305269 (VIOLATED)
_0783_/C1                               0.750000    1.055269   -0.305269 (VIOLATED)
_1346_/B1                               0.750000    1.055269   -0.305269 (VIOLATED)
_0716_/A                                0.750000    1.055267   -0.305267 (VIOLATED)
_0787_/C1                               0.750000    1.055267   -0.305267 (VIOLATED)
_0810_/A                                0.750000    1.055268   -0.305268 (VIOLATED)
_0812_/A                                0.750000    1.055267   -0.305267 (VIOLATED)
_0718_/A                                0.750000    1.055267   -0.305267 (VIOLATED)
_0789_/C1                               0.750000    1.055266   -0.305266 (VIOLATED)
_0806_/A                                0.750000    1.055266   -0.305266 (VIOLATED)
_0714_/A                                0.750000    1.055265   -0.305265 (VIOLATED)
_0808_/A                                0.750000    1.055265   -0.305265 (VIOLATED)
_1362_/B1                               0.750000    1.055265   -0.305265 (VIOLATED)
_0712_/A                                0.750000    1.055265   -0.305265 (VIOLATED)
_0747_/C1                               0.750000    1.055265   -0.305265 (VIOLATED)
_0710_/A                                0.750000    1.055264   -0.305264 (VIOLATED)
_0804_/A                                0.750000    1.055264   -0.305264 (VIOLATED)
_0791_/C1                               0.750000    1.055264   -0.305263 (VIOLATED)
_0802_/A                                0.750000    1.055263   -0.305263 (VIOLATED)
_0708_/A                                0.750000    1.055261   -0.305261 (VIOLATED)
_0706_/A                                0.750000    1.055259   -0.305259 (VIOLATED)
_0800_/A                                0.750000    1.055259   -0.305259 (VIOLATED)
_0816_/A                                0.750000    1.055259   -0.305259 (VIOLATED)
_0704_/A                                0.750000    1.055259   -0.305259 (VIOLATED)
_0798_/A                                0.750000    1.055259   -0.305259 (VIOLATED)
_0793_/C1                               0.750000    1.055259   -0.305259 (VIOLATED)
_0918_/B1                               0.750000    1.055257   -0.305257 (VIOLATED)
_0726_/C1                               0.750000    1.055256   -0.305256 (VIOLATED)
_0795_/C1                               0.750000    1.055254   -0.305254 (VIOLATED)
_0729_/C1                               0.750000    1.055253   -0.305253 (VIOLATED)
_0825_/B1                               0.750000    1.055251   -0.305251 (VIOLATED)
_0732_/C1                               0.750000    1.055248   -0.305248 (VIOLATED)
_0744_/C1                               0.750000    1.055247   -0.305247 (VIOLATED)
_0840_/B1                               0.750000    1.055244   -0.305244 (VIOLATED)
_0735_/C1                               0.750000    1.055241   -0.305241 (VIOLATED)
_0885_/A                                0.750000    1.055237   -0.305237 (VIOLATED)
_0741_/C1                               0.750000    1.055237   -0.305237 (VIOLATED)
_0860_/B1                               0.750000    1.055233   -0.305233 (VIOLATED)
_0738_/C1                               0.750000    1.055231   -0.305231 (VIOLATED)
_0694_/Y                                0.750000    1.055216   -0.305216 (VIOLATED)
_0774_/B                                0.750000    1.010611   -0.260611 (VIOLATED)
_0776_/B                                0.750000    1.010611   -0.260611 (VIOLATED)
_0754_/B                                0.750000    1.010610   -0.260611 (VIOLATED)
_0756_/B                                0.750000    1.010611   -0.260611 (VIOLATED)
_0758_/B                                0.750000    1.010611   -0.260611 (VIOLATED)
_0772_/B                                0.750000    1.010611   -0.260611 (VIOLATED)
_0780_/B                                0.750000    1.010610   -0.260610 (VIOLATED)
_0760_/B                                0.750000    1.010610   -0.260610 (VIOLATED)
_0766_/B                                0.750000    1.010610   -0.260610 (VIOLATED)
_0752_/B                                0.750000    1.010610   -0.260610 (VIOLATED)
_0770_/B                                0.750000    1.010610   -0.260610 (VIOLATED)
_0762_/B                                0.750000    1.010609   -0.260609 (VIOLATED)
_0768_/B                                0.750000    1.010609   -0.260609 (VIOLATED)
_0764_/B                                0.750000    1.010608   -0.260608 (VIOLATED)
_0750_/B                                0.750000    1.010603   -0.260603 (VIOLATED)
_0748_/B                                0.750000    1.010594   -0.260594 (VIOLATED)
_0745_/B                                0.750000    1.010589   -0.260590 (VIOLATED)
_0778_/B                                0.750000    1.010584   -0.260584 (VIOLATED)
_0782_/B                                0.750000    1.010583   -0.260583 (VIOLATED)
_0784_/B                                0.750000    1.010584   -0.260584 (VIOLATED)
_0786_/B                                0.750000    1.010583   -0.260583 (VIOLATED)
_0788_/B                                0.750000    1.010583   -0.260583 (VIOLATED)
_0790_/B                                0.750000    1.010581   -0.260581 (VIOLATED)
_0792_/B                                0.750000    1.010578   -0.260578 (VIOLATED)
_0794_/B                                0.750000    1.010575   -0.260575 (VIOLATED)
_0743_/A2                               0.750000    1.010571   -0.260571 (VIOLATED)
_0723_/Y                                0.750000    1.010570   -0.260570 (VIOLATED)
_0724_/B1                               0.750000    1.010570   -0.260570 (VIOLATED)
_0728_/A2                               0.750000    1.010570   -0.260570 (VIOLATED)
_0731_/A2                               0.750000    1.010570   -0.260570 (VIOLATED)
_0733_/B1                               0.750000    1.010570   -0.260570 (VIOLATED)
_0737_/A2                               0.750000    1.010570   -0.260570 (VIOLATED)
_0740_/A2                               0.750000    1.010570   -0.260570 (VIOLATED)
_0701_/Y                                0.750000    0.823237   -0.073237 (VIOLATED)
_0702_/C                                0.750000    0.823237   -0.073237 (VIOLATED)
_0724_/A2                               0.750000    0.823237   -0.073237 (VIOLATED)
_0727_/A2                               0.750000    0.823237   -0.073237 (VIOLATED)
_0730_/A2                               0.750000    0.823237   -0.073237 (VIOLATED)
_0734_/A2                               0.750000    0.823237   -0.073237 (VIOLATED)
_0736_/A2                               0.750000    0.823237   -0.073237 (VIOLATED)
_0739_/A2                               0.750000    0.823237   -0.073237 (VIOLATED)
_0742_/A2                               0.750000    0.823237   -0.073237 (VIOLATED)
_0746_/A2                               0.750000    0.823237   -0.073237 (VIOLATED)

max fanout

Pin                                   Limit Fanout  Slack
---------------------------------------------------------
clk                                      10     81    -71 (VIOLATED)
_0694_/Y                                 10     74    -64 (VIOLATED)
_1384_/Q                                 10     62    -52 (VIOLATED)
_1266_/X                                 10     36    -26 (VIOLATED)
_0721_/X                                 10     32    -22 (VIOLATED)
_0723_/Y                                 10     32    -22 (VIOLATED)
_0746_/X                                 10     25    -15 (VIOLATED)
_1425_/Q                                 10     22    -12 (VIOLATED)
_1428_/Q                                 10     21    -11 (VIOLATED)
_1426_/Q                                 10     19     -9 (VIOLATED)
_1431_/Q                                 10     19     -9 (VIOLATED)
_1386_/Q                                 10     18     -8 (VIOLATED)
_1390_/Q                                 10     18     -8 (VIOLATED)
_1391_/Q                                 10     18     -8 (VIOLATED)
_1392_/Q                                 10     18     -8 (VIOLATED)
_1429_/Q                                 10     18     -8 (VIOLATED)
_1430_/Q                                 10     18     -8 (VIOLATED)
_1385_/Q                                 10     17     -7 (VIOLATED)
_1387_/Q                                 10     17     -7 (VIOLATED)
_1389_/Q                                 10     17     -7 (VIOLATED)
_1427_/Q                                 10     17     -7 (VIOLATED)
_1388_/Q                                 10     16     -6 (VIOLATED)
_1432_/Q                                 10     13     -3 (VIOLATED)

max capacitance

Pin                                        Limit         Cap       Slack
------------------------------------------------------------------------
_1384_/Q                                0.200000    0.257112   -0.057112 (VIOLATED)
clk                                     0.200000    0.246353   -0.046353 (VIOLATED)
_0694_/Y                                0.200000    0.235880   -0.035880 (VIOLATED)
_1266_/X                                0.200000    0.203805   -0.003805 (VIOLATED)



===========================================================================
report_parasitic_annotation -report_unannotated
============================================================================
Found 25 unannotated drivers.
 wdata[10]
 wdata[11]
 wdata[12]
 wdata[13]
 wdata[14]
 wdata[15]
 wdata[16]
 wdata[17]
 wdata[18]
 wdata[19]
 wdata[20]
 wdata[21]
 wdata[22]
 wdata[23]
 wdata[24]
 wdata[25]
 wdata[26]
 wdata[27]
 wdata[28]
 wdata[29]
 wdata[30]
 wdata[31]
 wdata[8]
 wdata[9]
 _1465_/LO
Found 0 partially unannotated drivers.

===========================================================================
max slew violation count 300
Writing metric design__max_slew_violation__count__corner:nom_tt_025C_1v80: 300
max fanout violation count 23
Writing metric design__max_fanout_violation__count__corner:nom_tt_025C_1v80: 23
max cap violation count 4
Writing metric design__max_cap_violation__count__corner:nom_tt_025C_1v80: 4
============================================================================

===========================================================================
check_setup -verbose -unconstrained_endpoints -multiple_clock -no_clock -no_input_delay -loops -generated_clocks
===========================================================================
Warning: There is 1 unconstrained endpoint.
  ready
