Clock: clk
Sources: clk 
Generated: no
Virtual: yes
Propagated: no
Period: 10.000000

===========================================================================
report_clock_properties
============================================================================
Clock                   Period          Waveform
----------------------------------------------------
clk                  10.000000    0.000000  5.000000

===========================================================================
report_clock_latency
============================================================================
Clock clk
rise -> rise
    min     max
0.000000 0.000000 source latency
0.751969         network latency _1431_/CLK
        0.768054 network latency _1428_/CLK
---------------
0.751969 0.768054 latency
        0.016086 skew

fall -> fall
    min     max
0.000000 0.000000 source latency
0.368022         network latency _1431_/CLK
        0.383031 network latency _1428_/CLK
---------------
0.368022 0.383031 latency
        0.015009 skew



===========================================================================
report_clock_min_period
============================================================================
clk period_min = 8.20 fmax = 122.02
