[WARNING ORD-0039] .openroad ignored with -python
Unannotated report:
['report_parasitic_annotation -report_unannotated\n',
 '============================================================================\n',
 'Found 31 unannotated drivers.\n',
 ' wdata[10]\n',
 ' wdata[11]\n',
 ' wdata[12]\n',
 ' wdata[13]\n',
 ' wdata[14]\n',
 ' wdata[15]\n',
 ' wdata[16]\n',
 ' wdata[17]\n',
 ' wdata[18]\n',
 ' wdata[19]\n',
 ' wdata[20]\n',
 ' wdata[21]\n',
 ' wdata[22]\n',
 ' wdata[23]\n',
 ' wdata[24]\n',
 ' wdata[25]\n',
 ' wdata[26]\n',
 ' wdata[27]\n',
 ' wdata[28]\n',
 ' wdata[29]\n',
 ' wdata[30]\n',
 ' wdata[31]\n',
 ' wdata[8]\n',
 ' wdata[9]\n',
 ' clkload0/Y\n',
 ' clkload1/X\n',
 ' clkload2/Y\n',
 ' clkload3/Y\n',
 ' clkload4/Y\n',
 ' clkload5/Y\n',
 ' top_117/LO\n',
 'Found 0 partially unannotated drivers.\n',
 '\n']
Reported nets:
['wdata[10]',
 'wdata[11]',
 'wdata[12]',
 'wdata[13]',
 'wdata[14]',
 'wdata[15]',
 'wdata[16]',
 'wdata[17]',
 'wdata[18]',
 'wdata[19]',
 'wdata[20]',
 'wdata[21]',
 'wdata[22]',
 'wdata[23]',
 'wdata[24]',
 'wdata[25]',
 'wdata[26]',
 'wdata[27]',
 'wdata[28]',
 'wdata[29]',
 'wdata[30]',
 'wdata[31]',
 'wdata[8]',
 'wdata[9]',
 'clkload0/Y',
 'clkload1/X',
 'clkload2/Y',
 'clkload3/Y',
 'clkload4/Y',
 'clkload5/Y',
 'top_117/LO']
Filtered nets:
[]
done
