
===========================================================================
 report_power
============================================================================
======================= max_ss_100C_1v60 Corner ===================================

Group                    Internal    Switching      Leakage        Total
                            Power        Power        Power        Power (Watts)
------------------------------------------------------------------------
Sequential           2.550840e-04 2.177230e-06 1.123071e-06 2.583843e-04  43.2%
Combinational        2.136374e-05 3.185638e-05 4.080453e-06 5.730057e-05   9.6%
Clock                1.645664e-04 1.179315e-04 2.294014e-07 2.827273e-04  47.2%
Macro                0.000000e+00 0.000000e+00 0.000000e+00 0.000000e+00   0.0%
Pad                  0.000000e+00 0.000000e+00 0.000000e+00 0.000000e+00   0.0%
------------------------------------------------------------------------
Total                4.410140e-04 1.519652e-04 5.432931e-06 5.984122e-04 100.0%
                            73.7%        25.4%         0.9%

