Clock: clk
Sources: clk 
Generated: no
Virtual: yes
Propagated: no
Period: 10.000000

===========================================================================
report_clock_properties
============================================================================
Clock                   Period          Waveform
----------------------------------------------------
clk                  10.000000    0.000000  5.000000

===========================================================================
report_clock_latency
============================================================================
Clock clk
rise -> rise
    min     max
0.000000 0.000000 source latency
0.331239         network latency _1451_/CLK
        0.341791 network latency _1391_/CLK
---------------
0.331239 0.341791 latency
        0.010552 skew

fall -> fall
    min     max
0.000000 0.000000 source latency
0.285372         network latency _1451_/CLK
        0.294830 network latency _1391_/CLK
---------------
0.285372 0.294830 latency
        0.009458 skew



===========================================================================
report_clock_min_period
============================================================================
clk period_min = 4.12 fmax = 242.73
