OpenROAD 0cfb9a45bfb256c9af1a0500d4c97da0f145f54f 
This program is licensed under the BSD-3 license. See the LICENSE file for details.
Components of this program may be licensed under more restrictive licenses which must be honored.
[INFO]: Reading ODB at '/openlane/designs/synth_top/runs/RUN_2026.05.18_03.43.02/tmp/routing/22-fill.odb'…
define_corners Typical
read_liberty -corner Typical /home/roshan/.volare/sky130A/libs.ref/sky130_fd_sc_hd/lib/sky130_fd_sc_hd__tt_025C_1v80.lib
Using 1e-12 for capacitance...
Using 1e+03 for resistance...
Using 1e-09 for time...
Using 1e+00 for voltage...
Using 1e-03 for current...
Using 1e-09 for power...
Using 1e-06 for distance...
Reading design constraints file at '/openlane/designs/synth_top/runs/RUN_2026.05.18_03.43.02/tmp/17-synth_top.sdc'…
[INFO ORD-0030] Using 2 thread(s).
[INFO DRT-0149] Reading tech and libs.

Units:                1000
Number of layers:     13
Number of macros:     441
Number of vias:       25
Number of viarulegen: 25

[INFO DRT-0150] Reading design.

Design:                   synth_top
Die area:                 ( 0 0 ) ( 200000 200000 )
Number of track patterns: 12
Number of DEF vias:       0
Number of components:     3985
Number of terminals:      53
Number of snets:          2
Number of nets:           750

[INFO DRT-0167] List of default vias:
  Layer via
    default via: M1M2_PR
  Layer via2
    default via: M2M3_PR
  Layer via3
    default via: M3M4_PR
  Layer via4
    default via: M4M5_PR
[INFO DRT-0162] Library cell analysis.
[INFO DRT-0163] Instance analysis.
[INFO DRT-0164] Number of unique instances = 163.
[INFO DRT-0168] Init region query.
[INFO DRT-0024]   Complete FR_MASTERSLICE.
[INFO DRT-0024]   Complete Fr_VIA.
[INFO DRT-0024]   Complete li1.
[INFO DRT-0024]   Complete mcon.
[INFO DRT-0024]   Complete met1.
[INFO DRT-0024]   Complete via.
[INFO DRT-0024]   Complete met2.
[INFO DRT-0024]   Complete via2.
[INFO DRT-0024]   Complete met3.
[INFO DRT-0024]   Complete via3.
[INFO DRT-0024]   Complete met4.
[INFO DRT-0024]   Complete via4.
[INFO DRT-0024]   Complete met5.
[INFO DRT-0033] FR_MASTERSLICE shape region query size = 0.
[INFO DRT-0033] FR_VIA shape region query size = 0.
[INFO DRT-0033] li1 shape region query size = 34360.
[INFO DRT-0033] mcon shape region query size = 50776.
[INFO DRT-0033] met1 shape region query size = 8716.
[INFO DRT-0033] via shape region query size = 660.
[INFO DRT-0033] met2 shape region query size = 423.
[INFO DRT-0033] via2 shape region query size = 528.
[INFO DRT-0033] met3 shape region query size = 420.
[INFO DRT-0033] via3 shape region query size = 528.
[INFO DRT-0033] met4 shape region query size = 148.
[INFO DRT-0033] via4 shape region query size = 8.
[INFO DRT-0033] met5 shape region query size = 16.
[INFO DRT-0165] Start pin access.
[INFO DRT-0076]   Complete 100 pins.
[INFO DRT-0076]   Complete 200 pins.
[INFO DRT-0076]   Complete 300 pins.
[INFO DRT-0076]   Complete 400 pins.
[INFO DRT-0076]   Complete 500 pins.
[INFO DRT-0078]   Complete 573 pins.
[INFO DRT-0079]   Complete 100 unique inst patterns.
[INFO DRT-0081]   Complete 145 unique inst patterns.
[INFO DRT-0084]   Complete 485 groups.
#scanned instances     = 3985
#unique  instances     = 163
#stdCellGenAp          = 4226
#stdCellValidPlanarAp  = 14
#stdCellValidViaAp     = 3316
#stdCellPinNoAp        = 0
#stdCellPinCnt         = 2600
#instTermValidViaApCnt = 0
#macroGenAp            = 0
#macroValidPlanarAp    = 0
#macroValidViaAp       = 0
#macroNoAp             = 0
[INFO DRT-0166] Complete pin access.
[INFO DRT-0267] cpu time = 00:01:09, elapsed time = 00:00:34, memory = 127.41 (MB), peak = 127.00 (MB)

Number of guides:     5086

[INFO DRT-0169] Post process guides.
[INFO DRT-0176] GCELLGRID X 0 DO 28 STEP 6900 ;
[INFO DRT-0177] GCELLGRID Y 0 DO 28 STEP 6900 ;
[INFO DRT-0028]   Complete FR_MASTERSLICE.
[INFO DRT-0028]   Complete Fr_VIA.
[INFO DRT-0028]   Complete li1.
[INFO DRT-0028]   Complete mcon.
[INFO DRT-0028]   Complete met1.
[INFO DRT-0028]   Complete via.
[INFO DRT-0028]   Complete met2.
[INFO DRT-0028]   Complete via2.
[INFO DRT-0028]   Complete met3.
[INFO DRT-0028]   Complete via3.
[INFO DRT-0028]   Complete met4.
[INFO DRT-0028]   Complete via4.
[INFO DRT-0028]   Complete met5.
[INFO DRT-0178] Init guide query.
[INFO DRT-0035]   Complete FR_MASTERSLICE (guide).
[INFO DRT-0035]   Complete Fr_VIA (guide).
[INFO DRT-0035]   Complete li1 (guide).
[INFO DRT-0035]   Complete mcon (guide).
[INFO DRT-0035]   Complete met1 (guide).
[INFO DRT-0035]   Complete via (guide).
[INFO DRT-0035]   Complete met2 (guide).
[INFO DRT-0035]   Complete via2 (guide).
[INFO DRT-0035]   Complete met3 (guide).
[INFO DRT-0035]   Complete via3 (guide).
[INFO DRT-0035]   Complete met4 (guide).
[INFO DRT-0035]   Complete via4 (guide).
[INFO DRT-0035]   Complete met5 (guide).
[INFO DRT-0036] FR_MASTERSLICE guide region query size = 0.
[INFO DRT-0036] FR_VIA guide region query size = 0.
[INFO DRT-0036] li1 guide region query size = 1904.
[INFO DRT-0036] mcon guide region query size = 0.
[INFO DRT-0036] met1 guide region query size = 1364.
[INFO DRT-0036] via guide region query size = 0.
[INFO DRT-0036] met2 guide region query size = 679.
[INFO DRT-0036] via2 guide region query size = 0.
[INFO DRT-0036] met3 guide region query size = 37.
[INFO DRT-0036] via3 guide region query size = 0.
[INFO DRT-0036] met4 guide region query size = 6.
[INFO DRT-0036] via4 guide region query size = 0.
[INFO DRT-0036] met5 guide region query size = 0.
[INFO DRT-0179] Init gr pin query.
[INFO DRT-0245] skipped writing guide updates to database.
[INFO DRT-0185] Post process initialize RPin region query.
[INFO DRT-0181] Start track assignment.
[INFO DRT-0184] Done with 2589 vertical wires in 1 frboxes and 1401 horizontal wires in 1 frboxes.
[INFO DRT-0186] Done with 190 vertical wires in 1 frboxes and 409 horizontal wires in 1 frboxes.
[INFO DRT-0182] Complete track assignment.
[INFO DRT-0267] cpu time = 00:00:01, elapsed time = 00:00:00, memory = 139.51 (MB), peak = 150.84 (MB)
[INFO DRT-0187] Start routing data preparation.
[INFO DRT-0267] cpu time = 00:00:00, elapsed time = 00:00:00, memory = 139.51 (MB), peak = 150.84 (MB)
[INFO DRT-0194] Start detail routing.
[INFO DRT-0195] Start 0th optimization iteration.
    Completing 10% with 0 violations.
    elapsed time = 00:00:00, memory = 177.14 (MB).
    Completing 20% with 0 violations.
    elapsed time = 00:00:10, memory = 196.07 (MB).
    Completing 30% with 86 violations.
    elapsed time = 00:00:11, memory = 185.29 (MB).
    Completing 40% with 86 violations.
    elapsed time = 00:00:14, memory = 211.26 (MB).
    Completing 50% with 86 violations.
    elapsed time = 00:00:16, memory = 211.26 (MB).
    Completing 60% with 207 violations.
    elapsed time = 00:00:16, memory = 207.84 (MB).
    Completing 70% with 207 violations.
    elapsed time = 00:00:20, memory = 205.78 (MB).
    Completing 80% with 243 violations.
    elapsed time = 00:00:20, memory = 196.14 (MB).
    Completing 90% with 243 violations.
    elapsed time = 00:00:21, memory = 214.34 (MB).
    Completing 100% with 307 violations.
    elapsed time = 00:00:27, memory = 169.74 (MB).
[INFO DRT-0199]   Number of violations = 411.
Viol/Layer         li1   met1   met2   met3   met4
Metal Spacing        7     75      9      0      0
Recheck              0     74     26      3      1
Short                0    196     20      0      0
[INFO DRT-0267] cpu time = 00:00:39, elapsed time = 00:00:28, memory = 496.84 (MB), peak = 496.22 (MB)
Total wire length = 19923 um.
Total wire length on LAYER li1 = 0 um.
Total wire length on LAYER met1 = 10713 um.
Total wire length on LAYER met2 = 8910 um.
Total wire length on LAYER met3 = 252 um.
Total wire length on LAYER met4 = 46 um.
Total wire length on LAYER met5 = 0 um.
Total number of vias = 5135.
Up-via summary (total 5135):.

-----------------------
 FR_MASTERSLICE       0
            li1    2599
           met1    2489
           met2      43
           met3       4
           met4       0
-----------------------
                   5135


[INFO DRT-0195] Start 1st optimization iteration.
    Completing 10% with 411 violations.
    elapsed time = 00:00:00, memory = 519.26 (MB).
    Completing 20% with 411 violations.
    elapsed time = 00:00:06, memory = 526.67 (MB).
    Completing 30% with 411 violations.
    elapsed time = 00:00:06, memory = 526.67 (MB).
    Completing 40% with 344 violations.
    elapsed time = 00:00:09, memory = 511.26 (MB).
    Completing 50% with 344 violations.
    elapsed time = 00:00:10, memory = 530.77 (MB).
    Completing 60% with 344 violations.
    elapsed time = 00:00:10, memory = 530.93 (MB).
    Completing 70% with 285 violations.
    elapsed time = 00:00:11, memory = 527.66 (MB).
    Completing 80% with 285 violations.
    elapsed time = 00:00:11, memory = 536.82 (MB).
    Completing 90% with 245 violations.
    elapsed time = 00:00:19, memory = 521.89 (MB).
    Completing 100% with 238 violations.
    elapsed time = 00:00:23, memory = 495.17 (MB).
[INFO DRT-0199]   Number of violations = 238.
Viol/Layer        mcon   met1   met2
Cut Spacing          1      0      0
Metal Spacing        0     57      8
Short                0    157     15
[INFO DRT-0267] cpu time = 00:00:35, elapsed time = 00:00:23, memory = 497.00 (MB), peak = 543.00 (MB)
Total wire length = 19793 um.
Total wire length on LAYER li1 = 0 um.
Total wire length on LAYER met1 = 10726 um.
Total wire length on LAYER met2 = 8806 um.
Total wire length on LAYER met3 = 217 um.
Total wire length on LAYER met4 = 42 um.
Total wire length on LAYER met5 = 0 um.
Total number of vias = 5117.
Up-via summary (total 5117):.

-----------------------
 FR_MASTERSLICE       0
            li1    2597
           met1    2475
           met2      41
           met3       4
           met4       0
-----------------------
                   5117


[INFO DRT-0195] Start 2nd optimization iteration.
    Completing 10% with 238 violations.
    elapsed time = 00:00:00, memory = 497.33 (MB).
    Completing 20% with 238 violations.
    elapsed time = 00:00:00, memory = 528.75 (MB).
    Completing 30% with 238 violations.
    elapsed time = 00:00:00, memory = 528.76 (MB).
    Completing 40% with 220 violations.
    elapsed time = 00:00:08, memory = 497.20 (MB).
    Completing 50% with 220 violations.
    elapsed time = 00:00:08, memory = 529.52 (MB).
    Completing 60% with 220 violations.
    elapsed time = 00:00:10, memory = 531.99 (MB).
    Completing 70% with 211 violations.
    elapsed time = 00:00:10, memory = 495.74 (MB).
    Completing 80% with 211 violations.
    elapsed time = 00:00:12, memory = 519.80 (MB).
    Completing 90% with 209 violations.
    elapsed time = 00:00:23, memory = 532.27 (MB).
    Completing 100% with 200 violations.
    elapsed time = 00:00:29, memory = 495.95 (MB).
[INFO DRT-0199]   Number of violations = 200.
Viol/Layer        mcon   met1   met2
Cut Spacing          1      0      0
Metal Spacing        0     38      7
Short                0    152      2
[INFO DRT-0267] cpu time = 00:00:36, elapsed time = 00:00:29, memory = 496.98 (MB), peak = 547.09 (MB)
Total wire length = 19716 um.
Total wire length on LAYER li1 = 0 um.
Total wire length on LAYER met1 = 10672 um.
Total wire length on LAYER met2 = 8773 um.
Total wire length on LAYER met3 = 242 um.
Total wire length on LAYER met4 = 27 um.
Total wire length on LAYER met5 = 0 um.
Total number of vias = 5097.
Up-via summary (total 5097):.

-----------------------
 FR_MASTERSLICE       0
            li1    2597
           met1    2458
           met2      38
           met3       4
           met4       0
-----------------------
                   5097


[INFO DRT-0195] Start 3rd optimization iteration.
    Completing 10% with 200 violations.
    elapsed time = 00:00:00, memory = 496.98 (MB).
    Completing 20% with 200 violations.
    elapsed time = 00:00:17, memory = 540.93 (MB).
    Completing 30% with 132 violations.
    elapsed time = 00:00:18, memory = 511.48 (MB).
    Completing 40% with 132 violations.
    elapsed time = 00:00:19, memory = 531.85 (MB).
    Completing 50% with 132 violations.
    elapsed time = 00:00:23, memory = 531.85 (MB).
    Completing 60% with 63 violations.
    elapsed time = 00:00:24, memory = 526.16 (MB).
    Completing 70% with 63 violations.
    elapsed time = 00:00:25, memory = 546.27 (MB).
    Completing 80% with 43 violations.
    elapsed time = 00:00:25, memory = 495.86 (MB).
    Completing 90% with 43 violations.
    elapsed time = 00:00:25, memory = 495.86 (MB).
    Completing 100% with 8 violations.
    elapsed time = 00:00:29, memory = 495.86 (MB).
[INFO DRT-0199]   Number of violations = 8.
Viol/Layer        met1   met2
Metal Spacing        7      1
[INFO DRT-0267] cpu time = 00:00:36, elapsed time = 00:00:30, memory = 495.86 (MB), peak = 547.09 (MB)
Total wire length = 19723 um.
Total wire length on LAYER li1 = 0 um.
Total wire length on LAYER met1 = 10316 um.
Total wire length on LAYER met2 = 8870 um.
Total wire length on LAYER met3 = 514 um.
Total wire length on LAYER met4 = 21 um.
Total wire length on LAYER met5 = 0 um.
Total number of vias = 5218.
Up-via summary (total 5218):.

-----------------------
 FR_MASTERSLICE       0
            li1    2597
           met1    2534
           met2      85
           met3       2
           met4       0
-----------------------
                   5218


[INFO DRT-0195] Start 4th optimization iteration.
    Completing 10% with 8 violations.
    elapsed time = 00:00:00, memory = 495.86 (MB).
    Completing 20% with 8 violations.
    elapsed time = 00:00:00, memory = 495.86 (MB).
    Completing 30% with 8 violations.
    elapsed time = 00:00:00, memory = 495.86 (MB).
    Completing 40% with 8 violations.
    elapsed time = 00:00:00, memory = 495.86 (MB).
    Completing 50% with 8 violations.
    elapsed time = 00:00:00, memory = 495.86 (MB).
    Completing 60% with 8 violations.
    elapsed time = 00:00:00, memory = 517.84 (MB).
    Completing 70% with 6 violations.
    elapsed time = 00:00:00, memory = 517.84 (MB).
    Completing 80% with 6 violations.
    elapsed time = 00:00:00, memory = 517.84 (MB).
    Completing 90% with 6 violations.
    elapsed time = 00:00:00, memory = 517.84 (MB).
    Completing 100% with 0 violations.
    elapsed time = 00:00:01, memory = 495.88 (MB).
[INFO DRT-0199]   Number of violations = 0.
[INFO DRT-0267] cpu time = 00:00:01, elapsed time = 00:00:01, memory = 495.88 (MB), peak = 547.09 (MB)
Total wire length = 19723 um.
Total wire length on LAYER li1 = 0 um.
Total wire length on LAYER met1 = 10315 um.
Total wire length on LAYER met2 = 8871 um.
Total wire length on LAYER met3 = 514 um.
Total wire length on LAYER met4 = 21 um.
Total wire length on LAYER met5 = 0 um.
Total number of vias = 5215.
Up-via summary (total 5215):.

-----------------------
 FR_MASTERSLICE       0
            li1    2597
           met1    2531
           met2      85
           met3       2
           met4       0
-----------------------
                   5215


[INFO DRT-0198] Complete detail routing.
Total wire length = 19723 um.
Total wire length on LAYER li1 = 0 um.
Total wire length on LAYER met1 = 10315 um.
Total wire length on LAYER met2 = 8871 um.
Total wire length on LAYER met3 = 514 um.
Total wire length on LAYER met4 = 21 um.
Total wire length on LAYER met5 = 0 um.
Total number of vias = 5215.
Up-via summary (total 5215):.

-----------------------
 FR_MASTERSLICE       0
            li1    2597
           met1    2531
           met2      85
           met3       2
           met4       0
-----------------------
                   5215


[INFO DRT-0267] cpu time = 00:02:29, elapsed time = 00:01:52, memory = 495.88 (MB), peak = 547.09 (MB)

[INFO DRT-0180] Post processing.
Setting global connections for newly added cells…
Writing OpenROAD database to '/openlane/designs/synth_top/runs/RUN_2026.05.18_03.43.02/results/routing/synth_top.odb'…
Writing netlist to '/openlane/designs/synth_top/runs/RUN_2026.05.18_03.43.02/results/routing/synth_top.nl.v'…
Writing powered netlist to '/openlane/designs/synth_top/runs/RUN_2026.05.18_03.43.02/results/routing/synth_top.pnl.v'…
Writing layout to '/openlane/designs/synth_top/runs/RUN_2026.05.18_03.43.02/results/routing/synth_top.def'…
