
===========================================================================
 report_power
============================================================================
======================= Fastest Corner ===================================

Group                  Internal  Switching    Leakage      Total
                          Power      Power      Power      Power (Watts)
----------------------------------------------------------------
Sequential             2.21e-04   1.58e-04   5.17e-10   3.80e-04  19.6%
Combinational          7.24e-04   8.33e-04   7.56e-09   1.56e-03  80.4%
Macro                  0.00e+00   0.00e+00   0.00e+00   0.00e+00   0.0%
Pad                    0.00e+00   0.00e+00   0.00e+00   0.00e+00   0.0%
----------------------------------------------------------------
Total                  9.46e-04   9.92e-04   8.07e-09   1.94e-03 100.0%
                          48.8%      51.2%       0.0%

======================= Slowest Corner ===================================

Group                  Internal  Switching    Leakage      Total
                          Power      Power      Power      Power (Watts)
----------------------------------------------------------------
Sequential             1.52e-04   1.05e-04   4.81e-07   2.58e-04  19.2%
Combinational          5.31e-04   5.51e-04   3.17e-06   1.09e-03  80.8%
Macro                  0.00e+00   0.00e+00   0.00e+00   0.00e+00   0.0%
Pad                    0.00e+00   0.00e+00   0.00e+00   0.00e+00   0.0%
----------------------------------------------------------------
Total                  6.83e-04   6.57e-04   3.65e-06   1.34e-03 100.0%
                          50.9%      48.9%       0.3%

======================= Typical Corner ===================================

Group                  Internal  Switching    Leakage      Total
                          Power      Power      Power      Power (Watts)
----------------------------------------------------------------
Sequential             1.92e-04   1.34e-04   2.70e-10   3.27e-04  19.4%
Combinational          6.50e-04   7.04e-04   5.12e-09   1.35e-03  80.6%
Macro                  0.00e+00   0.00e+00   0.00e+00   0.00e+00   0.0%
Pad                    0.00e+00   0.00e+00   0.00e+00   0.00e+00   0.0%
----------------------------------------------------------------
Total                  8.42e-04   8.39e-04   5.39e-09   1.68e-03 100.0%
                          50.1%      49.9%       0.0%

