
===========================================================================
report_checks -unconstrained
===========================================================================
======================= Fastest Corner ===================================

Startpoint: b[2] (input port clocked by clk)
Endpoint: _1293_ (rising edge-triggered flip-flop clocked by clk)
Path Group: clk
Path Type: max
Corner: Fastest

Fanout     Cap    Slew   Delay    Time   Description
-----------------------------------------------------------------------------
                          0.00    0.00   clock clk (rise edge)
                          0.00    0.00   clock network delay (propagated)
                          2.00    2.00 ^ input external delay
                  0.03    0.02    2.02 ^ b[2] (in)
     1    0.01                           b[2] (net)
                  0.03    0.00    2.02 ^ input11/A (sky130_fd_sc_hd__buf_6)
                  0.04    0.07    2.09 ^ input11/X (sky130_fd_sc_hd__buf_6)
     2    0.02                           net11 (net)
                  0.04    0.00    2.09 ^ _0659_/A (sky130_fd_sc_hd__buf_6)
                  0.06    0.09    2.18 ^ _0659_/X (sky130_fd_sc_hd__buf_6)
     6    0.03                           _0042_ (net)
                  0.06    0.00    2.18 ^ split3/A (sky130_fd_sc_hd__clkbuf_1)
                  0.07    0.09    2.27 ^ split3/X (sky130_fd_sc_hd__clkbuf_1)
     2    0.01                           net54 (net)
                  0.07    0.00    2.27 ^ rebuffer8/A (sky130_fd_sc_hd__clkbuf_2)
                  0.07    0.11    2.38 ^ rebuffer8/X (sky130_fd_sc_hd__clkbuf_2)
     4    0.02                           net59 (net)
                  0.07    0.00    2.38 ^ _0779_/B2 (sky130_fd_sc_hd__a22o_1)
                  0.08    0.11    2.49 ^ _0779_/X (sky130_fd_sc_hd__a22o_1)
     2    0.01                           _0158_ (net)
                  0.08    0.00    2.49 ^ _0781_/C (sky130_fd_sc_hd__nand4_2)
                  0.10    0.10    2.59 v _0781_/Y (sky130_fd_sc_hd__nand4_2)
     4    0.02                           _0160_ (net)
                  0.10    0.00    2.59 v _0785_/A1 (sky130_fd_sc_hd__a21o_1)
                  0.05    0.15    2.75 v _0785_/X (sky130_fd_sc_hd__a21o_1)
     3    0.01                           _0164_ (net)
                  0.05    0.00    2.75 v _0787_/A2 (sky130_fd_sc_hd__a21o_1)
                  0.04    0.14    2.89 v _0787_/X (sky130_fd_sc_hd__a21o_1)
     2    0.01                           _0166_ (net)
                  0.04    0.00    2.89 v _0790_/A2 (sky130_fd_sc_hd__a21o_1)
                  0.04    0.14    3.03 v _0790_/X (sky130_fd_sc_hd__a21o_1)
     3    0.01                           _0169_ (net)
                  0.04    0.00    3.03 v _0792_/A2 (sky130_fd_sc_hd__a21oi_1)
                  0.12    0.14    3.16 ^ _0792_/Y (sky130_fd_sc_hd__a21oi_1)
     2    0.01                           _0171_ (net)
                  0.12    0.00    3.17 ^ _0793_/C1 (sky130_fd_sc_hd__a211o_1)
                  0.12    0.14    3.30 ^ _0793_/X (sky130_fd_sc_hd__a211o_1)
     5    0.02                           _0172_ (net)
                  0.12    0.00    3.30 ^ _0796_/C_N (sky130_fd_sc_hd__or4bb_4)
                  0.08    0.38    3.68 v _0796_/X (sky130_fd_sc_hd__or4bb_4)
     5    0.03                           _0175_ (net)
                  0.08    0.00    3.68 v _0797_/C1 (sky130_fd_sc_hd__o211ai_4)
                  0.19    0.11    3.79 ^ _0797_/Y (sky130_fd_sc_hd__o211ai_4)
     6    0.02                           _0176_ (net)
                  0.19    0.00    3.79 ^ _0852_/A2 (sky130_fd_sc_hd__a21oi_2)
                  0.06    0.06    3.86 v _0852_/Y (sky130_fd_sc_hd__a21oi_2)
     4    0.01                           _0229_ (net)
                  0.06    0.00    3.86 v _0974_/A1 (sky130_fd_sc_hd__o211a_1)
                  0.05    0.19    4.04 v _0974_/X (sky130_fd_sc_hd__o211a_1)
     3    0.01                           _0349_ (net)
                  0.05    0.00    4.04 v _1032_/A2 (sky130_fd_sc_hd__a31o_1)
                  0.06    0.18    4.23 v _1032_/X (sky130_fd_sc_hd__a31o_1)
     3    0.01                           _0405_ (net)
                  0.06    0.00    4.23 v _1058_/A (sky130_fd_sc_hd__xor2_1)
                  0.12    0.15    4.38 ^ _1058_/X (sky130_fd_sc_hd__xor2_1)
     2    0.01                           _0431_ (net)
                  0.12    0.00    4.38 ^ _1060_/A (sky130_fd_sc_hd__or2_4)
                  0.03    0.10    4.47 ^ _1060_/X (sky130_fd_sc_hd__or2_4)
     2    0.00                           _0433_ (net)
                  0.03    0.00    4.48 ^ _1061_/B_N (sky130_fd_sc_hd__or2b_4)
                  0.04    0.17    4.64 v _1061_/X (sky130_fd_sc_hd__or2b_4)
     2    0.01                           _0434_ (net)
                  0.04    0.00    4.64 v _1121_/B (sky130_fd_sc_hd__or4b_4)
                  0.07    0.34    4.98 v _1121_/X (sky130_fd_sc_hd__or4b_4)
     3    0.01                           _0492_ (net)
                  0.07    0.00    4.98 v _1146_/A1 (sky130_fd_sc_hd__o211a_4)
                  0.04    0.19    5.17 v _1146_/X (sky130_fd_sc_hd__o211a_4)
     5    0.02                           _0515_ (net)
                  0.04    0.00    5.18 v _1202_/A (sky130_fd_sc_hd__or3_4)
                  0.05    0.25    5.43 v _1202_/X (sky130_fd_sc_hd__or3_4)
     2    0.01                           _0563_ (net)
                  0.05    0.00    5.43 v _1233_/A2 (sky130_fd_sc_hd__a31o_1)
                  0.05    0.17    5.60 v _1233_/X (sky130_fd_sc_hd__a31o_1)
     3    0.01                           _0590_ (net)
                  0.05    0.00    5.60 v _1248_/A1 (sky130_fd_sc_hd__a211o_1)
                  0.05    0.19    5.79 v _1248_/X (sky130_fd_sc_hd__a211o_1)
     2    0.01                           _0603_ (net)
                  0.05    0.00    5.79 v _1253_/A1 (sky130_fd_sc_hd__a21oi_2)
                  0.10    0.12    5.92 ^ _1253_/Y (sky130_fd_sc_hd__a21oi_2)
     3    0.01                           _0608_ (net)
                  0.10    0.00    5.92 ^ _1258_/B (sky130_fd_sc_hd__nor3_1)
                  0.04    0.04    5.96 v _1258_/Y (sky130_fd_sc_hd__nor3_1)
     1    0.00                           _0612_ (net)
                  0.04    0.00    5.96 v _1261_/A2 (sky130_fd_sc_hd__o311a_1)
                  0.04    0.20    6.16 v _1261_/X (sky130_fd_sc_hd__o311a_1)
     1    0.00                           _0031_ (net)
                  0.04    0.00    6.16 v _1293_/D (sky130_fd_sc_hd__dfxtp_1)
                                  6.16   data arrival time

                         10.00   10.00   clock clk (rise edge)
                          0.00   10.00   clock source latency
                  0.10    0.07   10.07 ^ clk (in)
     1    0.03                           clk (net)
                  0.10    0.00   10.07 ^ clkbuf_0_clk/A (sky130_fd_sc_hd__clkbuf_16)
                  0.05    0.11   10.18 ^ clkbuf_0_clk/X (sky130_fd_sc_hd__clkbuf_16)
     4    0.05                           clknet_0_clk (net)
                  0.05    0.00   10.19 ^ clkbuf_2_1__f_clk/A (sky130_fd_sc_hd__clkbuf_16)
                  0.04    0.09   10.28 ^ clkbuf_2_1__f_clk/X (sky130_fd_sc_hd__clkbuf_16)
     8    0.04                           clknet_2_1__leaf_clk (net)
                  0.04    0.00   10.28 ^ _1293_/CLK (sky130_fd_sc_hd__dfxtp_1)
                         -0.25   10.03   clock uncertainty
                          0.00   10.03   clock reconvergence pessimism
                         -0.07    9.96   library setup time
                                  9.96   data required time
-----------------------------------------------------------------------------
                                  9.96   data required time
                                 -6.16   data arrival time
-----------------------------------------------------------------------------
                                  3.80   slack (MET)



======================= Slowest Corner ===================================

Startpoint: b[2] (input port clocked by clk)
Endpoint: _1292_ (rising edge-triggered flip-flop clocked by clk)
Path Group: clk
Path Type: max
Corner: Slowest

Fanout     Cap    Slew   Delay    Time   Description
-----------------------------------------------------------------------------
                          0.00    0.00   clock clk (rise edge)
                          0.00    0.00   clock network delay (propagated)
                          2.00    2.00 v input external delay
                  0.03    0.02    2.02 v b[2] (in)
     1    0.01                           b[2] (net)
                  0.03    0.00    2.02 v input11/A (sky130_fd_sc_hd__buf_6)
                  0.06    0.22    2.24 v input11/X (sky130_fd_sc_hd__buf_6)
     2    0.02                           net11 (net)
                  0.06    0.00    2.24 v _0659_/A (sky130_fd_sc_hd__buf_6)
                  0.07    0.25    2.49 v _0659_/X (sky130_fd_sc_hd__buf_6)
     6    0.03                           _0042_ (net)
                  0.07    0.00    2.49 v split3/A (sky130_fd_sc_hd__clkbuf_1)
                  0.09    0.21    2.70 v split3/X (sky130_fd_sc_hd__clkbuf_1)
     2    0.01                           net54 (net)
                  0.09    0.00    2.70 v _0874_/A (sky130_fd_sc_hd__and4_1)
                  0.10    0.36    3.05 v _0874_/X (sky130_fd_sc_hd__and4_1)
     2    0.01                           _0251_ (net)
                  0.10    0.00    3.05 v _0875_/A (sky130_fd_sc_hd__or3b_4)
                  0.12    0.82    3.87 v _0875_/X (sky130_fd_sc_hd__or3b_4)
     2    0.01                           _0252_ (net)
                  0.12    0.00    3.87 v _0877_/A2 (sky130_fd_sc_hd__a211o_1)
                  0.16    0.67    4.54 v _0877_/X (sky130_fd_sc_hd__a211o_1)
     3    0.01                           _0254_ (net)
                  0.16    0.00    4.54 v _0927_/A2 (sky130_fd_sc_hd__a21bo_1)
                  0.08    0.41    4.95 v _0927_/X (sky130_fd_sc_hd__a21bo_1)
     2    0.00                           _0303_ (net)
                  0.08    0.00    4.95 v _0928_/C (sky130_fd_sc_hd__and3_1)
                  0.17    0.49    5.44 v _0928_/X (sky130_fd_sc_hd__and3_1)
     3    0.01                           _0304_ (net)
                  0.17    0.00    5.45 v _0931_/A1 (sky130_fd_sc_hd__o21a_1)
                  0.11    0.44    5.88 v _0931_/X (sky130_fd_sc_hd__o21a_1)
     2    0.01                           _0307_ (net)
                  0.11    0.00    5.89 v _0933_/A2 (sky130_fd_sc_hd__o211a_1)
                  0.10    0.45    6.33 v _0933_/X (sky130_fd_sc_hd__o211a_1)
     2    0.01                           _0309_ (net)
                  0.10    0.00    6.33 v _0934_/C1 (sky130_fd_sc_hd__a211o_1)
                  0.15    0.54    6.87 v _0934_/X (sky130_fd_sc_hd__a211o_1)
     3    0.01                           _0310_ (net)
                  0.15    0.00    6.87 v _0937_/A1 (sky130_fd_sc_hd__a211o_1)
                  0.12    0.58    7.46 v _0937_/X (sky130_fd_sc_hd__a211o_1)
     2    0.01                           _0313_ (net)
                  0.12    0.00    7.46 v _0975_/B1 (sky130_fd_sc_hd__o21a_1)
                  0.14    0.30    7.75 v _0975_/X (sky130_fd_sc_hd__o21a_1)
     3    0.01                           _0350_ (net)
                  0.14    0.00    7.75 v _1031_/A2 (sky130_fd_sc_hd__a311o_1)
                  0.09    0.63    8.39 v _1031_/X (sky130_fd_sc_hd__a311o_1)
     1    0.00                           _0404_ (net)
                  0.09    0.00    8.39 v _1032_/B1 (sky130_fd_sc_hd__a31o_1)
                  0.16    0.46    8.85 v _1032_/X (sky130_fd_sc_hd__a31o_1)
     3    0.01                           _0405_ (net)
                  0.16    0.00    8.85 v _1100_/A1 (sky130_fd_sc_hd__a31o_2)
                  0.13    0.52    9.37 v _1100_/X (sky130_fd_sc_hd__a31o_2)
     2    0.02                           _0471_ (net)
                  0.13    0.00    9.37 v _1135_/A1 (sky130_fd_sc_hd__a21oi_4)
                  0.47    0.50    9.87 ^ _1135_/Y (sky130_fd_sc_hd__a21oi_4)
     8    0.04                           _0505_ (net)
                  0.47    0.00    9.87 ^ _1143_/A (sky130_fd_sc_hd__buf_4)
                  0.22    0.51   10.38 ^ _1143_/X (sky130_fd_sc_hd__buf_4)
    10    0.05                           _0512_ (net)
                  0.22    0.01   10.39 ^ _1187_/B (sky130_fd_sc_hd__xnor2_1)
                  0.17    0.25   10.64 v _1187_/Y (sky130_fd_sc_hd__xnor2_1)
     3    0.01                           _0550_ (net)
                  0.17    0.00   10.64 v _1200_/C (sky130_fd_sc_hd__or4_1)
                  0.21    1.23   11.87 v _1200_/X (sky130_fd_sc_hd__or4_1)
     2    0.00                           _0561_ (net)
                  0.21    0.00   11.87 v _1202_/C (sky130_fd_sc_hd__or3_4)
                  0.13    0.75   12.62 v _1202_/X (sky130_fd_sc_hd__or3_4)
     2    0.01                           _0563_ (net)
                  0.13    0.00   12.62 v _1233_/A2 (sky130_fd_sc_hd__a31o_1)
                  0.13    0.49   13.11 v _1233_/X (sky130_fd_sc_hd__a31o_1)
     3    0.01                           _0590_ (net)
                  0.13    0.00   13.11 v _1248_/A1 (sky130_fd_sc_hd__a211o_1)
                  0.14    0.60   13.71 v _1248_/X (sky130_fd_sc_hd__a211o_1)
     2    0.01                           _0603_ (net)
                  0.14    0.00   13.71 v _1254_/A2 (sky130_fd_sc_hd__a31o_1)
                  0.07    0.42   14.13 v _1254_/X (sky130_fd_sc_hd__a31o_1)
     1    0.00                           _0609_ (net)
                  0.07    0.00   14.13 v _1255_/B2 (sky130_fd_sc_hd__o2bb2a_1)
                  0.10    0.63   14.76 v _1255_/X (sky130_fd_sc_hd__o2bb2a_1)
     1    0.00                           _0610_ (net)
                  0.10    0.00   14.76 v _1256_/B (sky130_fd_sc_hd__nor2_1)
                  0.15    0.18   14.94 ^ _1256_/Y (sky130_fd_sc_hd__nor2_1)
     1    0.00                           _0030_ (net)
                  0.15    0.00   14.94 ^ _1292_/D (sky130_fd_sc_hd__dfxtp_2)
                                 14.94   data arrival time

                         10.00   10.00   clock clk (rise edge)
                          0.00   10.00   clock source latency
                  0.22    0.14   10.14 ^ clk (in)
     1    0.03                           clk (net)
                  0.22    0.00   10.14 ^ clkbuf_0_clk/A (sky130_fd_sc_hd__clkbuf_16)
                  0.10    0.31   10.45 ^ clkbuf_0_clk/X (sky130_fd_sc_hd__clkbuf_16)
     4    0.05                           clknet_0_clk (net)
                  0.10    0.00   10.46 ^ clkbuf_2_1__f_clk/A (sky130_fd_sc_hd__clkbuf_16)
                  0.09    0.24   10.70 ^ clkbuf_2_1__f_clk/X (sky130_fd_sc_hd__clkbuf_16)
     8    0.03                           clknet_2_1__leaf_clk (net)
                  0.09    0.00   10.70 ^ _1292_/CLK (sky130_fd_sc_hd__dfxtp_2)
                         -0.25   10.45   clock uncertainty
                          0.00   10.45   clock reconvergence pessimism
                         -0.16   10.29   library setup time
                                 10.29   data required time
-----------------------------------------------------------------------------
                                 10.29   data required time
                                -14.94   data arrival time
-----------------------------------------------------------------------------
                                 -4.65   slack (VIOLATED)



======================= Typical Corner ===================================

Startpoint: b[2] (input port clocked by clk)
Endpoint: _1293_ (rising edge-triggered flip-flop clocked by clk)
Path Group: clk
Path Type: max
Corner: Typical

Fanout     Cap    Slew   Delay    Time   Description
-----------------------------------------------------------------------------
                          0.00    0.00   clock clk (rise edge)
                          0.00    0.00   clock network delay (propagated)
                          2.00    2.00 v input external delay
                  0.02    0.01    2.01 v b[2] (in)
     1    0.01                           b[2] (net)
                  0.02    0.00    2.01 v input11/A (sky130_fd_sc_hd__buf_6)
                  0.03    0.12    2.13 v input11/X (sky130_fd_sc_hd__buf_6)
     2    0.02                           net11 (net)
                  0.03    0.00    2.13 v _0659_/A (sky130_fd_sc_hd__buf_6)
                  0.04    0.14    2.26 v _0659_/X (sky130_fd_sc_hd__buf_6)
     6    0.03                           _0042_ (net)
                  0.04    0.00    2.27 v split3/A (sky130_fd_sc_hd__clkbuf_1)
                  0.05    0.11    2.38 v split3/X (sky130_fd_sc_hd__clkbuf_1)
     2    0.01                           net54 (net)
                  0.05    0.00    2.38 v _0874_/A (sky130_fd_sc_hd__and4_1)
                  0.05    0.17    2.54 v _0874_/X (sky130_fd_sc_hd__and4_1)
     2    0.01                           _0251_ (net)
                  0.05    0.00    2.55 v _0875_/A (sky130_fd_sc_hd__or3b_4)
                  0.07    0.41    2.96 v _0875_/X (sky130_fd_sc_hd__or3b_4)
     2    0.01                           _0252_ (net)
                  0.07    0.00    2.96 v _0877_/A2 (sky130_fd_sc_hd__a211o_1)
                  0.08    0.36    3.31 v _0877_/X (sky130_fd_sc_hd__a211o_1)
     3    0.01                           _0254_ (net)
                  0.08    0.00    3.32 v _0927_/A2 (sky130_fd_sc_hd__a21bo_1)
                  0.04    0.22    3.53 v _0927_/X (sky130_fd_sc_hd__a21bo_1)
     2    0.00                           _0303_ (net)
                  0.04    0.00    3.54 v _0928_/C (sky130_fd_sc_hd__and3_1)
                  0.09    0.24    3.77 v _0928_/X (sky130_fd_sc_hd__and3_1)
     3    0.01                           _0304_ (net)
                  0.09    0.00    3.77 v _0931_/A1 (sky130_fd_sc_hd__o21a_1)
                  0.06    0.23    4.00 v _0931_/X (sky130_fd_sc_hd__o21a_1)
     2    0.01                           _0307_ (net)
                  0.06    0.00    4.00 v _0933_/A2 (sky130_fd_sc_hd__o211a_1)
                  0.05    0.23    4.24 v _0933_/X (sky130_fd_sc_hd__o211a_1)
     2    0.01                           _0309_ (net)
                  0.05    0.00    4.24 v _0934_/C1 (sky130_fd_sc_hd__a211o_1)
                  0.08    0.28    4.52 v _0934_/X (sky130_fd_sc_hd__a211o_1)
     3    0.01                           _0310_ (net)
                  0.08    0.00    4.52 v _0937_/A1 (sky130_fd_sc_hd__a211o_1)
                  0.07    0.30    4.82 v _0937_/X (sky130_fd_sc_hd__a211o_1)
     2    0.01                           _0313_ (net)
                  0.07    0.00    4.82 v _0975_/B1 (sky130_fd_sc_hd__o21a_1)
                  0.07    0.15    4.97 v _0975_/X (sky130_fd_sc_hd__o21a_1)
     3    0.01                           _0350_ (net)
                  0.07    0.00    4.97 v _1031_/A2 (sky130_fd_sc_hd__a311o_1)
                  0.05    0.33    5.30 v _1031_/X (sky130_fd_sc_hd__a311o_1)
     1    0.00                           _0404_ (net)
                  0.05    0.00    5.30 v _1032_/B1 (sky130_fd_sc_hd__a31o_1)
                  0.09    0.25    5.54 v _1032_/X (sky130_fd_sc_hd__a31o_1)
     3    0.01                           _0405_ (net)
                  0.09    0.00    5.54 v _1058_/A (sky130_fd_sc_hd__xor2_1)
                  0.17    0.22    5.76 ^ _1058_/X (sky130_fd_sc_hd__xor2_1)
     2    0.01                           _0431_ (net)
                  0.17    0.00    5.76 ^ _1060_/A (sky130_fd_sc_hd__or2_4)
                  0.03    0.16    5.92 ^ _1060_/X (sky130_fd_sc_hd__or2_4)
     2    0.00                           _0433_ (net)
                  0.03    0.00    5.92 ^ _1061_/B_N (sky130_fd_sc_hd__or2b_4)
                  0.05    0.27    6.19 v _1061_/X (sky130_fd_sc_hd__or2b_4)
     2    0.01                           _0434_ (net)
                  0.05    0.00    6.19 v _1121_/B (sky130_fd_sc_hd__or4b_4)
                  0.10    0.57    6.76 v _1121_/X (sky130_fd_sc_hd__or4b_4)
     3    0.01                           _0492_ (net)
                  0.10    0.00    6.76 v _1146_/A1 (sky130_fd_sc_hd__o211a_4)
                  0.06    0.30    7.06 v _1146_/X (sky130_fd_sc_hd__o211a_4)
     5    0.02                           _0515_ (net)
                  0.06    0.00    7.06 v _1202_/A (sky130_fd_sc_hd__or3_4)
                  0.07    0.41    7.47 v _1202_/X (sky130_fd_sc_hd__or3_4)
     2    0.01                           _0563_ (net)
                  0.07    0.00    7.47 v _1233_/A2 (sky130_fd_sc_hd__a31o_1)
                  0.07    0.26    7.73 v _1233_/X (sky130_fd_sc_hd__a31o_1)
     3    0.01                           _0590_ (net)
                  0.07    0.00    7.74 v _1248_/A1 (sky130_fd_sc_hd__a211o_1)
                  0.08    0.31    8.05 v _1248_/X (sky130_fd_sc_hd__a211o_1)
     2    0.01                           _0603_ (net)
                  0.08    0.00    8.05 v _1253_/A1 (sky130_fd_sc_hd__a21oi_2)
                  0.14    0.18    8.22 ^ _1253_/Y (sky130_fd_sc_hd__a21oi_2)
     3    0.01                           _0608_ (net)
                  0.14    0.00    8.22 ^ _1258_/B (sky130_fd_sc_hd__nor3_1)
                  0.06    0.08    8.30 v _1258_/Y (sky130_fd_sc_hd__nor3_1)
     1    0.00                           _0612_ (net)
                  0.06    0.00    8.30 v _1261_/A2 (sky130_fd_sc_hd__o311a_1)
                  0.05    0.33    8.63 v _1261_/X (sky130_fd_sc_hd__o311a_1)
     1    0.00                           _0031_ (net)
                  0.05    0.00    8.63 v _1293_/D (sky130_fd_sc_hd__dfxtp_1)
                                  8.63   data arrival time

                         10.00   10.00   clock clk (rise edge)
                          0.00   10.00   clock source latency
                  0.14    0.09   10.09 ^ clk (in)
     1    0.03                           clk (net)
                  0.14    0.00   10.09 ^ clkbuf_0_clk/A (sky130_fd_sc_hd__clkbuf_16)
                  0.07    0.17   10.26 ^ clkbuf_0_clk/X (sky130_fd_sc_hd__clkbuf_16)
     4    0.05                           clknet_0_clk (net)
                  0.07    0.00   10.27 ^ clkbuf_2_1__f_clk/A (sky130_fd_sc_hd__clkbuf_16)
                  0.06    0.14   10.40 ^ clkbuf_2_1__f_clk/X (sky130_fd_sc_hd__clkbuf_16)
     8    0.03                           clknet_2_1__leaf_clk (net)
                  0.06    0.00   10.40 ^ _1293_/CLK (sky130_fd_sc_hd__dfxtp_1)
                         -0.25   10.15   clock uncertainty
                          0.00   10.15   clock reconvergence pessimism
                         -0.11   10.05   library setup time
                                 10.05   data required time
-----------------------------------------------------------------------------
                                 10.05   data required time
                                 -8.63   data arrival time
-----------------------------------------------------------------------------
                                  1.41   slack (MET)




===========================================================================
report_checks --slack_max -0.01
============================================================================
======================= Fastest Corner ===================================

No paths found.

======================= Slowest Corner ===================================

Startpoint: b[2] (input port clocked by clk)
Endpoint: _1292_ (rising edge-triggered flip-flop clocked by clk)
Path Group: clk
Path Type: max
Corner: Slowest

Fanout     Cap    Slew   Delay    Time   Description
-----------------------------------------------------------------------------
                          0.00    0.00   clock clk (rise edge)
                          0.00    0.00   clock network delay (propagated)
                          2.00    2.00 v input external delay
                  0.03    0.02    2.02 v b[2] (in)
     1    0.01                           b[2] (net)
                  0.03    0.00    2.02 v input11/A (sky130_fd_sc_hd__buf_6)
                  0.06    0.22    2.24 v input11/X (sky130_fd_sc_hd__buf_6)
     2    0.02                           net11 (net)
                  0.06    0.00    2.24 v _0659_/A (sky130_fd_sc_hd__buf_6)
                  0.07    0.25    2.49 v _0659_/X (sky130_fd_sc_hd__buf_6)
     6    0.03                           _0042_ (net)
                  0.07    0.00    2.49 v split3/A (sky130_fd_sc_hd__clkbuf_1)
                  0.09    0.21    2.70 v split3/X (sky130_fd_sc_hd__clkbuf_1)
     2    0.01                           net54 (net)
                  0.09    0.00    2.70 v _0874_/A (sky130_fd_sc_hd__and4_1)
                  0.10    0.36    3.05 v _0874_/X (sky130_fd_sc_hd__and4_1)
     2    0.01                           _0251_ (net)
                  0.10    0.00    3.05 v _0875_/A (sky130_fd_sc_hd__or3b_4)
                  0.12    0.82    3.87 v _0875_/X (sky130_fd_sc_hd__or3b_4)
     2    0.01                           _0252_ (net)
                  0.12    0.00    3.87 v _0877_/A2 (sky130_fd_sc_hd__a211o_1)
                  0.16    0.67    4.54 v _0877_/X (sky130_fd_sc_hd__a211o_1)
     3    0.01                           _0254_ (net)
                  0.16    0.00    4.54 v _0927_/A2 (sky130_fd_sc_hd__a21bo_1)
                  0.08    0.41    4.95 v _0927_/X (sky130_fd_sc_hd__a21bo_1)
     2    0.00                           _0303_ (net)
                  0.08    0.00    4.95 v _0928_/C (sky130_fd_sc_hd__and3_1)
                  0.17    0.49    5.44 v _0928_/X (sky130_fd_sc_hd__and3_1)
     3    0.01                           _0304_ (net)
                  0.17    0.00    5.45 v _0931_/A1 (sky130_fd_sc_hd__o21a_1)
                  0.11    0.44    5.88 v _0931_/X (sky130_fd_sc_hd__o21a_1)
     2    0.01                           _0307_ (net)
                  0.11    0.00    5.89 v _0933_/A2 (sky130_fd_sc_hd__o211a_1)
                  0.10    0.45    6.33 v _0933_/X (sky130_fd_sc_hd__o211a_1)
     2    0.01                           _0309_ (net)
                  0.10    0.00    6.33 v _0934_/C1 (sky130_fd_sc_hd__a211o_1)
                  0.15    0.54    6.87 v _0934_/X (sky130_fd_sc_hd__a211o_1)
     3    0.01                           _0310_ (net)
                  0.15    0.00    6.87 v _0937_/A1 (sky130_fd_sc_hd__a211o_1)
                  0.12    0.58    7.46 v _0937_/X (sky130_fd_sc_hd__a211o_1)
     2    0.01                           _0313_ (net)
                  0.12    0.00    7.46 v _0975_/B1 (sky130_fd_sc_hd__o21a_1)
                  0.14    0.30    7.75 v _0975_/X (sky130_fd_sc_hd__o21a_1)
     3    0.01                           _0350_ (net)
                  0.14    0.00    7.75 v _1031_/A2 (sky130_fd_sc_hd__a311o_1)
                  0.09    0.63    8.39 v _1031_/X (sky130_fd_sc_hd__a311o_1)
     1    0.00                           _0404_ (net)
                  0.09    0.00    8.39 v _1032_/B1 (sky130_fd_sc_hd__a31o_1)
                  0.16    0.46    8.85 v _1032_/X (sky130_fd_sc_hd__a31o_1)
     3    0.01                           _0405_ (net)
                  0.16    0.00    8.85 v _1100_/A1 (sky130_fd_sc_hd__a31o_2)
                  0.13    0.52    9.37 v _1100_/X (sky130_fd_sc_hd__a31o_2)
     2    0.02                           _0471_ (net)
                  0.13    0.00    9.37 v _1135_/A1 (sky130_fd_sc_hd__a21oi_4)
                  0.47    0.50    9.87 ^ _1135_/Y (sky130_fd_sc_hd__a21oi_4)
     8    0.04                           _0505_ (net)
                  0.47    0.00    9.87 ^ _1143_/A (sky130_fd_sc_hd__buf_4)
                  0.22    0.51   10.38 ^ _1143_/X (sky130_fd_sc_hd__buf_4)
    10    0.05                           _0512_ (net)
                  0.22    0.01   10.39 ^ _1187_/B (sky130_fd_sc_hd__xnor2_1)
                  0.17    0.25   10.64 v _1187_/Y (sky130_fd_sc_hd__xnor2_1)
     3    0.01                           _0550_ (net)
                  0.17    0.00   10.64 v _1200_/C (sky130_fd_sc_hd__or4_1)
                  0.21    1.23   11.87 v _1200_/X (sky130_fd_sc_hd__or4_1)
     2    0.00                           _0561_ (net)
                  0.21    0.00   11.87 v _1202_/C (sky130_fd_sc_hd__or3_4)
                  0.13    0.75   12.62 v _1202_/X (sky130_fd_sc_hd__or3_4)
     2    0.01                           _0563_ (net)
                  0.13    0.00   12.62 v _1233_/A2 (sky130_fd_sc_hd__a31o_1)
                  0.13    0.49   13.11 v _1233_/X (sky130_fd_sc_hd__a31o_1)
     3    0.01                           _0590_ (net)
                  0.13    0.00   13.11 v _1248_/A1 (sky130_fd_sc_hd__a211o_1)
                  0.14    0.60   13.71 v _1248_/X (sky130_fd_sc_hd__a211o_1)
     2    0.01                           _0603_ (net)
                  0.14    0.00   13.71 v _1254_/A2 (sky130_fd_sc_hd__a31o_1)
                  0.07    0.42   14.13 v _1254_/X (sky130_fd_sc_hd__a31o_1)
     1    0.00                           _0609_ (net)
                  0.07    0.00   14.13 v _1255_/B2 (sky130_fd_sc_hd__o2bb2a_1)
                  0.10    0.63   14.76 v _1255_/X (sky130_fd_sc_hd__o2bb2a_1)
     1    0.00                           _0610_ (net)
                  0.10    0.00   14.76 v _1256_/B (sky130_fd_sc_hd__nor2_1)
                  0.15    0.18   14.94 ^ _1256_/Y (sky130_fd_sc_hd__nor2_1)
     1    0.00                           _0030_ (net)
                  0.15    0.00   14.94 ^ _1292_/D (sky130_fd_sc_hd__dfxtp_2)
                                 14.94   data arrival time

                         10.00   10.00   clock clk (rise edge)
                          0.00   10.00   clock source latency
                  0.22    0.14   10.14 ^ clk (in)
     1    0.03                           clk (net)
                  0.22    0.00   10.14 ^ clkbuf_0_clk/A (sky130_fd_sc_hd__clkbuf_16)
                  0.10    0.31   10.45 ^ clkbuf_0_clk/X (sky130_fd_sc_hd__clkbuf_16)
     4    0.05                           clknet_0_clk (net)
                  0.10    0.00   10.46 ^ clkbuf_2_1__f_clk/A (sky130_fd_sc_hd__clkbuf_16)
                  0.09    0.24   10.70 ^ clkbuf_2_1__f_clk/X (sky130_fd_sc_hd__clkbuf_16)
     8    0.03                           clknet_2_1__leaf_clk (net)
                  0.09    0.00   10.70 ^ _1292_/CLK (sky130_fd_sc_hd__dfxtp_2)
                         -0.25   10.45   clock uncertainty
                          0.00   10.45   clock reconvergence pessimism
                         -0.16   10.29   library setup time
                                 10.29   data required time
-----------------------------------------------------------------------------
                                 10.29   data required time
                                -14.94   data arrival time
-----------------------------------------------------------------------------
                                 -4.65   slack (VIOLATED)



======================= Typical Corner ===================================

No paths found.


===========================================================================
 report_check_types -max_slew -max_cap -max_fanout -violators
============================================================================
======================= Fastest Corner ===================================


======================= Slowest Corner ===================================


======================= Typical Corner ===================================



===========================================================================
report_parasitic_annotation -report_unannotated
============================================================================
Found 0 unannotated drivers.
Found 0 partially unannotated drivers.

===========================================================================
max slew violation count 0
max fanout violation count 0
max cap violation count 0
============================================================================

===========================================================================
check_setup -verbose -unconstrained_endpoints -multiple_clock -no_clock -no_input_delay -loops -generated_clocks
===========================================================================
