[INFO GRT-0043] No OR_DEFAULT vias defined.
Net: _0101_
  Pin:   _0777_/A2 (sky130_fd_sc_hd__o221a_1)
    Layer: mcon
      Partial area ratio:    0.12
      Required ratio:    3.00 (Gate area) 
      Cumulative area ratio:    0.12
      Required ratio:    0.00 (Cumulative area) 

    Layer: met1
      Partial area ratio:   10.19
      Required ratio:    0.00 (Gate area) 
      Cumulative area ratio:   10.19
      Required ratio:    0.00 (Cumulative area) 
      Partial area ratio:   50.22
      Required ratio:  400.00 (Side area) 
      Cumulative area ratio:   50.22
      Required ratio:    0.00 (Cumulative side area) 

    Layer: via
      Partial area ratio:    0.18
      Required ratio:    6.00 (Gate area) 
      Cumulative area ratio:    0.30
      Required ratio:    0.00 (Cumulative area) 

    Layer: met2
      Partial area ratio:   14.03
      Required ratio:    0.00 (Gate area) 
      Cumulative area ratio:   24.23
      Required ratio:    0.00 (Cumulative area) 
      Partial area ratio:   69.62
      Required ratio: 2973.60 (Side area) 
      Cumulative area ratio:  119.84
      Required ratio:    0.00 (Cumulative side area) 


  Pin:   _0779_/A2 (sky130_fd_sc_hd__o221a_1)
    Layer: mcon
      Partial area ratio:    0.12
      Required ratio:    3.00 (Gate area) 
      Cumulative area ratio:    0.12
      Required ratio:    0.00 (Cumulative area) 

    Layer: met1
      Partial area ratio:   15.27
      Required ratio:    0.00 (Gate area) 
      Cumulative area ratio:   15.27
      Required ratio:    0.00 (Cumulative area) 
      Partial area ratio:   75.59
      Required ratio:  400.00 (Side area) 
      Cumulative area ratio:   75.59
      Required ratio:    0.00 (Cumulative side area) 

    Layer: via
      Partial area ratio:    0.18
      Required ratio:    6.00 (Gate area) 
      Cumulative area ratio:    0.30
      Required ratio:    0.00 (Cumulative area) 

    Layer: met2
      Partial area ratio:   14.03
      Required ratio:    0.00 (Gate area) 
      Cumulative area ratio:   29.30
      Required ratio:    0.00 (Cumulative area) 
      Partial area ratio:   69.62
      Required ratio: 2973.60 (Side area) 
      Cumulative area ratio:  145.22
      Required ratio:    0.00 (Cumulative side area) 


  Pin:   _0781_/A2 (sky130_fd_sc_hd__o221a_1)
    Layer: mcon
      Partial area ratio:    0.12
      Required ratio:    3.00 (Gate area) 
      Cumulative area ratio:    0.12
      Required ratio:    0.00 (Cumulative area) 

    Layer: met1
      Partial area ratio:    3.78
      Required ratio:    0.00 (Gate area) 
      Cumulative area ratio:    3.78
      Required ratio:    0.00 (Cumulative area) 
      Partial area ratio:   18.16
      Required ratio:  400.00 (Side area) 
      Cumulative area ratio:   18.16
      Required ratio:    0.00 (Cumulative side area) 

    Layer: via
      Partial area ratio:    0.18
      Required ratio:    6.00 (Gate area) 
      Cumulative area ratio:    0.30
      Required ratio:    0.00 (Cumulative area) 

    Layer: met2
      Partial area ratio:   14.03
      Required ratio:    0.00 (Gate area) 
      Cumulative area ratio:   17.81
      Required ratio:    0.00 (Cumulative area) 
      Partial area ratio:   69.62
      Required ratio: 2973.60 (Side area) 
      Cumulative area ratio:   87.79
      Required ratio:    0.00 (Cumulative side area) 


  Pin:   fanout106/A (sky130_fd_sc_hd__clkbuf_4)
    Layer: mcon
      Partial area ratio:    0.14
      Required ratio:    3.00 (Gate area) 
      Cumulative area ratio:    0.14
      Required ratio:    0.00 (Cumulative area) 

    Layer: met1
      Partial area ratio:    2.94
      Required ratio:    0.00 (Gate area) 
      Cumulative area ratio:    2.94
      Required ratio:    0.00 (Cumulative area) 
      Partial area ratio:   13.85
      Required ratio:  400.00 (Side area) 
      Cumulative area ratio:   13.85
      Required ratio:    0.00 (Cumulative side area) 

    Layer: via
      Partial area ratio:    0.21
      Required ratio:    6.00 (Gate area) 
      Cumulative area ratio:    0.35
      Required ratio:    0.00 (Cumulative area) 

    Layer: met2
      Partial area ratio:   14.03
      Required ratio:    0.00 (Gate area) 
      Cumulative area ratio:   16.98
      Required ratio:    0.00 (Cumulative area) 
      Partial area ratio:   69.62
      Required ratio: 2973.60 (Side area) 
      Cumulative area ratio:   83.47
      Required ratio:    0.00 (Cumulative side area) 


  Pin:   fanout107/A (sky130_fd_sc_hd__clkbuf_4)
    Layer: mcon
      Partial area ratio:    0.14
      Required ratio:    3.00 (Gate area) 
      Cumulative area ratio:    0.14
      Required ratio:    0.00 (Cumulative area) 

    Layer: met1
      Partial area ratio:  108.39
      Required ratio:    0.00 (Gate area) 
      Cumulative area ratio:  108.39
      Required ratio:    0.00 (Cumulative area) 
      Partial area ratio:  540.07
      Required ratio:  400.00 (Side area) (VIOLATED)
      Cumulative area ratio:  540.07
      Required ratio:    0.00 (Cumulative side area) 

    Layer: via
      Partial area ratio:    0.42
      Required ratio:    6.00 (Gate area) 
      Cumulative area ratio:    0.56
      Required ratio:    0.00 (Cumulative area) 

    Layer: met2
      Partial area ratio:   14.03
      Required ratio:    0.00 (Gate area) 
      Cumulative area ratio:  122.42
      Required ratio:    0.00 (Cumulative area) 
      Partial area ratio:   69.62
      Required ratio: 2973.60 (Side area) 
      Cumulative area ratio:  609.69
      Required ratio:    0.00 (Cumulative side area) 



[INFO ANT-0002] Found 1 net violations.
[INFO ANT-0001] Found 1 pin violations.
