Reading OpenROAD database at '/home/roshan/hw4ai-codefest/project/m3/synth/runs/RUN_2026-05-22_01-34-21/32-openroad-resizertimingpostcts/top.odb'…
Reading library file at '/home/roshan/.volare/volare/sky130/versions/0fe599b2afb6708d281543108caf8310912f54af/sky130A/libs.ref/sky130_fd_sc_hd/lib/sky130_fd_sc_hd__tt_025C_1v80.lib'…
Reading design constraints file at '/nix/store/ss2cw3sxbrwwx9jl0rrppbw4kgcmgi2n-python3-3.11.9-env/lib/python3.11/site-packages/openlane/scripts/base.sdc'…
[INFO] Using clock clk…
[INFO] Setting output delay to: 2
[INFO] Setting input delay to: 2
[INFO] Setting load to: 0.033442
[INFO] Setting clock uncertainty to: 0.25
[INFO] Setting clock transition to: 0.1499999999999999944488848768742172978818416595458984375
[INFO] Setting timing derate to: 5%
[INFO] Setting signal min routing layer to: met1 and clock min routing layer to met1. 
[INFO] Setting signal max routing layer to: met5 and clock max routing layer to met5. 
-congestion_iterations 50 -verbose
[INFO GRT-0020] Min routing layer: met1
[INFO GRT-0021] Max routing layer: met5
[INFO GRT-0022] Global adjustment: 30%
[INFO GRT-0023] Grid origin: (0, 0)
[INFO GRT-0043] No OR_DEFAULT vias defined.
[INFO GRT-0088] Layer li1     Track-Pitch = 0.4600  line-2-Via Pitch: 0.3400
[INFO GRT-0088] Layer met1    Track-Pitch = 0.3400  line-2-Via Pitch: 0.3400
[INFO GRT-0088] Layer met2    Track-Pitch = 0.4600  line-2-Via Pitch: 0.3500
[INFO GRT-0088] Layer met3    Track-Pitch = 0.6800  line-2-Via Pitch: 0.6150
[INFO GRT-0088] Layer met4    Track-Pitch = 0.9200  line-2-Via Pitch: 1.0400
[INFO GRT-0088] Layer met5    Track-Pitch = 3.4000  line-2-Via Pitch: 3.1100
[INFO GRT-0019] Found 10 clock nets.
[INFO GRT-0001] Minimum degree: 2
[INFO GRT-0002] Maximum degree: 15
[INFO GRT-0003] Macros: 0
[INFO GRT-0043] No OR_DEFAULT vias defined.
[INFO GRT-0004] Blockages: 1204

[INFO GRT-0053] Routing resources analysis:
          Routing      Original      Derated      Resource
Layer     Direction    Resources     Resources    Reduction (%)
---------------------------------------------------------------
li1        Vertical            0             0          0.00%
met1       Horizontal      16240          7957          51.00%
met2       Vertical        12152          7810          35.73%
met3       Horizontal       8120          5446          32.93%
met4       Vertical         4928          2977          39.59%
met5       Horizontal       1624           729          55.11%
---------------------------------------------------------------

[INFO GRT-0197] Via related to pin nodes: 5004
[INFO GRT-0198] Via related Steiner nodes: 74
[INFO GRT-0199] Via filling finished.
[INFO GRT-0111] Final number of vias: 6154
[INFO GRT-0112] Final usage 3D: 21514

[INFO GRT-0096] Final congestion report:
Layer         Resource        Demand        Usage (%)    Max H / Max V / Total Overflow
---------------------------------------------------------------------------------------
li1                  0             0            0.00%             0 /  0 /  0
met1              7957          1603           20.15%             0 /  0 /  0
met2              7810          1395           17.86%             0 /  0 /  0
met3              5446            54            0.99%             0 /  0 /  0
met4              2977             0            0.00%             0 /  0 /  0
met5               729             0            0.00%             0 /  0 /  0
---------------------------------------------------------------------------------------
Total            24919          3052           12.25%             0 /  0 /  0

[INFO GRT-0018] Total wirelength: 35196 um
[INFO GRT-0014] Routed nets: 986
%OL_CREATE_REPORT antenna.rpt
[INFO GRT-0043] No OR_DEFAULT vias defined.
Net: _0101_
  Pin:   _0777_/A2 (sky130_fd_sc_hd__o221a_1)
    Layer: mcon
      Partial area ratio:    0.12
      Required ratio:    3.00 (Gate area) 
      Cumulative area ratio:    0.12
      Required ratio:    0.00 (Cumulative area) 

    Layer: met1
      Partial area ratio:   10.19
      Required ratio:    0.00 (Gate area) 
      Cumulative area ratio:   10.19
      Required ratio:    0.00 (Cumulative area) 
      Partial area ratio:   50.22
      Required ratio:  400.00 (Side area) 
      Cumulative area ratio:   50.22
      Required ratio:    0.00 (Cumulative side area) 

    Layer: via
      Partial area ratio:    0.18
      Required ratio:    6.00 (Gate area) 
      Cumulative area ratio:    0.30
      Required ratio:    0.00 (Cumulative area) 

    Layer: met2
      Partial area ratio:   14.03
      Required ratio:    0.00 (Gate area) 
      Cumulative area ratio:   24.23
      Required ratio:    0.00 (Cumulative area) 
      Partial area ratio:   69.62
      Required ratio: 2973.60 (Side area) 
      Cumulative area ratio:  119.84
      Required ratio:    0.00 (Cumulative side area) 


  Pin:   _0779_/A2 (sky130_fd_sc_hd__o221a_1)
    Layer: mcon
      Partial area ratio:    0.12
      Required ratio:    3.00 (Gate area) 
      Cumulative area ratio:    0.12
      Required ratio:    0.00 (Cumulative area) 

    Layer: met1
      Partial area ratio:   15.27
      Required ratio:    0.00 (Gate area) 
      Cumulative area ratio:   15.27
      Required ratio:    0.00 (Cumulative area) 
      Partial area ratio:   75.59
      Required ratio:  400.00 (Side area) 
      Cumulative area ratio:   75.59
      Required ratio:    0.00 (Cumulative side area) 

    Layer: via
      Partial area ratio:    0.18
      Required ratio:    6.00 (Gate area) 
      Cumulative area ratio:    0.30
      Required ratio:    0.00 (Cumulative area) 

    Layer: met2
      Partial area ratio:   14.03
      Required ratio:    0.00 (Gate area) 
      Cumulative area ratio:   29.30
      Required ratio:    0.00 (Cumulative area) 
      Partial area ratio:   69.62
      Required ratio: 2973.60 (Side area) 
      Cumulative area ratio:  145.22
      Required ratio:    0.00 (Cumulative side area) 


  Pin:   _0781_/A2 (sky130_fd_sc_hd__o221a_1)
    Layer: mcon
      Partial area ratio:    0.12
      Required ratio:    3.00 (Gate area) 
      Cumulative area ratio:    0.12
      Required ratio:    0.00 (Cumulative area) 

    Layer: met1
      Partial area ratio:    3.78
      Required ratio:    0.00 (Gate area) 
      Cumulative area ratio:    3.78
      Required ratio:    0.00 (Cumulative area) 
      Partial area ratio:   18.16
      Required ratio:  400.00 (Side area) 
      Cumulative area ratio:   18.16
      Required ratio:    0.00 (Cumulative side area) 

    Layer: via
      Partial area ratio:    0.18
      Required ratio:    6.00 (Gate area) 
      Cumulative area ratio:    0.30
      Required ratio:    0.00 (Cumulative area) 

    Layer: met2
      Partial area ratio:   14.03
      Required ratio:    0.00 (Gate area) 
      Cumulative area ratio:   17.81
      Required ratio:    0.00 (Cumulative area) 
      Partial area ratio:   69.62
      Required ratio: 2973.60 (Side area) 
      Cumulative area ratio:   87.79
      Required ratio:    0.00 (Cumulative side area) 


  Pin:   fanout106/A (sky130_fd_sc_hd__clkbuf_4)
    Layer: mcon
      Partial area ratio:    0.14
      Required ratio:    3.00 (Gate area) 
      Cumulative area ratio:    0.14
      Required ratio:    0.00 (Cumulative area) 

    Layer: met1
      Partial area ratio:    2.94
      Required ratio:    0.00 (Gate area) 
      Cumulative area ratio:    2.94
      Required ratio:    0.00 (Cumulative area) 
      Partial area ratio:   13.85
      Required ratio:  400.00 (Side area) 
      Cumulative area ratio:   13.85
      Required ratio:    0.00 (Cumulative side area) 

    Layer: via
      Partial area ratio:    0.21
      Required ratio:    6.00 (Gate area) 
      Cumulative area ratio:    0.35
      Required ratio:    0.00 (Cumulative area) 

    Layer: met2
      Partial area ratio:   14.03
      Required ratio:    0.00 (Gate area) 
      Cumulative area ratio:   16.98
      Required ratio:    0.00 (Cumulative area) 
      Partial area ratio:   69.62
      Required ratio: 2973.60 (Side area) 
      Cumulative area ratio:   83.47
      Required ratio:    0.00 (Cumulative side area) 


  Pin:   fanout107/A (sky130_fd_sc_hd__clkbuf_4)
    Layer: mcon
      Partial area ratio:    0.14
      Required ratio:    3.00 (Gate area) 
      Cumulative area ratio:    0.14
      Required ratio:    0.00 (Cumulative area) 

    Layer: met1
      Partial area ratio:  108.39
      Required ratio:    0.00 (Gate area) 
      Cumulative area ratio:  108.39
      Required ratio:    0.00 (Cumulative area) 
      Partial area ratio:  540.07
      Required ratio:  400.00 (Side area) (VIOLATED)
      Cumulative area ratio:  540.07
      Required ratio:    0.00 (Cumulative side area) 

    Layer: via
      Partial area ratio:    0.42
      Required ratio:    6.00 (Gate area) 
      Cumulative area ratio:    0.56
      Required ratio:    0.00 (Cumulative area) 

    Layer: met2
      Partial area ratio:   14.03
      Required ratio:    0.00 (Gate area) 
      Cumulative area ratio:  122.42
      Required ratio:    0.00 (Cumulative area) 
      Partial area ratio:   69.62
      Required ratio: 2973.60 (Side area) 
      Cumulative area ratio:  609.69
      Required ratio:    0.00 (Cumulative side area) 



[INFO ANT-0002] Found 1 net violations.
[INFO ANT-0001] Found 1 pin violations.
%OL_END_REPORT
[INFO] Setting RC values…
Setting global connections for newly added cells…
[INFO] Setting global connections...
Updating metrics…
Cell type report:                       Count       Area
  Fill cell                               130     487.97
  Tap cell                                469     586.81
  Clock buffer                             10     238.98
  Timing Repair Buffer                    183    1340.04
  Inverter                                 12      45.04
  Clock inverter                            5      63.81
  Sequential cell                          81    1631.56
  Multi-Input combinational cell          681    5372.65
  Total                                  1571    9766.87
Writing OpenROAD database to '/home/roshan/hw4ai-codefest/project/m3/synth/runs/RUN_2026-05-22_01-34-21/34-openroad-globalrouting/top.odb'…
Writing layout to '/home/roshan/hw4ai-codefest/project/m3/synth/runs/RUN_2026-05-22_01-34-21/34-openroad-globalrouting/top.def'…
