Reading OpenROAD database at '/home/roshan/hw4ai-codefest/project/m3/synth/runs/RUN_2026-05-22_01-11-33/27-openroad-repairdesignpostgpl/top.odb'…
Reading library file at '/home/roshan/.volare/volare/sky130/versions/0fe599b2afb6708d281543108caf8310912f54af/sky130A/libs.ref/sky130_fd_sc_hd/lib/sky130_fd_sc_hd__tt_025C_1v80.lib'…
Reading design constraints file at '/nix/store/ss2cw3sxbrwwx9jl0rrppbw4kgcmgi2n-python3-3.11.9-env/lib/python3.11/site-packages/openlane/scripts/base.sdc'…
[INFO] Using clock clk…
[INFO] Setting output delay to: 2
[INFO] Setting input delay to: 2
[INFO] Setting load to: 0.033442
[INFO] Setting clock uncertainty to: 0.25
[INFO] Setting clock transition to: 0.1499999999999999944488848768742172978818416595458984375
[INFO] Setting timing derate to: 5%
Placement Analysis
---------------------------------
total displacement          0.0 u
average displacement        0.0 u
max displacement            0.0 u
original HPWL           17918.2 u
legalized HPWL          18451.4 u
delta HPWL                    3 %

[INFO DPL-0020] Mirrored 298 instances
[INFO DPL-0021] HPWL before           18451.4 u
[INFO DPL-0022] HPWL after            17918.2 u
[INFO DPL-0023] HPWL delta               -2.9 %
Setting global connections for newly added cells…
[INFO] Setting global connections...
Updating metrics…
Cell type report:                       Count       Area
  Fill cell                               130     487.97
  Tap cell                                469     586.81
  Timing Repair Buffer                    116     621.85
  Inverter                                 12      45.04
  Sequential cell                          81    1624.06
  Multi-Input combinational cell          681    5139.93
  Total                                  1489    8505.66
Writing OpenROAD database to '/home/roshan/hw4ai-codefest/project/m3/synth/runs/RUN_2026-05-22_01-11-33/29-openroad-detailedplacement/top.odb'…
Writing netlist to '/home/roshan/hw4ai-codefest/project/m3/synth/runs/RUN_2026-05-22_01-11-33/29-openroad-detailedplacement/top.nl.v'…
Writing powered netlist to '/home/roshan/hw4ai-codefest/project/m3/synth/runs/RUN_2026-05-22_01-11-33/29-openroad-detailedplacement/top.pnl.v'…
Writing layout to '/home/roshan/hw4ai-codefest/project/m3/synth/runs/RUN_2026-05-22_01-11-33/29-openroad-detailedplacement/top.def'…
Writing timing constraints to '/home/roshan/hw4ai-codefest/project/m3/synth/runs/RUN_2026-05-22_01-11-33/29-openroad-detailedplacement/top.sdc'…
