Clock: clk
Sources: clk 
Generated: no
Virtual: no
Propagated: no
Period: 10.000000

===========================================================================
report_clock_properties
============================================================================
Clock                   Period          Waveform
----------------------------------------------------
clk                  10.000000    0.000000  5.000000

===========================================================================
report_clock_latency
============================================================================
Clock clk
rise -> rise
    min     max
0.000000 0.000000 source latency
0.470632         network latency _1384_/CLK
        0.470632 network latency _1384_/CLK
---------------
0.470632 0.470632 latency
        0.000000 skew

fall -> fall
    min     max
0.000000 0.000000 source latency
0.222043         network latency _1384_/CLK
        0.222043 network latency _1384_/CLK
---------------
0.222043 0.222043 latency
        0.000000 skew



===========================================================================
report_clock_min_period
============================================================================
clk period_min = 7.85 fmax = 127.33
