
===========================================================================
report_checks -unconstrained
===========================================================================
======================= max_ss_100C_1v60 Corner ===================================

Startpoint: _1428_ (rising edge-triggered flip-flop clocked by clk)
Endpoint: _1464_ (rising edge-triggered flip-flop clocked by clk)
Path Group: clk
Path Type: max

Fanout         Cap        Slew       Delay        Time   Description
---------------------------------------------------------------------------------------------
                                  0.000000    0.000000   clock clk (rise edge)
                                  0.000000    0.000000   clock source latency
     1    0.026922    0.198405    0.137267    0.137267 ^ clk (in)
                                                         clk (net)
                      0.198433    0.000000    0.137267 ^ clkbuf_0_clk/A (sky130_fd_sc_hd__clkbuf_16)
     8    0.109934    0.191115    0.379256    0.516523 ^ clkbuf_0_clk/X (sky130_fd_sc_hd__clkbuf_16)
                                                         clknet_0_clk (net)
                      0.192962    0.014980    0.531502 ^ clkbuf_3_0__f_clk/A (sky130_fd_sc_hd__clkbuf_16)
     9    0.039415    0.093738    0.304840    0.836342 ^ clkbuf_3_0__f_clk/X (sky130_fd_sc_hd__clkbuf_16)
                                                         clknet_3_0__leaf_clk (net)
                      0.093786    0.001948    0.838290 ^ _1428_/CLK (sky130_fd_sc_hd__dfxtp_2)
     3    0.028710    0.240759    0.797920    1.636210 ^ _1428_/Q (sky130_fd_sc_hd__dfxtp_2)
                                                         core_b[3] (net)
                      0.240762    0.001345    1.637555 ^ fanout73/A (sky130_fd_sc_hd__buf_6)
    10    0.052377    0.177259    0.332992    1.970547 ^ fanout73/X (sky130_fd_sc_hd__buf_6)
                                                         net73 (net)
                      0.177375    0.003778    1.974325 ^ fanout72/A (sky130_fd_sc_hd__buf_2)
    10    0.037504    0.296620    0.410133    2.384458 ^ fanout72/X (sky130_fd_sc_hd__buf_2)
                                                         net72 (net)
                      0.296634    0.002279    2.386736 ^ _1015_/B (sky130_fd_sc_hd__and4_1)
     2    0.005739    0.140474    0.484825    2.871562 ^ _1015_/X (sky130_fd_sc_hd__and4_1)
                                                         _0347_ (net)
                      0.140474    0.000364    2.871925 ^ _1017_/A_N (sky130_fd_sc_hd__and2b_1)
     1    0.008644    0.112932    0.435264    3.307190 v _1017_/X (sky130_fd_sc_hd__and2b_1)
                                                         _0349_ (net)
                      0.112934    0.000662    3.307852 v _1018_/B (sky130_fd_sc_hd__xnor2_2)
     3    0.011419    0.300457    0.311676    3.619529 ^ _1018_/Y (sky130_fd_sc_hd__xnor2_2)
                                                         _0350_ (net)
                      0.300457    0.000981    3.620510 ^ _1028_/B1 (sky130_fd_sc_hd__a21o_1)
     2    0.008481    0.133919    0.277436    3.897946 ^ _1028_/X (sky130_fd_sc_hd__a21o_1)
                                                         _0360_ (net)
                      0.133919    0.000578    3.898524 ^ _1030_/B (sky130_fd_sc_hd__nand3_2)
     5    0.024181    0.343040    0.353395    4.251918 v _1030_/Y (sky130_fd_sc_hd__nand3_2)
                                                         _0362_ (net)
                      0.343052    0.001706    4.253625 v _1032_/C (sky130_fd_sc_hd__and3_1)
     3    0.008991    0.121263    0.552757    4.806381 v _1032_/X (sky130_fd_sc_hd__and3_1)
                                                         _0364_ (net)
                      0.121263    0.000509    4.806890 v _1037_/A2 (sky130_fd_sc_hd__o211a_1)
     2    0.005205    0.093066    0.421089    5.227979 v _1037_/X (sky130_fd_sc_hd__o211a_1)
                                                         _0369_ (net)
                      0.093115    0.000257    5.228235 v _1038_/A (sky130_fd_sc_hd__or3_4)
     4    0.014918    0.147424    0.811135    6.039370 v _1038_/X (sky130_fd_sc_hd__or3_4)
                                                         _0370_ (net)
                      0.147424    0.000790    6.040160 v _1041_/A2 (sky130_fd_sc_hd__a211o_1)
     2    0.005248    0.108429    0.596632    6.636792 v _1041_/X (sky130_fd_sc_hd__a211o_1)
                                                         _0373_ (net)
                      0.108429    0.000311    6.637103 v _1125_/D (sky130_fd_sc_hd__and4b_1)
     2    0.006385    0.104467    0.458119    7.095222 v _1125_/X (sky130_fd_sc_hd__and4b_1)
                                                         _0455_ (net)
                      0.104467    0.000394    7.095616 v _1196_/A1 (sky130_fd_sc_hd__a211o_1)
     2    0.009899    0.148486    0.571266    7.666883 v _1196_/X (sky130_fd_sc_hd__a211o_1)
                                                         _0524_ (net)
                      0.148487    0.000724    7.667606 v _1234_/A1 (sky130_fd_sc_hd__a31o_1)
     2    0.009587    0.122040    0.411241    8.078847 v _1234_/X (sky130_fd_sc_hd__a31o_1)
                                                         _0560_ (net)
                      0.122040    0.000512    8.079359 v _1247_/A (sky130_fd_sc_hd__nand2_2)
     1    0.005848    0.093977    0.119477    8.198835 ^ _1247_/Y (sky130_fd_sc_hd__nand2_2)
                                                         _0573_ (net)
                      0.093977    0.000277    8.199113 ^ _1266_/B1 (sky130_fd_sc_hd__o211a_4)
     6    0.042451    0.231955    0.476393    8.675506 ^ _1266_/X (sky130_fd_sc_hd__o211a_4)
                                                         _0591_ (net)
                      0.232152    0.006116    8.681622 ^ fanout53/A (sky130_fd_sc_hd__buf_4)
    10    0.052732    0.241172    0.408745    9.090367 ^ fanout53/X (sky130_fd_sc_hd__buf_4)
                                                         net53 (net)
                      0.241330    0.005658    9.096025 ^ _1293_/B (sky130_fd_sc_hd__xnor2_1)
     2    0.009318    0.189348    0.258455    9.354480 v _1293_/Y (sky130_fd_sc_hd__xnor2_1)
                                                         _0614_ (net)
                      0.189348    0.000467    9.354947 v _1299_/D (sky130_fd_sc_hd__or4_4)
     1    0.003657    0.148451    0.860504   10.215451 v _1299_/X (sky130_fd_sc_hd__or4_4)
                                                         _0619_ (net)
                      0.148451    0.000232   10.215683 v _1300_/B1 (sky130_fd_sc_hd__a311o_1)
     2    0.010167    0.163164    0.699983   10.915666 v _1300_/X (sky130_fd_sc_hd__a311o_1)
                                                         _0620_ (net)
                      0.163165    0.000754   10.916420 v _1329_/A2 (sky130_fd_sc_hd__a21o_1)
     3    0.011534    0.129284    0.424354   11.340774 v _1329_/X (sky130_fd_sc_hd__a21o_1)
                                                         _0645_ (net)
                      0.129286    0.000710   11.341484 v _1353_/A2 (sky130_fd_sc_hd__a21oi_2)
     2    0.014122    0.315152    0.377203   11.718687 ^ _1353_/Y (sky130_fd_sc_hd__a21oi_2)
                                                         _0665_ (net)
                      0.315266    0.001263   11.719950 ^ _1372_/A2 (sky130_fd_sc_hd__o211ai_2)
     2    0.006757    0.184525    0.259800   11.979750 v _1372_/Y (sky130_fd_sc_hd__o211ai_2)
                                                         _0682_ (net)
                      0.184526    0.000445   11.980195 v _1374_/A1 (sky130_fd_sc_hd__a21oi_1)
     3    0.011031    0.417024    0.443295   12.423491 ^ _1374_/Y (sky130_fd_sc_hd__a21oi_1)
                                                         _0684_ (net)
                      0.417025    0.000548   12.424038 ^ _1381_/A2 (sky130_fd_sc_hd__o31a_1)
     1    0.003686    0.095330    0.374035   12.798073 ^ _1381_/X (sky130_fd_sc_hd__o31a_1)
                                                         _0690_ (net)
                      0.095330    0.000161   12.798234 ^ _1383_/A2 (sky130_fd_sc_hd__a211oi_1)
     1    0.001942    0.102177    0.138059   12.936294 v _1383_/Y (sky130_fd_sc_hd__a211oi_1)
                                                         _0080_ (net)
                      0.102177    0.000090   12.936383 v _1464_/D (sky130_fd_sc_hd__dfxtp_1)
                                             12.936383   data arrival time

                                 10.000000   10.000000   clock clk (rise edge)
                                  0.000000   10.000000   clock source latency
     1    0.026922    0.198405    0.137267   10.137267 ^ clk (in)
                                                         clk (net)
                      0.198433    0.000000   10.137267 ^ clkbuf_0_clk/A (sky130_fd_sc_hd__clkbuf_16)
     8    0.109934    0.191115    0.379256   10.516523 ^ clkbuf_0_clk/X (sky130_fd_sc_hd__clkbuf_16)
                                                         clknet_0_clk (net)
                      0.192403    0.012564   10.529087 ^ clkbuf_3_3__f_clk/A (sky130_fd_sc_hd__clkbuf_16)
     7    0.040847    0.095342    0.306110   10.835197 ^ clkbuf_3_3__f_clk/X (sky130_fd_sc_hd__clkbuf_16)
                                                         clknet_3_3__leaf_clk (net)
                      0.095433    0.002609   10.837807 ^ _1464_/CLK (sky130_fd_sc_hd__dfxtp_1)
                                 -0.250000   10.587807   clock uncertainty
                                  0.000000   10.587807   clock reconvergence pessimism
                                 -0.275498   10.312308   library setup time
                                             10.312308   data required time
---------------------------------------------------------------------------------------------
                                             10.312308   data required time
                                            -12.936383   data arrival time
---------------------------------------------------------------------------------------------
                                             -2.624074   slack (VIOLATED)




===========================================================================
report_checks --slack_max -0.01
============================================================================
======================= max_ss_100C_1v60 Corner ===================================

Startpoint: _1428_ (rising edge-triggered flip-flop clocked by clk)
Endpoint: _1464_ (rising edge-triggered flip-flop clocked by clk)
Path Group: clk
Path Type: max

Fanout         Cap        Slew       Delay        Time   Description
---------------------------------------------------------------------------------------------
                                  0.000000    0.000000   clock clk (rise edge)
                                  0.000000    0.000000   clock source latency
     1    0.026922    0.198405    0.137267    0.137267 ^ clk (in)
                                                         clk (net)
                      0.198433    0.000000    0.137267 ^ clkbuf_0_clk/A (sky130_fd_sc_hd__clkbuf_16)
     8    0.109934    0.191115    0.379256    0.516523 ^ clkbuf_0_clk/X (sky130_fd_sc_hd__clkbuf_16)
                                                         clknet_0_clk (net)
                      0.192962    0.014980    0.531502 ^ clkbuf_3_0__f_clk/A (sky130_fd_sc_hd__clkbuf_16)
     9    0.039415    0.093738    0.304840    0.836342 ^ clkbuf_3_0__f_clk/X (sky130_fd_sc_hd__clkbuf_16)
                                                         clknet_3_0__leaf_clk (net)
                      0.093786    0.001948    0.838290 ^ _1428_/CLK (sky130_fd_sc_hd__dfxtp_2)
     3    0.028710    0.240759    0.797920    1.636210 ^ _1428_/Q (sky130_fd_sc_hd__dfxtp_2)
                                                         core_b[3] (net)
                      0.240762    0.001345    1.637555 ^ fanout73/A (sky130_fd_sc_hd__buf_6)
    10    0.052377    0.177259    0.332992    1.970547 ^ fanout73/X (sky130_fd_sc_hd__buf_6)
                                                         net73 (net)
                      0.177375    0.003778    1.974325 ^ fanout72/A (sky130_fd_sc_hd__buf_2)
    10    0.037504    0.296620    0.410133    2.384458 ^ fanout72/X (sky130_fd_sc_hd__buf_2)
                                                         net72 (net)
                      0.296634    0.002279    2.386736 ^ _1015_/B (sky130_fd_sc_hd__and4_1)
     2    0.005739    0.140474    0.484825    2.871562 ^ _1015_/X (sky130_fd_sc_hd__and4_1)
                                                         _0347_ (net)
                      0.140474    0.000364    2.871925 ^ _1017_/A_N (sky130_fd_sc_hd__and2b_1)
     1    0.008644    0.112932    0.435264    3.307190 v _1017_/X (sky130_fd_sc_hd__and2b_1)
                                                         _0349_ (net)
                      0.112934    0.000662    3.307852 v _1018_/B (sky130_fd_sc_hd__xnor2_2)
     3    0.011419    0.300457    0.311676    3.619529 ^ _1018_/Y (sky130_fd_sc_hd__xnor2_2)
                                                         _0350_ (net)
                      0.300457    0.000981    3.620510 ^ _1028_/B1 (sky130_fd_sc_hd__a21o_1)
     2    0.008481    0.133919    0.277436    3.897946 ^ _1028_/X (sky130_fd_sc_hd__a21o_1)
                                                         _0360_ (net)
                      0.133919    0.000578    3.898524 ^ _1030_/B (sky130_fd_sc_hd__nand3_2)
     5    0.024181    0.343040    0.353395    4.251918 v _1030_/Y (sky130_fd_sc_hd__nand3_2)
                                                         _0362_ (net)
                      0.343052    0.001706    4.253625 v _1032_/C (sky130_fd_sc_hd__and3_1)
     3    0.008991    0.121263    0.552757    4.806381 v _1032_/X (sky130_fd_sc_hd__and3_1)
                                                         _0364_ (net)
                      0.121263    0.000509    4.806890 v _1037_/A2 (sky130_fd_sc_hd__o211a_1)
     2    0.005205    0.093066    0.421089    5.227979 v _1037_/X (sky130_fd_sc_hd__o211a_1)
                                                         _0369_ (net)
                      0.093115    0.000257    5.228235 v _1038_/A (sky130_fd_sc_hd__or3_4)
     4    0.014918    0.147424    0.811135    6.039370 v _1038_/X (sky130_fd_sc_hd__or3_4)
                                                         _0370_ (net)
                      0.147424    0.000790    6.040160 v _1041_/A2 (sky130_fd_sc_hd__a211o_1)
     2    0.005248    0.108429    0.596632    6.636792 v _1041_/X (sky130_fd_sc_hd__a211o_1)
                                                         _0373_ (net)
                      0.108429    0.000311    6.637103 v _1125_/D (sky130_fd_sc_hd__and4b_1)
     2    0.006385    0.104467    0.458119    7.095222 v _1125_/X (sky130_fd_sc_hd__and4b_1)
                                                         _0455_ (net)
                      0.104467    0.000394    7.095616 v _1196_/A1 (sky130_fd_sc_hd__a211o_1)
     2    0.009899    0.148486    0.571266    7.666883 v _1196_/X (sky130_fd_sc_hd__a211o_1)
                                                         _0524_ (net)
                      0.148487    0.000724    7.667606 v _1234_/A1 (sky130_fd_sc_hd__a31o_1)
     2    0.009587    0.122040    0.411241    8.078847 v _1234_/X (sky130_fd_sc_hd__a31o_1)
                                                         _0560_ (net)
                      0.122040    0.000512    8.079359 v _1247_/A (sky130_fd_sc_hd__nand2_2)
     1    0.005848    0.093977    0.119477    8.198835 ^ _1247_/Y (sky130_fd_sc_hd__nand2_2)
                                                         _0573_ (net)
                      0.093977    0.000277    8.199113 ^ _1266_/B1 (sky130_fd_sc_hd__o211a_4)
     6    0.042451    0.231955    0.476393    8.675506 ^ _1266_/X (sky130_fd_sc_hd__o211a_4)
                                                         _0591_ (net)
                      0.232152    0.006116    8.681622 ^ fanout53/A (sky130_fd_sc_hd__buf_4)
    10    0.052732    0.241172    0.408745    9.090367 ^ fanout53/X (sky130_fd_sc_hd__buf_4)
                                                         net53 (net)
                      0.241330    0.005658    9.096025 ^ _1293_/B (sky130_fd_sc_hd__xnor2_1)
     2    0.009318    0.189348    0.258455    9.354480 v _1293_/Y (sky130_fd_sc_hd__xnor2_1)
                                                         _0614_ (net)
                      0.189348    0.000467    9.354947 v _1299_/D (sky130_fd_sc_hd__or4_4)
     1    0.003657    0.148451    0.860504   10.215451 v _1299_/X (sky130_fd_sc_hd__or4_4)
                                                         _0619_ (net)
                      0.148451    0.000232   10.215683 v _1300_/B1 (sky130_fd_sc_hd__a311o_1)
     2    0.010167    0.163164    0.699983   10.915666 v _1300_/X (sky130_fd_sc_hd__a311o_1)
                                                         _0620_ (net)
                      0.163165    0.000754   10.916420 v _1329_/A2 (sky130_fd_sc_hd__a21o_1)
     3    0.011534    0.129284    0.424354   11.340774 v _1329_/X (sky130_fd_sc_hd__a21o_1)
                                                         _0645_ (net)
                      0.129286    0.000710   11.341484 v _1353_/A2 (sky130_fd_sc_hd__a21oi_2)
     2    0.014122    0.315152    0.377203   11.718687 ^ _1353_/Y (sky130_fd_sc_hd__a21oi_2)
                                                         _0665_ (net)
                      0.315266    0.001263   11.719950 ^ _1372_/A2 (sky130_fd_sc_hd__o211ai_2)
     2    0.006757    0.184525    0.259800   11.979750 v _1372_/Y (sky130_fd_sc_hd__o211ai_2)
                                                         _0682_ (net)
                      0.184526    0.000445   11.980195 v _1374_/A1 (sky130_fd_sc_hd__a21oi_1)
     3    0.011031    0.417024    0.443295   12.423491 ^ _1374_/Y (sky130_fd_sc_hd__a21oi_1)
                                                         _0684_ (net)
                      0.417025    0.000548   12.424038 ^ _1381_/A2 (sky130_fd_sc_hd__o31a_1)
     1    0.003686    0.095330    0.374035   12.798073 ^ _1381_/X (sky130_fd_sc_hd__o31a_1)
                                                         _0690_ (net)
                      0.095330    0.000161   12.798234 ^ _1383_/A2 (sky130_fd_sc_hd__a211oi_1)
     1    0.001942    0.102177    0.138059   12.936294 v _1383_/Y (sky130_fd_sc_hd__a211oi_1)
                                                         _0080_ (net)
                      0.102177    0.000090   12.936383 v _1464_/D (sky130_fd_sc_hd__dfxtp_1)
                                             12.936383   data arrival time

                                 10.000000   10.000000   clock clk (rise edge)
                                  0.000000   10.000000   clock source latency
     1    0.026922    0.198405    0.137267   10.137267 ^ clk (in)
                                                         clk (net)
                      0.198433    0.000000   10.137267 ^ clkbuf_0_clk/A (sky130_fd_sc_hd__clkbuf_16)
     8    0.109934    0.191115    0.379256   10.516523 ^ clkbuf_0_clk/X (sky130_fd_sc_hd__clkbuf_16)
                                                         clknet_0_clk (net)
                      0.192403    0.012564   10.529087 ^ clkbuf_3_3__f_clk/A (sky130_fd_sc_hd__clkbuf_16)
     7    0.040847    0.095342    0.306110   10.835197 ^ clkbuf_3_3__f_clk/X (sky130_fd_sc_hd__clkbuf_16)
                                                         clknet_3_3__leaf_clk (net)
                      0.095433    0.002609   10.837807 ^ _1464_/CLK (sky130_fd_sc_hd__dfxtp_1)
                                 -0.250000   10.587807   clock uncertainty
                                  0.000000   10.587807   clock reconvergence pessimism
                                 -0.275498   10.312308   library setup time
                                             10.312308   data required time
---------------------------------------------------------------------------------------------
                                             10.312308   data required time
                                            -12.936383   data arrival time
---------------------------------------------------------------------------------------------
                                             -2.624074   slack (VIOLATED)




===========================================================================
 report_check_types -max_slew -max_cap -max_fanout -violators
============================================================================
======================= max_ss_100C_1v60 Corner ===================================

max slew

Pin                                        Limit        Slew       Slack
------------------------------------------------------------------------
_0734_/A2                               0.750000    0.823610   -0.073610 (VIOLATED)
max_cap64/A                             0.750000    0.823610   -0.073610 (VIOLATED)
_0701_/Y                                0.750000    0.823608   -0.073608 (VIOLATED)
_0770_/B                                0.750000    0.808897   -0.058897 (VIOLATED)
_0780_/B                                0.750000    0.808893   -0.058893 (VIOLATED)
_0778_/B                                0.750000    0.808881   -0.058881 (VIOLATED)
fanout61/A                              0.750000    0.808842   -0.058842 (VIOLATED)
fanout62/A                              0.750000    0.808819   -0.058819 (VIOLATED)
_0723_/Y                                0.750000    0.808798   -0.058799 (VIOLATED)

max fanout

Pin                                   Limit Fanout  Slack
---------------------------------------------------------
clkbuf_3_5__f_clk/X                      10     14     -4 (VIOLATED)
clkbuf_3_6__f_clk/X                      10     14     -4 (VIOLATED)
clkbuf_3_1__f_clk/X                      10     13     -3 (VIOLATED)
clkbuf_3_4__f_clk/X                      10     11        (VIOLATED)



===========================================================================
report_parasitic_annotation -report_unannotated
============================================================================
Found 31 unannotated drivers.
 wdata[10]
 wdata[11]
 wdata[12]
 wdata[13]
 wdata[14]
 wdata[15]
 wdata[16]
 wdata[17]
 wdata[18]
 wdata[19]
 wdata[20]
 wdata[21]
 wdata[22]
 wdata[23]
 wdata[24]
 wdata[25]
 wdata[26]
 wdata[27]
 wdata[28]
 wdata[29]
 wdata[30]
 wdata[31]
 wdata[8]
 wdata[9]
 clkload0/Y
 clkload1/X
 clkload2/Y
 clkload3/Y
 clkload4/Y
 clkload5/Y
 top_117/LO
Found 0 partially unannotated drivers.

===========================================================================
max slew violation count 9
max fanout violation count 4
max cap violation count 0
============================================================================

===========================================================================
check_setup -verbose -unconstrained_endpoints -multiple_clock -no_clock -no_input_delay -loops -generated_clocks
===========================================================================
Warning: There is 1 unconstrained endpoint.
  ready
