Clock: clk
Sources: clk 
Generated: no
Virtual: yes
Propagated: no
Period: 10.000000

===========================================================================
report_clock_properties
============================================================================
Clock                   Period          Waveform
----------------------------------------------------
clk                  10.000000    0.000000  5.000000

===========================================================================
report_clock_latency
============================================================================
Clock clk
rise -> rise
    min     max
0.000000 0.000000 source latency
0.831195         network latency _1451_/CLK
        0.850327 network latency _1391_/CLK
---------------
0.831195 0.850327 latency
        0.019132 skew

fall -> fall
    min     max
0.000000 0.000000 source latency
0.746933         network latency _1451_/CLK
        0.765117 network latency _1391_/CLK
---------------
0.746933 0.765117 latency
        0.018184 skew



===========================================================================
report_clock_min_period
============================================================================
clk period_min = 12.62 fmax = 79.21
