Clock: clk
Sources: clk 
Generated: no
Virtual: yes
Propagated: no
Period: 10.000000

===========================================================================
report_clock_properties
============================================================================
Clock                   Period          Waveform
----------------------------------------------------
clk                  10.000000    0.000000  5.000000

===========================================================================
report_clock_latency
============================================================================
Clock clk
rise -> rise
    min     max
0.000000 0.000000 source latency
0.485308         network latency _1451_/CLK
        0.502634 network latency _1391_/CLK
---------------
0.485308 0.502634 latency
        0.017326 skew

fall -> fall
    min     max
0.000000 0.000000 source latency
0.421912         network latency _1451_/CLK
        0.437712 network latency _1391_/CLK
---------------
0.421912 0.437712 latency
        0.015799 skew



===========================================================================
report_clock_min_period
============================================================================
clk period_min = 6.60 fmax = 151.58
