Clock: clk
Sources: clk 
Generated: no
Virtual: no
Propagated: no
Period: 10.000000

===========================================================================
report_clock_properties
============================================================================
Clock                   Period          Waveform
----------------------------------------------------
clk                  10.000000    0.000000  5.000000

===========================================================================
report_clock_latency
============================================================================
Clock clk
rise -> rise
    min     max
0.000000 0.000000 source latency
0.367599         network latency _1384_/CLK
        0.367599 network latency _1384_/CLK
---------------
0.367599 0.367599 latency
        0.000000 skew

fall -> fall
    min     max
0.000000 0.000000 source latency
0.158172         network latency _1384_/CLK
        0.158172 network latency _1384_/CLK
---------------
0.158172 0.158172 latency
        0.000000 skew



===========================================================================
report_clock_min_period
============================================================================
clk period_min = 4.86 fmax = 205.56
