
===========================================================================
 report_power
============================================================================
======================= nom_ff_n40C_1v95 Corner ===================================

Group                    Internal    Switching      Leakage        Total
                            Power        Power        Power        Power (Watts)
------------------------------------------------------------------------
Sequential           3.900984e-04 2.305330e-05 1.646449e-09 4.131534e-04  95.6%
Combinational        1.075900e-05 8.473046e-06 8.679446e-09 1.924072e-05   4.4%
Clock                0.000000e+00 0.000000e+00 0.000000e+00 0.000000e+00   0.0%
Macro                0.000000e+00 0.000000e+00 0.000000e+00 0.000000e+00   0.0%
Pad                  0.000000e+00 0.000000e+00 0.000000e+00 0.000000e+00   0.0%
------------------------------------------------------------------------
Total                4.008574e-04 3.152634e-05 1.032589e-08 4.323941e-04 100.0%
                            92.7%         7.3%         0.0%

