#! /usr/bin/vvp
:ivl_version "11.0 (stable)";
:ivl_delay_selection "TYPICAL";
:vpi_time_precision - 12;
:vpi_module "/usr/lib/x86_64-linux-gnu/ivl/system.vpi";
:vpi_module "/usr/lib/x86_64-linux-gnu/ivl/vhdl_sys.vpi";
:vpi_module "/usr/lib/x86_64-linux-gnu/ivl/vhdl_textio.vpi";
:vpi_module "/usr/lib/x86_64-linux-gnu/ivl/v2005_math.vpi";
:vpi_module "/usr/lib/x86_64-linux-gnu/ivl/va_math.vpi";
:vpi_module "/usr/lib/x86_64-linux-gnu/ivl/v2009.vpi";
S_0x6270fbf3fb00 .scope package, "$unit" "$unit" 2 1;
 .timescale 0 0;
S_0x6270fbf3fc90 .scope module, "tb_compute_core" "tb_compute_core" 3 3;
 .timescale -9 -12;
v0x6270fbf5b8e0_0 .var/s "a", 7 0;
v0x6270fbf5b9c0_0 .var/s "b", 7 0;
v0x6270fbf5ba90_0 .var "clk", 0 0;
v0x6270fbf5bb90_0 .var/s "expected", 31 0;
v0x6270fbf5bc30_0 .net/s "out", 31 0, v0x6270fbf5b4e0_0;  1 drivers
v0x6270fbf5bcd0_0 .var "rst", 0 0;
v0x6270fbf5bda0_0 .var "valid", 0 0;
S_0x6270fbf30fb0 .scope module, "dut" "compute_core" 3 14, 4 23 0, S_0x6270fbf3fc90;
 .timescale 0 0;
    .port_info 0 /INPUT 1 "clk";
    .port_info 1 /INPUT 1 "rst";
    .port_info 2 /INPUT 1 "valid";
    .port_info 3 /INPUT 8 "a";
    .port_info 4 /INPUT 8 "b";
    .port_info 5 /OUTPUT 32 "out";
v0x6270fbf31230_0 .net/s *"_ivl_0", 15 0, L_0x6270fbf5be70;  1 drivers
v0x6270fbf5b150_0 .net/s *"_ivl_2", 15 0, L_0x6270fbf5bf90;  1 drivers
v0x6270fbf5b230_0 .net/s "a", 7 0, v0x6270fbf5b8e0_0;  1 drivers
v0x6270fbf5b2f0_0 .net/s "b", 7 0, v0x6270fbf5b9c0_0;  1 drivers
v0x6270fbf5b3d0_0 .net "clk", 0 0, v0x6270fbf5ba90_0;  1 drivers
v0x6270fbf5b4e0_0 .var/s "out", 31 0;
v0x6270fbf5b5c0_0 .net/s "product", 15 0, L_0x6270fbf5c080;  1 drivers
v0x6270fbf5b6a0_0 .net "rst", 0 0, v0x6270fbf5bcd0_0;  1 drivers
v0x6270fbf5b760_0 .net "valid", 0 0, v0x6270fbf5bda0_0;  1 drivers
E_0x6270fbf3df30 .event posedge, v0x6270fbf5b3d0_0;
L_0x6270fbf5be70 .extend/s 16, v0x6270fbf5b8e0_0;
L_0x6270fbf5bf90 .extend/s 16, v0x6270fbf5b9c0_0;
L_0x6270fbf5c080 .arith/mult 16, L_0x6270fbf5be70, L_0x6270fbf5bf90;
    .scope S_0x6270fbf30fb0;
T_0 ;
    %wait E_0x6270fbf3df30;
    %load/vec4 v0x6270fbf5b6a0_0;
    %flag_set/vec4 8;
    %jmp/0xz  T_0.0, 8;
    %pushi/vec4 0, 0, 32;
    %assign/vec4 v0x6270fbf5b4e0_0, 0;
    %jmp T_0.1;
T_0.0 ;
    %load/vec4 v0x6270fbf5b760_0;
    %flag_set/vec4 8;
    %jmp/0xz  T_0.2, 8;
    %load/vec4 v0x6270fbf5b4e0_0;
    %load/vec4 v0x6270fbf5b5c0_0;
    %parti/s 1, 15, 5;
    %replicate 16;
    %load/vec4 v0x6270fbf5b5c0_0;
    %concat/vec4; draw_concat_vec4
    %add;
    %assign/vec4 v0x6270fbf5b4e0_0, 0;
T_0.2 ;
T_0.1 ;
    %jmp T_0;
    .thread T_0;
    .scope S_0x6270fbf3fc90;
T_1 ;
    %delay 5000, 0;
    %load/vec4 v0x6270fbf5ba90_0;
    %inv;
    %store/vec4 v0x6270fbf5ba90_0, 0, 1;
    %jmp T_1;
    .thread T_1;
    .scope S_0x6270fbf3fc90;
T_2 ;
    %vpi_call/w 3 26 "$dumpfile", "project/m2/sim/compute_core.vcd" {0 0 0};
    %vpi_call/w 3 27 "$dumpvars", 32'sb00000000000000000000000000000000, S_0x6270fbf3fc90 {0 0 0};
    %pushi/vec4 0, 0, 1;
    %store/vec4 v0x6270fbf5ba90_0, 0, 1;
    %pushi/vec4 1, 0, 1;
    %store/vec4 v0x6270fbf5bcd0_0, 0, 1;
    %pushi/vec4 0, 0, 1;
    %store/vec4 v0x6270fbf5bda0_0, 0, 1;
    %pushi/vec4 0, 0, 8;
    %store/vec4 v0x6270fbf5b8e0_0, 0, 8;
    %pushi/vec4 0, 0, 8;
    %store/vec4 v0x6270fbf5b9c0_0, 0, 8;
    %pushi/vec4 0, 0, 32;
    %store/vec4 v0x6270fbf5bb90_0, 0, 32;
    %delay 10000, 0;
    %pushi/vec4 0, 0, 1;
    %store/vec4 v0x6270fbf5bcd0_0, 0, 1;
    %pushi/vec4 1, 0, 1;
    %store/vec4 v0x6270fbf5bda0_0, 0, 1;
    %pushi/vec4 3, 0, 8;
    %store/vec4 v0x6270fbf5b8e0_0, 0, 8;
    %pushi/vec4 4, 0, 8;
    %store/vec4 v0x6270fbf5b9c0_0, 0, 8;
    %load/vec4 v0x6270fbf5bb90_0;
    %addi 12, 0, 32;
    %store/vec4 v0x6270fbf5bb90_0, 0, 32;
    %delay 10000, 0;
    %pushi/vec4 251, 0, 8;
    %store/vec4 v0x6270fbf5b8e0_0, 0, 8;
    %pushi/vec4 2, 0, 8;
    %store/vec4 v0x6270fbf5b9c0_0, 0, 8;
    %load/vec4 v0x6270fbf5bb90_0;
    %addi 4294967286, 0, 32;
    %store/vec4 v0x6270fbf5bb90_0, 0, 32;
    %delay 10000, 0;
    %pushi/vec4 7, 0, 8;
    %store/vec4 v0x6270fbf5b8e0_0, 0, 8;
    %pushi/vec4 253, 0, 8;
    %store/vec4 v0x6270fbf5b9c0_0, 0, 8;
    %load/vec4 v0x6270fbf5bb90_0;
    %addi 4294967275, 0, 32;
    %store/vec4 v0x6270fbf5bb90_0, 0, 32;
    %delay 10000, 0;
    %pushi/vec4 248, 0, 8;
    %store/vec4 v0x6270fbf5b8e0_0, 0, 8;
    %pushi/vec4 252, 0, 8;
    %store/vec4 v0x6270fbf5b9c0_0, 0, 8;
    %load/vec4 v0x6270fbf5bb90_0;
    %addi 32, 0, 32;
    %store/vec4 v0x6270fbf5bb90_0, 0, 32;
    %delay 10000, 0;
    %pushi/vec4 0, 0, 1;
    %store/vec4 v0x6270fbf5bda0_0, 0, 1;
    %delay 10000, 0;
    %load/vec4 v0x6270fbf5bc30_0;
    %load/vec4 v0x6270fbf5bb90_0;
    %cmp/e;
    %jmp/0xz  T_2.0, 6;
    %vpi_call/w 3 50 "$display", "PASS: compute_core output matched expected value." {0 0 0};
    %vpi_call/w 3 51 "$display", "Expected = %0d, DUT Output = %0d", v0x6270fbf5bb90_0, v0x6270fbf5bc30_0 {0 0 0};
    %jmp T_2.1;
T_2.0 ;
    %vpi_call/w 3 53 "$display", "FAIL: compute_core output mismatch." {0 0 0};
    %vpi_call/w 3 54 "$display", "Expected = %0d, DUT Output = %0d", v0x6270fbf5bb90_0, v0x6270fbf5bc30_0 {0 0 0};
T_2.1 ;
    %vpi_call/w 3 57 "$finish" {0 0 0};
    %end;
    .thread T_2;
# The file index is used to find the file name in the following table.
:file_names 5;
    "N/A";
    "<interactive>";
    "-";
    "project/m2/tb/tb_compute_core.sv";
    "project/m2/rtl/compute_core.sv";
