#! /usr/bin/vvp
:ivl_version "11.0 (stable)";
:ivl_delay_selection "TYPICAL";
:vpi_time_precision - 12;
:vpi_module "/usr/lib/x86_64-linux-gnu/ivl/system.vpi";
:vpi_module "/usr/lib/x86_64-linux-gnu/ivl/vhdl_sys.vpi";
:vpi_module "/usr/lib/x86_64-linux-gnu/ivl/vhdl_textio.vpi";
:vpi_module "/usr/lib/x86_64-linux-gnu/ivl/v2005_math.vpi";
:vpi_module "/usr/lib/x86_64-linux-gnu/ivl/va_math.vpi";
:vpi_module "/usr/lib/x86_64-linux-gnu/ivl/v2009.vpi";
S_0x5ce867d12910 .scope package, "$unit" "$unit" 2 1;
 .timescale 0 0;
S_0x5ce867d12aa0 .scope module, "tb_interface" "tb_interface" 3 3;
 .timescale -9 -12;
v0x5ce867d339f0_0 .var "addr", 7 0;
v0x5ce867d33ad0_0 .var "clk", 0 0;
v0x5ce867d33b70_0 .net/s "core_a", 7 0, v0x5ce867d33020_0;  1 drivers
v0x5ce867d33c40_0 .net/s "core_b", 7 0, v0x5ce867d330e0_0;  1 drivers
v0x5ce867d33d10_0 .var/s "core_out", 31 0;
v0x5ce867d33db0_0 .net "core_valid", 0 0, v0x5ce867d332f0_0;  1 drivers
v0x5ce867d33e80_0 .net "rdata", 31 0, v0x5ce867d333b0_0;  1 drivers
L_0x7dde116d0018 .functor BUFT 1, C4<1>, C4<0>, C4<0>, C4<0>;
v0x5ce867d33f50_0 .net "ready", 0 0, L_0x7dde116d0018;  1 drivers
v0x5ce867d34020_0 .var "rst", 0 0;
v0x5ce867d34180_0 .var "valid", 0 0;
v0x5ce867d34250_0 .var "wdata", 31 0;
v0x5ce867d34320_0 .var "write", 0 0;
S_0x5ce867d02d80 .scope task, "bus_read" "bus_read" 3 52, 3 52 0, S_0x5ce867d12aa0;
 .timescale -9 -12;
v0x5ce867cfc520_0 .var "a_addr", 7 0;
E_0x5ce867d0d2a0 .event negedge, v0x5ce867d32f60_0;
TD_tb_interface.bus_read ;
    %wait E_0x5ce867d0d2a0;
    %pushi/vec4 1, 0, 1;
    %store/vec4 v0x5ce867d34180_0, 0, 1;
    %pushi/vec4 0, 0, 1;
    %store/vec4 v0x5ce867d34320_0, 0, 1;
    %load/vec4 v0x5ce867cfc520_0;
    %store/vec4 v0x5ce867d339f0_0, 0, 8;
    %wait E_0x5ce867d0d2a0;
    %pushi/vec4 0, 0, 1;
    %store/vec4 v0x5ce867d34180_0, 0, 1;
    %end;
S_0x5ce867d328b0 .scope task, "bus_write" "bus_write" 3 36, 3 36 0, S_0x5ce867d12aa0;
 .timescale -9 -12;
v0x5ce867cfcb50_0 .var "a_addr", 7 0;
v0x5ce867cd4bb0_0 .var "data", 31 0;
TD_tb_interface.bus_write ;
    %wait E_0x5ce867d0d2a0;
    %pushi/vec4 1, 0, 1;
    %store/vec4 v0x5ce867d34180_0, 0, 1;
    %pushi/vec4 1, 0, 1;
    %store/vec4 v0x5ce867d34320_0, 0, 1;
    %load/vec4 v0x5ce867cfcb50_0;
    %store/vec4 v0x5ce867d339f0_0, 0, 8;
    %load/vec4 v0x5ce867cd4bb0_0;
    %store/vec4 v0x5ce867d34250_0, 0, 32;
    %wait E_0x5ce867d0d2a0;
    %pushi/vec4 0, 0, 1;
    %store/vec4 v0x5ce867d34180_0, 0, 1;
    %pushi/vec4 0, 0, 1;
    %store/vec4 v0x5ce867d34320_0, 0, 1;
    %end;
S_0x5ce867d32b30 .scope module, "dut" "interface_ctrl" 3 19, 4 33 0, S_0x5ce867d12aa0;
 .timescale 0 0;
    .port_info 0 /INPUT 1 "clk";
    .port_info 1 /INPUT 1 "rst";
    .port_info 2 /INPUT 1 "valid";
    .port_info 3 /OUTPUT 1 "ready";
    .port_info 4 /INPUT 1 "write";
    .port_info 5 /INPUT 8 "addr";
    .port_info 6 /INPUT 32 "wdata";
    .port_info 7 /OUTPUT 32 "rdata";
    .port_info 8 /OUTPUT 1 "core_valid";
    .port_info 9 /OUTPUT 8 "core_a";
    .port_info 10 /OUTPUT 8 "core_b";
    .port_info 11 /INPUT 32 "core_out";
v0x5ce867d32e60_0 .net "addr", 7 0, v0x5ce867d339f0_0;  1 drivers
v0x5ce867d32f60_0 .net "clk", 0 0, v0x5ce867d33ad0_0;  1 drivers
v0x5ce867d33020_0 .var/s "core_a", 7 0;
v0x5ce867d330e0_0 .var/s "core_b", 7 0;
v0x5ce867d331c0_0 .net/s "core_out", 31 0, v0x5ce867d33d10_0;  1 drivers
v0x5ce867d332f0_0 .var "core_valid", 0 0;
v0x5ce867d333b0_0 .var "rdata", 31 0;
v0x5ce867d33490_0 .net "ready", 0 0, L_0x7dde116d0018;  alias, 1 drivers
v0x5ce867d33550_0 .net "rst", 0 0, v0x5ce867d34020_0;  1 drivers
v0x5ce867d33610_0 .net "valid", 0 0, v0x5ce867d34180_0;  1 drivers
v0x5ce867d336d0_0 .net "wdata", 31 0, v0x5ce867d34250_0;  1 drivers
v0x5ce867d337b0_0 .net "write", 0 0, v0x5ce867d34320_0;  1 drivers
E_0x5ce867cd3810 .event posedge, v0x5ce867d32f60_0;
    .scope S_0x5ce867d32b30;
T_2 ;
    %wait E_0x5ce867cd3810;
    %load/vec4 v0x5ce867d33550_0;
    %flag_set/vec4 8;
    %jmp/0xz  T_2.0, 8;
    %pushi/vec4 0, 0, 8;
    %assign/vec4 v0x5ce867d33020_0, 0;
    %pushi/vec4 0, 0, 8;
    %assign/vec4 v0x5ce867d330e0_0, 0;
    %pushi/vec4 0, 0, 1;
    %assign/vec4 v0x5ce867d332f0_0, 0;
    %pushi/vec4 0, 0, 32;
    %assign/vec4 v0x5ce867d333b0_0, 0;
    %jmp T_2.1;
T_2.0 ;
    %pushi/vec4 0, 0, 1;
    %assign/vec4 v0x5ce867d332f0_0, 0;
    %load/vec4 v0x5ce867d33610_0;
    %load/vec4 v0x5ce867d33490_0;
    %and;
    %flag_set/vec4 8;
    %jmp/0xz  T_2.2, 8;
    %load/vec4 v0x5ce867d337b0_0;
    %flag_set/vec4 8;
    %jmp/0xz  T_2.4, 8;
    %load/vec4 v0x5ce867d32e60_0;
    %dup/vec4;
    %pushi/vec4 0, 0, 8;
    %cmp/u;
    %jmp/1 T_2.6, 6;
    %dup/vec4;
    %pushi/vec4 4, 0, 8;
    %cmp/u;
    %jmp/1 T_2.7, 6;
    %dup/vec4;
    %pushi/vec4 8, 0, 8;
    %cmp/u;
    %jmp/1 T_2.8, 6;
    %jmp T_2.9;
T_2.6 ;
    %load/vec4 v0x5ce867d336d0_0;
    %parti/s 8, 0, 2;
    %assign/vec4 v0x5ce867d33020_0, 0;
    %jmp T_2.9;
T_2.7 ;
    %load/vec4 v0x5ce867d336d0_0;
    %parti/s 8, 0, 2;
    %assign/vec4 v0x5ce867d330e0_0, 0;
    %jmp T_2.9;
T_2.8 ;
    %load/vec4 v0x5ce867d336d0_0;
    %parti/s 1, 0, 2;
    %flag_set/vec4 8;
    %jmp/0xz  T_2.10, 8;
    %pushi/vec4 1, 0, 1;
    %assign/vec4 v0x5ce867d332f0_0, 0;
T_2.10 ;
    %jmp T_2.9;
T_2.9 ;
    %pop/vec4 1;
    %jmp T_2.5;
T_2.4 ;
    %load/vec4 v0x5ce867d32e60_0;
    %dup/vec4;
    %pushi/vec4 0, 0, 8;
    %cmp/u;
    %jmp/1 T_2.12, 6;
    %dup/vec4;
    %pushi/vec4 4, 0, 8;
    %cmp/u;
    %jmp/1 T_2.13, 6;
    %dup/vec4;
    %pushi/vec4 12, 0, 8;
    %cmp/u;
    %jmp/1 T_2.14, 6;
    %pushi/vec4 0, 0, 32;
    %assign/vec4 v0x5ce867d333b0_0, 0;
    %jmp T_2.16;
T_2.12 ;
    %load/vec4 v0x5ce867d33020_0;
    %parti/s 1, 7, 4;
    %replicate 24;
    %load/vec4 v0x5ce867d33020_0;
    %concat/vec4; draw_concat_vec4
    %assign/vec4 v0x5ce867d333b0_0, 0;
    %jmp T_2.16;
T_2.13 ;
    %load/vec4 v0x5ce867d330e0_0;
    %parti/s 1, 7, 4;
    %replicate 24;
    %load/vec4 v0x5ce867d330e0_0;
    %concat/vec4; draw_concat_vec4
    %assign/vec4 v0x5ce867d333b0_0, 0;
    %jmp T_2.16;
T_2.14 ;
    %load/vec4 v0x5ce867d331c0_0;
    %assign/vec4 v0x5ce867d333b0_0, 0;
    %jmp T_2.16;
T_2.16 ;
    %pop/vec4 1;
T_2.5 ;
T_2.2 ;
T_2.1 ;
    %jmp T_2;
    .thread T_2;
    .scope S_0x5ce867d12aa0;
T_3 ;
    %delay 5000, 0;
    %load/vec4 v0x5ce867d33ad0_0;
    %inv;
    %store/vec4 v0x5ce867d33ad0_0, 0, 1;
    %jmp T_3;
    .thread T_3;
    .scope S_0x5ce867d12aa0;
T_4 ;
    %pushi/vec4 0, 0, 1;
    %store/vec4 v0x5ce867d33ad0_0, 0, 1;
    %pushi/vec4 1, 0, 1;
    %store/vec4 v0x5ce867d34020_0, 0, 1;
    %pushi/vec4 0, 0, 1;
    %store/vec4 v0x5ce867d34180_0, 0, 1;
    %pushi/vec4 0, 0, 1;
    %store/vec4 v0x5ce867d34320_0, 0, 1;
    %pushi/vec4 0, 0, 8;
    %store/vec4 v0x5ce867d339f0_0, 0, 8;
    %pushi/vec4 0, 0, 32;
    %store/vec4 v0x5ce867d34250_0, 0, 32;
    %pushi/vec4 12, 0, 32;
    %store/vec4 v0x5ce867d33d10_0, 0, 32;
    %delay 20000, 0;
    %pushi/vec4 0, 0, 1;
    %store/vec4 v0x5ce867d34020_0, 0, 1;
    %pushi/vec4 0, 0, 8;
    %store/vec4 v0x5ce867cfcb50_0, 0, 8;
    %pushi/vec4 3, 0, 32;
    %store/vec4 v0x5ce867cd4bb0_0, 0, 32;
    %fork TD_tb_interface.bus_write, S_0x5ce867d328b0;
    %join;
    %pushi/vec4 4, 0, 8;
    %store/vec4 v0x5ce867cfcb50_0, 0, 8;
    %pushi/vec4 4, 0, 32;
    %store/vec4 v0x5ce867cd4bb0_0, 0, 32;
    %fork TD_tb_interface.bus_write, S_0x5ce867d328b0;
    %join;
    %pushi/vec4 8, 0, 8;
    %store/vec4 v0x5ce867cfcb50_0, 0, 8;
    %pushi/vec4 1, 0, 32;
    %store/vec4 v0x5ce867cd4bb0_0, 0, 32;
    %fork TD_tb_interface.bus_write, S_0x5ce867d328b0;
    %join;
    %load/vec4 v0x5ce867d33b70_0;
    %pad/s 32;
    %cmpi/ne 3, 0, 32;
    %flag_mov 8, 6;
    %load/vec4 v0x5ce867d33c40_0;
    %pad/s 32;
    %cmpi/ne 4, 0, 32;
    %flag_or 6, 8;
    %jmp/0xz  T_4.0, 6;
    %vpi_call/w 3 88 "$display", "FAIL: Write failed" {0 0 0};
    %vpi_call/w 3 89 "$finish" {0 0 0};
T_4.0 ;
    %pushi/vec4 12, 0, 8;
    %store/vec4 v0x5ce867cfc520_0, 0, 8;
    %fork TD_tb_interface.bus_read, S_0x5ce867d02d80;
    %join;
    %delay 1000, 0;
    %load/vec4 v0x5ce867d33e80_0;
    %cmpi/e 12, 0, 32;
    %jmp/0xz  T_4.2, 6;
    %vpi_call/w 3 97 "$display", "PASS: interface working" {0 0 0};
    %jmp T_4.3;
T_4.2 ;
    %vpi_call/w 3 99 "$display", "FAIL: read mismatch" {0 0 0};
T_4.3 ;
    %vpi_call/w 3 102 "$finish" {0 0 0};
    %end;
    .thread T_4;
# The file index is used to find the file name in the following table.
:file_names 5;
    "N/A";
    "<interactive>";
    "-";
    "project/m2/tb/tb_interface.sv";
    "project/m2/rtl/interface_ctrl.sv";
