
===========================================================================
 report_power
============================================================================
======================= Fastest Corner ===================================

Group                  Internal  Switching    Leakage      Total
                          Power      Power      Power      Power (Watts)
----------------------------------------------------------------
Sequential             2.21e-04   1.51e-04   5.17e-10   3.72e-04  19.5%
Combinational          7.24e-04   8.15e-04   7.56e-09   1.54e-03  80.5%
Macro                  0.00e+00   0.00e+00   0.00e+00   0.00e+00   0.0%
Pad                    0.00e+00   0.00e+00   0.00e+00   0.00e+00   0.0%
----------------------------------------------------------------
Total                  9.45e-04   9.66e-04   8.07e-09   1.91e-03 100.0%
                          49.5%      50.5%       0.0%

======================= Slowest Corner ===================================

Group                  Internal  Switching    Leakage      Total
                          Power      Power      Power      Power (Watts)
----------------------------------------------------------------
Sequential             1.52e-04   1.01e-04   4.81e-07   2.53e-04  19.1%
Combinational          5.31e-04   5.39e-04   3.17e-06   1.07e-03  80.9%
Macro                  0.00e+00   0.00e+00   0.00e+00   0.00e+00   0.0%
Pad                    0.00e+00   0.00e+00   0.00e+00   0.00e+00   0.0%
----------------------------------------------------------------
Total                  6.83e-04   6.40e-04   3.65e-06   1.33e-03 100.0%
                          51.5%      48.2%       0.3%

======================= Typical Corner ===================================

Group                  Internal  Switching    Leakage      Total
                          Power      Power      Power      Power (Watts)
----------------------------------------------------------------
Sequential             1.93e-04   1.28e-04   2.70e-10   3.21e-04  19.3%
Combinational          6.49e-04   6.89e-04   5.12e-09   1.34e-03  80.7%
Macro                  0.00e+00   0.00e+00   0.00e+00   0.00e+00   0.0%
Pad                    0.00e+00   0.00e+00   0.00e+00   0.00e+00   0.0%
----------------------------------------------------------------
Total                  8.42e-04   8.17e-04   5.39e-09   1.66e-03 100.0%
                          50.8%      49.2%       0.0%

