
===========================================================================
report_checks -unconstrained
===========================================================================
======================= nom_tt_025C_1v80 Corner ===================================

Startpoint: _1425_ (rising edge-triggered flip-flop clocked by clk)
Endpoint: _1456_ (rising edge-triggered flip-flop clocked by clk)
Path Group: clk
Path Type: max

Fanout         Cap        Slew       Delay        Time   Description
---------------------------------------------------------------------------------------------
                                  0.000000    0.000000   clock clk (rise edge)
                                  0.000000    0.000000   clock source latency
     1    0.021874    0.104090    0.072063    0.072063 ^ clk (in)
                                                         clk (net)
                      0.104111    0.000000    0.072063 ^ clkbuf_0_clk/A (sky130_fd_sc_hd__clkbuf_16)
     8    0.088720    0.105641    0.197055    0.269118 ^ clkbuf_0_clk/X (sky130_fd_sc_hd__clkbuf_16)
                                                         clknet_0_clk (net)
                      0.106395    0.007131    0.276249 ^ clkbuf_3_1__f_clk/A (sky130_fd_sc_hd__clkbuf_16)
    13    0.043503    0.062880    0.166527    0.442775 ^ clkbuf_3_1__f_clk/X (sky130_fd_sc_hd__clkbuf_16)
                                                         clknet_3_1__leaf_clk (net)
                      0.062891    0.000894    0.443669 ^ _1425_/CLK (sky130_fd_sc_hd__dfxtp_4)
     3    0.012513    0.040918    0.350666    0.794335 v _1425_/Q (sky130_fd_sc_hd__dfxtp_4)
                                                         core_b[0] (net)
                      0.040918    0.000271    0.794607 v fanout79/A (sky130_fd_sc_hd__buf_8)
     5    0.018241    0.029621    0.120514    0.915120 v fanout79/X (sky130_fd_sc_hd__buf_8)
                                                         net79 (net)
                      0.029632    0.000602    0.915723 v _1019_/C (sky130_fd_sc_hd__and3_4)
     5    0.010943    0.040840    0.179313    1.095036 v _1019_/X (sky130_fd_sc_hd__and3_4)
                                                         _0351_ (net)
                      0.040841    0.000199    1.095234 v rebuffer13/A (sky130_fd_sc_hd__dlymetal6s4s_1)
     2    0.004872    0.046916    0.254171    1.349406 v rebuffer13/X (sky130_fd_sc_hd__dlymetal6s4s_1)
                                                         net129 (net)
                      0.046916    0.000082    1.349488 v _1065_/A1_N (sky130_fd_sc_hd__a2bb2o_1)
     1    0.003461    0.049554    0.252550    1.602038 ^ _1065_/X (sky130_fd_sc_hd__a2bb2o_1)
                                                         _0396_ (net)
                      0.049554    0.000086    1.602123 ^ _1069_/A1 (sky130_fd_sc_hd__a21o_1)
     3    0.011690    0.108650    0.154138    1.756262 ^ _1069_/X (sky130_fd_sc_hd__a21o_1)
                                                         _0400_ (net)
                      0.108652    0.000640    1.756902 ^ rebuffer3/A (sky130_fd_sc_hd__dlymetal6s2s_1)
     1    0.002413    0.053340    0.114884    1.871785 ^ rebuffer3/X (sky130_fd_sc_hd__dlymetal6s2s_1)
                                                         net119 (net)
                      0.053340    0.000055    1.871840 ^ rebuffer2/A (sky130_fd_sc_hd__dlymetal6s2s_1)
     1    0.003919    0.066483    0.106992    1.978832 ^ rebuffer2/X (sky130_fd_sc_hd__dlymetal6s2s_1)
                                                         net118 (net)
                      0.066483    0.000110    1.978942 ^ _1071_/A2 (sky130_fd_sc_hd__a21oi_1)
     2    0.006650    0.086674    0.085656    2.064598 v _1071_/Y (sky130_fd_sc_hd__a21oi_1)
                                                         _0402_ (net)
                      0.086674    0.000226    2.064824 v _1073_/B (sky130_fd_sc_hd__or3b_4)
     3    0.007897    0.072902    0.391132    2.455956 v _1073_/X (sky130_fd_sc_hd__or3b_4)
                                                         _0404_ (net)
                      0.072902    0.000126    2.456082 v _1076_/A1 (sky130_fd_sc_hd__a21oi_1)
     2    0.013620    0.307408    0.280529    2.736611 ^ _1076_/Y (sky130_fd_sc_hd__a21oi_1)
                                                         _0407_ (net)
                      0.307410    0.000538    2.737149 ^ _1077_/C1 (sky130_fd_sc_hd__a211oi_4)
     5    0.015612    0.084936    0.081872    2.819021 v _1077_/Y (sky130_fd_sc_hd__a211oi_4)
                                                         _0408_ (net)
                      0.084937    0.000501    2.819522 v _1079_/B1 (sky130_fd_sc_hd__a211oi_2)
     5    0.016978    0.351368    0.360366    3.179889 ^ _1079_/Y (sky130_fd_sc_hd__a211oi_2)
                                                         _0410_ (net)
                      0.351368    0.000341    3.180230 ^ _1082_/B1 (sky130_fd_sc_hd__a211o_1)
     3    0.009017    0.089103    0.192249    3.372479 ^ _1082_/X (sky130_fd_sc_hd__a211o_1)
                                                         _0413_ (net)
                      0.089103    0.000245    3.372724 ^ _1126_/B1_N (sky130_fd_sc_hd__a21bo_1)
     2    0.005941    0.047945    0.218622    3.591346 v _1126_/X (sky130_fd_sc_hd__a21bo_1)
                                                         _0456_ (net)
                      0.047945    0.000136    3.591482 v _1196_/B1 (sky130_fd_sc_hd__a211o_1)
     2    0.007986    0.072894    0.293666    3.885148 v _1196_/X (sky130_fd_sc_hd__a211o_1)
                                                         _0524_ (net)
                      0.072895    0.000369    3.885516 v _1234_/A1 (sky130_fd_sc_hd__a31o_1)
     2    0.010651    0.070122    0.217513    4.103029 v _1234_/X (sky130_fd_sc_hd__a31o_1)
                                                         _0560_ (net)
                      0.070122    0.000323    4.103353 v _1247_/A (sky130_fd_sc_hd__nand2_2)
     1    0.006307    0.059019    0.070517    4.173870 ^ _1247_/Y (sky130_fd_sc_hd__nand2_2)
                                                         _0573_ (net)
                      0.059019    0.000176    4.174046 ^ _1266_/B1 (sky130_fd_sc_hd__o211a_4)
     6    0.033570    0.117682    0.217868    4.391913 ^ _1266_/X (sky130_fd_sc_hd__o211a_4)
                                                         _0591_ (net)
                      0.117732    0.002302    4.394216 ^ fanout55/A (sky130_fd_sc_hd__buf_12)
     5    0.051692    0.070628    0.145765    4.539981 ^ fanout55/X (sky130_fd_sc_hd__buf_12)
                                                         net55 (net)
                      0.070698    0.001974    4.541955 ^ _1281_/B (sky130_fd_sc_hd__xnor2_4)
     3    0.009973    0.082512    0.070114    4.612069 v _1281_/Y (sky130_fd_sc_hd__xnor2_4)
                                                         _0604_ (net)
                      0.082513    0.000318    4.612387 v _1299_/A (sky130_fd_sc_hd__or4_4)
     1    0.003800    0.081491    0.534881    5.147268 v _1299_/X (sky130_fd_sc_hd__or4_4)
                                                         _0619_ (net)
                      0.081492    0.000132    5.147400 v _1300_/B1 (sky130_fd_sc_hd__a311o_1)
     2    0.007855    0.078215    0.357659    5.505059 v _1300_/X (sky130_fd_sc_hd__a311o_1)
                                                         _0620_ (net)
                      0.078215    0.000325    5.505384 v _1303_/A (sky130_fd_sc_hd__and2_4)
     2    0.006702    0.032754    0.151543    5.656928 v _1303_/X (sky130_fd_sc_hd__and2_4)
                                                         _0623_ (net)
                      0.032754    0.000234    5.657161 v _1304_/B (sky130_fd_sc_hd__or2_4)
     3    0.010830    0.055163    0.234559    5.891721 v _1304_/X (sky130_fd_sc_hd__or2_4)
                                                         _0624_ (net)
                      0.055186    0.000342    5.892062 v _1317_/B1 (sky130_fd_sc_hd__a2bb2o_4)
     2    0.008284    0.039361    0.222717    6.114779 v _1317_/X (sky130_fd_sc_hd__a2bb2o_4)
                                                         _0635_ (net)
                      0.039361    0.000254    6.115032 v _1322_/A2 (sky130_fd_sc_hd__o21a_1)
     1    0.005508    0.047283    0.174534    6.289566 v _1322_/X (sky130_fd_sc_hd__o21a_1)
                                                         _0639_ (net)
                      0.047283    0.000195    6.289761 v _1323_/B (sky130_fd_sc_hd__xnor2_1)
     1    0.004017    0.067652    0.125192    6.414952 v _1323_/Y (sky130_fd_sc_hd__xnor2_1)
                                                         _0640_ (net)
                      0.067652    0.000148    6.415100 v _1325_/A1 (sky130_fd_sc_hd__a211oi_1)
     1    0.002721    0.179664    0.199826    6.614926 ^ _1325_/Y (sky130_fd_sc_hd__a211oi_1)
                                                         _0072_ (net)
                      0.179664    0.000085    6.615011 ^ _1456_/D (sky130_fd_sc_hd__dfxtp_1)
                                              6.615011   data arrival time

                                 10.000000   10.000000   clock clk (rise edge)
                                  0.000000   10.000000   clock source latency
     1    0.021874    0.104090    0.072063   10.072063 ^ clk (in)
                                                         clk (net)
                      0.104111    0.000000   10.072063 ^ clkbuf_0_clk/A (sky130_fd_sc_hd__clkbuf_16)
     8    0.088720    0.105641    0.197055   10.269118 ^ clkbuf_0_clk/X (sky130_fd_sc_hd__clkbuf_16)
                                                         clknet_0_clk (net)
                      0.105941    0.004559   10.273677 ^ clkbuf_3_7__f_clk/A (sky130_fd_sc_hd__clkbuf_16)
    10    0.041722    0.061312    0.165229   10.438906 ^ clkbuf_3_7__f_clk/X (sky130_fd_sc_hd__clkbuf_16)
                                                         clknet_3_7__leaf_clk (net)
                      0.061330    0.000970   10.439876 ^ _1456_/CLK (sky130_fd_sc_hd__dfxtp_1)
                                 -0.250000   10.189876   clock uncertainty
                                  0.000000   10.189876   clock reconvergence pessimism
                                 -0.082678   10.107198   library setup time
                                             10.107198   data required time
---------------------------------------------------------------------------------------------
                                             10.107198   data required time
                                             -6.615011   data arrival time
---------------------------------------------------------------------------------------------
                                              3.492187   slack (MET)




===========================================================================
report_checks --slack_max -0.01
============================================================================
======================= nom_tt_025C_1v80 Corner ===================================

No paths found.


===========================================================================
 report_check_types -max_slew -max_cap -max_fanout -violators
============================================================================
======================= nom_tt_025C_1v80 Corner ===================================

max fanout

Pin                                   Limit Fanout  Slack
---------------------------------------------------------
clkbuf_3_5__f_clk/X                      10     14     -4 (VIOLATED)
clkbuf_3_6__f_clk/X                      10     14     -4 (VIOLATED)
clkbuf_3_1__f_clk/X                      10     13     -3 (VIOLATED)
clkbuf_3_4__f_clk/X                      10     11        (VIOLATED)



===========================================================================
report_parasitic_annotation -report_unannotated
============================================================================
Found 31 unannotated drivers.
 wdata[10]
 wdata[11]
 wdata[12]
 wdata[13]
 wdata[14]
 wdata[15]
 wdata[16]
 wdata[17]
 wdata[18]
 wdata[19]
 wdata[20]
 wdata[21]
 wdata[22]
 wdata[23]
 wdata[24]
 wdata[25]
 wdata[26]
 wdata[27]
 wdata[28]
 wdata[29]
 wdata[30]
 wdata[31]
 wdata[8]
 wdata[9]
 clkload0/Y
 clkload1/X
 clkload2/Y
 clkload3/Y
 clkload4/Y
 clkload5/Y
 top_117/LO
Found 0 partially unannotated drivers.

===========================================================================
max slew violation count 0
Writing metric design__max_slew_violation__count__corner:nom_tt_025C_1v80: 0
max fanout violation count 4
Writing metric design__max_fanout_violation__count__corner:nom_tt_025C_1v80: 4
max cap violation count 0
Writing metric design__max_cap_violation__count__corner:nom_tt_025C_1v80: 0
============================================================================

===========================================================================
check_setup -verbose -unconstrained_endpoints -multiple_clock -no_clock -no_input_delay -loops -generated_clocks
===========================================================================
Warning: There is 1 unconstrained endpoint.
  ready
