
===========================================================================
report_checks -unconstrained
===========================================================================
======================= nom_tt_025C_1v80 Corner ===================================

Startpoint: _1425_ (rising edge-triggered flip-flop clocked by clk)
Endpoint: _1456_ (rising edge-triggered flip-flop clocked by clk)
Path Group: clk
Path Type: max

Fanout         Cap        Slew       Delay        Time   Description
---------------------------------------------------------------------------------------------
                                  0.000000    0.000000   clock clk (rise edge)
                                  0.000000    0.000000   clock source latency
     1    0.021601    0.102883    0.071047    0.071047 ^ clk (in)
                                                         clk (net)
                      0.102899    0.000000    0.071047 ^ clkbuf_0_clk/A (sky130_fd_sc_hd__clkbuf_16)
     8    0.084380    0.101038    0.195786    0.266833 ^ clkbuf_0_clk/X (sky130_fd_sc_hd__clkbuf_16)
                                                         clknet_0_clk (net)
                      0.101071    0.001725    0.268558 ^ clkbuf_3_1__f_clk/A (sky130_fd_sc_hd__clkbuf_16)
    13    0.038816    0.058789    0.161655    0.430214 ^ clkbuf_3_1__f_clk/X (sky130_fd_sc_hd__clkbuf_16)
                                                         clknet_3_1__leaf_clk (net)
                      0.058789    0.000110    0.430323 ^ _1425_/CLK (sky130_fd_sc_hd__dfxtp_4)
     3    0.011358    0.039341    0.347145    0.777468 v _1425_/Q (sky130_fd_sc_hd__dfxtp_4)
                                                         core_b[0] (net)
                      0.039341    0.000028    0.777497 v fanout79/A (sky130_fd_sc_hd__buf_8)
     5    0.016012    0.028363    0.118368    0.895865 v fanout79/X (sky130_fd_sc_hd__buf_8)
                                                         net79 (net)
                      0.028363    0.000143    0.896008 v _1019_/C (sky130_fd_sc_hd__and3_4)
     5    0.009757    0.039344    0.176539    1.072547 v _1019_/X (sky130_fd_sc_hd__and3_4)
                                                         _0351_ (net)
                      0.039344    0.000013    1.072560 v rebuffer13/A (sky130_fd_sc_hd__dlymetal6s4s_1)
     2    0.003398    0.042193    0.247242    1.319802 v rebuffer13/X (sky130_fd_sc_hd__dlymetal6s4s_1)
                                                         net129 (net)
                      0.042193    0.000001    1.319803 v _1065_/A1_N (sky130_fd_sc_hd__a2bb2o_1)
     1    0.003037    0.047633    0.247500    1.567303 ^ _1065_/X (sky130_fd_sc_hd__a2bb2o_1)
                                                         _0396_ (net)
                      0.047633    0.000008    1.567311 ^ _1069_/A1 (sky130_fd_sc_hd__a21o_1)
     3    0.010705    0.100440    0.147947    1.715258 ^ _1069_/X (sky130_fd_sc_hd__a21o_1)
                                                         _0400_ (net)
                      0.100440    0.000168    1.715426 ^ rebuffer3/A (sky130_fd_sc_hd__dlymetal6s2s_1)
     1    0.002179    0.051865    0.110616    1.826041 ^ rebuffer3/X (sky130_fd_sc_hd__dlymetal6s2s_1)
                                                         net119 (net)
                      0.051865    0.000005    1.826046 ^ rebuffer2/A (sky130_fd_sc_hd__dlymetal6s2s_1)
     1    0.002589    0.055345    0.097488    1.923534 ^ rebuffer2/X (sky130_fd_sc_hd__dlymetal6s2s_1)
                                                         net118 (net)
                      0.055345    0.000002    1.923535 ^ _1071_/A2 (sky130_fd_sc_hd__a21oi_1)
     2    0.005267    0.080055    0.074862    1.998397 v _1071_/Y (sky130_fd_sc_hd__a21oi_1)
                                                         _0402_ (net)
                      0.080055    0.000023    1.998420 v _1073_/B (sky130_fd_sc_hd__or3b_4)
     3    0.007283    0.071899    0.386757    2.385177 v _1073_/X (sky130_fd_sc_hd__or3b_4)
                                                         _0404_ (net)
                      0.071899    0.000025    2.385201 v _1075_/B (sky130_fd_sc_hd__and3_4)
     2    0.012088    0.042388    0.189502    2.574703 v _1075_/X (sky130_fd_sc_hd__and3_4)
                                                         _0406_ (net)
                      0.042388    0.000056    2.574760 v _1078_/A2 (sky130_fd_sc_hd__o211a_1)
     2    0.007418    0.059742    0.223189    2.797949 v _1078_/X (sky130_fd_sc_hd__o211a_1)
                                                         _0409_ (net)
                      0.059742    0.000037    2.797986 v _1079_/C1 (sky130_fd_sc_hd__a211oi_2)
     5    0.015553    0.341731    0.286517    3.084503 ^ _1079_/Y (sky130_fd_sc_hd__a211oi_2)
                                                         _0410_ (net)
                      0.341731    0.000023    3.084526 ^ _1082_/B1 (sky130_fd_sc_hd__a211o_1)
     3    0.007175    0.074482    0.180055    3.264581 ^ _1082_/X (sky130_fd_sc_hd__a211o_1)
                                                         _0413_ (net)
                      0.074482    0.000030    3.264611 ^ _1126_/B1_N (sky130_fd_sc_hd__a21bo_1)
     2    0.005174    0.046130    0.210622    3.475233 v _1126_/X (sky130_fd_sc_hd__a21bo_1)
                                                         _0456_ (net)
                      0.046130    0.000011    3.475244 v _1196_/B1 (sky130_fd_sc_hd__a211o_1)
     2    0.007447    0.069861    0.289949    3.765193 v _1196_/X (sky130_fd_sc_hd__a211o_1)
                                                         _0524_ (net)
                      0.069861    0.000103    3.765295 v _1234_/A1 (sky130_fd_sc_hd__a31o_1)
     2    0.009159    0.066163    0.210661    3.975957 v _1234_/X (sky130_fd_sc_hd__a31o_1)
                                                         _0560_ (net)
                      0.066163    0.000018    3.975975 v _1247_/A (sky130_fd_sc_hd__nand2_2)
     1    0.005613    0.057089    0.066382    4.042357 ^ _1247_/Y (sky130_fd_sc_hd__nand2_2)
                                                         _0573_ (net)
                      0.057089    0.000010    4.042367 ^ _1266_/B1 (sky130_fd_sc_hd__o211a_4)
     6    0.031033    0.110652    0.212756    4.255124 ^ _1266_/X (sky130_fd_sc_hd__o211a_4)
                                                         _0591_ (net)
                      0.110655    0.000724    4.255848 ^ fanout55/A (sky130_fd_sc_hd__buf_12)
     5    0.049209    0.068511    0.142746    4.398594 ^ fanout55/X (sky130_fd_sc_hd__buf_12)
                                                         net55 (net)
                      0.068512    0.000417    4.399011 ^ _1281_/B (sky130_fd_sc_hd__xnor2_4)
     3    0.007928    0.076217    0.065683    4.464694 v _1281_/Y (sky130_fd_sc_hd__xnor2_4)
                                                         _0604_ (net)
                      0.076217    0.000022    4.464716 v _1299_/A (sky130_fd_sc_hd__or4_4)
     1    0.002833    0.079118    0.527707    4.992424 v _1299_/X (sky130_fd_sc_hd__or4_4)
                                                         _0619_ (net)
                      0.079118    0.000010    4.992433 v _1300_/B1 (sky130_fd_sc_hd__a311o_1)
     2    0.007038    0.074645    0.351472    5.343905 v _1300_/X (sky130_fd_sc_hd__a311o_1)
                                                         _0620_ (net)
                      0.074645    0.000090    5.343995 v _1303_/A (sky130_fd_sc_hd__and2_4)
     2    0.004862    0.030600    0.146706    5.490701 v _1303_/X (sky130_fd_sc_hd__and2_4)
                                                         _0623_ (net)
                      0.030600    0.000010    5.490712 v _1304_/B (sky130_fd_sc_hd__or2_4)
     3    0.009655    0.053649    0.231139    5.721851 v _1304_/X (sky130_fd_sc_hd__or2_4)
                                                         _0624_ (net)
                      0.053649    0.000048    5.721899 v _1317_/B1 (sky130_fd_sc_hd__a2bb2o_4)
     2    0.007559    0.038368    0.220686    5.942585 v _1317_/X (sky130_fd_sc_hd__a2bb2o_4)
                                                         _0635_ (net)
                      0.038368    0.000033    5.942617 v _1322_/A2 (sky130_fd_sc_hd__o21a_1)
     1    0.004880    0.045939    0.171120    6.113737 v _1322_/X (sky130_fd_sc_hd__o21a_1)
                                                         _0639_ (net)
                      0.045939    0.000011    6.113748 v _1323_/B (sky130_fd_sc_hd__xnor2_1)
     1    0.003253    0.063241    0.120328    6.234076 v _1323_/Y (sky130_fd_sc_hd__xnor2_1)
                                                         _0640_ (net)
                      0.063241    0.000014    6.234090 v _1325_/A1 (sky130_fd_sc_hd__a211oi_1)
     1    0.002014    0.162426    0.182850    6.416940 ^ _1325_/Y (sky130_fd_sc_hd__a211oi_1)
                                                         _0072_ (net)
                      0.162426    0.000004    6.416944 ^ _1456_/D (sky130_fd_sc_hd__dfxtp_1)
                                              6.416944   data arrival time

                                 10.000000   10.000000   clock clk (rise edge)
                                  0.000000   10.000000   clock source latency
     1    0.021601    0.102883    0.071047   10.071048 ^ clk (in)
                                                         clk (net)
                      0.102899    0.000000   10.071048 ^ clkbuf_0_clk/A (sky130_fd_sc_hd__clkbuf_16)
     8    0.084380    0.101038    0.195787   10.266834 ^ clkbuf_0_clk/X (sky130_fd_sc_hd__clkbuf_16)
                                                         clknet_0_clk (net)
                      0.101044    0.000923   10.267756 ^ clkbuf_3_7__f_clk/A (sky130_fd_sc_hd__clkbuf_16)
    10    0.038123    0.058189    0.161171   10.428927 ^ clkbuf_3_7__f_clk/X (sky130_fd_sc_hd__clkbuf_16)
                                                         clknet_3_7__leaf_clk (net)
                      0.058189    0.000102   10.429029 ^ _1456_/CLK (sky130_fd_sc_hd__dfxtp_1)
                                 -0.250000   10.179029   clock uncertainty
                                  0.000000   10.179029   clock reconvergence pessimism
                                 -0.079175   10.099854   library setup time
                                             10.099854   data required time
---------------------------------------------------------------------------------------------
                                             10.099854   data required time
                                             -6.416944   data arrival time
---------------------------------------------------------------------------------------------
                                              3.682910   slack (MET)




===========================================================================
report_checks --slack_max -0.01
============================================================================
======================= nom_tt_025C_1v80 Corner ===================================

No paths found.


===========================================================================
 report_check_types -max_slew -max_cap -max_fanout -violators
============================================================================
======================= nom_tt_025C_1v80 Corner ===================================

max fanout

Pin                                   Limit Fanout  Slack
---------------------------------------------------------
clkbuf_3_5__f_clk/X                      10     14     -4 (VIOLATED)
clkbuf_3_6__f_clk/X                      10     14     -4 (VIOLATED)
clkbuf_3_1__f_clk/X                      10     13     -3 (VIOLATED)
clkbuf_3_4__f_clk/X                      10     11        (VIOLATED)



===========================================================================
report_parasitic_annotation -report_unannotated
============================================================================
Found 31 unannotated drivers.
 wdata[10]
 wdata[11]
 wdata[12]
 wdata[13]
 wdata[14]
 wdata[15]
 wdata[16]
 wdata[17]
 wdata[18]
 wdata[19]
 wdata[20]
 wdata[21]
 wdata[22]
 wdata[23]
 wdata[24]
 wdata[25]
 wdata[26]
 wdata[27]
 wdata[28]
 wdata[29]
 wdata[30]
 wdata[31]
 wdata[8]
 wdata[9]
 clkload0/Y
 clkload1/X
 clkload2/Y
 clkload3/Y
 clkload4/Y
 clkload5/Y
 top_117/LO
Found 0 partially unannotated drivers.

===========================================================================
max slew violation count 0
Writing metric design__max_slew_violation__count__corner:nom_tt_025C_1v80: 0
max fanout violation count 4
Writing metric design__max_fanout_violation__count__corner:nom_tt_025C_1v80: 4
max cap violation count 0
Writing metric design__max_cap_violation__count__corner:nom_tt_025C_1v80: 0
============================================================================

===========================================================================
check_setup -verbose -unconstrained_endpoints -multiple_clock -no_clock -no_input_delay -loops -generated_clocks
===========================================================================
Warning: There is 1 unconstrained endpoint.
  ready
