
===========================================================================
 report_power
============================================================================
======================= min_ss_100C_1v60 Corner ===================================

Group                    Internal    Switching      Leakage        Total
                            Power        Power        Power        Power (Watts)
------------------------------------------------------------------------
Sequential           2.553336e-04 2.063220e-06 1.123071e-06 2.585198e-04  44.0%
Combinational        2.135973e-05 3.036595e-05 4.080453e-06 5.580614e-05   9.5%
Clock                1.643798e-04 1.089408e-04 2.294014e-07 2.735500e-04  46.5%
Macro                0.000000e+00 0.000000e+00 0.000000e+00 0.000000e+00   0.0%
Pad                  0.000000e+00 0.000000e+00 0.000000e+00 0.000000e+00   0.0%
------------------------------------------------------------------------
Total                4.410731e-04 1.413699e-04 5.432931e-06 5.878760e-04 100.0%
                            75.0%        24.0%         0.9%

