
===========================================================================
report_checks -unconstrained
===========================================================================
======================= max_ff_n40C_1v95 Corner ===================================

Startpoint: _1428_ (rising edge-triggered flip-flop clocked by clk)
Endpoint: _1462_ (rising edge-triggered flip-flop clocked by clk)
Path Group: clk
Path Type: max

Fanout         Cap        Slew       Delay        Time   Description
---------------------------------------------------------------------------------------------
                                  0.000000    0.000000   clock clk (rise edge)
                                  0.000000    0.000000   clock source latency
     1    0.026991    0.094969    0.066155    0.066155 ^ clk (in)
                                                         clk (net)
                      0.095029    0.000000    0.066155 ^ clkbuf_0_clk/A (sky130_fd_sc_hd__clkbuf_16)
     8    0.110486    0.098005    0.146992    0.213147 ^ clkbuf_0_clk/X (sky130_fd_sc_hd__clkbuf_16)
                                                         clknet_0_clk (net)
                      0.101640    0.014835    0.227982 ^ clkbuf_3_0__f_clk/A (sky130_fd_sc_hd__clkbuf_16)
     9    0.041095    0.046444    0.116360    0.344342 ^ clkbuf_3_0__f_clk/X (sky130_fd_sc_hd__clkbuf_16)
                                                         clknet_3_0__leaf_clk (net)
                      0.046576    0.002046    0.346388 ^ _1428_/CLK (sky130_fd_sc_hd__dfxtp_2)
     3    0.028852    0.113337    0.258587    0.604975 ^ _1428_/Q (sky130_fd_sc_hd__dfxtp_2)
                                                         core_b[3] (net)
                      0.113350    0.001354    0.606329 ^ fanout73/A (sky130_fd_sc_hd__buf_6)
    10    0.053251    0.085409    0.114370    0.720698 ^ fanout73/X (sky130_fd_sc_hd__buf_6)
                                                         net73 (net)
                      0.085656    0.003830    0.724528 ^ fanout72/A (sky130_fd_sc_hd__buf_2)
    10    0.038142    0.141969    0.160092    0.884620 ^ fanout72/X (sky130_fd_sc_hd__buf_2)
                                                         net72 (net)
                      0.142025    0.002325    0.886945 ^ _1015_/B (sky130_fd_sc_hd__and4_1)
     2    0.006015    0.057497    0.138592    1.025538 ^ _1015_/X (sky130_fd_sc_hd__and4_1)
                                                         _0347_ (net)
                      0.057498    0.000385    1.025922 ^ _1017_/A_N (sky130_fd_sc_hd__and2b_1)
     1    0.008427    0.041291    0.127564    1.153487 v _1017_/X (sky130_fd_sc_hd__and2b_1)
                                                         _0349_ (net)
                      0.041302    0.000645    1.154131 v _1018_/B (sky130_fd_sc_hd__xnor2_2)
     3    0.011514    0.145842    0.132084    1.286215 ^ _1018_/Y (sky130_fd_sc_hd__xnor2_2)
                                                         _0350_ (net)
                      0.145849    0.001020    1.287235 ^ _1027_/A (sky130_fd_sc_hd__nand3_2)
     2    0.007420    0.057968    0.054182    1.341417 v _1027_/Y (sky130_fd_sc_hd__nand3_2)
                                                         _0359_ (net)
                      0.058002    0.000466    1.341883 v _1031_/A2 (sky130_fd_sc_hd__a21o_1)
     3    0.013436    0.053887    0.152103    1.493986 v _1031_/X (sky130_fd_sc_hd__a21o_1)
                                                         _0363_ (net)
                      0.053901    0.000858    1.494843 v _1032_/B (sky130_fd_sc_hd__and3_1)
     3    0.009000    0.045953    0.130150    1.624993 v _1032_/X (sky130_fd_sc_hd__and3_1)
                                                         _0364_ (net)
                      0.045958    0.000508    1.625501 v _1037_/A2 (sky130_fd_sc_hd__o211a_1)
     2    0.005159    0.035331    0.139608    1.765109 v _1037_/X (sky130_fd_sc_hd__o211a_1)
                                                         _0369_ (net)
                      0.035333    0.000254    1.765363 v _1038_/A (sky130_fd_sc_hd__or3_4)
     4    0.014855    0.057292    0.248475    2.013838 v _1038_/X (sky130_fd_sc_hd__or3_4)
                                                         _0370_ (net)
                      0.057345    0.000785    2.014623 v _1041_/A2 (sky130_fd_sc_hd__a211o_1)
     2    0.005539    0.042614    0.197553    2.212176 v _1041_/X (sky130_fd_sc_hd__a211o_1)
                                                         _0373_ (net)
                      0.042616    0.000330    2.212506 v _1125_/D (sky130_fd_sc_hd__and4b_1)
     2    0.006337    0.040426    0.142191    2.354697 v _1125_/X (sky130_fd_sc_hd__and4b_1)
                                                         _0455_ (net)
                      0.040429    0.000395    2.355092 v _1196_/A1 (sky130_fd_sc_hd__a211o_1)
     2    0.009893    0.057793    0.184002    2.539094 v _1196_/X (sky130_fd_sc_hd__a211o_1)
                                                         _0524_ (net)
                      0.057802    0.000722    2.539816 v _1234_/A1 (sky130_fd_sc_hd__a31o_1)
     2    0.009503    0.048292    0.139646    2.679462 v _1234_/X (sky130_fd_sc_hd__a31o_1)
                                                         _0560_ (net)
                      0.048297    0.000508    2.679971 v _1247_/A (sky130_fd_sc_hd__nand2_2)
     1    0.005972    0.045774    0.048101    2.728072 ^ _1247_/Y (sky130_fd_sc_hd__nand2_2)
                                                         _0573_ (net)
                      0.045774    0.000284    2.728355 ^ _1266_/B1 (sky130_fd_sc_hd__o211a_4)
     6    0.043328    0.108374    0.138908    2.867263 ^ _1266_/X (sky130_fd_sc_hd__o211a_4)
                                                         _0591_ (net)
                      0.108928    0.006236    2.873499 ^ fanout53/A (sky130_fd_sc_hd__buf_4)
    10    0.053966    0.116164    0.149124    3.022624 ^ fanout53/X (sky130_fd_sc_hd__buf_4)
                                                         net53 (net)
                      0.116598    0.005772    3.028396 ^ _1293_/B (sky130_fd_sc_hd__xnor2_1)
     2    0.009295    0.063152    0.072273    3.100668 v _1293_/Y (sky130_fd_sc_hd__xnor2_1)
                                                         _0614_ (net)
                      0.063180    0.000464    3.101132 v _1299_/D (sky130_fd_sc_hd__or4_4)
     1    0.003697    0.056661    0.247081    3.348214 v _1299_/X (sky130_fd_sc_hd__or4_4)
                                                         _0619_ (net)
                      0.056661    0.000235    3.348449 v _1300_/B1 (sky130_fd_sc_hd__a311o_1)
     2    0.010124    0.064200    0.153380    3.501828 v _1300_/X (sky130_fd_sc_hd__a311o_1)
                                                         _0620_ (net)
                      0.064210    0.000755    3.502584 v _1329_/A2 (sky130_fd_sc_hd__a21o_1)
     3    0.011439    0.048232    0.149371    3.651955 v _1329_/X (sky130_fd_sc_hd__a21o_1)
                                                         _0645_ (net)
                      0.048243    0.000702    3.652657 v _1353_/A2 (sky130_fd_sc_hd__a21oi_2)
     2    0.014175    0.141631    0.151498    3.804155 ^ _1353_/Y (sky130_fd_sc_hd__a21oi_2)
                                                         _0665_ (net)
                      0.141646    0.001183    3.805338 ^ _1355_/A (sky130_fd_sc_hd__nor2_1)
     2    0.008407    0.054818    0.056965    3.862303 v _1355_/Y (sky130_fd_sc_hd__nor2_1)
                                                         _0667_ (net)
                      0.054830    0.000447    3.862750 v _1364_/A1 (sky130_fd_sc_hd__o21ba_1)
     1    0.005118    0.032720    0.128386    3.991136 v _1364_/X (sky130_fd_sc_hd__o21ba_1)
                                                         _0675_ (net)
                      0.032724    0.000372    3.991508 v _1365_/B (sky130_fd_sc_hd__xor2_1)
     1    0.004587    0.053567    0.090700    4.082208 v _1365_/X (sky130_fd_sc_hd__xor2_1)
                                                         _0676_ (net)
                      0.053568    0.000344    4.082552 v _1367_/A2 (sky130_fd_sc_hd__a211oi_1)
     1    0.002137    0.115335    0.146744    4.229295 ^ _1367_/Y (sky130_fd_sc_hd__a211oi_1)
                                                         _0078_ (net)
                      0.115335    0.000150    4.229445 ^ _1462_/D (sky130_fd_sc_hd__dfxtp_1)
                                              4.229445   data arrival time

                                 10.000000   10.000000   clock clk (rise edge)
                                  0.000000   10.000000   clock source latency
     1    0.026991    0.094969    0.066155   10.066155 ^ clk (in)
                                                         clk (net)
                      0.095029    0.000000   10.066155 ^ clkbuf_0_clk/A (sky130_fd_sc_hd__clkbuf_16)
     8    0.110486    0.098005    0.146992   10.213147 ^ clkbuf_0_clk/X (sky130_fd_sc_hd__clkbuf_16)
                                                         clknet_0_clk (net)
                      0.099623    0.009975   10.223123 ^ clkbuf_3_6__f_clk/A (sky130_fd_sc_hd__clkbuf_16)
    14    0.050640    0.053142    0.120156   10.343279 ^ clkbuf_3_6__f_clk/X (sky130_fd_sc_hd__clkbuf_16)
                                                         clknet_3_6__leaf_clk (net)
                      0.053414    0.002873   10.346151 ^ _1462_/CLK (sky130_fd_sc_hd__dfxtp_1)
                                 -0.250000   10.096151   clock uncertainty
                                  0.000000   10.096151   clock reconvergence pessimism
                                 -0.035805   10.060347   library setup time
                                             10.060347   data required time
---------------------------------------------------------------------------------------------
                                             10.060347   data required time
                                             -4.229445   data arrival time
---------------------------------------------------------------------------------------------
                                              5.830901   slack (MET)




===========================================================================
report_checks --slack_max -0.01
============================================================================
======================= max_ff_n40C_1v95 Corner ===================================

No paths found.


===========================================================================
 report_check_types -max_slew -max_cap -max_fanout -violators
============================================================================
======================= max_ff_n40C_1v95 Corner ===================================

max fanout

Pin                                   Limit Fanout  Slack
---------------------------------------------------------
clkbuf_3_5__f_clk/X                      10     14     -4 (VIOLATED)
clkbuf_3_6__f_clk/X                      10     14     -4 (VIOLATED)
clkbuf_3_1__f_clk/X                      10     13     -3 (VIOLATED)
clkbuf_3_4__f_clk/X                      10     11        (VIOLATED)



===========================================================================
report_parasitic_annotation -report_unannotated
============================================================================
Found 31 unannotated drivers.
 wdata[10]
 wdata[11]
 wdata[12]
 wdata[13]
 wdata[14]
 wdata[15]
 wdata[16]
 wdata[17]
 wdata[18]
 wdata[19]
 wdata[20]
 wdata[21]
 wdata[22]
 wdata[23]
 wdata[24]
 wdata[25]
 wdata[26]
 wdata[27]
 wdata[28]
 wdata[29]
 wdata[30]
 wdata[31]
 wdata[8]
 wdata[9]
 clkload0/Y
 clkload1/X
 clkload2/Y
 clkload3/Y
 clkload4/Y
 clkload5/Y
 top_117/LO
Found 0 partially unannotated drivers.

===========================================================================
max slew violation count 0
max fanout violation count 4
max cap violation count 0
============================================================================

===========================================================================
check_setup -verbose -unconstrained_endpoints -multiple_clock -no_clock -no_input_delay -loops -generated_clocks
===========================================================================
Warning: There is 1 unconstrained endpoint.
  ready
