[WARNING ORD-0039] .openroad ignored with -python
                                Cells by Master                                 
┏━━━━━━━━━━━━━━━━━━━━━━━━━━━━━━━━━━━━━━━━━━━━━━━━━━━━━━━━━━━━━━━━┳━━━━━━━━━━━━━┓
┃ Cell                                                           ┃ Count       ┃
┡━━━━━━━━━━━━━━━━━━━━━━━━━━━━━━━━━━━━━━━━━━━━━━━━━━━━━━━━━━━━━━━━╇━━━━━━━━━━━━━┩
│ sky130_ef_sc_hd__decap_12                                      │ 1133        │
│ sky130_fd_sc_hd__a211o_1                                       │ 15          │
│ sky130_fd_sc_hd__a211oi_1                                      │ 7           │
│ sky130_fd_sc_hd__a211oi_2                                      │ 3           │
│ sky130_fd_sc_hd__a211oi_4                                      │ 1           │
│ sky130_fd_sc_hd__a21bo_1                                       │ 17          │
│ sky130_fd_sc_hd__a21boi_1                                      │ 4           │
│ sky130_fd_sc_hd__a21o_1                                        │ 37          │
│ sky130_fd_sc_hd__a21oi_1                                       │ 21          │
│ sky130_fd_sc_hd__a21oi_2                                       │ 8           │
│ sky130_fd_sc_hd__a221o_1                                       │ 1           │
│ sky130_fd_sc_hd__a22o_1                                        │ 16          │
│ sky130_fd_sc_hd__a22oi_1                                       │ 3           │
│ sky130_fd_sc_hd__a22oi_2                                       │ 5           │
│ sky130_fd_sc_hd__a2bb2o_1                                      │ 2           │
│ sky130_fd_sc_hd__a2bb2o_4                                      │ 3           │
│ sky130_fd_sc_hd__a311o_1                                       │ 1           │
│ sky130_fd_sc_hd__a31o_1                                        │ 10          │
│ sky130_fd_sc_hd__and2_1                                        │ 57          │
│ sky130_fd_sc_hd__and2_4                                        │ 2           │
│ sky130_fd_sc_hd__and2b_1                                       │ 11          │
│ sky130_fd_sc_hd__and2b_4                                       │ 1           │
│ sky130_fd_sc_hd__and3_1                                        │ 21          │
│ sky130_fd_sc_hd__and3_4                                        │ 4           │
│ sky130_fd_sc_hd__and4_1                                        │ 13          │
│ sky130_fd_sc_hd__and4b_1                                       │ 8           │
│ sky130_fd_sc_hd__buf_1                                         │ 5           │
│ sky130_fd_sc_hd__buf_12                                        │ 1           │
│ sky130_fd_sc_hd__buf_2                                         │ 61          │
│ sky130_fd_sc_hd__buf_4                                         │ 4           │
│ sky130_fd_sc_hd__buf_6                                         │ 5           │
│ sky130_fd_sc_hd__buf_8                                         │ 1           │
│ sky130_fd_sc_hd__bufinv_16                                     │ 1           │
│ sky130_fd_sc_hd__clkbuf_1                                      │ 14          │
│ sky130_fd_sc_hd__clkbuf_16                                     │ 9           │
│ sky130_fd_sc_hd__clkbuf_2                                      │ 14          │
│ sky130_fd_sc_hd__clkbuf_4                                      │ 10          │
│ sky130_fd_sc_hd__clkbuf_8                                      │ 1           │
│ sky130_fd_sc_hd__clkinv_4                                      │ 2           │
│ sky130_fd_sc_hd__clkinvlp_4                                    │ 1           │
│ sky130_fd_sc_hd__conb_1                                        │ 1           │
│ sky130_fd_sc_hd__decap_3                                       │ 290         │
│ sky130_fd_sc_hd__decap_4                                       │ 163         │
│ sky130_fd_sc_hd__decap_6                                       │ 248         │
│ sky130_fd_sc_hd__decap_8                                       │ 230         │
│ sky130_fd_sc_hd__dfxtp_1                                       │ 75          │
│ sky130_fd_sc_hd__dfxtp_2                                       │ 5           │
│ sky130_fd_sc_hd__dfxtp_4                                       │ 1           │
│ sky130_fd_sc_hd__diode_2                                       │ 1           │
│ sky130_fd_sc_hd__dlygate4sd1_1                                 │ 7           │
│ sky130_fd_sc_hd__dlygate4sd3_1                                 │ 51          │
│ sky130_fd_sc_hd__dlymetal6s2s_1                                │ 9           │
│ sky130_fd_sc_hd__dlymetal6s4s_1                                │ 1           │
│ sky130_fd_sc_hd__fill_1                                        │ 410         │
│ sky130_fd_sc_hd__fill_2                                        │ 188         │
│ sky130_fd_sc_hd__inv_2                                         │ 12          │
│ sky130_fd_sc_hd__inv_6                                         │ 1           │
│ sky130_fd_sc_hd__mux2_1                                        │ 21          │
│ sky130_fd_sc_hd__nand2_1                                       │ 52          │
│ sky130_fd_sc_hd__nand2_2                                       │ 1           │
│ sky130_fd_sc_hd__nand2_4                                       │ 1           │
│ sky130_fd_sc_hd__nand2b_1                                      │ 9           │
│ sky130_fd_sc_hd__nand2b_4                                      │ 1           │
│ sky130_fd_sc_hd__nand3_1                                       │ 20          │
│ sky130_fd_sc_hd__nand3_2                                       │ 6           │
│ sky130_fd_sc_hd__nand3b_1                                      │ 1           │
│ sky130_fd_sc_hd__nand4_1                                       │ 5           │
│ sky130_fd_sc_hd__nor2_1                                        │ 31          │
│ sky130_fd_sc_hd__nor2_2                                        │ 2           │
│ sky130_fd_sc_hd__nor2_4                                        │ 1           │
│ sky130_fd_sc_hd__nor3_1                                        │ 5           │
│ sky130_fd_sc_hd__nor4_1                                        │ 1           │
│ sky130_fd_sc_hd__o211a_1                                       │ 35          │
│ sky130_fd_sc_hd__o211a_4                                       │ 1           │
│ sky130_fd_sc_hd__o211ai_2                                      │ 4           │
│ sky130_fd_sc_hd__o21a_1                                        │ 8           │
│ sky130_fd_sc_hd__o21ai_1                                       │ 26          │
│ sky130_fd_sc_hd__o21ai_2                                       │ 3           │
│ sky130_fd_sc_hd__o21ai_4                                       │ 1           │
│ sky130_fd_sc_hd__o21ba_1                                       │ 2           │
│ sky130_fd_sc_hd__o21ba_4                                       │ 1           │
│ sky130_fd_sc_hd__o21bai_1                                      │ 8           │
│ sky130_fd_sc_hd__o21bai_2                                      │ 1           │
│ sky130_fd_sc_hd__o221a_1                                       │ 26          │
│ sky130_fd_sc_hd__o2bb2a_1                                      │ 7           │
│ sky130_fd_sc_hd__o31a_1                                        │ 1           │
│ sky130_fd_sc_hd__o31ai_1                                       │ 1           │
│ sky130_fd_sc_hd__o41a_1                                        │ 2           │
│ sky130_fd_sc_hd__o41ai_2                                       │ 1           │
│ sky130_fd_sc_hd__or2_1                                         │ 14          │
│ sky130_fd_sc_hd__or2_4                                         │ 4           │
│ sky130_fd_sc_hd__or3_1                                         │ 9           │
│ sky130_fd_sc_hd__or3_4                                         │ 2           │
│ sky130_fd_sc_hd__or3b_1                                        │ 2           │
│ sky130_fd_sc_hd__or3b_2                                        │ 2           │
│ sky130_fd_sc_hd__or3b_4                                        │ 1           │
│ sky130_fd_sc_hd__or4_1                                         │ 3           │
│ sky130_fd_sc_hd__or4_4                                         │ 1           │
│ sky130_fd_sc_hd__or4b_1                                        │ 1           │
│ sky130_fd_sc_hd__or4bb_4                                       │ 1           │
│ sky130_fd_sc_hd__tapvpwrvgnd_1                                 │ 469         │
│ sky130_fd_sc_hd__xnor2_1                                       │ 48          │
│ sky130_fd_sc_hd__xnor2_2                                       │ 6           │
│ sky130_fd_sc_hd__xnor2_4                                       │ 3           │
│ sky130_fd_sc_hd__xor2_1                                        │ 25          │
│ sky130_fd_sc_hd__xor2_2                                        │ 2           │
└────────────────────────────────────────────────────────────────┴─────────────┘
                               Cells by Function                                
┏━━━━━━━━━━━━━━━━━━━━━━━━━━━━━━━━━━━━━━━━━━━━━━━━━━━━━━━━━━━━━━━┳━━━━━━━━━━━━━━┓
┃ Cell Function                                                 ┃ Count        ┃
┡━━━━━━━━━━━━━━━━━━━━━━━━━━━━━━━━━━━━━━━━━━━━━━━━━━━━━━━━━━━━━━━╇━━━━━━━━━━━━━━┩
│ sky130_ef_sc_hd__decap                                        │ 1133         │
│ sky130_fd_sc_hd__a211o                                        │ 15           │
│ sky130_fd_sc_hd__a211oi                                       │ 11           │
│ sky130_fd_sc_hd__a21bo                                        │ 17           │
│ sky130_fd_sc_hd__a21boi                                       │ 4            │
│ sky130_fd_sc_hd__a21o                                         │ 37           │
│ sky130_fd_sc_hd__a21oi                                        │ 29           │
│ sky130_fd_sc_hd__a221o                                        │ 1            │
│ sky130_fd_sc_hd__a22o                                         │ 16           │
│ sky130_fd_sc_hd__a22oi                                        │ 8            │
│ sky130_fd_sc_hd__a2bb2o                                       │ 5            │
│ sky130_fd_sc_hd__a311o                                        │ 1            │
│ sky130_fd_sc_hd__a31o                                         │ 10           │
│ sky130_fd_sc_hd__and2                                         │ 59           │
│ sky130_fd_sc_hd__and2b                                        │ 12           │
│ sky130_fd_sc_hd__and3                                         │ 25           │
│ sky130_fd_sc_hd__and4                                         │ 13           │
│ sky130_fd_sc_hd__and4b                                        │ 8            │
│ sky130_fd_sc_hd__buf                                          │ 77           │
│ sky130_fd_sc_hd__bufinv                                       │ 1            │
│ sky130_fd_sc_hd__clkbuf                                       │ 48           │
│ sky130_fd_sc_hd__clkinv                                       │ 2            │
│ sky130_fd_sc_hd__clkinvlp                                     │ 1            │
│ sky130_fd_sc_hd__conb                                         │ 1            │
│ sky130_fd_sc_hd__decap                                        │ 931          │
│ sky130_fd_sc_hd__dfxtp                                        │ 81           │
│ sky130_fd_sc_hd__diode                                        │ 1            │
│ sky130_fd_sc_hd__dlygate4sd1                                  │ 7            │
│ sky130_fd_sc_hd__dlygate4sd3                                  │ 51           │
│ sky130_fd_sc_hd__dlymetal6s2s                                 │ 9            │
│ sky130_fd_sc_hd__dlymetal6s4s                                 │ 1            │
│ sky130_fd_sc_hd__fill                                         │ 598          │
│ sky130_fd_sc_hd__inv                                          │ 13           │
│ sky130_fd_sc_hd__mux2                                         │ 21           │
│ sky130_fd_sc_hd__nand2                                        │ 54           │
│ sky130_fd_sc_hd__nand2b                                       │ 10           │
│ sky130_fd_sc_hd__nand3                                        │ 26           │
│ sky130_fd_sc_hd__nand3b                                       │ 1            │
│ sky130_fd_sc_hd__nand4                                        │ 5            │
│ sky130_fd_sc_hd__nor2                                         │ 34           │
│ sky130_fd_sc_hd__nor3                                         │ 5            │
│ sky130_fd_sc_hd__nor4                                         │ 1            │
│ sky130_fd_sc_hd__o211a                                        │ 36           │
│ sky130_fd_sc_hd__o211ai                                       │ 4            │
│ sky130_fd_sc_hd__o21a                                         │ 8            │
│ sky130_fd_sc_hd__o21ai                                        │ 30           │
│ sky130_fd_sc_hd__o21ba                                        │ 3            │
│ sky130_fd_sc_hd__o21bai                                       │ 9            │
│ sky130_fd_sc_hd__o221a                                        │ 26           │
│ sky130_fd_sc_hd__o2bb2a                                       │ 7            │
│ sky130_fd_sc_hd__o31a                                         │ 1            │
│ sky130_fd_sc_hd__o31ai                                        │ 1            │
│ sky130_fd_sc_hd__o41a                                         │ 2            │
│ sky130_fd_sc_hd__o41ai                                        │ 1            │
│ sky130_fd_sc_hd__or2                                          │ 18           │
│ sky130_fd_sc_hd__or3                                          │ 11           │
│ sky130_fd_sc_hd__or3b                                         │ 5            │
│ sky130_fd_sc_hd__or4                                          │ 4            │
│ sky130_fd_sc_hd__or4b                                         │ 1            │
│ sky130_fd_sc_hd__or4bb                                        │ 1            │
│ sky130_fd_sc_hd__tapvpwrvgnd                                  │ 469          │
│ sky130_fd_sc_hd__xnor2                                        │ 57           │
│ sky130_fd_sc_hd__xor2                                         │ 27           │
└───────────────────────────────────────────────────────────────┴──────────────┘
                                  Cells by SCL                                  
┏━━━━━━━━━━━━━━━━━━━━━━━━━━━━━━━━━━━━━━━━━━━━━━━━━━━━━━━┳━━━━━━━━━━━━━━━━━━━━━━┓
┃ SCL                                                   ┃ Count                ┃
┡━━━━━━━━━━━━━━━━━━━━━━━━━━━━━━━━━━━━━━━━━━━━━━━━━━━━━━━╇━━━━━━━━━━━━━━━━━━━━━━┩
│ sky130_ef_sc_hd                                       │ 1133                 │
│ sky130_fd_sc_hd                                       │ 2971                 │
└───────────────────────────────────────────────────────┴──────────────────────┘
                             Buffers by Cell Master                             
┏━━━━━━━━━━━━━━━━━━━━━━━━━━━━━━━━━━━━━━━━━━━━━━━━━━━━━━━━━━━━━━━━┳━━━━━━━━━━━━━┓
┃ Buffer                                                         ┃ Count       ┃
┡━━━━━━━━━━━━━━━━━━━━━━━━━━━━━━━━━━━━━━━━━━━━━━━━━━━━━━━━━━━━━━━━╇━━━━━━━━━━━━━┩
│ sky130_fd_sc_hd__buf_1                                         │ 5           │
│ sky130_fd_sc_hd__buf_12                                        │ 1           │
│ sky130_fd_sc_hd__buf_2                                         │ 61          │
│ sky130_fd_sc_hd__buf_4                                         │ 4           │
│ sky130_fd_sc_hd__buf_6                                         │ 5           │
│ sky130_fd_sc_hd__buf_8                                         │ 1           │
│ sky130_fd_sc_hd__clkbuf_1                                      │ 14          │
│ sky130_fd_sc_hd__clkbuf_16                                     │ 9           │
│ sky130_fd_sc_hd__clkbuf_2                                      │ 14          │
│ sky130_fd_sc_hd__clkbuf_4                                      │ 10          │
│ sky130_fd_sc_hd__clkbuf_8                                      │ 1           │
│ sky130_fd_sc_hd__dlygate4sd1_1                                 │ 7           │
│ sky130_fd_sc_hd__dlygate4sd3_1                                 │ 51          │
│ sky130_fd_sc_hd__dlymetal6s2s_1                                │ 9           │
│ sky130_fd_sc_hd__dlymetal6s4s_1                                │ 1           │
└────────────────────────────────────────────────────────────────┴─────────────┘
