
===========================================================================
report_checks -unconstrained
===========================================================================
======================= min_ss_100C_1v60 Corner ===================================

Startpoint: _1428_ (rising edge-triggered flip-flop clocked by clk)
Endpoint: _1464_ (rising edge-triggered flip-flop clocked by clk)
Path Group: clk
Path Type: max

Fanout         Cap        Slew       Delay        Time   Description
---------------------------------------------------------------------------------------------
                                  0.000000    0.000000   clock clk (rise edge)
                                  0.000000    0.000000   clock source latency
     1    0.024950    0.184517    0.126955    0.126955 ^ clk (in)
                                                         clk (net)
                      0.184525    0.000000    0.126955 ^ clkbuf_0_clk/A (sky130_fd_sc_hd__clkbuf_16)
     8    0.101812    0.178489    0.368286    0.495241 ^ clkbuf_0_clk/X (sky130_fd_sc_hd__clkbuf_16)
                                                         clknet_0_clk (net)
                      0.178902    0.005992    0.501233 ^ clkbuf_3_0__f_clk/A (sky130_fd_sc_hd__clkbuf_16)
     9    0.036586    0.089550    0.295097    0.796330 ^ clkbuf_3_0__f_clk/X (sky130_fd_sc_hd__clkbuf_16)
                                                         clknet_3_0__leaf_clk (net)
                      0.089551    0.000518    0.796849 ^ _1428_/CLK (sky130_fd_sc_hd__dfxtp_2)
     3    0.025335    0.214726    0.778611    1.575459 ^ _1428_/Q (sky130_fd_sc_hd__dfxtp_2)
                                                         core_b[3] (net)
                      0.214726    0.000153    1.575612 ^ fanout73/A (sky130_fd_sc_hd__buf_6)
    10    0.046797    0.159700    0.314162    1.889774 ^ fanout73/X (sky130_fd_sc_hd__buf_6)
                                                         net73 (net)
                      0.159707    0.001379    1.891154 ^ fanout72/A (sky130_fd_sc_hd__buf_2)
    10    0.034551    0.274349    0.387173    2.278327 ^ fanout72/X (sky130_fd_sc_hd__buf_2)
                                                         net72 (net)
                      0.274349    0.000585    2.278912 ^ _1015_/B (sky130_fd_sc_hd__and4_1)
     2    0.005404    0.136062    0.473135    2.752046 ^ _1015_/X (sky130_fd_sc_hd__and4_1)
                                                         _0347_ (net)
                      0.136062    0.000052    2.752099 ^ _1017_/A_N (sky130_fd_sc_hd__and2b_1)
     1    0.008554    0.111987    0.433012    3.185111 v _1017_/X (sky130_fd_sc_hd__and2b_1)
                                                         _0349_ (net)
                      0.111987    0.000077    3.185187 v _1018_/B (sky130_fd_sc_hd__xnor2_2)
     3    0.011088    0.294675    0.307089    3.492276 ^ _1018_/Y (sky130_fd_sc_hd__xnor2_2)
                                                         _0350_ (net)
                      0.294675    0.000174    3.492450 ^ _1028_/B1 (sky130_fd_sc_hd__a21o_1)
     2    0.008245    0.130854    0.273887    3.766337 ^ _1028_/X (sky130_fd_sc_hd__a21o_1)
                                                         _0360_ (net)
                      0.130854    0.000083    3.766419 ^ _1030_/B (sky130_fd_sc_hd__nand3_2)
     5    0.023027    0.328608    0.342404    4.108824 v _1030_/Y (sky130_fd_sc_hd__nand3_2)
                                                         _0362_ (net)
                      0.328610    0.000651    4.109475 v _1032_/C (sky130_fd_sc_hd__and3_1)
     3    0.008545    0.117364    0.541771    4.651245 v _1032_/X (sky130_fd_sc_hd__and3_1)
                                                         _0364_ (net)
                      0.117364    0.000088    4.651333 v _1037_/A2 (sky130_fd_sc_hd__o211a_1)
     2    0.005099    0.095607    0.418587    5.069920 v _1037_/X (sky130_fd_sc_hd__o211a_1)
                                                         _0369_ (net)
                      0.095607    0.000028    5.069949 v _1038_/A (sky130_fd_sc_hd__or3_4)
     4    0.014308    0.145650    0.809422    5.879371 v _1038_/X (sky130_fd_sc_hd__or3_4)
                                                         _0370_ (net)
                      0.145650    0.000150    5.879520 v _1041_/A2 (sky130_fd_sc_hd__a211o_1)
     2    0.004870    0.105742    0.592298    6.471819 v _1041_/X (sky130_fd_sc_hd__a211o_1)
                                                         _0373_ (net)
                      0.105742    0.000055    6.471873 v _1125_/D (sky130_fd_sc_hd__and4b_1)
     2    0.006097    0.102154    0.454387    6.926260 v _1125_/X (sky130_fd_sc_hd__and4b_1)
                                                         _0455_ (net)
                      0.102154    0.000065    6.926325 v _1196_/A1 (sky130_fd_sc_hd__a211o_1)
     2    0.008968    0.139801    0.561486    7.487812 v _1196_/X (sky130_fd_sc_hd__a211o_1)
                                                         _0524_ (net)
                      0.139801    0.000250    7.488062 v _1234_/A1 (sky130_fd_sc_hd__a31o_1)
     2    0.009433    0.120585    0.406374    7.894435 v _1234_/X (sky130_fd_sc_hd__a31o_1)
                                                         _0560_ (net)
                      0.120585    0.000080    7.894516 v _1247_/A (sky130_fd_sc_hd__nand2_2)
     1    0.005759    0.092100    0.118381    8.012897 ^ _1247_/Y (sky130_fd_sc_hd__nand2_2)
                                                         _0573_ (net)
                      0.092100    0.000038    8.012935 ^ _1266_/B1 (sky130_fd_sc_hd__o211a_4)
     6    0.038490    0.214980    0.463763    8.476698 ^ _1266_/X (sky130_fd_sc_hd__o211a_4)
                                                         _0591_ (net)
                      0.215010    0.002621    8.479319 ^ fanout53/A (sky130_fd_sc_hd__buf_4)
    10    0.049679    0.228958    0.394390    8.873709 ^ fanout53/X (sky130_fd_sc_hd__buf_4)
                                                         net53 (net)
                      0.228963    0.001454    8.875163 ^ _1293_/B (sky130_fd_sc_hd__xnor2_1)
     2    0.008755    0.179612    0.247844    9.123008 v _1293_/Y (sky130_fd_sc_hd__xnor2_1)
                                                         _0614_ (net)
                      0.179612    0.000102    9.123110 v _1299_/D (sky130_fd_sc_hd__or4_4)
     1    0.003409    0.147326    0.855093    9.978203 v _1299_/X (sky130_fd_sc_hd__or4_4)
                                                         _0619_ (net)
                      0.147326    0.000040    9.978243 v _1300_/B1 (sky130_fd_sc_hd__a311o_1)
     2    0.009077    0.152053    0.688173   10.666415 v _1300_/X (sky130_fd_sc_hd__a311o_1)
                                                         _0620_ (net)
                      0.152053    0.000227   10.666643 v _1329_/A2 (sky130_fd_sc_hd__a21o_1)
     3    0.011168    0.126052    0.417232   11.083876 v _1329_/X (sky130_fd_sc_hd__a21o_1)
                                                         _0645_ (net)
                      0.126052    0.000127   11.084002 v _1353_/A2 (sky130_fd_sc_hd__a21oi_2)
     2    0.012910    0.294615    0.360627   11.444630 ^ _1353_/Y (sky130_fd_sc_hd__a21oi_2)
                                                         _0665_ (net)
                      0.294615    0.000387   11.445017 ^ _1372_/A2 (sky130_fd_sc_hd__o211ai_2)
     2    0.006227    0.179852    0.249247   11.694263 v _1372_/Y (sky130_fd_sc_hd__o211ai_2)
                                                         _0682_ (net)
                      0.179852    0.000097   11.694361 v _1374_/A1 (sky130_fd_sc_hd__a21oi_1)
     3    0.010488    0.411801    0.428935   12.123296 ^ _1374_/Y (sky130_fd_sc_hd__a21oi_1)
                                                         _0684_ (net)
                      0.411801    0.000100   12.123396 ^ _1381_/A2 (sky130_fd_sc_hd__o31a_1)
     1    0.003530    0.096225    0.370323   12.493719 ^ _1381_/X (sky130_fd_sc_hd__o31a_1)
                                                         _0690_ (net)
                      0.096225    0.000028   12.493748 ^ _1383_/A2 (sky130_fd_sc_hd__a211oi_1)
     1    0.001906    0.102501    0.137970   12.631718 v _1383_/Y (sky130_fd_sc_hd__a211oi_1)
                                                         _0080_ (net)
                      0.102501    0.000008   12.631725 v _1464_/D (sky130_fd_sc_hd__dfxtp_1)
                                             12.631725   data arrival time

                                 10.000000   10.000000   clock clk (rise edge)
                                  0.000000   10.000000   clock source latency
     1    0.024950    0.184517    0.126954   10.126955 ^ clk (in)
                                                         clk (net)
                      0.184525    0.000000   10.126955 ^ clkbuf_0_clk/A (sky130_fd_sc_hd__clkbuf_16)
     8    0.101812    0.178489    0.368286   10.495240 ^ clkbuf_0_clk/X (sky130_fd_sc_hd__clkbuf_16)
                                                         clknet_0_clk (net)
                      0.178781    0.004718   10.499959 ^ clkbuf_3_3__f_clk/A (sky130_fd_sc_hd__clkbuf_16)
     7    0.038125    0.091802    0.297112   10.797071 ^ clkbuf_3_3__f_clk/X (sky130_fd_sc_hd__clkbuf_16)
                                                         clknet_3_3__leaf_clk (net)
                      0.091805    0.000685   10.797755 ^ _1464_/CLK (sky130_fd_sc_hd__dfxtp_1)
                                 -0.250000   10.547755   clock uncertainty
                                  0.000000   10.547755   clock reconvergence pessimism
                                 -0.276611   10.271144   library setup time
                                             10.271144   data required time
---------------------------------------------------------------------------------------------
                                             10.271144   data required time
                                            -12.631725   data arrival time
---------------------------------------------------------------------------------------------
                                             -2.360581   slack (VIOLATED)




===========================================================================
report_checks --slack_max -0.01
============================================================================
======================= min_ss_100C_1v60 Corner ===================================

Startpoint: _1428_ (rising edge-triggered flip-flop clocked by clk)
Endpoint: _1464_ (rising edge-triggered flip-flop clocked by clk)
Path Group: clk
Path Type: max

Fanout         Cap        Slew       Delay        Time   Description
---------------------------------------------------------------------------------------------
                                  0.000000    0.000000   clock clk (rise edge)
                                  0.000000    0.000000   clock source latency
     1    0.024950    0.184517    0.126955    0.126955 ^ clk (in)
                                                         clk (net)
                      0.184525    0.000000    0.126955 ^ clkbuf_0_clk/A (sky130_fd_sc_hd__clkbuf_16)
     8    0.101812    0.178489    0.368286    0.495241 ^ clkbuf_0_clk/X (sky130_fd_sc_hd__clkbuf_16)
                                                         clknet_0_clk (net)
                      0.178902    0.005992    0.501233 ^ clkbuf_3_0__f_clk/A (sky130_fd_sc_hd__clkbuf_16)
     9    0.036586    0.089550    0.295097    0.796330 ^ clkbuf_3_0__f_clk/X (sky130_fd_sc_hd__clkbuf_16)
                                                         clknet_3_0__leaf_clk (net)
                      0.089551    0.000518    0.796849 ^ _1428_/CLK (sky130_fd_sc_hd__dfxtp_2)
     3    0.025335    0.214726    0.778611    1.575459 ^ _1428_/Q (sky130_fd_sc_hd__dfxtp_2)
                                                         core_b[3] (net)
                      0.214726    0.000153    1.575612 ^ fanout73/A (sky130_fd_sc_hd__buf_6)
    10    0.046797    0.159700    0.314162    1.889774 ^ fanout73/X (sky130_fd_sc_hd__buf_6)
                                                         net73 (net)
                      0.159707    0.001379    1.891154 ^ fanout72/A (sky130_fd_sc_hd__buf_2)
    10    0.034551    0.274349    0.387173    2.278327 ^ fanout72/X (sky130_fd_sc_hd__buf_2)
                                                         net72 (net)
                      0.274349    0.000585    2.278912 ^ _1015_/B (sky130_fd_sc_hd__and4_1)
     2    0.005404    0.136062    0.473135    2.752046 ^ _1015_/X (sky130_fd_sc_hd__and4_1)
                                                         _0347_ (net)
                      0.136062    0.000052    2.752099 ^ _1017_/A_N (sky130_fd_sc_hd__and2b_1)
     1    0.008554    0.111987    0.433012    3.185111 v _1017_/X (sky130_fd_sc_hd__and2b_1)
                                                         _0349_ (net)
                      0.111987    0.000077    3.185187 v _1018_/B (sky130_fd_sc_hd__xnor2_2)
     3    0.011088    0.294675    0.307089    3.492276 ^ _1018_/Y (sky130_fd_sc_hd__xnor2_2)
                                                         _0350_ (net)
                      0.294675    0.000174    3.492450 ^ _1028_/B1 (sky130_fd_sc_hd__a21o_1)
     2    0.008245    0.130854    0.273887    3.766337 ^ _1028_/X (sky130_fd_sc_hd__a21o_1)
                                                         _0360_ (net)
                      0.130854    0.000083    3.766419 ^ _1030_/B (sky130_fd_sc_hd__nand3_2)
     5    0.023027    0.328608    0.342404    4.108824 v _1030_/Y (sky130_fd_sc_hd__nand3_2)
                                                         _0362_ (net)
                      0.328610    0.000651    4.109475 v _1032_/C (sky130_fd_sc_hd__and3_1)
     3    0.008545    0.117364    0.541771    4.651245 v _1032_/X (sky130_fd_sc_hd__and3_1)
                                                         _0364_ (net)
                      0.117364    0.000088    4.651333 v _1037_/A2 (sky130_fd_sc_hd__o211a_1)
     2    0.005099    0.095607    0.418587    5.069920 v _1037_/X (sky130_fd_sc_hd__o211a_1)
                                                         _0369_ (net)
                      0.095607    0.000028    5.069949 v _1038_/A (sky130_fd_sc_hd__or3_4)
     4    0.014308    0.145650    0.809422    5.879371 v _1038_/X (sky130_fd_sc_hd__or3_4)
                                                         _0370_ (net)
                      0.145650    0.000150    5.879520 v _1041_/A2 (sky130_fd_sc_hd__a211o_1)
     2    0.004870    0.105742    0.592298    6.471819 v _1041_/X (sky130_fd_sc_hd__a211o_1)
                                                         _0373_ (net)
                      0.105742    0.000055    6.471873 v _1125_/D (sky130_fd_sc_hd__and4b_1)
     2    0.006097    0.102154    0.454387    6.926260 v _1125_/X (sky130_fd_sc_hd__and4b_1)
                                                         _0455_ (net)
                      0.102154    0.000065    6.926325 v _1196_/A1 (sky130_fd_sc_hd__a211o_1)
     2    0.008968    0.139801    0.561486    7.487812 v _1196_/X (sky130_fd_sc_hd__a211o_1)
                                                         _0524_ (net)
                      0.139801    0.000250    7.488062 v _1234_/A1 (sky130_fd_sc_hd__a31o_1)
     2    0.009433    0.120585    0.406374    7.894435 v _1234_/X (sky130_fd_sc_hd__a31o_1)
                                                         _0560_ (net)
                      0.120585    0.000080    7.894516 v _1247_/A (sky130_fd_sc_hd__nand2_2)
     1    0.005759    0.092100    0.118381    8.012897 ^ _1247_/Y (sky130_fd_sc_hd__nand2_2)
                                                         _0573_ (net)
                      0.092100    0.000038    8.012935 ^ _1266_/B1 (sky130_fd_sc_hd__o211a_4)
     6    0.038490    0.214980    0.463763    8.476698 ^ _1266_/X (sky130_fd_sc_hd__o211a_4)
                                                         _0591_ (net)
                      0.215010    0.002621    8.479319 ^ fanout53/A (sky130_fd_sc_hd__buf_4)
    10    0.049679    0.228958    0.394390    8.873709 ^ fanout53/X (sky130_fd_sc_hd__buf_4)
                                                         net53 (net)
                      0.228963    0.001454    8.875163 ^ _1293_/B (sky130_fd_sc_hd__xnor2_1)
     2    0.008755    0.179612    0.247844    9.123008 v _1293_/Y (sky130_fd_sc_hd__xnor2_1)
                                                         _0614_ (net)
                      0.179612    0.000102    9.123110 v _1299_/D (sky130_fd_sc_hd__or4_4)
     1    0.003409    0.147326    0.855093    9.978203 v _1299_/X (sky130_fd_sc_hd__or4_4)
                                                         _0619_ (net)
                      0.147326    0.000040    9.978243 v _1300_/B1 (sky130_fd_sc_hd__a311o_1)
     2    0.009077    0.152053    0.688173   10.666415 v _1300_/X (sky130_fd_sc_hd__a311o_1)
                                                         _0620_ (net)
                      0.152053    0.000227   10.666643 v _1329_/A2 (sky130_fd_sc_hd__a21o_1)
     3    0.011168    0.126052    0.417232   11.083876 v _1329_/X (sky130_fd_sc_hd__a21o_1)
                                                         _0645_ (net)
                      0.126052    0.000127   11.084002 v _1353_/A2 (sky130_fd_sc_hd__a21oi_2)
     2    0.012910    0.294615    0.360627   11.444630 ^ _1353_/Y (sky130_fd_sc_hd__a21oi_2)
                                                         _0665_ (net)
                      0.294615    0.000387   11.445017 ^ _1372_/A2 (sky130_fd_sc_hd__o211ai_2)
     2    0.006227    0.179852    0.249247   11.694263 v _1372_/Y (sky130_fd_sc_hd__o211ai_2)
                                                         _0682_ (net)
                      0.179852    0.000097   11.694361 v _1374_/A1 (sky130_fd_sc_hd__a21oi_1)
     3    0.010488    0.411801    0.428935   12.123296 ^ _1374_/Y (sky130_fd_sc_hd__a21oi_1)
                                                         _0684_ (net)
                      0.411801    0.000100   12.123396 ^ _1381_/A2 (sky130_fd_sc_hd__o31a_1)
     1    0.003530    0.096225    0.370323   12.493719 ^ _1381_/X (sky130_fd_sc_hd__o31a_1)
                                                         _0690_ (net)
                      0.096225    0.000028   12.493748 ^ _1383_/A2 (sky130_fd_sc_hd__a211oi_1)
     1    0.001906    0.102501    0.137970   12.631718 v _1383_/Y (sky130_fd_sc_hd__a211oi_1)
                                                         _0080_ (net)
                      0.102501    0.000008   12.631725 v _1464_/D (sky130_fd_sc_hd__dfxtp_1)
                                             12.631725   data arrival time

                                 10.000000   10.000000   clock clk (rise edge)
                                  0.000000   10.000000   clock source latency
     1    0.024950    0.184517    0.126954   10.126955 ^ clk (in)
                                                         clk (net)
                      0.184525    0.000000   10.126955 ^ clkbuf_0_clk/A (sky130_fd_sc_hd__clkbuf_16)
     8    0.101812    0.178489    0.368286   10.495240 ^ clkbuf_0_clk/X (sky130_fd_sc_hd__clkbuf_16)
                                                         clknet_0_clk (net)
                      0.178781    0.004718   10.499959 ^ clkbuf_3_3__f_clk/A (sky130_fd_sc_hd__clkbuf_16)
     7    0.038125    0.091802    0.297112   10.797071 ^ clkbuf_3_3__f_clk/X (sky130_fd_sc_hd__clkbuf_16)
                                                         clknet_3_3__leaf_clk (net)
                      0.091805    0.000685   10.797755 ^ _1464_/CLK (sky130_fd_sc_hd__dfxtp_1)
                                 -0.250000   10.547755   clock uncertainty
                                  0.000000   10.547755   clock reconvergence pessimism
                                 -0.276611   10.271144   library setup time
                                             10.271144   data required time
---------------------------------------------------------------------------------------------
                                             10.271144   data required time
                                            -12.631725   data arrival time
---------------------------------------------------------------------------------------------
                                             -2.360581   slack (VIOLATED)




===========================================================================
 report_check_types -max_slew -max_cap -max_fanout -violators
============================================================================
======================= min_ss_100C_1v60 Corner ===================================

max slew

Pin                                        Limit        Slew       Slack
------------------------------------------------------------------------
_0701_/Y                                0.750000    0.792475   -0.042475 (VIOLATED)
_0734_/A2                               0.750000    0.792475   -0.042475 (VIOLATED)
max_cap64/A                             0.750000    0.792475   -0.042475 (VIOLATED)

max fanout

Pin                                   Limit Fanout  Slack
---------------------------------------------------------
clkbuf_3_5__f_clk/X                      10     14     -4 (VIOLATED)
clkbuf_3_6__f_clk/X                      10     14     -4 (VIOLATED)
clkbuf_3_1__f_clk/X                      10     13     -3 (VIOLATED)
clkbuf_3_4__f_clk/X                      10     11        (VIOLATED)



===========================================================================
report_parasitic_annotation -report_unannotated
============================================================================
Found 31 unannotated drivers.
 wdata[10]
 wdata[11]
 wdata[12]
 wdata[13]
 wdata[14]
 wdata[15]
 wdata[16]
 wdata[17]
 wdata[18]
 wdata[19]
 wdata[20]
 wdata[21]
 wdata[22]
 wdata[23]
 wdata[24]
 wdata[25]
 wdata[26]
 wdata[27]
 wdata[28]
 wdata[29]
 wdata[30]
 wdata[31]
 wdata[8]
 wdata[9]
 clkload0/Y
 clkload1/X
 clkload2/Y
 clkload3/Y
 clkload4/Y
 clkload5/Y
 top_117/LO
Found 0 partially unannotated drivers.

===========================================================================
max slew violation count 3
max fanout violation count 4
max cap violation count 0
============================================================================

===========================================================================
check_setup -verbose -unconstrained_endpoints -multiple_clock -no_clock -no_input_delay -loops -generated_clocks
===========================================================================
Warning: There is 1 unconstrained endpoint.
  ready
