Clock: clk
Sources: clk 
Generated: no
Virtual: yes
Propagated: no
Period: 10.000000

===========================================================================
report_clock_properties
============================================================================
Clock                   Period          Waveform
----------------------------------------------------
clk                  10.000000    0.000000  5.000000

===========================================================================
report_clock_latency
============================================================================
Clock clk
rise -> rise
    min     max
0.000000 0.000000 source latency
0.795617         network latency _1451_/CLK
        0.806763 network latency _1391_/CLK
---------------
0.795617 0.806763 latency
        0.011146 skew

fall -> fall
    min     max
0.000000 0.000000 source latency
0.721879         network latency _1451_/CLK
        0.732163 network latency _1391_/CLK
---------------
0.721879 0.732163 latency
        0.010284 skew



===========================================================================
report_clock_min_period
============================================================================
clk period_min = 12.36 fmax = 80.90
