                                                                     Buffers by Cell Master                                                                     
┏━━━━━━━━━━━━━━━━━━━━━━━━━━━━━━━━━━━━━━━━━━━━━━━━━━━━━━━━━━━━━━━━━━━━━━━━━━━━━━━━━━━━━━━━━━━━━━━━━━━━━━━━━━━━━━━━━━━━━━━━━━━━━━━━━━┳━━━━━━━━━━━━━━━━━━━━━━━━━━━┓
┃ Buffer                                                                                                                           ┃ Count                     ┃
┡━━━━━━━━━━━━━━━━━━━━━━━━━━━━━━━━━━━━━━━━━━━━━━━━━━━━━━━━━━━━━━━━━━━━━━━━━━━━━━━━━━━━━━━━━━━━━━━━━━━━━━━━━━━━━━━━━━━━━━━━━━━━━━━━━━╇━━━━━━━━━━━━━━━━━━━━━━━━━━━┩
│ sky130_fd_sc_hd__buf_1                                                                                                           │ 5                         │
│ sky130_fd_sc_hd__buf_12                                                                                                          │ 1                         │
│ sky130_fd_sc_hd__buf_2                                                                                                           │ 61                        │
│ sky130_fd_sc_hd__buf_4                                                                                                           │ 4                         │
│ sky130_fd_sc_hd__buf_6                                                                                                           │ 5                         │
│ sky130_fd_sc_hd__buf_8                                                                                                           │ 1                         │
│ sky130_fd_sc_hd__clkbuf_1                                                                                                        │ 14                        │
│ sky130_fd_sc_hd__clkbuf_16                                                                                                       │ 9                         │
│ sky130_fd_sc_hd__clkbuf_2                                                                                                        │ 14                        │
│ sky130_fd_sc_hd__clkbuf_4                                                                                                        │ 10                        │
│ sky130_fd_sc_hd__clkbuf_8                                                                                                        │ 1                         │
│ sky130_fd_sc_hd__dlygate4sd1_1                                                                                                   │ 7                         │
│ sky130_fd_sc_hd__dlygate4sd3_1                                                                                                   │ 51                        │
│ sky130_fd_sc_hd__dlymetal6s2s_1                                                                                                  │ 9                         │
│ sky130_fd_sc_hd__dlymetal6s4s_1                                                                                                  │ 1                         │
└──────────────────────────────────────────────────────────────────────────────────────────────────────────────────────────────────┴───────────────────────────┘
