                                                                       Cells by Function                                                                        
┏━━━━━━━━━━━━━━━━━━━━━━━━━━━━━━━━━━━━━━━━━━━━━━━━━━━━━━━━━━━━━━━━━━━━━━━━━━━━━━━━━━━━━━━━━━━━━━━━━━━━━━━━━━━━━━━━━━━━━━━━━━━━━━━━━┳━━━━━━━━━━━━━━━━━━━━━━━━━━━━┓
┃ Cell Function                                                                                                                   ┃ Count                      ┃
┡━━━━━━━━━━━━━━━━━━━━━━━━━━━━━━━━━━━━━━━━━━━━━━━━━━━━━━━━━━━━━━━━━━━━━━━━━━━━━━━━━━━━━━━━━━━━━━━━━━━━━━━━━━━━━━━━━━━━━━━━━━━━━━━━━╇━━━━━━━━━━━━━━━━━━━━━━━━━━━━┩
│ sky130_ef_sc_hd__decap                                                                                                          │ 1133                       │
│ sky130_fd_sc_hd__a211o                                                                                                          │ 15                         │
│ sky130_fd_sc_hd__a211oi                                                                                                         │ 11                         │
│ sky130_fd_sc_hd__a21bo                                                                                                          │ 17                         │
│ sky130_fd_sc_hd__a21boi                                                                                                         │ 4                          │
│ sky130_fd_sc_hd__a21o                                                                                                           │ 37                         │
│ sky130_fd_sc_hd__a21oi                                                                                                          │ 29                         │
│ sky130_fd_sc_hd__a221o                                                                                                          │ 1                          │
│ sky130_fd_sc_hd__a22o                                                                                                           │ 16                         │
│ sky130_fd_sc_hd__a22oi                                                                                                          │ 8                          │
│ sky130_fd_sc_hd__a2bb2o                                                                                                         │ 5                          │
│ sky130_fd_sc_hd__a311o                                                                                                          │ 1                          │
│ sky130_fd_sc_hd__a31o                                                                                                           │ 10                         │
│ sky130_fd_sc_hd__and2                                                                                                           │ 59                         │
│ sky130_fd_sc_hd__and2b                                                                                                          │ 12                         │
│ sky130_fd_sc_hd__and3                                                                                                           │ 25                         │
│ sky130_fd_sc_hd__and4                                                                                                           │ 13                         │
│ sky130_fd_sc_hd__and4b                                                                                                          │ 8                          │
│ sky130_fd_sc_hd__buf                                                                                                            │ 77                         │
│ sky130_fd_sc_hd__bufinv                                                                                                         │ 1                          │
│ sky130_fd_sc_hd__clkbuf                                                                                                         │ 48                         │
│ sky130_fd_sc_hd__clkinv                                                                                                         │ 2                          │
│ sky130_fd_sc_hd__clkinvlp                                                                                                       │ 1                          │
│ sky130_fd_sc_hd__conb                                                                                                           │ 1                          │
│ sky130_fd_sc_hd__decap                                                                                                          │ 931                        │
│ sky130_fd_sc_hd__dfxtp                                                                                                          │ 81                         │
│ sky130_fd_sc_hd__diode                                                                                                          │ 1                          │
│ sky130_fd_sc_hd__dlygate4sd1                                                                                                    │ 7                          │
│ sky130_fd_sc_hd__dlygate4sd3                                                                                                    │ 51                         │
│ sky130_fd_sc_hd__dlymetal6s2s                                                                                                   │ 9                          │
│ sky130_fd_sc_hd__dlymetal6s4s                                                                                                   │ 1                          │
│ sky130_fd_sc_hd__fill                                                                                                           │ 598                        │
│ sky130_fd_sc_hd__inv                                                                                                            │ 13                         │
│ sky130_fd_sc_hd__mux2                                                                                                           │ 21                         │
│ sky130_fd_sc_hd__nand2                                                                                                          │ 54                         │
│ sky130_fd_sc_hd__nand2b                                                                                                         │ 10                         │
│ sky130_fd_sc_hd__nand3                                                                                                          │ 26                         │
│ sky130_fd_sc_hd__nand3b                                                                                                         │ 1                          │
│ sky130_fd_sc_hd__nand4                                                                                                          │ 5                          │
│ sky130_fd_sc_hd__nor2                                                                                                           │ 34                         │
│ sky130_fd_sc_hd__nor3                                                                                                           │ 5                          │
│ sky130_fd_sc_hd__nor4                                                                                                           │ 1                          │
│ sky130_fd_sc_hd__o211a                                                                                                          │ 36                         │
│ sky130_fd_sc_hd__o211ai                                                                                                         │ 4                          │
│ sky130_fd_sc_hd__o21a                                                                                                           │ 8                          │
│ sky130_fd_sc_hd__o21ai                                                                                                          │ 30                         │
│ sky130_fd_sc_hd__o21ba                                                                                                          │ 3                          │
│ sky130_fd_sc_hd__o21bai                                                                                                         │ 9                          │
│ sky130_fd_sc_hd__o221a                                                                                                          │ 26                         │
│ sky130_fd_sc_hd__o2bb2a                                                                                                         │ 7                          │
│ sky130_fd_sc_hd__o31a                                                                                                           │ 1                          │
│ sky130_fd_sc_hd__o31ai                                                                                                          │ 1                          │
│ sky130_fd_sc_hd__o41a                                                                                                           │ 2                          │
│ sky130_fd_sc_hd__o41ai                                                                                                          │ 1                          │
│ sky130_fd_sc_hd__or2                                                                                                            │ 18                         │
│ sky130_fd_sc_hd__or3                                                                                                            │ 11                         │
│ sky130_fd_sc_hd__or3b                                                                                                           │ 5                          │
│ sky130_fd_sc_hd__or4                                                                                                            │ 4                          │
│ sky130_fd_sc_hd__or4b                                                                                                           │ 1                          │
│ sky130_fd_sc_hd__or4bb                                                                                                          │ 1                          │
│ sky130_fd_sc_hd__tapvpwrvgnd                                                                                                    │ 469                        │
│ sky130_fd_sc_hd__xnor2                                                                                                          │ 57                         │
│ sky130_fd_sc_hd__xor2                                                                                                           │ 27                         │
└─────────────────────────────────────────────────────────────────────────────────────────────────────────────────────────────────┴────────────────────────────┘
