
===========================================================================
report_checks -unconstrained
===========================================================================
======================= nom_ss_100C_1v60 Corner ===================================

Startpoint: _1425_ (rising edge-triggered flip-flop clocked by clk)
Endpoint: _1456_ (rising edge-triggered flip-flop clocked by clk)
Path Group: clk
Path Type: max

Fanout         Cap        Slew       Delay        Time   Description
---------------------------------------------------------------------------------------------
                      0.150000    0.000000    0.000000   clock clk (rise edge)
                                  0.000000    0.000000   clock network delay (ideal)
                      0.150000    0.000000    0.000000 ^ _1425_/CLK (sky130_fd_sc_hd__dfxtp_2)
    22    0.057334    0.252454    0.822904    0.822904 v _1425_/Q (sky130_fd_sc_hd__dfxtp_2)
                                                         core_b[0] (net)
                      0.252454    0.000000    0.822904 v _1019_/B (sky130_fd_sc_hd__and3_2)
     7    0.013639    0.122837    0.557341    1.380244 v _1019_/X (sky130_fd_sc_hd__and3_2)
                                                         _0351_ (net)
                      0.122837    0.000000    1.380244 v _1023_/A (sky130_fd_sc_hd__or4bb_2)
     2    0.006617    0.241989    1.541648    2.921893 v _1023_/X (sky130_fd_sc_hd__or4bb_2)
                                                         _0355_ (net)
                      0.241989    0.000000    2.921893 v _1026_/A2 (sky130_fd_sc_hd__a21o_2)
     3    0.008864    0.087818    0.481888    3.403781 v _1026_/X (sky130_fd_sc_hd__a21o_2)
                                                         _0358_ (net)
                      0.087818    0.000000    3.403781 v _1028_/A2 (sky130_fd_sc_hd__a21o_2)
     2    0.006617    0.077860    0.406525    3.810306 v _1028_/X (sky130_fd_sc_hd__a21o_2)
                                                         _0360_ (net)
                      0.077860    0.000000    3.810306 v _1031_/A2 (sky130_fd_sc_hd__a21o_2)
     3    0.010401    0.094028    0.421931    4.232237 v _1031_/X (sky130_fd_sc_hd__a21o_2)
                                                         _0363_ (net)
                      0.094028    0.000000    4.232237 v _1032_/C (sky130_fd_sc_hd__and3_2)
     3    0.008697    0.102413    0.481385    4.713622 v _1032_/X (sky130_fd_sc_hd__and3_2)
                                                         _0364_ (net)
                      0.102413    0.000000    4.713622 v _1037_/A1 (sky130_fd_sc_hd__o211a_2)
     2    0.005415    0.085788    0.511377    5.224999 v _1037_/X (sky130_fd_sc_hd__o211a_2)
                                                         _0369_ (net)
                      0.085788    0.000000    5.224999 v _1038_/C (sky130_fd_sc_hd__or3_2)
     4    0.011164    0.220773    1.065403    6.290402 v _1038_/X (sky130_fd_sc_hd__or3_2)
                                                         _0370_ (net)
                      0.220773    0.000000    6.290402 v _1082_/A2 (sky130_fd_sc_hd__a211o_2)
     3    0.006922    0.107083    0.704901    6.995303 v _1082_/X (sky130_fd_sc_hd__a211o_2)
                                                         _0413_ (net)
                      0.107083    0.000000    6.995303 v _1125_/D (sky130_fd_sc_hd__and4b_2)
     2    0.004528    0.088888    0.520115    7.515418 v _1125_/X (sky130_fd_sc_hd__and4b_2)
                                                         _0455_ (net)
                      0.088888    0.000000    7.515418 v _1196_/A2 (sky130_fd_sc_hd__a211o_2)
     3    0.008815    0.116197    0.664233    8.179651 v _1196_/X (sky130_fd_sc_hd__a211o_2)
                                                         _0524_ (net)
                      0.116197    0.000000    8.179651 v _1234_/A2 (sky130_fd_sc_hd__a31o_2)
     2    0.013049    0.112019    0.496496    8.676147 v _1234_/X (sky130_fd_sc_hd__a31o_2)
                                                         _0560_ (net)
                      0.112019    0.000000    8.676147 v _1247_/A (sky130_fd_sc_hd__nand2_2)
     1    0.002427    0.065886    0.092862    8.769009 ^ _1247_/Y (sky130_fd_sc_hd__nand2_2)
                                                         _0573_ (net)
                      0.065886    0.000000    8.769009 ^ _1266_/B1 (sky130_fd_sc_hd__o211a_2)
    36    0.179545    1.562343    1.454031   10.223040 ^ _1266_/X (sky130_fd_sc_hd__o211a_2)
                                                         _0591_ (net)
                      1.562343    0.000000   10.223040 ^ _1281_/B (sky130_fd_sc_hd__xnor2_2)
     3    0.010564    0.271987    0.516871   10.739910 v _1281_/Y (sky130_fd_sc_hd__xnor2_2)
                                                         _0604_ (net)
                      0.271987    0.000000   10.739910 v _1299_/B (sky130_fd_sc_hd__or4_2)
     1    0.002107    0.207338    1.559364   12.299274 v _1299_/X (sky130_fd_sc_hd__or4_2)
                                                         _0619_ (net)
                      0.207338    0.000000   12.299274 v _1300_/C1 (sky130_fd_sc_hd__a311o_2)
     2    0.003687    0.097923    0.635325   12.934600 v _1300_/X (sky130_fd_sc_hd__a311o_2)
                                                         _0620_ (net)
                      0.097923    0.000000   12.934600 v _1303_/A (sky130_fd_sc_hd__and2_2)
     2    0.005521    0.085096    0.379634   13.314234 v _1303_/X (sky130_fd_sc_hd__and2_2)
                                                         _0623_ (net)
                      0.085096    0.000000   13.314234 v _1304_/B (sky130_fd_sc_hd__or2_2)
     3    0.005219    0.128415    0.647875   13.962109 v _1304_/X (sky130_fd_sc_hd__or2_2)
                                                         _0624_ (net)
                      0.128415    0.000000   13.962109 v _1317_/B1 (sky130_fd_sc_hd__a2bb2o_2)
     2    0.010504    0.119662    0.580297   14.542405 v _1317_/X (sky130_fd_sc_hd__a2bb2o_2)
                                                         _0635_ (net)
                      0.119662    0.000000   14.542405 v _1322_/A2 (sky130_fd_sc_hd__o21a_2)
     1    0.008219    0.086697    0.408651   14.951056 v _1322_/X (sky130_fd_sc_hd__o21a_2)
                                                         _0639_ (net)
                      0.086697    0.000000   14.951056 v _1323_/B (sky130_fd_sc_hd__xnor2_2)
     1    0.004233    0.105760    0.238069   15.189125 v _1323_/Y (sky130_fd_sc_hd__xnor2_2)
                                                         _0640_ (net)
                      0.105760    0.000000   15.189125 v _1325_/A2 (sky130_fd_sc_hd__a211oi_2)
     1    0.001537    0.200159    0.332221   15.521346 ^ _1325_/Y (sky130_fd_sc_hd__a211oi_2)
                                                         _0072_ (net)
                      0.200159    0.000000   15.521346 ^ _1456_/D (sky130_fd_sc_hd__dfxtp_2)
                                             15.521346   data arrival time

                      0.150000   10.000000   10.000000   clock clk (rise edge)
                                  0.000000   10.000000   clock network delay (ideal)
                                 -0.250000    9.750000   clock uncertainty
                                  0.000000    9.750000   clock reconvergence pessimism
                                              9.750000 ^ _1456_/CLK (sky130_fd_sc_hd__dfxtp_2)
                                 -0.161188    9.588812   library setup time
                                              9.588812   data required time
---------------------------------------------------------------------------------------------
                                              9.588812   data required time
                                            -15.521346   data arrival time
---------------------------------------------------------------------------------------------
                                             -5.932535   slack (VIOLATED)




===========================================================================
report_checks --slack_max -0.01
============================================================================
======================= nom_ss_100C_1v60 Corner ===================================

Startpoint: _1425_ (rising edge-triggered flip-flop clocked by clk)
Endpoint: _1456_ (rising edge-triggered flip-flop clocked by clk)
Path Group: clk
Path Type: max

Fanout         Cap        Slew       Delay        Time   Description
---------------------------------------------------------------------------------------------
                      0.150000    0.000000    0.000000   clock clk (rise edge)
                                  0.000000    0.000000   clock network delay (ideal)
                      0.150000    0.000000    0.000000 ^ _1425_/CLK (sky130_fd_sc_hd__dfxtp_2)
    22    0.057334    0.252454    0.822904    0.822904 v _1425_/Q (sky130_fd_sc_hd__dfxtp_2)
                                                         core_b[0] (net)
                      0.252454    0.000000    0.822904 v _1019_/B (sky130_fd_sc_hd__and3_2)
     7    0.013639    0.122837    0.557341    1.380244 v _1019_/X (sky130_fd_sc_hd__and3_2)
                                                         _0351_ (net)
                      0.122837    0.000000    1.380244 v _1023_/A (sky130_fd_sc_hd__or4bb_2)
     2    0.006617    0.241989    1.541648    2.921893 v _1023_/X (sky130_fd_sc_hd__or4bb_2)
                                                         _0355_ (net)
                      0.241989    0.000000    2.921893 v _1026_/A2 (sky130_fd_sc_hd__a21o_2)
     3    0.008864    0.087818    0.481888    3.403781 v _1026_/X (sky130_fd_sc_hd__a21o_2)
                                                         _0358_ (net)
                      0.087818    0.000000    3.403781 v _1028_/A2 (sky130_fd_sc_hd__a21o_2)
     2    0.006617    0.077860    0.406525    3.810306 v _1028_/X (sky130_fd_sc_hd__a21o_2)
                                                         _0360_ (net)
                      0.077860    0.000000    3.810306 v _1031_/A2 (sky130_fd_sc_hd__a21o_2)
     3    0.010401    0.094028    0.421931    4.232237 v _1031_/X (sky130_fd_sc_hd__a21o_2)
                                                         _0363_ (net)
                      0.094028    0.000000    4.232237 v _1032_/C (sky130_fd_sc_hd__and3_2)
     3    0.008697    0.102413    0.481385    4.713622 v _1032_/X (sky130_fd_sc_hd__and3_2)
                                                         _0364_ (net)
                      0.102413    0.000000    4.713622 v _1037_/A1 (sky130_fd_sc_hd__o211a_2)
     2    0.005415    0.085788    0.511377    5.224999 v _1037_/X (sky130_fd_sc_hd__o211a_2)
                                                         _0369_ (net)
                      0.085788    0.000000    5.224999 v _1038_/C (sky130_fd_sc_hd__or3_2)
     4    0.011164    0.220773    1.065403    6.290402 v _1038_/X (sky130_fd_sc_hd__or3_2)
                                                         _0370_ (net)
                      0.220773    0.000000    6.290402 v _1082_/A2 (sky130_fd_sc_hd__a211o_2)
     3    0.006922    0.107083    0.704901    6.995303 v _1082_/X (sky130_fd_sc_hd__a211o_2)
                                                         _0413_ (net)
                      0.107083    0.000000    6.995303 v _1125_/D (sky130_fd_sc_hd__and4b_2)
     2    0.004528    0.088888    0.520115    7.515418 v _1125_/X (sky130_fd_sc_hd__and4b_2)
                                                         _0455_ (net)
                      0.088888    0.000000    7.515418 v _1196_/A2 (sky130_fd_sc_hd__a211o_2)
     3    0.008815    0.116197    0.664233    8.179651 v _1196_/X (sky130_fd_sc_hd__a211o_2)
                                                         _0524_ (net)
                      0.116197    0.000000    8.179651 v _1234_/A2 (sky130_fd_sc_hd__a31o_2)
     2    0.013049    0.112019    0.496496    8.676147 v _1234_/X (sky130_fd_sc_hd__a31o_2)
                                                         _0560_ (net)
                      0.112019    0.000000    8.676147 v _1247_/A (sky130_fd_sc_hd__nand2_2)
     1    0.002427    0.065886    0.092862    8.769009 ^ _1247_/Y (sky130_fd_sc_hd__nand2_2)
                                                         _0573_ (net)
                      0.065886    0.000000    8.769009 ^ _1266_/B1 (sky130_fd_sc_hd__o211a_2)
    36    0.179545    1.562343    1.454031   10.223040 ^ _1266_/X (sky130_fd_sc_hd__o211a_2)
                                                         _0591_ (net)
                      1.562343    0.000000   10.223040 ^ _1281_/B (sky130_fd_sc_hd__xnor2_2)
     3    0.010564    0.271987    0.516871   10.739910 v _1281_/Y (sky130_fd_sc_hd__xnor2_2)
                                                         _0604_ (net)
                      0.271987    0.000000   10.739910 v _1299_/B (sky130_fd_sc_hd__or4_2)
     1    0.002107    0.207338    1.559364   12.299274 v _1299_/X (sky130_fd_sc_hd__or4_2)
                                                         _0619_ (net)
                      0.207338    0.000000   12.299274 v _1300_/C1 (sky130_fd_sc_hd__a311o_2)
     2    0.003687    0.097923    0.635325   12.934600 v _1300_/X (sky130_fd_sc_hd__a311o_2)
                                                         _0620_ (net)
                      0.097923    0.000000   12.934600 v _1303_/A (sky130_fd_sc_hd__and2_2)
     2    0.005521    0.085096    0.379634   13.314234 v _1303_/X (sky130_fd_sc_hd__and2_2)
                                                         _0623_ (net)
                      0.085096    0.000000   13.314234 v _1304_/B (sky130_fd_sc_hd__or2_2)
     3    0.005219    0.128415    0.647875   13.962109 v _1304_/X (sky130_fd_sc_hd__or2_2)
                                                         _0624_ (net)
                      0.128415    0.000000   13.962109 v _1317_/B1 (sky130_fd_sc_hd__a2bb2o_2)
     2    0.010504    0.119662    0.580297   14.542405 v _1317_/X (sky130_fd_sc_hd__a2bb2o_2)
                                                         _0635_ (net)
                      0.119662    0.000000   14.542405 v _1322_/A2 (sky130_fd_sc_hd__o21a_2)
     1    0.008219    0.086697    0.408651   14.951056 v _1322_/X (sky130_fd_sc_hd__o21a_2)
                                                         _0639_ (net)
                      0.086697    0.000000   14.951056 v _1323_/B (sky130_fd_sc_hd__xnor2_2)
     1    0.004233    0.105760    0.238069   15.189125 v _1323_/Y (sky130_fd_sc_hd__xnor2_2)
                                                         _0640_ (net)
                      0.105760    0.000000   15.189125 v _1325_/A2 (sky130_fd_sc_hd__a211oi_2)
     1    0.001537    0.200159    0.332221   15.521346 ^ _1325_/Y (sky130_fd_sc_hd__a211oi_2)
                                                         _0072_ (net)
                      0.200159    0.000000   15.521346 ^ _1456_/D (sky130_fd_sc_hd__dfxtp_2)
                                             15.521346   data arrival time

                      0.150000   10.000000   10.000000   clock clk (rise edge)
                                  0.000000   10.000000   clock network delay (ideal)
                                 -0.250000    9.750000   clock uncertainty
                                  0.000000    9.750000   clock reconvergence pessimism
                                              9.750000 ^ _1456_/CLK (sky130_fd_sc_hd__dfxtp_2)
                                 -0.161188    9.588812   library setup time
                                              9.588812   data required time
---------------------------------------------------------------------------------------------
                                              9.588812   data required time
                                            -15.521346   data arrival time
---------------------------------------------------------------------------------------------
                                             -5.932535   slack (VIOLATED)




===========================================================================
 report_check_types -max_slew -max_cap -max_fanout -violators
============================================================================
======================= nom_ss_100C_1v60 Corner ===================================

max slew

Pin                                        Limit        Slew       Slack
------------------------------------------------------------------------
_0813_/A1                               0.750000    1.639183   -0.889183 (VIOLATED)
_0815_/A                                0.750000    1.639183   -0.889183 (VIOLATED)
_0824_/A                                0.750000    1.639183   -0.889183 (VIOLATED)
_0825_/A1                               0.750000    1.639183   -0.889183 (VIOLATED)
_0839_/A                                0.750000    1.639183   -0.889183 (VIOLATED)
_0840_/A1                               0.750000    1.639183   -0.889183 (VIOLATED)
_0859_/A                                0.750000    1.639183   -0.889183 (VIOLATED)
_0860_/A1                               0.750000    1.639183   -0.889183 (VIOLATED)
_0884_/S                                0.750000    1.639183   -0.889183 (VIOLATED)
_0917_/A                                0.750000    1.639183   -0.889183 (VIOLATED)
_0918_/A1                               0.750000    1.639183   -0.889183 (VIOLATED)
_0957_/A                                0.750000    1.639183   -0.889183 (VIOLATED)
_0958_/A1                               0.750000    1.639183   -0.889183 (VIOLATED)
_1002_/B1_N                             0.750000    1.639183   -0.889183 (VIOLATED)
_1003_/A1                               0.750000    1.639183   -0.889183 (VIOLATED)
_1049_/S                                0.750000    1.639183   -0.889183 (VIOLATED)
_1091_/B1                               0.750000    1.639183   -0.889183 (VIOLATED)
_1092_/A1                               0.750000    1.639183   -0.889183 (VIOLATED)
_1134_/A                                0.750000    1.639183   -0.889183 (VIOLATED)
_1135_/A1                               0.750000    1.639183   -0.889183 (VIOLATED)
_1167_/B1                               0.750000    1.639183   -0.889183 (VIOLATED)
_1168_/A1                               0.750000    1.639183   -0.889183 (VIOLATED)
_1202_/A                                0.750000    1.639183   -0.889183 (VIOLATED)
_1203_/A1                               0.750000    1.639183   -0.889183 (VIOLATED)
_1231_/A                                0.750000    1.639183   -0.889183 (VIOLATED)
_1232_/A1                               0.750000    1.639183   -0.889183 (VIOLATED)
_1259_/B1                               0.750000    1.639183   -0.889183 (VIOLATED)
_1260_/A1                               0.750000    1.639183   -0.889183 (VIOLATED)
_1271_/B1                               0.750000    1.639183   -0.889183 (VIOLATED)
_1272_/A1                               0.750000    1.639183   -0.889183 (VIOLATED)
_1279_/B1_N                             0.750000    1.639183   -0.889183 (VIOLATED)
_1280_/A1                               0.750000    1.639183   -0.889183 (VIOLATED)
_1283_/B1_N                             0.750000    1.639183   -0.889183 (VIOLATED)
_1285_/A1                               0.750000    1.639183   -0.889183 (VIOLATED)
_1291_/A                                0.750000    1.639183   -0.889183 (VIOLATED)
_1292_/A1                               0.750000    1.639183   -0.889183 (VIOLATED)
_1296_/A                                0.750000    1.639183   -0.889183 (VIOLATED)
_1297_/A1                               0.750000    1.639183   -0.889183 (VIOLATED)
_1306_/B1_N                             0.750000    1.639183   -0.889183 (VIOLATED)
_1307_/A1                               0.750000    1.639183   -0.889183 (VIOLATED)
_1310_/B1_N                             0.750000    1.639183   -0.889183 (VIOLATED)
_1312_/A1                               0.750000    1.639183   -0.889183 (VIOLATED)
_1319_/A                                0.750000    1.639183   -0.889183 (VIOLATED)
_1320_/A1                               0.750000    1.639183   -0.889183 (VIOLATED)
_1324_/A                                0.750000    1.639183   -0.889183 (VIOLATED)
_1325_/A1                               0.750000    1.639183   -0.889183 (VIOLATED)
_1332_/B1_N                             0.750000    1.639183   -0.889183 (VIOLATED)
_1333_/A1                               0.750000    1.639183   -0.889183 (VIOLATED)
_1337_/A                                0.750000    1.639183   -0.889183 (VIOLATED)
_1338_/A1                               0.750000    1.639183   -0.889183 (VIOLATED)
_1345_/A                                0.750000    1.639183   -0.889183 (VIOLATED)
_1346_/A1                               0.750000    1.639183   -0.889183 (VIOLATED)
_1350_/A                                0.750000    1.639183   -0.889183 (VIOLATED)
_1351_/A1                               0.750000    1.639183   -0.889183 (VIOLATED)
_1361_/A                                0.750000    1.639183   -0.889183 (VIOLATED)
_1362_/A1                               0.750000    1.639183   -0.889183 (VIOLATED)
_1366_/A                                0.750000    1.639183   -0.889183 (VIOLATED)
_1367_/A1                               0.750000    1.639183   -0.889183 (VIOLATED)
_1377_/A                                0.750000    1.639183   -0.889183 (VIOLATED)
_1378_/A1                               0.750000    1.639183   -0.889183 (VIOLATED)
_1381_/B1                               0.750000    1.639183   -0.889183 (VIOLATED)
_1382_/B                                0.750000    1.639183   -0.889183 (VIOLATED)
_1384_/Q                                0.750000    1.639183   -0.889183 (VIOLATED)
_1266_/X                                0.750000    1.562343   -0.812343 (VIOLATED)
_1267_/B                                0.750000    1.562343   -0.812343 (VIOLATED)
_1268_/B                                0.750000    1.562343   -0.812343 (VIOLATED)
_1273_/B                                0.750000    1.562343   -0.812343 (VIOLATED)
_1281_/B                                0.750000    1.562343   -0.812343 (VIOLATED)
_1282_/A2                               0.750000    1.562343   -0.812343 (VIOLATED)
_1286_/B                                0.750000    1.562343   -0.812343 (VIOLATED)
_1287_/B                                0.750000    1.562343   -0.812343 (VIOLATED)
_1288_/B1                               0.750000    1.562343   -0.812343 (VIOLATED)
_1289_/A2_N                             0.750000    1.562343   -0.812343 (VIOLATED)
_1293_/B                                0.750000    1.562343   -0.812343 (VIOLATED)
_1298_/B                                0.750000    1.562343   -0.812343 (VIOLATED)
_1301_/B1                               0.750000    1.562343   -0.812343 (VIOLATED)
_1308_/B                                0.750000    1.562343   -0.812343 (VIOLATED)
_1309_/A2                               0.750000    1.562343   -0.812343 (VIOLATED)
_1313_/B                                0.750000    1.562343   -0.812343 (VIOLATED)
_1314_/B                                0.750000    1.562343   -0.812343 (VIOLATED)
_1316_/B1                               0.750000    1.562343   -0.812343 (VIOLATED)
_1317_/A2_N                             0.750000    1.562343   -0.812343 (VIOLATED)
_1321_/B                                0.750000    1.562343   -0.812343 (VIOLATED)
_1326_/B                                0.750000    1.562343   -0.812343 (VIOLATED)
_1327_/B1                               0.750000    1.562343   -0.812343 (VIOLATED)
_1334_/B                                0.750000    1.562343   -0.812343 (VIOLATED)
_1335_/A2                               0.750000    1.562343   -0.812343 (VIOLATED)
_1339_/B                                0.750000    1.562343   -0.812343 (VIOLATED)
_1340_/B                                0.750000    1.562343   -0.812343 (VIOLATED)
_1342_/B1                               0.750000    1.562343   -0.812343 (VIOLATED)
_1343_/A2_N                             0.750000    1.562343   -0.812343 (VIOLATED)
_1347_/B                                0.750000    1.562343   -0.812343 (VIOLATED)
_1354_/B1                               0.750000    1.562343   -0.812343 (VIOLATED)
_1356_/B                                0.750000    1.562343   -0.812343 (VIOLATED)
_1357_/B                                0.750000    1.562343   -0.812343 (VIOLATED)
_1363_/B                                0.750000    1.562343   -0.812343 (VIOLATED)
_1368_/B                                0.750000    1.562343   -0.812343 (VIOLATED)
_1369_/B                                0.750000    1.562343   -0.812343 (VIOLATED)
_1373_/B1                               0.750000    1.562343   -0.812343 (VIOLATED)
_1379_/B                                0.750000    1.562343   -0.812343 (VIOLATED)
_0694_/Y                                0.750000    1.135152   -0.385151 (VIOLATED)
_0704_/A                                0.750000    1.135152   -0.385151 (VIOLATED)
_0706_/A                                0.750000    1.135152   -0.385151 (VIOLATED)
_0708_/A                                0.750000    1.135152   -0.385151 (VIOLATED)
_0710_/A                                0.750000    1.135152   -0.385151 (VIOLATED)
_0712_/A                                0.750000    1.135152   -0.385151 (VIOLATED)
_0714_/A                                0.750000    1.135152   -0.385151 (VIOLATED)
_0716_/A                                0.750000    1.135152   -0.385151 (VIOLATED)
_0718_/A                                0.750000    1.135152   -0.385151 (VIOLATED)
_0726_/C1                               0.750000    1.135152   -0.385151 (VIOLATED)
_0729_/C1                               0.750000    1.135152   -0.385151 (VIOLATED)
_0732_/C1                               0.750000    1.135152   -0.385151 (VIOLATED)
_0735_/C1                               0.750000    1.135152   -0.385151 (VIOLATED)
_0738_/C1                               0.750000    1.135152   -0.385151 (VIOLATED)
_0741_/C1                               0.750000    1.135152   -0.385151 (VIOLATED)
_0744_/C1                               0.750000    1.135152   -0.385151 (VIOLATED)
_0747_/C1                               0.750000    1.135152   -0.385151 (VIOLATED)
_0749_/C1                               0.750000    1.135152   -0.385151 (VIOLATED)
_0751_/C1                               0.750000    1.135152   -0.385151 (VIOLATED)
_0753_/C1                               0.750000    1.135152   -0.385151 (VIOLATED)
_0755_/C1                               0.750000    1.135152   -0.385151 (VIOLATED)
_0757_/C1                               0.750000    1.135152   -0.385151 (VIOLATED)
_0759_/C1                               0.750000    1.135152   -0.385151 (VIOLATED)
_0761_/C1                               0.750000    1.135152   -0.385151 (VIOLATED)
_0763_/C1                               0.750000    1.135152   -0.385151 (VIOLATED)
_0765_/C1                               0.750000    1.135152   -0.385151 (VIOLATED)
_0767_/C1                               0.750000    1.135152   -0.385151 (VIOLATED)
_0769_/C1                               0.750000    1.135152   -0.385151 (VIOLATED)
_0771_/C1                               0.750000    1.135152   -0.385151 (VIOLATED)
_0773_/C1                               0.750000    1.135152   -0.385151 (VIOLATED)
_0775_/C1                               0.750000    1.135152   -0.385151 (VIOLATED)
_0777_/C1                               0.750000    1.135152   -0.385151 (VIOLATED)
_0779_/C1                               0.750000    1.135152   -0.385151 (VIOLATED)
_0781_/C1                               0.750000    1.135152   -0.385151 (VIOLATED)
_0783_/C1                               0.750000    1.135152   -0.385151 (VIOLATED)
_0785_/C1                               0.750000    1.135152   -0.385151 (VIOLATED)
_0787_/C1                               0.750000    1.135152   -0.385151 (VIOLATED)
_0789_/C1                               0.750000    1.135152   -0.385151 (VIOLATED)
_0791_/C1                               0.750000    1.135152   -0.385151 (VIOLATED)
_0793_/C1                               0.750000    1.135152   -0.385151 (VIOLATED)
_0795_/C1                               0.750000    1.135152   -0.385151 (VIOLATED)
_0798_/A                                0.750000    1.135152   -0.385151 (VIOLATED)
_0800_/A                                0.750000    1.135152   -0.385151 (VIOLATED)
_0802_/A                                0.750000    1.135152   -0.385151 (VIOLATED)
_0804_/A                                0.750000    1.135152   -0.385151 (VIOLATED)
_0806_/A                                0.750000    1.135152   -0.385151 (VIOLATED)
_0808_/A                                0.750000    1.135152   -0.385151 (VIOLATED)
_0810_/A                                0.750000    1.135152   -0.385151 (VIOLATED)
_0812_/A                                0.750000    1.135152   -0.385151 (VIOLATED)
_0816_/A                                0.750000    1.135152   -0.385151 (VIOLATED)
_0825_/B1                               0.750000    1.135152   -0.385151 (VIOLATED)
_0840_/B1                               0.750000    1.135152   -0.385151 (VIOLATED)
_0860_/B1                               0.750000    1.135152   -0.385151 (VIOLATED)
_0885_/A                                0.750000    1.135152   -0.385151 (VIOLATED)
_0918_/B1                               0.750000    1.135152   -0.385151 (VIOLATED)
_0958_/B1                               0.750000    1.135152   -0.385151 (VIOLATED)
_1003_/B1                               0.750000    1.135152   -0.385151 (VIOLATED)
_1050_/A                                0.750000    1.135152   -0.385151 (VIOLATED)
_1092_/B1                               0.750000    1.135152   -0.385151 (VIOLATED)
_1135_/B1                               0.750000    1.135152   -0.385151 (VIOLATED)
_1168_/B1                               0.750000    1.135152   -0.385151 (VIOLATED)
_1203_/B1                               0.750000    1.135152   -0.385151 (VIOLATED)
_1232_/B1                               0.750000    1.135152   -0.385151 (VIOLATED)
_1260_/B1                               0.750000    1.135152   -0.385151 (VIOLATED)
_1272_/C1                               0.750000    1.135152   -0.385151 (VIOLATED)
_1280_/B1                               0.750000    1.135152   -0.385151 (VIOLATED)
_1285_/B1                               0.750000    1.135152   -0.385151 (VIOLATED)
_1292_/B1                               0.750000    1.135152   -0.385151 (VIOLATED)
_1297_/B1                               0.750000    1.135152   -0.385151 (VIOLATED)
_1307_/B1                               0.750000    1.135152   -0.385151 (VIOLATED)
_1312_/B1                               0.750000    1.135152   -0.385151 (VIOLATED)
_1320_/B1                               0.750000    1.135152   -0.385151 (VIOLATED)
_1333_/B1                               0.750000    1.135152   -0.385151 (VIOLATED)
_1346_/B1                               0.750000    1.135152   -0.385151 (VIOLATED)
_1362_/B1                               0.750000    1.135152   -0.385151 (VIOLATED)
_0701_/Y                                0.750000    0.956574   -0.206574 (VIOLATED)
_0702_/C                                0.750000    0.956574   -0.206574 (VIOLATED)
_0724_/A2                               0.750000    0.956574   -0.206574 (VIOLATED)
_0727_/A2                               0.750000    0.956574   -0.206574 (VIOLATED)
_0730_/A2                               0.750000    0.956574   -0.206574 (VIOLATED)
_0734_/A2                               0.750000    0.956574   -0.206574 (VIOLATED)
_0736_/A2                               0.750000    0.956574   -0.206574 (VIOLATED)
_0739_/A2                               0.750000    0.956574   -0.206574 (VIOLATED)
_0742_/A2                               0.750000    0.956574   -0.206574 (VIOLATED)
_0746_/A2                               0.750000    0.956574   -0.206574 (VIOLATED)
_0723_/Y                                0.750000    0.948853   -0.198853 (VIOLATED)
_0724_/B1                               0.750000    0.948853   -0.198853 (VIOLATED)
_0728_/A2                               0.750000    0.948853   -0.198853 (VIOLATED)
_0731_/A2                               0.750000    0.948853   -0.198853 (VIOLATED)
_0733_/B1                               0.750000    0.948853   -0.198853 (VIOLATED)
_0737_/A2                               0.750000    0.948853   -0.198853 (VIOLATED)
_0740_/A2                               0.750000    0.948853   -0.198853 (VIOLATED)
_0743_/A2                               0.750000    0.948853   -0.198853 (VIOLATED)
_0745_/B                                0.750000    0.948853   -0.198853 (VIOLATED)
_0748_/B                                0.750000    0.948853   -0.198853 (VIOLATED)
_0750_/B                                0.750000    0.948853   -0.198853 (VIOLATED)
_0752_/B                                0.750000    0.948853   -0.198853 (VIOLATED)
_0754_/B                                0.750000    0.948853   -0.198853 (VIOLATED)
_0756_/B                                0.750000    0.948853   -0.198853 (VIOLATED)
_0758_/B                                0.750000    0.948853   -0.198853 (VIOLATED)
_0760_/B                                0.750000    0.948853   -0.198853 (VIOLATED)
_0762_/B                                0.750000    0.948853   -0.198853 (VIOLATED)
_0764_/B                                0.750000    0.948853   -0.198853 (VIOLATED)
_0766_/B                                0.750000    0.948853   -0.198853 (VIOLATED)
_0768_/B                                0.750000    0.948853   -0.198853 (VIOLATED)
_0770_/B                                0.750000    0.948853   -0.198853 (VIOLATED)
_0772_/B                                0.750000    0.948853   -0.198853 (VIOLATED)
_0774_/B                                0.750000    0.948853   -0.198853 (VIOLATED)
_0776_/B                                0.750000    0.948853   -0.198853 (VIOLATED)
_0778_/B                                0.750000    0.948853   -0.198853 (VIOLATED)
_0780_/B                                0.750000    0.948853   -0.198853 (VIOLATED)
_0782_/B                                0.750000    0.948853   -0.198853 (VIOLATED)
_0784_/B                                0.750000    0.948853   -0.198853 (VIOLATED)
_0786_/B                                0.750000    0.948853   -0.198853 (VIOLATED)
_0788_/B                                0.750000    0.948853   -0.198853 (VIOLATED)
_0790_/B                                0.750000    0.948853   -0.198853 (VIOLATED)
_0792_/B                                0.750000    0.948853   -0.198853 (VIOLATED)
_0794_/B                                0.750000    0.948853   -0.198853 (VIOLATED)

max fanout

Pin                                   Limit Fanout  Slack
---------------------------------------------------------
_0694_/Y                                 10     74    -64 (VIOLATED)
_1384_/Q                                 10     62    -52 (VIOLATED)
_1266_/X                                 10     36    -26 (VIOLATED)
_0721_/X                                 10     32    -22 (VIOLATED)
_0723_/Y                                 10     32    -22 (VIOLATED)
_0746_/X                                 10     25    -15 (VIOLATED)
_1425_/Q                                 10     22    -12 (VIOLATED)
_1428_/Q                                 10     21    -11 (VIOLATED)
_1426_/Q                                 10     19     -9 (VIOLATED)
_1431_/Q                                 10     19     -9 (VIOLATED)
_1386_/Q                                 10     18     -8 (VIOLATED)
_1390_/Q                                 10     18     -8 (VIOLATED)
_1391_/Q                                 10     18     -8 (VIOLATED)
_1392_/Q                                 10     18     -8 (VIOLATED)
_1429_/Q                                 10     18     -8 (VIOLATED)
_1430_/Q                                 10     18     -8 (VIOLATED)
_1385_/Q                                 10     17     -7 (VIOLATED)
_1387_/Q                                 10     17     -7 (VIOLATED)
_1389_/Q                                 10     17     -7 (VIOLATED)
_1427_/Q                                 10     17     -7 (VIOLATED)
_1388_/Q                                 10     16     -6 (VIOLATED)
_1432_/Q                                 10     13     -3 (VIOLATED)

max capacitance

Pin                                        Limit         Cap       Slack
------------------------------------------------------------------------
_1384_/Q                                0.191355    0.209791   -0.018436 (VIOLATED)
_1266_/X                                0.172129    0.179545   -0.007416 (VIOLATED)



===========================================================================
report_parasitic_annotation -report_unannotated
============================================================================
Found 819 unannotated drivers.
 addr[0]
 addr[1]
 addr[2]
 addr[3]
 addr[4]
 addr[5]
 addr[6]
 addr[7]
 clk
 rst
 valid
 wdata[0]
 wdata[10]
 wdata[11]
 wdata[12]
 wdata[13]
 wdata[14]
 wdata[15]
 wdata[16]
 wdata[17]
 wdata[18]
 wdata[19]
 wdata[1]
 wdata[20]
 wdata[21]
 wdata[22]
 wdata[23]
 wdata[24]
 wdata[25]
 wdata[26]
 wdata[27]
 wdata[28]
 wdata[29]
 wdata[2]
 wdata[30]
 wdata[31]
 wdata[3]
 wdata[4]
 wdata[5]
 wdata[6]
 wdata[7]
 wdata[8]
 wdata[9]
 write
 _0692_/Y
 _0693_/Y
 _0694_/Y
 _0695_/X
 _0696_/X
 _0697_/X
 _0698_/X
 _0699_/Y
 _0700_/X
 _0701_/Y
 _0702_/X
 _0703_/X
 _0704_/X
 _0705_/X
 _0706_/X
 _0707_/X
 _0708_/X
 _0709_/X
 _0710_/X
 _0711_/X
 _0712_/X
 _0713_/X
 _0714_/X
 _0715_/X
 _0716_/X
 _0717_/X
 _0718_/X
 _0719_/X
 _0720_/Y
 _0721_/X
 _0722_/Y
 _0723_/Y
 _0724_/X
 _0725_/X
 _0726_/X
 _0727_/X
 _0728_/X
 _0729_/X
 _0730_/X
 _0731_/X
 _0732_/X
 _0733_/X
 _0734_/X
 _0735_/X
 _0736_/X
 _0737_/X
 _0738_/X
 _0739_/X
 _0740_/X
 _0741_/X
 _0742_/X
 _0743_/X
 _0744_/X
 _0745_/X
 _0746_/X
 _0747_/X
 _0748_/X
 _0749_/X
 _0750_/X
 _0751_/X
 _0752_/X
 _0753_/X
 _0754_/X
 _0755_/X
 _0756_/X
 _0757_/X
 _0758_/X
 _0759_/X
 _0760_/X
 _0761_/X
 _0762_/X
 _0763_/X
 _0764_/X
 _0765_/X
 _0766_/X
 _0767_/X
 _0768_/X
 _0769_/X
 _0770_/X
 _0771_/X
 _0772_/X
 _0773_/X
 _0774_/X
 _0775_/X
 _0776_/X
 _0777_/X
 _0778_/X
 _0779_/X
 _0780_/X
 _0781_/X
 _0782_/X
 _0783_/X
 _0784_/X
 _0785_/X
 _0786_/X
 _0787_/X
 _0788_/X
 _0789_/X
 _0790_/X
 _0791_/X
 _0792_/X
 _0793_/X
 _0794_/X
 _0795_/X
 _0796_/X
 _0797_/X
 _0798_/X
 _0799_/X
 _0800_/X
 _0801_/X
 _0802_/X
 _0803_/X
 _0804_/X
 _0805_/X
 _0806_/X
 _0807_/X
 _0808_/X
 _0809_/X
 _0810_/X
 _0811_/X
 _0812_/X
 _0813_/X
 _0814_/X
 _0815_/Y
 _0816_/X
 _0817_/X
 _0818_/X
 _0819_/Y
 _0820_/X
 _0821_/Y
 _0822_/Y
 _0823_/Y
 _0824_/Y
 _0825_/X
 _0826_/Y
 _0827_/X
 _0828_/Y
 _0829_/X
 _0830_/Y
 _0831_/X
 _0832_/Y
 _0833_/Y
 _0834_/Y
 _0835_/X
 _0836_/Y
 _0837_/Y
 _0838_/Y
 _0839_/Y
 _0840_/X
 _0841_/Y
 _0842_/X
 _0843_/Y
 _0844_/X
 _0845_/Y
 _0846_/Y
 _0847_/Y
 _0848_/X
 _0849_/Y
 _0850_/X
 _0851_/X
 _0852_/Y
 _0853_/Y
 _0854_/Y
 _0855_/X
 _0856_/Y
 _0857_/Y
 _0858_/X
 _0859_/Y
 _0860_/X
 _0861_/Y
 _0862_/X
 _0863_/Y
 _0864_/Y
 _0865_/X
 _0866_/Y
 _0867_/X
 _0868_/Y
 _0869_/Y
 _0870_/Y
 _0871_/X
 _0872_/Y
 _0873_/X
 _0874_/Y
 _0875_/X
 _0876_/Y
 _0877_/X
 _0878_/Y
 _0879_/X
 _0880_/X
 _0881_/Y
 _0882_/X
 _0883_/Y
 _0884_/X
 _0885_/X
 _0886_/X
 _0887_/Y
 _0888_/X
 _0889_/Y
 _0890_/Y
 _0891_/X
 _0892_/Y
 _0893_/X
 _0894_/Y
 _0895_/X
 _0896_/Y
 _0897_/Y
 _0898_/Y
 _0899_/X
 _0900_/Y
 _0901_/X
 _0902_/X
 _0903_/Y
 _0904_/X
 _0905_/Y
 _0906_/X
 _0907_/Y
 _0908_/Y
 _0909_/Y
 _0910_/Y
 _0911_/X
 _0912_/X
 _0913_/X
 _0914_/Y
 _0915_/X
 _0916_/X
 _0917_/Y
 _0918_/X
 _0919_/X
 _0920_/Y
 _0921_/Y
 _0922_/Y
 _0923_/Y
 _0924_/X
 _0925_/X
 _0926_/X
 _0927_/Y
 _0928_/Y
 _0929_/Y
 _0930_/X
 _0931_/Y
 _0932_/Y
 _0933_/X
 _0934_/Y
 _0935_/Y
 _0936_/Y
 _0937_/X
 _0938_/Y
 _0939_/X
 _0940_/X
 _0941_/Y
 _0942_/X
 _0943_/X
 _0944_/Y
 _0945_/Y
 _0946_/Y
 _0947_/X
 _0948_/X
 _0949_/Y
 _0950_/X
 _0951_/Y
 _0952_/X
 _0953_/X
 _0954_/X
 _0955_/X
 _0956_/Y
 _0957_/Y
 _0958_/X
 _0959_/X
 _0960_/X
 _0961_/X
 _0962_/Y
 _0963_/X
 _0964_/X
 _0965_/X
 _0966_/Y
 _0967_/Y
 _0968_/X
 _0969_/Y
 _0970_/X
 _0971_/Y
 _0972_/X
 _0973_/Y
 _0974_/X
 _0975_/X
 _0976_/Y
 _0977_/Y
 _0978_/X
 _0979_/Y
 _0980_/X
 _0981_/X
 _0982_/Y
 _0983_/X
 _0984_/X
 _0985_/Y
 _0986_/Y
 _0987_/X
 _0988_/Y
 _0989_/Y
 _0990_/X
 _0991_/Y
 _0992_/X
 _0993_/Y
 _0994_/X
 _0995_/Y
 _0996_/X
 _0997_/X
 _0998_/Y
 _0999_/Y
 _1000_/X
 _1001_/Y
 _1002_/X
 _1003_/X
 _1004_/X
 _1005_/Y
 _1006_/Y
 _1007_/X
 _1008_/X
 _1009_/X
 _1010_/Y
 _1011_/Y
 _1012_/Y
 _1013_/Y
 _1014_/Y
 _1015_/X
 _1016_/X
 _1017_/X
 _1018_/Y
 _1019_/X
 _1020_/Y
 _1021_/X
 _1022_/X
 _1023_/X
 _1024_/Y
 _1025_/Y
 _1026_/X
 _1027_/Y
 _1028_/X
 _1029_/X
 _1030_/Y
 _1031_/X
 _1032_/X
 _1033_/Y
 _1034_/Y
 _1035_/Y
 _1036_/X
 _1037_/X
 _1038_/X
 _1039_/Y
 _1040_/X
 _1041_/X
 _1042_/X
 _1043_/X
 _1044_/X
 _1045_/X
 _1046_/Y
 _1047_/Y
 _1048_/Y
 _1049_/X
 _1050_/X
 _1051_/Y
 _1052_/X
 _1053_/X
 _1054_/X
 _1055_/Y
 _1056_/X
 _1057_/X
 _1058_/X
 _1059_/Y
 _1060_/X
 _1061_/X
 _1062_/X
 _1063_/Y
 _1064_/X
 _1065_/X
 _1066_/X
 _1067_/X
 _1068_/Y
 _1069_/X
 _1070_/X
 _1071_/Y
 _1072_/X
 _1073_/X
 _1074_/Y
 _1075_/X
 _1076_/Y
 _1077_/Y
 _1078_/X
 _1079_/Y
 _1080_/X
 _1081_/Y
 _1082_/X
 _1083_/Y
 _1084_/X
 _1085_/Y
 _1086_/Y
 _1087_/Y
 _1088_/Y
 _1089_/X
 _1090_/Y
 _1091_/Y
 _1092_/X
 _1093_/Y
 _1094_/X
 _1095_/X
 _1096_/X
 _1097_/Y
 _1098_/X
 _1099_/X
 _1100_/Y
 _1101_/Y
 _1102_/Y
 _1103_/X
 _1104_/X
 _1105_/Y
 _1106_/Y
 _1107_/Y
 _1108_/X
 _1109_/Y
 _1110_/Y
 _1111_/Y
 _1112_/Y
 _1113_/X
 _1114_/Y
 _1115_/Y
 _1116_/Y
 _1117_/Y
 _1118_/Y
 _1119_/Y
 _1120_/Y
 _1121_/X
 _1122_/X
 _1123_/Y
 _1124_/Y
 _1125_/X
 _1126_/X
 _1127_/X
 _1128_/Y
 _1129_/Y
 _1130_/Y
 _1131_/X
 _1132_/X
 _1133_/Y
 _1134_/Y
 _1135_/X
 _1136_/X
 _1137_/Y
 _1138_/X
 _1139_/X
 _1140_/Y
 _1141_/X
 _1142_/Y
 _1143_/Y
 _1144_/X
 _1145_/X
 _1146_/Y
 _1147_/X
 _1148_/Y
 _1149_/Y
 _1150_/Y
 _1151_/Y
 _1152_/X
 _1153_/X
 _1154_/Y
 _1155_/X
 _1156_/X
 _1157_/Y
 _1158_/Y
 _1159_/Y
 _1160_/Y
 _1161_/X
 _1162_/Y
 _1163_/X
 _1164_/Y
 _1165_/Y
 _1166_/X
 _1167_/Y
 _1168_/X
 _1169_/Y
 _1170_/X
 _1171_/Y
 _1172_/Y
 _1173_/X
 _1174_/Y
 _1175_/X
 _1176_/Y
 _1177_/X
 _1178_/X
 _1179_/X
 _1180_/Y
 _1181_/X
 _1182_/X
 _1183_/Y
 _1184_/Y
 _1185_/Y
 _1186_/Y
 _1187_/X
 _1188_/Y
 _1189_/Y
 _1190_/X
 _1191_/X
 _1192_/X
 _1193_/Y
 _1194_/X
 _1195_/X
 _1196_/X
 _1197_/Y
 _1198_/Y
 _1199_/X
 _1200_/Y
 _1201_/Y
 _1202_/Y
 _1203_/X
 _1204_/X
 _1205_/Y
 _1206_/Y
 _1207_/Y
 _1208_/Y
 _1209_/X
 _1210_/X
 _1211_/Y
 _1212_/Y
 _1213_/X
 _1214_/Y
 _1215_/Y
 _1216_/Y
 _1217_/Y
 _1218_/X
 _1219_/Y
 _1220_/Y
 _1221_/X
 _1222_/Y
 _1223_/X
 _1224_/Y
 _1225_/X
 _1226_/X
 _1227_/X
 _1228_/X
 _1229_/Y
 _1230_/Y
 _1231_/Y
 _1232_/X
 _1233_/X
 _1234_/X
 _1235_/X
 _1236_/X
 _1237_/X
 _1238_/Y
 _1239_/X
 _1240_/X
 _1241_/X
 _1242_/X
 _1243_/X
 _1244_/Y
 _1245_/X
 _1246_/X
 _1247_/Y
 _1248_/X
 _1249_/Y
 _1250_/Y
 _1251_/Y
 _1252_/X
 _1253_/X
 _1254_/Y
 _1255_/X
 _1256_/Y
 _1257_/Y
 _1258_/X
 _1259_/Y
 _1260_/X
 _1261_/Y
 _1262_/X
 _1263_/X
 _1264_/X
 _1265_/X
 _1266_/X
 _1267_/Y
 _1268_/X
 _1269_/X
 _1270_/X
 _1271_/Y
 _1272_/X
 _1273_/Y
 _1274_/X
 _1275_/X
 _1276_/X
 _1277_/X
 _1278_/Y
 _1279_/X
 _1280_/X
 _1281_/Y
 _1282_/X
 _1283_/Y
 _1284_/Y
 _1285_/X
 _1286_/Y
 _1287_/Y
 _1288_/Y
 _1289_/X
 _1290_/Y
 _1291_/Y
 _1292_/X
 _1293_/Y
 _1294_/X
 _1295_/Y
 _1296_/Y
 _1297_/X
 _1298_/Y
 _1299_/X
 _1300_/X
 _1301_/X
 _1302_/Y
 _1303_/X
 _1304_/X
 _1305_/Y
 _1306_/X
 _1307_/X
 _1308_/Y
 _1309_/X
 _1310_/Y
 _1311_/Y
 _1312_/X
 _1313_/X
 _1314_/Y
 _1315_/Y
 _1316_/Y
 _1317_/X
 _1318_/Y
 _1319_/Y
 _1320_/X
 _1321_/Y
 _1322_/X
 _1323_/Y
 _1324_/Y
 _1325_/Y
 _1326_/Y
 _1327_/Y
 _1328_/X
 _1329_/X
 _1330_/X
 _1331_/Y
 _1332_/X
 _1333_/X
 _1334_/Y
 _1335_/Y
 _1336_/Y
 _1337_/Y
 _1338_/Y
 _1339_/X
 _1340_/Y
 _1341_/Y
 _1342_/Y
 _1343_/X
 _1344_/Y
 _1345_/Y
 _1346_/X
 _1347_/Y
 _1348_/Y
 _1349_/X
 _1350_/Y
 _1351_/Y
 _1352_/X
 _1353_/Y
 _1354_/X
 _1355_/Y
 _1356_/X
 _1357_/Y
 _1358_/X
 _1359_/Y
 _1360_/Y
 _1361_/Y
 _1362_/X
 _1363_/X
 _1364_/X
 _1365_/X
 _1366_/Y
 _1367_/Y
 _1368_/Y
 _1369_/X
 _1370_/Y
 _1371_/Y
 _1372_/Y
 _1373_/Y
 _1374_/Y
 _1375_/X
 _1376_/X
 _1377_/Y
 _1378_/Y
 _1379_/Y
 _1380_/Y
 _1381_/X
 _1382_/Y
 _1383_/Y
 _1384_/Q
 _1385_/Q
 _1386_/Q
 _1387_/Q
 _1388_/Q
 _1389_/Q
 _1390_/Q
 _1391_/Q
 _1392_/Q
 _1393_/Q
 _1394_/Q
 _1395_/Q
 _1396_/Q
 _1397_/Q
 _1398_/Q
 _1399_/Q
 _1400_/Q
 _1401_/Q
 _1402_/Q
 _1403_/Q
 _1404_/Q
 _1405_/Q
 _1406_/Q
 _1407_/Q
 _1408_/Q
 _1409_/Q
 _1410_/Q
 _1411_/Q
 _1412_/Q
 _1413_/Q
 _1414_/Q
 _1415_/Q
 _1416_/Q
 _1417_/Q
 _1418_/Q
 _1419_/Q
 _1420_/Q
 _1421_/Q
 _1422_/Q
 _1423_/Q
 _1424_/Q
 _1425_/Q
 _1426_/Q
 _1427_/Q
 _1428_/Q
 _1429_/Q
 _1430_/Q
 _1431_/Q
 _1432_/Q
 _1433_/Q
 _1434_/Q
 _1435_/Q
 _1436_/Q
 _1437_/Q
 _1438_/Q
 _1439_/Q
 _1440_/Q
 _1441_/Q
 _1442_/Q
 _1443_/Q
 _1444_/Q
 _1445_/Q
 _1446_/Q
 _1447_/Q
 _1448_/Q
 _1449_/Q
 _1450_/Q
 _1451_/Q
 _1452_/Q
 _1453_/Q
 _1454_/Q
 _1455_/Q
 _1456_/Q
 _1457_/Q
 _1458_/Q
 _1459_/Q
 _1460_/Q
 _1461_/Q
 _1462_/Q
 _1463_/Q
 _1464_/Q
 _1465_/HI
 _1465_/LO
Found 0 partially unannotated drivers.

===========================================================================
max slew violation count 218
max fanout violation count 22
max cap violation count 2
============================================================================

===========================================================================
check_setup -verbose -unconstrained_endpoints -multiple_clock -no_clock -no_input_delay -loops -generated_clocks
===========================================================================
Warning: There is 1 unconstrained endpoint.
  ready
