
===========================================================================
report_checks -unconstrained
===========================================================================
======================= max_tt_025C_1v80 Corner ===================================

Startpoint: _1425_ (rising edge-triggered flip-flop clocked by clk)
Endpoint: _1462_ (rising edge-triggered flip-flop clocked by clk)
Path Group: clk
Path Type: max

Fanout         Cap        Slew       Delay        Time   Description
---------------------------------------------------------------------------------------------
                                  0.000000    0.000000   clock clk (rise edge)
                                  0.000000    0.000000   clock source latency
     1    0.026922    0.126665    0.088260    0.088260 ^ clk (in)
                                                         clk (net)
                      0.126709    0.000000    0.088260 ^ clkbuf_0_clk/A (sky130_fd_sc_hd__clkbuf_16)
     8    0.109934    0.124498    0.217045    0.305305 ^ clkbuf_0_clk/X (sky130_fd_sc_hd__clkbuf_16)
                                                         clknet_0_clk (net)
                      0.127394    0.014961    0.320266 ^ clkbuf_3_1__f_clk/A (sky130_fd_sc_hd__clkbuf_16)
    13    0.049398    0.068532    0.177150    0.497416 ^ clkbuf_3_1__f_clk/X (sky130_fd_sc_hd__clkbuf_16)
                                                         clknet_3_1__leaf_clk (net)
                      0.068776    0.003127    0.500543 ^ _1425_/CLK (sky130_fd_sc_hd__dfxtp_4)
     3    0.012261    0.040715    0.352157    0.852700 v _1425_/Q (sky130_fd_sc_hd__dfxtp_4)
                                                         core_b[0] (net)
                      0.040719    0.000797    0.853497 v fanout79/A (sky130_fd_sc_hd__buf_8)
     5    0.022306    0.032155    0.122955    0.976452 v fanout79/X (sky130_fd_sc_hd__buf_8)
                                                         net79 (net)
                      0.032282    0.001621    0.978073 v _1019_/C (sky130_fd_sc_hd__and3_4)
     5    0.011228    0.041300    0.180857    1.158929 v _1019_/X (sky130_fd_sc_hd__and3_4)
                                                         _0351_ (net)
                      0.041308    0.000544    1.159473 v rebuffer13/A (sky130_fd_sc_hd__dlymetal6s4s_1)
     2    0.003847    0.043035    0.249943    1.409416 v rebuffer13/X (sky130_fd_sc_hd__dlymetal6s4s_1)
                                                         net129 (net)
                      0.043035    0.000136    1.409552 v _1065_/A1_N (sky130_fd_sc_hd__a2bb2o_1)
     1    0.003695    0.051540    0.252578    1.662129 ^ _1065_/X (sky130_fd_sc_hd__a2bb2o_1)
                                                         _0396_ (net)
                      0.051541    0.000281    1.662410 ^ _1069_/A1 (sky130_fd_sc_hd__a21o_1)
     3    0.014968    0.135844    0.173852    1.836263 ^ _1069_/X (sky130_fd_sc_hd__a21o_1)
                                                         _0400_ (net)
                      0.135904    0.001180    1.837442 ^ rebuffer3/A (sky130_fd_sc_hd__dlymetal6s2s_1)
     1    0.002499    0.054455    0.122679    1.960121 ^ rebuffer3/X (sky130_fd_sc_hd__dlymetal6s2s_1)
                                                         net119 (net)
                      0.054455    0.000161    1.960282 ^ rebuffer2/A (sky130_fd_sc_hd__dlymetal6s2s_1)
     1    0.002809    0.056424    0.099865    2.060147 ^ rebuffer2/X (sky130_fd_sc_hd__dlymetal6s2s_1)
                                                         net118 (net)
                      0.056426    0.000133    2.060279 ^ _1071_/A2 (sky130_fd_sc_hd__a21oi_1)
     2    0.005803    0.090326    0.077955    2.138234 v _1071_/Y (sky130_fd_sc_hd__a21oi_1)
                                                         _0402_ (net)
                      0.090326    0.000389    2.138624 v _1073_/B (sky130_fd_sc_hd__or3b_4)
     3    0.009021    0.074842    0.395957    2.534581 v _1073_/X (sky130_fd_sc_hd__or3b_4)
                                                         _0404_ (net)
                      0.074842    0.000590    2.535171 v _1075_/B (sky130_fd_sc_hd__and3_4)
     2    0.013972    0.045331    0.193992    2.729163 v _1075_/X (sky130_fd_sc_hd__and3_4)
                                                         _0406_ (net)
                      0.045346    0.000785    2.729948 v _1078_/A2 (sky130_fd_sc_hd__o211a_1)
     2    0.009154    0.066941    0.233039    2.962987 v _1078_/X (sky130_fd_sc_hd__o211a_1)
                                                         _0409_ (net)
                      0.066945    0.000609    2.963597 v _1079_/C1 (sky130_fd_sc_hd__a211oi_2)
     5    0.017166    0.354231    0.307244    3.270841 ^ _1079_/Y (sky130_fd_sc_hd__a211oi_2)
                                                         _0410_ (net)
                      0.354233    0.000677    3.271518 ^ _1082_/B1 (sky130_fd_sc_hd__a211o_1)
     3    0.008577    0.085780    0.189688    3.461206 ^ _1082_/X (sky130_fd_sc_hd__a211o_1)
                                                         _0413_ (net)
                      0.085780    0.000442    3.461648 ^ _1126_/B1_N (sky130_fd_sc_hd__a21bo_1)
     2    0.005877    0.047685    0.217271    3.678919 v _1126_/X (sky130_fd_sc_hd__a21bo_1)
                                                         _0456_ (net)
                      0.047685    0.000220    3.679139 v _1196_/B1 (sky130_fd_sc_hd__a211o_1)
     2    0.009841    0.079543    0.304004    3.983143 v _1196_/X (sky130_fd_sc_hd__a211o_1)
                                                         _0524_ (net)
                      0.079548    0.000718    3.983860 v _1234_/A1 (sky130_fd_sc_hd__a31o_1)
     2    0.009508    0.065483    0.215824    4.199684 v _1234_/X (sky130_fd_sc_hd__a31o_1)
                                                         _0560_ (net)
                      0.065486    0.000508    4.200192 v _1247_/A (sky130_fd_sc_hd__nand2_2)
     1    0.005854    0.057743    0.066854    4.267045 ^ _1247_/Y (sky130_fd_sc_hd__nand2_2)
                                                         _0573_ (net)
                      0.057743    0.000278    4.267323 ^ _1266_/B1 (sky130_fd_sc_hd__o211a_4)
     6    0.042946    0.145053    0.236434    4.503757 ^ _1266_/X (sky130_fd_sc_hd__o211a_4)
                                                         _0591_ (net)
                      0.145519    0.006176    4.509932 ^ fanout53/A (sky130_fd_sc_hd__buf_4)
    10    0.053591    0.153036    0.224415    4.734347 ^ fanout53/X (sky130_fd_sc_hd__buf_4)
                                                         net53 (net)
                      0.153358    0.005743    4.740090 ^ _1293_/B (sky130_fd_sc_hd__xnor2_1)
     2    0.009320    0.093954    0.121554    4.861644 v _1293_/Y (sky130_fd_sc_hd__xnor2_1)
                                                         _0614_ (net)
                      0.093954    0.000465    4.862109 v _1299_/D (sky130_fd_sc_hd__or4_4)
     1    0.003592    0.080969    0.419301    5.281411 v _1299_/X (sky130_fd_sc_hd__or4_4)
                                                         _0619_ (net)
                      0.080969    0.000226    5.281637 v _1300_/B1 (sky130_fd_sc_hd__a311o_1)
     2    0.010105    0.087766    0.369187    5.650824 v _1300_/X (sky130_fd_sc_hd__a311o_1)
                                                         _0620_ (net)
                      0.087771    0.000749    5.651573 v _1329_/A2 (sky130_fd_sc_hd__a21o_1)
     3    0.011424    0.068209    0.226815    5.878388 v _1329_/X (sky130_fd_sc_hd__a21o_1)
                                                         _0645_ (net)
                      0.068216    0.000702    5.879089 v _1353_/A2 (sky130_fd_sc_hd__a21oi_2)
     2    0.014156    0.193982    0.218645    6.097734 ^ _1353_/Y (sky130_fd_sc_hd__a21oi_2)
                                                         _0665_ (net)
                      0.193993    0.001182    6.098916 ^ _1355_/A (sky130_fd_sc_hd__nor2_1)
     2    0.008418    0.071097    0.103299    6.202215 v _1355_/Y (sky130_fd_sc_hd__nor2_1)
                                                         _0667_ (net)
                      0.071098    0.000447    6.202662 v _1364_/A1 (sky130_fd_sc_hd__o21ba_1)
     1    0.005149    0.045697    0.199153    6.401814 v _1364_/X (sky130_fd_sc_hd__o21ba_1)
                                                         _0675_ (net)
                      0.045699    0.000374    6.402189 v _1365_/B (sky130_fd_sc_hd__xor2_1)
     1    0.004593    0.074002    0.144431    6.546619 v _1365_/X (sky130_fd_sc_hd__xor2_1)
                                                         _0676_ (net)
                      0.074003    0.000345    6.546965 v _1367_/A2 (sky130_fd_sc_hd__a211oi_1)
     1    0.002063    0.161891    0.217831    6.764795 ^ _1367_/Y (sky130_fd_sc_hd__a211oi_1)
                                                         _0078_ (net)
                      0.161891    0.000144    6.764939 ^ _1462_/D (sky130_fd_sc_hd__dfxtp_1)
                                              6.764939   data arrival time

                                 10.000000   10.000000   clock clk (rise edge)
                                  0.000000   10.000000   clock source latency
     1    0.026922    0.126665    0.088260   10.088261 ^ clk (in)
                                                         clk (net)
                      0.126709    0.000000   10.088261 ^ clkbuf_0_clk/A (sky130_fd_sc_hd__clkbuf_16)
     8    0.109934    0.124498    0.217045   10.305305 ^ clkbuf_0_clk/X (sky130_fd_sc_hd__clkbuf_16)
                                                         clknet_0_clk (net)
                      0.125780    0.009969   10.315274 ^ clkbuf_3_6__f_clk/A (sky130_fd_sc_hd__clkbuf_16)
    14    0.049800    0.068822    0.177079   10.492353 ^ clkbuf_3_6__f_clk/X (sky130_fd_sc_hd__clkbuf_16)
                                                         clknet_3_6__leaf_clk (net)
                      0.069086    0.002827   10.495180 ^ _1462_/CLK (sky130_fd_sc_hd__dfxtp_1)
                                 -0.250000   10.245180   clock uncertainty
                                  0.000000   10.245180   clock reconvergence pessimism
                                 -0.077434   10.167747   library setup time
                                             10.167747   data required time
---------------------------------------------------------------------------------------------
                                             10.167747   data required time
                                             -6.764939   data arrival time
---------------------------------------------------------------------------------------------
                                              3.402807   slack (MET)




===========================================================================
report_checks --slack_max -0.01
============================================================================
======================= max_tt_025C_1v80 Corner ===================================

No paths found.


===========================================================================
 report_check_types -max_slew -max_cap -max_fanout -violators
============================================================================
======================= max_tt_025C_1v80 Corner ===================================

max fanout

Pin                                   Limit Fanout  Slack
---------------------------------------------------------
clkbuf_3_5__f_clk/X                      10     14     -4 (VIOLATED)
clkbuf_3_6__f_clk/X                      10     14     -4 (VIOLATED)
clkbuf_3_1__f_clk/X                      10     13     -3 (VIOLATED)
clkbuf_3_4__f_clk/X                      10     11        (VIOLATED)



===========================================================================
report_parasitic_annotation -report_unannotated
============================================================================
Found 31 unannotated drivers.
 wdata[10]
 wdata[11]
 wdata[12]
 wdata[13]
 wdata[14]
 wdata[15]
 wdata[16]
 wdata[17]
 wdata[18]
 wdata[19]
 wdata[20]
 wdata[21]
 wdata[22]
 wdata[23]
 wdata[24]
 wdata[25]
 wdata[26]
 wdata[27]
 wdata[28]
 wdata[29]
 wdata[30]
 wdata[31]
 wdata[8]
 wdata[9]
 clkload0/Y
 clkload1/X
 clkload2/Y
 clkload3/Y
 clkload4/Y
 clkload5/Y
 top_117/LO
Found 0 partially unannotated drivers.

===========================================================================
max slew violation count 0
max fanout violation count 4
max cap violation count 0
============================================================================

===========================================================================
check_setup -verbose -unconstrained_endpoints -multiple_clock -no_clock -no_input_delay -loops -generated_clocks
===========================================================================
Warning: There is 1 unconstrained endpoint.
  ready
