
===========================================================================
 report_power
============================================================================
======================= nom_ff_n40C_1v95 Corner ===================================

Group                    Internal    Switching      Leakage        Total
                            Power        Power        Power        Power (Watts)
------------------------------------------------------------------------
Sequential           3.827815e-04 3.365684e-06 1.219866e-09 3.861484e-04  44.5%
Combinational        2.944293e-05 4.679599e-05 7.427631e-09 7.624635e-05   8.8%
Clock                2.287897e-04 1.757067e-04 4.292934e-09 4.045007e-04  46.7%
Macro                0.000000e+00 0.000000e+00 0.000000e+00 0.000000e+00   0.0%
Pad                  0.000000e+00 0.000000e+00 0.000000e+00 0.000000e+00   0.0%
------------------------------------------------------------------------
Total                6.410147e-04 2.258684e-04 1.294040e-08 8.668960e-04 100.0%
                            73.9%        26.1%         0.0%

