Clock: clk
Sources: clk 
Generated: no
Virtual: yes
Propagated: no
Period: 10.000000

===========================================================================
report_clock_properties
============================================================================
Clock                   Period          Waveform
----------------------------------------------------
clk                  10.000000    0.000000  5.000000

===========================================================================
report_clock_latency
============================================================================
Clock clk
rise -> rise
    min     max
0.000000 0.000000 source latency
0.477138         network latency _1451_/CLK
        0.488544 network latency _1391_/CLK
---------------
0.477138 0.488544 latency
        0.011406 skew

fall -> fall
    min     max
0.000000 0.000000 source latency
0.415829         network latency _1451_/CLK
        0.425834 network latency _1391_/CLK
---------------
0.415829 0.425834 latency
        0.010005 skew



===========================================================================
report_clock_min_period
============================================================================
clk period_min = 6.54 fmax = 152.94
