
===========================================================================
 report_power
============================================================================
======================= Fastest Corner ===================================

Group                  Internal  Switching    Leakage      Total
                          Power      Power      Power      Power (Watts)
----------------------------------------------------------------
Sequential             2.22e-04   1.42e-04   5.17e-10   3.64e-04  19.3%
Combinational          7.24e-04   7.96e-04   7.56e-09   1.52e-03  80.7%
Macro                  0.00e+00   0.00e+00   0.00e+00   0.00e+00   0.0%
Pad                    0.00e+00   0.00e+00   0.00e+00   0.00e+00   0.0%
----------------------------------------------------------------
Total                  9.45e-04   9.38e-04   8.07e-09   1.88e-03 100.0%
                          50.2%      49.8%       0.0%

======================= Slowest Corner ===================================

Group                  Internal  Switching    Leakage      Total
                          Power      Power      Power      Power (Watts)
----------------------------------------------------------------
Sequential             1.52e-04   9.46e-05   4.81e-07   2.47e-04  18.9%
Combinational          5.31e-04   5.26e-04   3.17e-06   1.06e-03  81.1%
Macro                  0.00e+00   0.00e+00   0.00e+00   0.00e+00   0.0%
Pad                    0.00e+00   0.00e+00   0.00e+00   0.00e+00   0.0%
----------------------------------------------------------------
Total                  6.83e-04   6.20e-04   3.65e-06   1.31e-03 100.0%
                          52.3%      47.5%       0.3%

======================= Typical Corner ===================================

Group                  Internal  Switching    Leakage      Total
                          Power      Power      Power      Power (Watts)
----------------------------------------------------------------
Sequential             1.93e-04   1.21e-04   2.70e-10   3.13e-04  19.2%
Combinational          6.49e-04   6.72e-04   5.12e-09   1.32e-03  80.8%
Macro                  0.00e+00   0.00e+00   0.00e+00   0.00e+00   0.0%
Pad                    0.00e+00   0.00e+00   0.00e+00   0.00e+00   0.0%
----------------------------------------------------------------
Total                  8.42e-04   7.93e-04   5.39e-09   1.63e-03 100.0%
                          51.5%      48.5%       0.0%

