
===========================================================================
 report_power
============================================================================
======================= max_ff_n40C_1v95 Corner ===================================

Group                    Internal    Switching      Leakage        Total
                            Power        Power        Power        Power (Watts)
------------------------------------------------------------------------
Sequential           3.825699e-04 3.449972e-06 1.219866e-09 3.860211e-04  44.1%
Combinational        2.945389e-05 4.780462e-05 7.427631e-09 7.726593e-05   8.8%
Clock                2.288640e-04 1.824405e-04 4.292934e-09 4.113088e-04  47.0%
Macro                0.000000e+00 0.000000e+00 0.000000e+00 0.000000e+00   0.0%
Pad                  0.000000e+00 0.000000e+00 0.000000e+00 0.000000e+00   0.0%
------------------------------------------------------------------------
Total                6.408882e-04 2.336951e-04 1.294040e-08 8.745962e-04 100.0%
                            73.3%        26.7%         0.0%

