OpenROAD 0cfb9a45bfb256c9af1a0500d4c97da0f145f54f 
This program is licensed under the BSD-3 license. See the LICENSE file for details.
Components of this program may be licensed under more restrictive licenses which must be honored.
define_corners Typical
read_liberty -corner Typical /home/roshan/.volare/sky130A/libs.ref/sky130_fd_sc_hd/lib/sky130_fd_sc_hd__tt_025C_1v80.lib
Using 1e-12 for capacitance...
Using 1e+03 for resistance...
Using 1e-09 for time...
Using 1e+00 for voltage...
Using 1e-03 for current...
Using 1e-09 for power...
Using 1e-06 for distance...
[INFO ODB-0222] Reading LEF file: /openlane/designs/synth_top/runs/RUN_2026.05.18_03.43.02/tmp/merged.nom.lef
[WARNING ODB-0220] WARNING (LEFPARS-2036): SOURCE statement is obsolete in version 5.6 and later.
The LEF parser will ignore this statement.
To avoid this warning in the future, remove this statement from the LEF file with version 5.6 or later. See file /openlane/designs/synth_top/runs/RUN_2026.05.18_03.43.02/tmp/merged.nom.lef at line 930.

[INFO ODB-0223]     Created 13 technology layers
[INFO ODB-0224]     Created 25 technology vias
[INFO ODB-0225]     Created 441 library cells
[INFO ODB-0226] Finished LEF file:  /openlane/designs/synth_top/runs/RUN_2026.05.18_03.43.02/tmp/merged.nom.lef
Reading netlist '/openlane/designs/synth_top/runs/RUN_2026.05.18_03.43.02/results/synthesis/synth_top.v'…
Reading design constraints file at '/openlane/scripts/base.sdc'…
[INFO]: Setting output delay to: 2.0
[INFO]: Setting input delay to: 2.0
[INFO]: Setting load to: 0.033442
[INFO]: Setting clock uncertainty to: 0.25
[INFO]: Setting clock transition to: 0.15
[INFO]: Setting timing derate to: 5.0 %
[INFO IFP-0001] Added 65 rows of 410 site unithd with height 1.
[INFO IFP-0030] Inserted 0 tiecells using sky130_fd_sc_hd__conb_1/LO.
[INFO IFP-0030] Inserted 0 tiecells using sky130_fd_sc_hd__conb_1/HI.
[INFO] Extracting DIE_AREA and CORE_AREA from the floorplan
[INFO] Floorplanned on a die area of 0.0 0.0 200.0 200.0 (microns). Saving to /openlane/designs/synth_top/runs/RUN_2026.05.18_03.43.02/reports/floorplan/3-initial_fp_die_area.rpt.
[INFO] Floorplanned on a core area of 5.52 10.88 194.12 187.68 (microns). Saving to /openlane/designs/synth_top/runs/RUN_2026.05.18_03.43.02/reports/floorplan/3-initial_fp_core_area.rpt.
Writing OpenROAD database to '/openlane/designs/synth_top/runs/RUN_2026.05.18_03.43.02/tmp/floorplan/3-initial_fp.odb'…
Writing layout to '/openlane/designs/synth_top/runs/RUN_2026.05.18_03.43.02/tmp/floorplan/3-initial_fp.def'…
Writing timing constraints to '/openlane/designs/synth_top/runs/RUN_2026.05.18_03.43.02/tmp/floorplan/3-initial_fp.sdc'…
