OpenROAD 0cfb9a45bfb256c9af1a0500d4c97da0f145f54f 
This program is licensed under the BSD-3 license. See the LICENSE file for details.
Components of this program may be licensed under more restrictive licenses which must be honored.
[INFO]: Reading ODB at '/openlane/designs/synth_top/runs/RUN_2026.05.18_03.43.02/tmp/floorplan/5-tapcell.odb'…
define_corners Typical
read_liberty -corner Typical /home/roshan/.volare/sky130A/libs.ref/sky130_fd_sc_hd/lib/sky130_fd_sc_hd__tt_025C_1v80.lib
Using 1e-12 for capacitance...
Using 1e+03 for resistance...
Using 1e-09 for time...
Using 1e+00 for voltage...
Using 1e-03 for current...
Using 1e-09 for power...
Using 1e-06 for distance...
Reading design constraints file at '/openlane/designs/synth_top/runs/RUN_2026.05.18_03.43.02/tmp/floorplan/3-initial_fp.sdc'…
[INFO PDN-0001] Inserting grid: stdcell_grid
[INFO PSM-0076] Setting metal node density to be standard cell height times 5.
[INFO PSM-0031] Number of PDN nodes on net VPWR = 1039.
[INFO PSM-0064] Number of voltage sources = 34.
[INFO PSM-0040] All PDN stripes on net VPWR are connected.
[INFO PSM-0076] Setting metal node density to be standard cell height times 5.
[INFO PSM-0031] Number of PDN nodes on net VGND = 1039.
[INFO PSM-0064] Number of voltage sources = 34.
[INFO PSM-0040] All PDN stripes on net VGND are connected.
Setting global connections for newly added cells…
Writing OpenROAD database to '/openlane/designs/synth_top/runs/RUN_2026.05.18_03.43.02/results/floorplan/synth_top.odb'…
Writing layout to '/openlane/designs/synth_top/runs/RUN_2026.05.18_03.43.02/results/floorplan/synth_top.def'…
