
 /----------------------------------------------------------------------------\
 |                                                                            |
 |  yosys -- Yosys Open SYnthesis Suite                                       |
 |                                                                            |
 |  Copyright (C) 2012 - 2020  Claire Xenia Wolf <claire@yosyshq.com>         |
 |                                                                            |
 |  Permission to use, copy, modify, and/or distribute this software for any  |
 |  purpose with or without fee is hereby granted, provided that the above    |
 |  copyright notice and this permission notice appear in all copies.         |
 |                                                                            |
 |  THE SOFTWARE IS PROVIDED "AS IS" AND THE AUTHOR DISCLAIMS ALL WARRANTIES  |
 |  WITH REGARD TO THIS SOFTWARE INCLUDING ALL IMPLIED WARRANTIES OF          |
 |  MERCHANTABILITY AND FITNESS. IN NO EVENT SHALL THE AUTHOR BE LIABLE FOR   |
 |  ANY SPECIAL, DIRECT, INDIRECT, OR CONSEQUENTIAL DAMAGES OR ANY DAMAGES    |
 |  WHATSOEVER RESULTING FROM LOSS OF USE, DATA OR PROFITS, WHETHER IN AN     |
 |  ACTION OF CONTRACT, NEGLIGENCE OR OTHER TORTIOUS ACTION, ARISING OUT OF   |
 |  OR IN CONNECTION WITH THE USE OR PERFORMANCE OF THIS SOFTWARE.            |
 |                                                                            |
 \----------------------------------------------------------------------------/

 Yosys 0.30+48 (git sha1 14d50a176d5, gcc 8.3.1 -fPIC -Os)

[TCL: yosys -import] Command name collision: found pre-existing command `cd' -> skip.
[TCL: yosys -import] Command name collision: found pre-existing command `eval' -> skip.
[TCL: yosys -import] Command name collision: found pre-existing command `exec' -> skip.
[TCL: yosys -import] Command name collision: found pre-existing command `read' -> skip.
[TCL: yosys -import] Command name collision: found pre-existing command `trace' -> skip.

1. Executing Verilog-2005 frontend: /openlane/designs/synth_top/src/synth_top.sv
Parsing SystemVerilog input from `/openlane/designs/synth_top/src/synth_top.sv' to AST representation.
Generating RTLIL representation for module `\synth_top'.
Successfully finished Verilog frontend.

2. Generating Graphviz representation of design.
Writing dot description to `/openlane/designs/synth_top/runs/RUN_2026.05.18_03.43.02/tmp/synthesis/hierarchy.dot'.
Dumping module synth_top to page 1.

3. Executing HIERARCHY pass (managing design hierarchy).

3.1. Analyzing design hierarchy..
Top module:  \synth_top

3.2. Analyzing design hierarchy..
Top module:  \synth_top
Removed 0 unused modules.

4. Executing TRIBUF pass.

5. Executing HIERARCHY pass (managing design hierarchy).

5.1. Analyzing design hierarchy..
Top module:  \synth_top

5.2. Analyzing design hierarchy..
Top module:  \synth_top
Removed 0 unused modules.

6. Executing PROC_CLEAN pass (remove empty switches from decision trees).
Cleaned up 0 empty switches.

7. Executing PROC_RMDEAD pass (remove dead branches from decision trees).
Marked 1 switch rules as full_case in process $proc$/openlane/designs/synth_top/src/synth_top.sv:36$2 in module synth_top.
Removed a total of 0 dead cases.

8. Executing PROC_PRUNE pass (remove redundant assignments in processes).
Removed 0 redundant assignments.
Promoted 0 assignments to connections.

9. Executing PROC_INIT pass (extract init attributes).

10. Executing PROC_ARST pass (detect async resets in processes).

11. Executing PROC_ROM pass (convert switches to ROMs).
Converted 0 switches.
<suppressed ~2 debug messages>

12. Executing PROC_MUX pass (convert decision trees to multiplexers).
Creating decoders for process `\synth_top.$proc$/openlane/designs/synth_top/src/synth_top.sv:36$2'.
     1/1: $0\out[31:0]

13. Executing PROC_DLATCH pass (convert process syncs to latches).

14. Executing PROC_DFF pass (convert process syncs to FFs).
Creating register for signal `\synth_top.\out' using process `\synth_top.$proc$/openlane/designs/synth_top/src/synth_top.sv:36$2'.
  created $dff cell `$procdff$9' with positive edge clock.

15. Executing PROC_MEMWR pass (convert process memory writes to cells).

16. Executing PROC_CLEAN pass (remove empty switches from decision trees).
Found and cleaned up 2 empty switches in `\synth_top.$proc$/openlane/designs/synth_top/src/synth_top.sv:36$2'.
Removing empty process `synth_top.$proc$/openlane/designs/synth_top/src/synth_top.sv:36$2'.
Cleaned up 2 empty switches.

17. Executing CHECK pass (checking for obvious problems).
Checking module synth_top...
Found and reported 0 problems.

18. Executing OPT_EXPR pass (perform const folding).
Optimizing module synth_top.

19. Executing FLATTEN pass (flatten design).

20. Executing OPT_EXPR pass (perform const folding).
Optimizing module synth_top.

21. Executing OPT_CLEAN pass (remove unused cells and wires).
Finding unused cells or wires in module \synth_top..
Removed 0 unused cells and 4 unused wires.
<suppressed ~1 debug messages>

22. Executing OPT pass (performing simple optimizations).

22.1. Executing OPT_EXPR pass (perform const folding).
Optimizing module synth_top.

22.2. Executing OPT_MERGE pass (detect identical cells).
Finding identical cells in module `\synth_top'.
Removed a total of 0 cells.

22.3. Executing OPT_MUXTREE pass (detect dead branches in mux trees).
Running muxtree optimizer on module \synth_top..
  Creating internal representation of mux trees.
  Evaluating internal representation of mux trees.
  Analyzing evaluation results.
Removed 0 multiplexer ports.
<suppressed ~1 debug messages>

22.4. Executing OPT_REDUCE pass (consolidate $*mux and $reduce_* inputs).
  Optimizing cells in module \synth_top.
Performed a total of 0 changes.

22.5. Executing OPT_MERGE pass (detect identical cells).
Finding identical cells in module `\synth_top'.
Removed a total of 0 cells.

22.6. Executing OPT_DFF pass (perform DFF optimizations).

22.7. Executing OPT_CLEAN pass (remove unused cells and wires).
Finding unused cells or wires in module \synth_top..

22.8. Executing OPT_EXPR pass (perform const folding).
Optimizing module synth_top.

22.9. Finished OPT passes. (There is nothing left to do.)

23. Executing FSM pass (extract and optimize FSM).

23.1. Executing FSM_DETECT pass (finding FSMs in design).

23.2. Executing FSM_EXTRACT pass (extracting FSM from design).

23.3. Executing FSM_OPT pass (simple optimizations of FSMs).

23.4. Executing OPT_CLEAN pass (remove unused cells and wires).
Finding unused cells or wires in module \synth_top..

23.5. Executing FSM_OPT pass (simple optimizations of FSMs).

23.6. Executing FSM_RECODE pass (re-assigning FSM state encoding).

23.7. Executing FSM_INFO pass (dumping all available information on FSM cells).

23.8. Executing FSM_MAP pass (mapping FSMs to basic logic).

24. Executing OPT pass (performing simple optimizations).

24.1. Executing OPT_EXPR pass (perform const folding).
Optimizing module synth_top.

24.2. Executing OPT_MERGE pass (detect identical cells).
Finding identical cells in module `\synth_top'.
Removed a total of 0 cells.

24.3. Executing OPT_MUXTREE pass (detect dead branches in mux trees).
Running muxtree optimizer on module \synth_top..
  Creating internal representation of mux trees.
  Evaluating internal representation of mux trees.
  Analyzing evaluation results.
Removed 0 multiplexer ports.
<suppressed ~1 debug messages>

24.4. Executing OPT_REDUCE pass (consolidate $*mux and $reduce_* inputs).
  Optimizing cells in module \synth_top.
Performed a total of 0 changes.

24.5. Executing OPT_MERGE pass (detect identical cells).
Finding identical cells in module `\synth_top'.
Removed a total of 0 cells.

24.6. Executing OPT_DFF pass (perform DFF optimizations).
Adding SRST signal on $procdff$9 ($dff) from module synth_top (D = $procmux$4_Y, Q = \out, rval = 0).
Adding EN signal on $auto$ff.cc:266:slice$10 ($sdff) from module synth_top (D = $add$/openlane/designs/synth_top/src/synth_top.sv:40$3_Y, Q = \out).

24.7. Executing OPT_CLEAN pass (remove unused cells and wires).
Finding unused cells or wires in module \synth_top..
Removed 2 unused cells and 2 unused wires.
<suppressed ~3 debug messages>

24.8. Executing OPT_EXPR pass (perform const folding).
Optimizing module synth_top.

24.9. Rerunning OPT passes. (Maybe there is more to do..)

24.10. Executing OPT_MUXTREE pass (detect dead branches in mux trees).
Running muxtree optimizer on module \synth_top..
  Creating internal representation of mux trees.
  No muxes found in this module.
Removed 0 multiplexer ports.

24.11. Executing OPT_REDUCE pass (consolidate $*mux and $reduce_* inputs).
  Optimizing cells in module \synth_top.
Performed a total of 0 changes.

24.12. Executing OPT_MERGE pass (detect identical cells).
Finding identical cells in module `\synth_top'.
Removed a total of 0 cells.

24.13. Executing OPT_DFF pass (perform DFF optimizations).

24.14. Executing OPT_CLEAN pass (remove unused cells and wires).
Finding unused cells or wires in module \synth_top..

24.15. Executing OPT_EXPR pass (perform const folding).
Optimizing module synth_top.

24.16. Finished OPT passes. (There is nothing left to do.)

25. Executing WREDUCE pass (reducing word size of cells).

26. Executing PEEPOPT pass (run peephole optimizers).

27. Executing OPT_CLEAN pass (remove unused cells and wires).
Finding unused cells or wires in module \synth_top..

28. Executing ALUMACC pass (create $alu and $macc cells).
Extracting $alu and $macc cells in module synth_top:
  creating $macc model for $add$/openlane/designs/synth_top/src/synth_top.sv:40$3 ($add).
  creating $macc model for $mul$/openlane/designs/synth_top/src/synth_top.sv:34$1 ($mul).
  creating $alu model for $macc $add$/openlane/designs/synth_top/src/synth_top.sv:40$3.
  creating $macc cell for $mul$/openlane/designs/synth_top/src/synth_top.sv:34$1: $auto$alumacc.cc:365:replace_macc$12
  creating $alu cell for $add$/openlane/designs/synth_top/src/synth_top.sv:40$3: $auto$alumacc.cc:485:replace_alu$13
  created 1 $alu and 1 $macc cells.

29. Executing SHARE pass (SAT-based resource sharing).

30. Executing OPT pass (performing simple optimizations).

30.1. Executing OPT_EXPR pass (perform const folding).
Optimizing module synth_top.

30.2. Executing OPT_MERGE pass (detect identical cells).
Finding identical cells in module `\synth_top'.
Removed a total of 0 cells.

30.3. Executing OPT_MUXTREE pass (detect dead branches in mux trees).
Running muxtree optimizer on module \synth_top..
  Creating internal representation of mux trees.
  No muxes found in this module.
Removed 0 multiplexer ports.

30.4. Executing OPT_REDUCE pass (consolidate $*mux and $reduce_* inputs).
  Optimizing cells in module \synth_top.
Performed a total of 0 changes.

30.5. Executing OPT_MERGE pass (detect identical cells).
Finding identical cells in module `\synth_top'.
Removed a total of 0 cells.

30.6. Executing OPT_DFF pass (perform DFF optimizations).

30.7. Executing OPT_CLEAN pass (remove unused cells and wires).
Finding unused cells or wires in module \synth_top..

30.8. Executing OPT_EXPR pass (perform const folding).
Optimizing module synth_top.

30.9. Finished OPT passes. (There is nothing left to do.)

31. Executing MEMORY pass.

31.1. Executing OPT_MEM pass (optimize memories).
Performed a total of 0 transformations.

31.2. Executing OPT_MEM_PRIORITY pass (removing unnecessary memory write priority relations).
Performed a total of 0 transformations.

31.3. Executing OPT_MEM_FEEDBACK pass (finding memory read-to-write feedback paths).

31.4. Executing MEMORY_BMUX2ROM pass (converting muxes to ROMs).

31.5. Executing MEMORY_DFF pass (merging $dff cells to $memrd).

31.6. Executing OPT_CLEAN pass (remove unused cells and wires).
Finding unused cells or wires in module \synth_top..

31.7. Executing MEMORY_SHARE pass (consolidating $memrd/$memwr cells).

31.8. Executing OPT_MEM_WIDEN pass (optimize memories where all ports are wide).
Performed a total of 0 transformations.

31.9. Executing OPT_CLEAN pass (remove unused cells and wires).
Finding unused cells or wires in module \synth_top..

31.10. Executing MEMORY_COLLECT pass (generating $mem cells).

32. Executing OPT_CLEAN pass (remove unused cells and wires).
Finding unused cells or wires in module \synth_top..

33. Executing OPT pass (performing simple optimizations).

33.1. Executing OPT_EXPR pass (perform const folding).
Optimizing module synth_top.

33.2. Executing OPT_MERGE pass (detect identical cells).
Finding identical cells in module `\synth_top'.
Removed a total of 0 cells.

33.3. Executing OPT_DFF pass (perform DFF optimizations).

33.4. Executing OPT_CLEAN pass (remove unused cells and wires).
Finding unused cells or wires in module \synth_top..

33.5. Finished fast OPT passes.

34. Executing MEMORY_MAP pass (converting memories to logic and flip-flops).

35. Executing OPT pass (performing simple optimizations).

35.1. Executing OPT_EXPR pass (perform const folding).
Optimizing module synth_top.

35.2. Executing OPT_MERGE pass (detect identical cells).
Finding identical cells in module `\synth_top'.
Removed a total of 0 cells.

35.3. Executing OPT_MUXTREE pass (detect dead branches in mux trees).
Running muxtree optimizer on module \synth_top..
  Creating internal representation of mux trees.
  No muxes found in this module.
Removed 0 multiplexer ports.

35.4. Executing OPT_REDUCE pass (consolidate $*mux and $reduce_* inputs).
  Optimizing cells in module \synth_top.
Performed a total of 0 changes.

35.5. Executing OPT_MERGE pass (detect identical cells).
Finding identical cells in module `\synth_top'.
Removed a total of 0 cells.

35.6. Executing OPT_SHARE pass.

35.7. Executing OPT_DFF pass (perform DFF optimizations).

35.8. Executing OPT_CLEAN pass (remove unused cells and wires).
Finding unused cells or wires in module \synth_top..

35.9. Executing OPT_EXPR pass (perform const folding).
Optimizing module synth_top.

35.10. Finished OPT passes. (There is nothing left to do.)

36. Executing TECHMAP pass (map to technology primitives).

36.1. Executing Verilog-2005 frontend: /build/bin/../share/yosys/techmap.v
Parsing Verilog input from `/build/bin/../share/yosys/techmap.v' to AST representation.
Generating RTLIL representation for module `\_90_simplemap_bool_ops'.
Generating RTLIL representation for module `\_90_simplemap_reduce_ops'.
Generating RTLIL representation for module `\_90_simplemap_logic_ops'.
Generating RTLIL representation for module `\_90_simplemap_compare_ops'.
Generating RTLIL representation for module `\_90_simplemap_various'.
Generating RTLIL representation for module `\_90_simplemap_registers'.
Generating RTLIL representation for module `\_90_shift_ops_shr_shl_sshl_sshr'.
Generating RTLIL representation for module `\_90_shift_shiftx'.
Generating RTLIL representation for module `\_90_fa'.
Generating RTLIL representation for module `\_90_lcu'.
Generating RTLIL representation for module `\_90_alu'.
Generating RTLIL representation for module `\_90_macc'.
Generating RTLIL representation for module `\_90_alumacc'.
Generating RTLIL representation for module `\$__div_mod_u'.
Generating RTLIL representation for module `\$__div_mod_trunc'.
Generating RTLIL representation for module `\_90_div'.
Generating RTLIL representation for module `\_90_mod'.
Generating RTLIL representation for module `\$__div_mod_floor'.
Generating RTLIL representation for module `\_90_divfloor'.
Generating RTLIL representation for module `\_90_modfloor'.
Generating RTLIL representation for module `\_90_pow'.
Generating RTLIL representation for module `\_90_pmux'.
Generating RTLIL representation for module `\_90_demux'.
Generating RTLIL representation for module `\_90_lut'.
Successfully finished Verilog frontend.

36.2. Continuing TECHMAP pass.
Using template $paramod$fbc7873bff55778c0b3173955b7e4bce1d9d6834\_90_alu for cells of type $alu.
Using extmapper maccmap for cells of type $macc.
  add \a * \b (8x8 bits, signed)
Using extmapper simplemap for cells of type $sdffe.
Using extmapper simplemap for cells of type $and.
Using extmapper simplemap for cells of type $xor.
Using template $paramod\_90_lcu\WIDTH=32'00000000000000000000000000100000 for cells of type $lcu.
Using extmapper simplemap for cells of type $pos.
Using extmapper simplemap for cells of type $mux.
Using extmapper simplemap for cells of type $not.
Using template $paramod\_90_fa\WIDTH=32'00000000000000000000000000010000 for cells of type $fa.
Using template $paramod$6df0329addda9228fcc2546de2aaf14ad26c98e1\_90_alu for cells of type $alu.
Using extmapper simplemap for cells of type $or.
Using template $paramod\_90_lcu\WIDTH=32'00000000000000000000000000010000 for cells of type $lcu.
No more expansions possible.
<suppressed ~658 debug messages>

37. Executing OPT pass (performing simple optimizations).

37.1. Executing OPT_EXPR pass (perform const folding).
Optimizing module synth_top.
<suppressed ~302 debug messages>

37.2. Executing OPT_MERGE pass (detect identical cells).
Finding identical cells in module `\synth_top'.
<suppressed ~360 debug messages>
Removed a total of 120 cells.

37.3. Executing OPT_DFF pass (perform DFF optimizations).

37.4. Executing OPT_CLEAN pass (remove unused cells and wires).
Finding unused cells or wires in module \synth_top..
Removed 65 unused cells and 156 unused wires.
<suppressed ~66 debug messages>

37.5. Finished fast OPT passes.

38. Executing ABC pass (technology mapping using ABC).

38.1. Extracting gate netlist of module `\synth_top' to `<abc-temp-dir>/input.blif'..
Extracted 659 gates and 707 wires to a netlist network with 48 inputs and 32 outputs.

38.1.1. Executing ABC.
Running ABC command: "<yosys-exe-dir>/yosys-abc" -s -f <abc-temp-dir>/abc.script 2>&1
ABC: ABC command line: "source <abc-temp-dir>/abc.script".
ABC: 
ABC: + read_blif <abc-temp-dir>/input.blif 
ABC: + read_library <abc-temp-dir>/stdcells.genlib 
ABC: Entered genlib library with 13 gates from file "<abc-temp-dir>/stdcells.genlib".
ABC: + strash 
ABC: + dretime 
ABC: + map 
ABC: + write_blif <abc-temp-dir>/output.blif 

38.1.2. Re-integrating ABC results.
ABC RESULTS:              NAND cells:       32
ABC RESULTS:               AND cells:       48
ABC RESULTS:              XNOR cells:       36
ABC RESULTS:               NOT cells:       13
ABC RESULTS:                OR cells:       88
ABC RESULTS:             ORNOT cells:       33
ABC RESULTS:               NOR cells:       40
ABC RESULTS:            ANDNOT cells:      199
ABC RESULTS:               XOR cells:      175
ABC RESULTS:        internal signals:      627
ABC RESULTS:           input signals:       48
ABC RESULTS:          output signals:       32
Removing temp directory.

39. Executing OPT pass (performing simple optimizations).

39.1. Executing OPT_EXPR pass (perform const folding).
Optimizing module synth_top.

39.2. Executing OPT_MERGE pass (detect identical cells).
Finding identical cells in module `\synth_top'.
Removed a total of 0 cells.

39.3. Executing OPT_DFF pass (perform DFF optimizations).

39.4. Executing OPT_CLEAN pass (remove unused cells and wires).
Finding unused cells or wires in module \synth_top..
Removed 0 unused cells and 252 unused wires.
<suppressed ~2 debug messages>

39.5. Finished fast OPT passes.

40. Executing HIERARCHY pass (managing design hierarchy).

40.1. Analyzing design hierarchy..
Top module:  \synth_top

40.2. Analyzing design hierarchy..
Top module:  \synth_top
Removed 0 unused modules.

41. Printing statistics.

=== synth_top ===

   Number of wires:                640
   Number of wire bits:            747
   Number of public wires:           6
   Number of public wire bits:      51
   Number of memories:               0
   Number of memory bits:            0
   Number of processes:              0
   Number of cells:                696
     $_ANDNOT_                     199
     $_AND_                         48
     $_NAND_                        32
     $_NOR_                         40
     $_NOT_                         13
     $_ORNOT_                       33
     $_OR_                          88
     $_SDFFE_PP0P_                  32
     $_XNOR_                        36
     $_XOR_                        175

42. Executing CHECK pass (checking for obvious problems).
Checking module synth_top...
Found and reported 0 problems.

43. Generating Graphviz representation of design.
Writing dot description to `/openlane/designs/synth_top/runs/RUN_2026.05.18_03.43.02/tmp/synthesis/post_techmap.dot'.
Dumping module synth_top to page 1.

44. Executing SHARE pass (SAT-based resource sharing).

45. Executing OPT pass (performing simple optimizations).

45.1. Executing OPT_EXPR pass (perform const folding).
Optimizing module synth_top.

45.2. Executing OPT_MERGE pass (detect identical cells).
Finding identical cells in module `\synth_top'.
Removed a total of 0 cells.

45.3. Executing OPT_MUXTREE pass (detect dead branches in mux trees).
Running muxtree optimizer on module \synth_top..
  Creating internal representation of mux trees.
  No muxes found in this module.
Removed 0 multiplexer ports.

45.4. Executing OPT_REDUCE pass (consolidate $*mux and $reduce_* inputs).
  Optimizing cells in module \synth_top.
Performed a total of 0 changes.

45.5. Executing OPT_MERGE pass (detect identical cells).
Finding identical cells in module `\synth_top'.
Removed a total of 0 cells.

45.6. Executing OPT_DFF pass (perform DFF optimizations).

45.7. Executing OPT_CLEAN pass (remove unused cells and wires).
Finding unused cells or wires in module \synth_top..

45.8. Executing OPT_EXPR pass (perform const folding).
Optimizing module synth_top.

45.9. Finished OPT passes. (There is nothing left to do.)

46. Executing OPT_CLEAN pass (remove unused cells and wires).
Finding unused cells or wires in module \synth_top..

47. Printing statistics.

=== synth_top ===

   Number of wires:                640
   Number of wire bits:            747
   Number of public wires:           6
   Number of public wire bits:      51
   Number of memories:               0
   Number of memory bits:            0
   Number of processes:              0
   Number of cells:                696
     $_ANDNOT_                     199
     $_AND_                         48
     $_NAND_                        32
     $_NOR_                         40
     $_NOT_                         13
     $_ORNOT_                       33
     $_OR_                          88
     $_SDFFE_PP0P_                  32
     $_XNOR_                        36
     $_XOR_                        175

mapping tbuf

48. Executing TECHMAP pass (map to technology primitives).

48.1. Executing Verilog-2005 frontend: /home/roshan/.volare/sky130A/libs.tech/openlane/sky130_fd_sc_hd/tribuff_map.v
Parsing Verilog input from `/home/roshan/.volare/sky130A/libs.tech/openlane/sky130_fd_sc_hd/tribuff_map.v' to AST representation.
Generating RTLIL representation for module `\$_TBUF_'.
Successfully finished Verilog frontend.

48.2. Continuing TECHMAP pass.
No more expansions possible.
<suppressed ~3 debug messages>

49. Executing SIMPLEMAP pass (map simple cells to gate primitives).

50. Executing TECHMAP pass (map to technology primitives).

50.1. Executing Verilog-2005 frontend: /home/roshan/.volare/sky130A/libs.tech/openlane/sky130_fd_sc_hd/latch_map.v
Parsing Verilog input from `/home/roshan/.volare/sky130A/libs.tech/openlane/sky130_fd_sc_hd/latch_map.v' to AST representation.
Generating RTLIL representation for module `\$_DLATCH_P_'.
Generating RTLIL representation for module `\$_DLATCH_N_'.
Successfully finished Verilog frontend.

50.2. Continuing TECHMAP pass.
No more expansions possible.
<suppressed ~4 debug messages>

51. Executing SIMPLEMAP pass (map simple cells to gate primitives).

52. Executing DFFLIBMAP pass (mapping DFF cells to sequential cells from liberty file).
  cell sky130_fd_sc_hd__dfxtp_2 (noninv, pins=3, area=21.27) is a direct match for cell type $_DFF_P_.
  cell sky130_fd_sc_hd__dfrtp_2 (noninv, pins=4, area=26.28) is a direct match for cell type $_DFF_PN0_.
  cell sky130_fd_sc_hd__dfstp_2 (noninv, pins=4, area=26.28) is a direct match for cell type $_DFF_PN1_.
  cell sky130_fd_sc_hd__dfbbn_2 (noninv, pins=6, area=35.03) is a direct match for cell type $_DFFSR_NNN_.
  final dff cell mappings:
    unmapped dff cell: $_DFF_N_
    \sky130_fd_sc_hd__dfxtp_2 _DFF_P_ (.CLK( C), .D( D), .Q( Q));
    unmapped dff cell: $_DFF_NN0_
    unmapped dff cell: $_DFF_NN1_
    unmapped dff cell: $_DFF_NP0_
    unmapped dff cell: $_DFF_NP1_
    \sky130_fd_sc_hd__dfrtp_2 _DFF_PN0_ (.CLK( C), .D( D), .Q( Q), .RESET_B( R));
    \sky130_fd_sc_hd__dfstp_2 _DFF_PN1_ (.CLK( C), .D( D), .Q( Q), .SET_B( R));
    unmapped dff cell: $_DFF_PP0_
    unmapped dff cell: $_DFF_PP1_
    \sky130_fd_sc_hd__dfbbn_2 _DFFSR_NNN_ (.CLK_N( C), .D( D), .Q( Q), .Q_N(~Q), .RESET_B( R), .SET_B( S));
    unmapped dff cell: $_DFFSR_NNP_
    unmapped dff cell: $_DFFSR_NPN_
    unmapped dff cell: $_DFFSR_NPP_
    unmapped dff cell: $_DFFSR_PNN_
    unmapped dff cell: $_DFFSR_PNP_
    unmapped dff cell: $_DFFSR_PPN_
    unmapped dff cell: $_DFFSR_PPP_

52.1. Executing DFFLEGALIZE pass (convert FFs to types supported by the target).
Mapping DFF cells in module `\synth_top':
  mapped 32 $_DFF_P_ cells to \sky130_fd_sc_hd__dfxtp_2 cells.

53. Printing statistics.

=== synth_top ===

   Number of wires:                704
   Number of wire bits:            811
   Number of public wires:           6
   Number of public wire bits:      51
   Number of memories:               0
   Number of memory bits:            0
   Number of processes:              0
   Number of cells:                760
     $_ANDNOT_                     199
     $_AND_                         48
     $_MUX_                         64
     $_NAND_                        32
     $_NOR_                         40
     $_NOT_                         13
     $_ORNOT_                       33
     $_OR_                          88
     $_XNOR_                        36
     $_XOR_                        175
     sky130_fd_sc_hd__dfxtp_2       32

[INFO]: USING STRATEGY AREA 0

54. Executing ABC pass (technology mapping using ABC).

54.1. Extracting gate netlist of module `\synth_top' to `/tmp/yosys-abc-vEisyU/input.blif'..
Extracted 728 gates and 779 wires to a netlist network with 50 inputs and 32 outputs.

54.1.1. Executing ABC.
Running ABC command: "/build/bin/yosys-abc" -s -f /tmp/yosys-abc-vEisyU/abc.script 2>&1
ABC: ABC command line: "source /tmp/yosys-abc-vEisyU/abc.script".
ABC: 
ABC: + read_blif /tmp/yosys-abc-vEisyU/input.blif 
ABC: + read_lib -w /openlane/designs/synth_top/runs/RUN_2026.05.18_03.43.02/tmp/synthesis/trimmed.lib 
ABC: Parsing finished successfully.  Parsing time =     0.12 sec
ABC: Scl_LibertyReadGenlib() skipped sequential cell "sky130_fd_sc_hd__dfbbn_2".
ABC: Scl_LibertyReadGenlib() skipped sequential cell "sky130_fd_sc_hd__dfrbp_2".
ABC: Scl_LibertyReadGenlib() skipped sequential cell "sky130_fd_sc_hd__dfrtp_2".
ABC: Scl_LibertyReadGenlib() skipped sequential cell "sky130_fd_sc_hd__dfrtp_4".
ABC: Scl_LibertyReadGenlib() skipped sequential cell "sky130_fd_sc_hd__dfsbp_2".
ABC: Scl_LibertyReadGenlib() skipped sequential cell "sky130_fd_sc_hd__dfstp_2".
ABC: Scl_LibertyReadGenlib() skipped sequential cell "sky130_fd_sc_hd__dfstp_4".
ABC: Scl_LibertyReadGenlib() skipped sequential cell "sky130_fd_sc_hd__dfxbp_2".
ABC: Scl_LibertyReadGenlib() skipped sequential cell "sky130_fd_sc_hd__dfxtp_2".
ABC: Scl_LibertyReadGenlib() skipped sequential cell "sky130_fd_sc_hd__dfxtp_4".
ABC: Scl_LibertyReadGenlib() skipped sequential cell "sky130_fd_sc_hd__dlxtn_1".
ABC: Scl_LibertyReadGenlib() skipped sequential cell "sky130_fd_sc_hd__dlxtn_2".
ABC: Scl_LibertyReadGenlib() skipped sequential cell "sky130_fd_sc_hd__dlxtn_4".
ABC: Scl_LibertyReadGenlib() skipped sequential cell "sky130_fd_sc_hd__dlxtp_1".
ABC: Scl_LibertyReadGenlib() skipped three-state cell "sky130_fd_sc_hd__ebufn_2".
ABC: Scl_LibertyReadGenlib() skipped three-state cell "sky130_fd_sc_hd__ebufn_4".
ABC: Scl_LibertyReadGenlib() skipped three-state cell "sky130_fd_sc_hd__ebufn_8".
ABC: Library "sky130A_merged" from "/openlane/designs/synth_top/runs/RUN_2026.05.18_03.43.02/tmp/synthesis/trimmed.lib" has 175 cells (17 skipped: 14 seq; 3 tri-state; 0 no func; 0 dont_use).  Time =     0.19 sec
ABC: Memory =    9.54 MB. Time =     0.19 sec
ABC: Warning: Detected 2 multi-output gates (for example, "sky130_fd_sc_hd__fa_1").
ABC: + read_constr -v /openlane/designs/synth_top/runs/RUN_2026.05.18_03.43.02/tmp/synthesis/synthesis.sdc 
ABC: Setting driving cell to be "sky130_fd_sc_hd__inv_2".
ABC: Setting output load to be 33.442001.
ABC: + read_constr /openlane/designs/synth_top/runs/RUN_2026.05.18_03.43.02/tmp/synthesis/synthesis.sdc 
ABC: + fx 
ABC: + mfs 
ABC: + strash 
ABC: + refactor 
ABC: + balance 
ABC: + rewrite 
ABC: + refactor 
ABC: + balance 
ABC: + rewrite 
ABC: + rewrite -z 
ABC: + balance 
ABC: + refactor -z 
ABC: + rewrite -z 
ABC: + balance 
ABC: + retime -D -D 10000 -M 5 
ABC: + scleanup 
ABC: Error: The network is combinational.
ABC: + fraig_store 
ABC: + balance 
ABC: + fraig_store 
ABC: + balance 
ABC: + rewrite 
ABC: + refactor 
ABC: + balance 
ABC: + rewrite 
ABC: + rewrite -z 
ABC: + balance 
ABC: + refactor -z 
ABC: + rewrite -z 
ABC: + balance 
ABC: + fraig_store 
ABC: + balance 
ABC: + rewrite 
ABC: + refactor 
ABC: + balance 
ABC: + rewrite 
ABC: + rewrite -z 
ABC: + balance 
ABC: + refactor -z 
ABC: + rewrite -z 
ABC: + balance 
ABC: + fraig_store 
ABC: + balance 
ABC: + rewrite 
ABC: + refactor 
ABC: + balance 
ABC: + rewrite 
ABC: + rewrite -z 
ABC: + balance 
ABC: + refactor -z 
ABC: + rewrite -z 
ABC: + balance 
ABC: + fraig_store 
ABC: + fraig_restore 
ABC: + amap -m -Q 0.1 -F 20 -A 20 -C 5000 
ABC: + retime -D -D 10000 
ABC: + &get -n 
ABC: + &st 
ABC: + &dch 
ABC: + &nf 
ABC: + &put 
ABC: + buffer -N 10 -S 750.0 
ABC: + upsize -D 10000 
ABC: Current delay (6948.80 ps) does not exceed the target delay (10000.00 ps). Upsizing is not performed.
ABC: + dnsize -D 10000 
ABC: + stime -p 
ABC: WireLoad = "none"  Gates =    631 (  6.5 %)   Cap = 10.0 ff (  1.5 %)   Area =     5910.67 ( 93.3 %)   Delay =  7508.27 ps  ( 11.7 %)               
ABC: Path  0 --      38 : 0    2 pi                        A =   0.00  Df =  16.8  -10.1 ps  S =  28.9 ps  Cin =  0.0 ff  Cout =   4.7 ff  Cmax =   0.0 ff  G =    0  
ABC: Path  1 --     111 : 1   10 sky130_fd_sc_hd__buf_1    A =   3.75  Df = 292.1 -110.8 ps  S = 335.6 ps  Cin =  2.1 ff  Cout =  28.2 ff  Cmax = 130.0 ff  G = 1293  
ABC: Path  2 --     372 : 4    3 sky130_fd_sc_hd__nand4_2  A =  12.51  Df = 446.9 -137.3 ps  S = 138.9 ps  Cin =  4.4 ff  Cout =   9.2 ff  Cmax = 200.5 ff  G =  200  
ABC: Path  3 --     373 : 3    2 sky130_fd_sc_hd__and3_2   A =   7.51  Df = 702.5 -197.8 ps  S =  58.7 ps  Cin =  1.5 ff  Cout =   6.0 ff  Cmax = 309.5 ff  G =  391  
ABC: Path  4 --     376 : 4    3 sky130_fd_sc_hd__or4_2    A =   8.76  Df =1361.2 -536.4 ps  S = 136.5 ps  Cin =  1.5 ff  Cout =  12.2 ff  Cmax = 310.4 ff  G =  774  
ABC: Path  5 --     378 : 3    2 sky130_fd_sc_hd__a21o_2   A =   8.76  Df =1612.1 -450.0 ps  S =  48.7 ps  Cin =  2.4 ff  Cout =   6.6 ff  Cmax = 309.5 ff  G =  269  
ABC: Path  6 --     380 : 3    3 sky130_fd_sc_hd__and3_2   A =   7.51  Df =1817.1 -151.4 ps  S =  70.0 ps  Cin =  1.5 ff  Cout =   8.6 ff  Cmax = 309.5 ff  G =  545  
ABC: Path  7 --     383 : 3    2 sky130_fd_sc_hd__o21a_2   A =   8.76  Df =2034.2  -95.7 ps  S =  54.2 ps  Cin =  2.4 ff  Cout =   7.2 ff  Cmax = 294.8 ff  G =  279  
ABC: Path  8 --     385 : 4    2 sky130_fd_sc_hd__o211a_2  A =  10.01  Df =2278.7  -52.8 ps  S =  66.3 ps  Cin =  2.4 ff  Cout =   7.2 ff  Cmax = 268.3 ff  G =  283  
ABC: Path  9 --     386 : 4    3 sky130_fd_sc_hd__a211o_2  A =  10.01  Df =2554.7 -161.2 ps  S =  58.1 ps  Cin =  2.4 ff  Cout =   6.6 ff  Cmax = 325.0 ff  G =  267  
ABC: Path 10 --     389 : 4    2 sky130_fd_sc_hd__a211o_2  A =  10.01  Df =2850.4 -241.6 ps  S =  51.6 ps  Cin =  2.4 ff  Cout =   4.2 ff  Cmax = 325.0 ff  G =  171  
ABC: Path 11 --     427 : 3    3 sky130_fd_sc_hd__o21a_2   A =   8.76  Df =2977.4  -47.2 ps  S =  62.5 ps  Cin =  2.4 ff  Cout =   8.6 ff  Cmax = 294.8 ff  G =  340  
ABC: Path 12 --     483 : 5    1 sky130_fd_sc_hd__a311o_2  A =  11.26  Df =3324.3 -177.5 ps  S =  50.7 ps  Cin =  2.3 ff  Cout =   2.5 ff  Cmax = 298.5 ff  G =  101  
ABC: Path 13 --     484 : 4    3 sky130_fd_sc_hd__a31o_2   A =   8.76  Df =3574.0 -193.3 ps  S = 109.8 ps  Cin =  2.4 ff  Cout =  16.4 ff  Cmax = 271.9 ff  G =  670  
ABC: Path 14 --     552 : 4    2 sky130_fd_sc_hd__a31o_2   A =   8.76  Df =3810.5 -227.4 ps  S =  97.3 ps  Cin =  2.4 ff  Cout =  14.0 ff  Cmax = 271.9 ff  G =  570  
ABC: Path 15 --     587 : 3    8 sky130_fd_sc_hd__a21oi_2  A =   8.76  Df =4273.0 -532.6 ps  S = 543.2 ps  Cin =  4.6 ff  Cout =  44.6 ff  Cmax = 128.2 ff  G =  948  
ABC: Path 16 --     595 : 1   10 sky130_fd_sc_hd__buf_1    A =   3.75  Df =4814.4 -740.8 ps  S = 620.2 ps  Cin =  2.1 ff  Cout =  53.2 ff  Cmax = 130.0 ff  G = 2454  
ABC: Path 17 --     639 : 2    3 sky130_fd_sc_hd__xnor2_2  A =  16.27  Df =5131.0 -803.2 ps  S = 182.5 ps  Cin =  8.5 ff  Cout =   8.8 ff  Cmax = 121.8 ff  G =   97  
ABC: Path 18 --     652 : 4    2 sky130_fd_sc_hd__or4_2    A =   8.76  Df =5750.2-1094.8 ps  S =  99.7 ps  Cin =  1.5 ff  Cout =   3.2 ff  Cmax = 310.4 ff  G =  205  
ABC: Path 19 --     654 : 3    2 sky130_fd_sc_hd__or3_2    A =   7.51  Df =6175.7 -954.1 ps  S =  80.9 ps  Cin =  1.5 ff  Cout =   4.0 ff  Cmax = 310.4 ff  G =  253  
ABC: Path 20 --     685 : 4    3 sky130_fd_sc_hd__a31o_2   A =   8.76  Df =6436.6 -712.4 ps  S =  73.3 ps  Cin =  2.4 ff  Cout =   9.3 ff  Cmax = 271.9 ff  G =  384  
ABC: Path 21 --     700 : 4    2 sky130_fd_sc_hd__a211o_2  A =  10.01  Df =6741.7 -880.4 ps  S =  59.3 ps  Cin =  2.4 ff  Cout =   7.1 ff  Cmax = 325.0 ff  G =  288  
ABC: Path 22 --     706 : 4    1 sky130_fd_sc_hd__a31o_2   A =   8.76  Df =6965.2 -968.3 ps  S =  34.3 ps  Cin =  2.4 ff  Cout =   2.0 ff  Cmax = 271.9 ff  G =   79  
ABC: Path 23 --     707 : 4    1 sky130_fd_sc_hd__o2bb2a_2 A =  11.26  Df =7207.9 -104.4 ps  S =  49.8 ps  Cin =  1.8 ff  Cout =   4.7 ff  Cmax = 294.8 ff  G =  252  
ABC: Path 24 --     708 : 2    1 sky130_fd_sc_hd__nor2_2   A =   6.26  Df =7508.3 -321.5 ps  S = 373.9 ps  Cin =  4.4 ff  Cout =  33.4 ff  Cmax = 141.9 ff  G =  756  
ABC: Start-point = pi37 (\b [2]).  End-point = po30 ($auto$rtlil.cc:2607:MuxGate$2373).
ABC: + print_stats -m 
ABC: netlist                       : i/o =   50/   32  lat =    0  nd =   631  edge =   1737  area =5911.64  delay =26.00  lev = 26
ABC: + write_blif /tmp/yosys-abc-vEisyU/output.blif 

54.1.2. Re-integrating ABC results.
ABC RESULTS:   sky130_fd_sc_hd__a41o_2 cells:        1
ABC RESULTS:   sky130_fd_sc_hd__or4bb_2 cells:        1
ABC RESULTS:   sky130_fd_sc_hd__nor4_2 cells:        1
ABC RESULTS:   sky130_fd_sc_hd__o22a_2 cells:        1
ABC RESULTS:   sky130_fd_sc_hd__and4bb_2 cells:        1
ABC RESULTS:   sky130_fd_sc_hd__a32oi_2 cells:        1
ABC RESULTS:   sky130_fd_sc_hd__or3b_2 cells:        2
ABC RESULTS:   sky130_fd_sc_hd__nand4_2 cells:       11
ABC RESULTS:   sky130_fd_sc_hd__o22ai_2 cells:        1
ABC RESULTS:   sky130_fd_sc_hd__a211oi_2 cells:        5
ABC RESULTS:   sky130_fd_sc_hd__o211ai_2 cells:        7
ABC RESULTS:   sky130_fd_sc_hd__and4_2 cells:        8
ABC RESULTS:   sky130_fd_sc_hd__a22oi_2 cells:        5
ABC RESULTS:   sky130_fd_sc_hd__a22o_2 cells:       15
ABC RESULTS:   sky130_fd_sc_hd__a21boi_2 cells:        3
ABC RESULTS:   sky130_fd_sc_hd__o2111a_2 cells:        1
ABC RESULTS:   sky130_fd_sc_hd__nand2b_2 cells:        1
ABC RESULTS:   sky130_fd_sc_hd__and3b_2 cells:        3
ABC RESULTS:   sky130_fd_sc_hd__a311o_2 cells:        1
ABC RESULTS:   sky130_fd_sc_hd__o21bai_2 cells:        2
ABC RESULTS:   sky130_fd_sc_hd__and4b_2 cells:        5
ABC RESULTS:   sky130_fd_sc_hd__inv_2 cells:        8
ABC RESULTS:   sky130_fd_sc_hd__or4b_2 cells:        1
ABC RESULTS:   sky130_fd_sc_hd__and2b_2 cells:       13
ABC RESULTS:   sky130_fd_sc_hd__a32o_2 cells:        3
ABC RESULTS:   sky130_fd_sc_hd__a21bo_2 cells:       17
ABC RESULTS:   sky130_fd_sc_hd__o31a_2 cells:        1
ABC RESULTS:   sky130_fd_sc_hd__o41a_2 cells:        1
ABC RESULTS:   sky130_fd_sc_hd__o21ba_2 cells:        7
ABC RESULTS:   sky130_fd_sc_hd__a2bb2o_2 cells:        2
ABC RESULTS:   sky130_fd_sc_hd__or4_2 cells:        3
ABC RESULTS:   sky130_fd_sc_hd__or2b_2 cells:       13
ABC RESULTS:   sky130_fd_sc_hd__and3_2 cells:       26
ABC RESULTS:   sky130_fd_sc_hd__mux2_2 cells:        4
ABC RESULTS:   sky130_fd_sc_hd__buf_1 cells:       33
ABC RESULTS:   sky130_fd_sc_hd__or3_2 cells:       14
ABC RESULTS:   sky130_fd_sc_hd__o41ai_2 cells:        2
ABC RESULTS:   sky130_fd_sc_hd__nand2_2 cells:       38
ABC RESULTS:   sky130_fd_sc_hd__a21o_2 cells:       49
ABC RESULTS:   sky130_fd_sc_hd__nand3_2 cells:       34
ABC RESULTS:   sky130_fd_sc_hd__o211a_2 cells:       22
ABC RESULTS:   sky130_fd_sc_hd__xor2_2 cells:       20
ABC RESULTS:   sky130_fd_sc_hd__o221a_2 cells:        4
ABC RESULTS:   sky130_fd_sc_hd__a211o_2 cells:        9
ABC RESULTS:   sky130_fd_sc_hd__o21ai_2 cells:       23
ABC RESULTS:   sky130_fd_sc_hd__and2_2 cells:       25
ABC RESULTS:   sky130_fd_sc_hd__a21oi_2 cells:       27
ABC RESULTS:   sky130_fd_sc_hd__a31o_2 cells:       12
ABC RESULTS:   sky130_fd_sc_hd__o2bb2a_2 cells:       12
ABC RESULTS:   sky130_fd_sc_hd__nor2_2 cells:       34
ABC RESULTS:   sky130_fd_sc_hd__xnor2_2 cells:       51
ABC RESULTS:   sky130_fd_sc_hd__nor3_2 cells:        4
ABC RESULTS:   sky130_fd_sc_hd__o21a_2 cells:       10
ABC RESULTS:   sky130_fd_sc_hd__or2_2 cells:       32
ABC RESULTS:   sky130_fd_sc_hd__o311a_2 cells:        1
ABC RESULTS:        internal signals:      697
ABC RESULTS:           input signals:       50
ABC RESULTS:          output signals:       32
Removing temp directory.

55. Executing SETUNDEF pass (replace undef values with defined constants).

56. Executing HILOMAP pass (mapping to constant drivers).

57. Executing SPLITNETS pass (splitting up multi-bit signals).

58. Executing OPT_CLEAN pass (remove unused cells and wires).
Finding unused cells or wires in module \synth_top..
Removed 0 unused cells and 810 unused wires.
<suppressed ~1 debug messages>

59. Executing INSBUF pass (insert buffer cells for connected wires).

60. Executing CHECK pass (checking for obvious problems).
Checking module synth_top...
Warning: Wire synth_top.\out [31] is used but has no driver.
Warning: Wire synth_top.\out [30] is used but has no driver.
Warning: Wire synth_top.\out [29] is used but has no driver.
Warning: Wire synth_top.\out [28] is used but has no driver.
Warning: Wire synth_top.\out [27] is used but has no driver.
Warning: Wire synth_top.\out [26] is used but has no driver.
Warning: Wire synth_top.\out [25] is used but has no driver.
Warning: Wire synth_top.\out [24] is used but has no driver.
Warning: Wire synth_top.\out [23] is used but has no driver.
Warning: Wire synth_top.\out [22] is used but has no driver.
Warning: Wire synth_top.\out [21] is used but has no driver.
Warning: Wire synth_top.\out [20] is used but has no driver.
Warning: Wire synth_top.\out [19] is used but has no driver.
Warning: Wire synth_top.\out [18] is used but has no driver.
Warning: Wire synth_top.\out [17] is used but has no driver.
Warning: Wire synth_top.\out [16] is used but has no driver.
Warning: Wire synth_top.\out [15] is used but has no driver.
Warning: Wire synth_top.\out [14] is used but has no driver.
Warning: Wire synth_top.\out [13] is used but has no driver.
Warning: Wire synth_top.\out [12] is used but has no driver.
Warning: Wire synth_top.\out [11] is used but has no driver.
Warning: Wire synth_top.\out [10] is used but has no driver.
Warning: Wire synth_top.\out [9] is used but has no driver.
Warning: Wire synth_top.\out [8] is used but has no driver.
Warning: Wire synth_top.\out [7] is used but has no driver.
Warning: Wire synth_top.\out [6] is used but has no driver.
Warning: Wire synth_top.\out [5] is used but has no driver.
Warning: Wire synth_top.\out [4] is used but has no driver.
Warning: Wire synth_top.\out [3] is used but has no driver.
Warning: Wire synth_top.\out [2] is used but has no driver.
Warning: Wire synth_top.\out [1] is used but has no driver.
Warning: Wire synth_top.\out [0] is used but has no driver.
Found and reported 32 problems.

61. Printing statistics.

=== synth_top ===

   Number of wires:                637
   Number of wire bits:            682
   Number of public wires:           6
   Number of public wire bits:      51
   Number of memories:               0
   Number of memory bits:            0
   Number of processes:              0
   Number of cells:                663
     sky130_fd_sc_hd__a211o_2        9
     sky130_fd_sc_hd__a211oi_2       5
     sky130_fd_sc_hd__a21bo_2       17
     sky130_fd_sc_hd__a21boi_2       3
     sky130_fd_sc_hd__a21o_2        49
     sky130_fd_sc_hd__a21oi_2       27
     sky130_fd_sc_hd__a22o_2        15
     sky130_fd_sc_hd__a22oi_2        5
     sky130_fd_sc_hd__a2bb2o_2       2
     sky130_fd_sc_hd__a311o_2        1
     sky130_fd_sc_hd__a31o_2        12
     sky130_fd_sc_hd__a32o_2         3
     sky130_fd_sc_hd__a32oi_2        1
     sky130_fd_sc_hd__a41o_2         1
     sky130_fd_sc_hd__and2_2        25
     sky130_fd_sc_hd__and2b_2       13
     sky130_fd_sc_hd__and3_2        26
     sky130_fd_sc_hd__and3b_2        3
     sky130_fd_sc_hd__and4_2         8
     sky130_fd_sc_hd__and4b_2        5
     sky130_fd_sc_hd__and4bb_2       1
     sky130_fd_sc_hd__buf_1         33
     sky130_fd_sc_hd__dfxtp_2       32
     sky130_fd_sc_hd__inv_2          8
     sky130_fd_sc_hd__mux2_2         4
     sky130_fd_sc_hd__nand2_2       38
     sky130_fd_sc_hd__nand2b_2       1
     sky130_fd_sc_hd__nand3_2       34
     sky130_fd_sc_hd__nand4_2       11
     sky130_fd_sc_hd__nor2_2        34
     sky130_fd_sc_hd__nor3_2         4
     sky130_fd_sc_hd__nor4_2         1
     sky130_fd_sc_hd__o2111a_2       1
     sky130_fd_sc_hd__o211a_2       22
     sky130_fd_sc_hd__o211ai_2       7
     sky130_fd_sc_hd__o21a_2        10
     sky130_fd_sc_hd__o21ai_2       23
     sky130_fd_sc_hd__o21ba_2        7
     sky130_fd_sc_hd__o21bai_2       2
     sky130_fd_sc_hd__o221a_2        4
     sky130_fd_sc_hd__o22a_2         1
     sky130_fd_sc_hd__o22ai_2        1
     sky130_fd_sc_hd__o2bb2a_2      12
     sky130_fd_sc_hd__o311a_2        1
     sky130_fd_sc_hd__o31a_2         1
     sky130_fd_sc_hd__o41a_2         1
     sky130_fd_sc_hd__o41ai_2        2
     sky130_fd_sc_hd__or2_2         32
     sky130_fd_sc_hd__or2b_2        13
     sky130_fd_sc_hd__or3_2         14
     sky130_fd_sc_hd__or3b_2         2
     sky130_fd_sc_hd__or4_2          3
     sky130_fd_sc_hd__or4b_2         1
     sky130_fd_sc_hd__or4bb_2        1
     sky130_fd_sc_hd__xnor2_2       51
     sky130_fd_sc_hd__xor2_2        20

   Chip area for module '\synth_top': 6591.321600

62. Executing Verilog backend.
Dumping module `\synth_top'.

Warnings: 32 unique messages, 32 total
End of script. Logfile hash: 4aebbfa53e, CPU: user 1.68s system 0.09s, MEM: 30.00 MB peak
Yosys 0.30+48 (git sha1 14d50a176d5, gcc 8.3.1 -fPIC -Os)
Time spent: 70% 2x abc (3 sec), 5% 20x opt_expr (0 sec), ...
