
===========================================================================
report_checks -unconstrained
===========================================================================
======================= nom_ss_100C_1v60 Corner ===================================

Startpoint: _1428_ (rising edge-triggered flip-flop clocked by clk)
Endpoint: _1464_ (rising edge-triggered flip-flop clocked by clk)
Path Group: clk
Path Type: max

Fanout         Cap        Slew       Delay        Time   Description
---------------------------------------------------------------------------------------------
                                  0.000000    0.000000   clock clk (rise edge)
                                  0.000000    0.000000   clock source latency
     1    0.026307    0.194045    0.133893    0.133893 ^ clk (in)
                                                         clk (net)
                      0.194060    0.000000    0.133893 ^ clkbuf_0_clk/A (sky130_fd_sc_hd__clkbuf_16)
     8    0.106104    0.185356    0.375983    0.509875 ^ clkbuf_0_clk/X (sky130_fd_sc_hd__clkbuf_16)
                                                         clknet_0_clk (net)
                      0.186131    0.008815    0.518691 ^ clkbuf_3_0__f_clk/A (sky130_fd_sc_hd__clkbuf_16)
     9    0.037809    0.091408    0.299909    0.818600 ^ clkbuf_3_0__f_clk/X (sky130_fd_sc_hd__clkbuf_16)
                                                         clknet_3_0__leaf_clk (net)
                      0.091418    0.000994    0.819595 ^ _1428_/CLK (sky130_fd_sc_hd__dfxtp_2)
     3    0.026852    0.226386    0.787486    1.607080 ^ _1428_/Q (sky130_fd_sc_hd__dfxtp_2)
                                                         core_b[3] (net)
                      0.226386    0.000494    1.607574 ^ fanout73/A (sky130_fd_sc_hd__buf_6)
    10    0.049909    0.169650    0.324864    1.932438 ^ fanout73/X (sky130_fd_sc_hd__buf_6)
                                                         net73 (net)
                      0.169789    0.002225    1.934663 ^ fanout72/A (sky130_fd_sc_hd__buf_2)
    10    0.036038    0.285513    0.399484    2.334147 ^ fanout72/X (sky130_fd_sc_hd__buf_2)
                                                         net72 (net)
                      0.285513    0.001102    2.335249 ^ _1015_/B (sky130_fd_sc_hd__and4_1)
     2    0.005577    0.138322    0.479088    2.814337 ^ _1015_/X (sky130_fd_sc_hd__and4_1)
                                                         _0347_ (net)
                      0.138322    0.000142    2.814480 ^ _1017_/A_N (sky130_fd_sc_hd__and2b_1)
     1    0.008594    0.112381    0.434192    3.248672 v _1017_/X (sky130_fd_sc_hd__and2b_1)
                                                         _0349_ (net)
                      0.112381    0.000253    3.248925 v _1018_/B (sky130_fd_sc_hd__xnor2_2)
     3    0.011267    0.297806    0.309613    3.558538 ^ _1018_/Y (sky130_fd_sc_hd__xnor2_2)
                                                         _0350_ (net)
                      0.297806    0.000389    3.558927 ^ _1028_/B1 (sky130_fd_sc_hd__a21o_1)
     2    0.008371    0.132454    0.275856    3.834782 ^ _1028_/X (sky130_fd_sc_hd__a21o_1)
                                                         _0360_ (net)
                      0.132454    0.000229    3.835011 ^ _1030_/B (sky130_fd_sc_hd__nand3_2)
     5    0.023772    0.337861    0.349580    4.184591 v _1030_/Y (sky130_fd_sc_hd__nand3_2)
                                                         _0362_ (net)
                      0.337866    0.001017    4.185608 v _1032_/C (sky130_fd_sc_hd__and3_1)
     3    0.008736    0.119012    0.548096    4.733705 v _1032_/X (sky130_fd_sc_hd__and3_1)
                                                         _0364_ (net)
                      0.119012    0.000214    4.733919 v _1037_/A2 (sky130_fd_sc_hd__o211a_1)
     2    0.005156    0.092682    0.419754    5.153673 v _1037_/X (sky130_fd_sc_hd__o211a_1)
                                                         _0369_ (net)
                      0.092730    0.000101    5.153774 v _1038_/A (sky130_fd_sc_hd__or3_4)
     4    0.014643    0.146591    0.809825    5.963599 v _1038_/X (sky130_fd_sc_hd__or3_4)
                                                         _0370_ (net)
                      0.146591    0.000345    5.963944 v _1041_/A2 (sky130_fd_sc_hd__a211o_1)
     2    0.005062    0.107096    0.594536    6.558481 v _1041_/X (sky130_fd_sc_hd__a211o_1)
                                                         _0373_ (net)
                      0.107096    0.000131    6.558612 v _1125_/D (sky130_fd_sc_hd__and4b_1)
     2    0.006284    0.103628    0.456667    7.015279 v _1125_/X (sky130_fd_sc_hd__and4b_1)
                                                         _0455_ (net)
                      0.103628    0.000163    7.015442 v _1196_/A1 (sky130_fd_sc_hd__a211o_1)
     2    0.009413    0.143902    0.566357    7.581800 v _1196_/X (sky130_fd_sc_hd__a211o_1)
                                                         _0524_ (net)
                      0.143902    0.000402    7.582202 v _1234_/A1 (sky130_fd_sc_hd__a31o_1)
     2    0.009506    0.121253    0.408705    7.990907 v _1234_/X (sky130_fd_sc_hd__a31o_1)
                                                         _0560_ (net)
                      0.121253    0.000218    7.991125 v _1247_/A (sky130_fd_sc_hd__nand2_2)
     1    0.005817    0.093142    0.118990    8.110115 ^ _1247_/Y (sky130_fd_sc_hd__nand2_2)
                                                         _0573_ (net)
                      0.093142    0.000130    8.110245 ^ _1266_/B1 (sky130_fd_sc_hd__o211a_4)
     6    0.040538    0.223506    0.470668    8.580914 ^ _1266_/X (sky130_fd_sc_hd__o211a_4)
                                                         _0591_ (net)
                      0.223576    0.003785    8.584698 ^ fanout53/A (sky130_fd_sc_hd__buf_4)
    10    0.051231    0.235554    0.402430    8.987127 ^ fanout53/X (sky130_fd_sc_hd__buf_4)
                                                         net53 (net)
                      0.235581    0.002605    8.989733 ^ _1293_/B (sky130_fd_sc_hd__xnor2_1)
     2    0.008979    0.183824    0.252664    9.242396 v _1293_/Y (sky130_fd_sc_hd__xnor2_1)
                                                         _0614_ (net)
                      0.183824    0.000229    9.242625 v _1299_/D (sky130_fd_sc_hd__or4_4)
     1    0.003560    0.148009    0.857866   10.100492 v _1299_/X (sky130_fd_sc_hd__or4_4)
                                                         _0619_ (net)
                      0.148009    0.000108   10.100599 v _1300_/B1 (sky130_fd_sc_hd__a311o_1)
     2    0.009543    0.156735    0.693351   10.793951 v _1300_/X (sky130_fd_sc_hd__a311o_1)
                                                         _0620_ (net)
                      0.156735    0.000388   10.794339 v _1329_/A2 (sky130_fd_sc_hd__a21o_1)
     3    0.011400    0.128024    0.420866   11.215205 v _1329_/X (sky130_fd_sc_hd__a21o_1)
                                                         _0645_ (net)
                      0.128024    0.000306   11.215510 v _1353_/A2 (sky130_fd_sc_hd__a21oi_2)
     2    0.013625    0.306693    0.370556   11.586066 ^ _1353_/Y (sky130_fd_sc_hd__a21oi_2)
                                                         _0665_ (net)
                      0.306693    0.000658   11.586725 ^ _1372_/A2 (sky130_fd_sc_hd__o211ai_2)
     2    0.006516    0.181451    0.255235   11.841960 v _1372_/Y (sky130_fd_sc_hd__o211ai_2)
                                                         _0682_ (net)
                      0.181451    0.000203   11.842162 v _1374_/A1 (sky130_fd_sc_hd__a21oi_1)
     3    0.010852    0.411447    0.437998   12.280160 ^ _1374_/Y (sky130_fd_sc_hd__a21oi_1)
                                                         _0684_ (net)
                      0.411447    0.000242   12.280403 ^ _1381_/A2 (sky130_fd_sc_hd__o31a_1)
     1    0.003629    0.094394    0.371517   12.651920 ^ _1381_/X (sky130_fd_sc_hd__o31a_1)
                                                         _0690_ (net)
                      0.094394    0.000084   12.652004 ^ _1383_/A2 (sky130_fd_sc_hd__a211oi_1)
     1    0.001937    0.102046    0.137643   12.789647 v _1383_/Y (sky130_fd_sc_hd__a211oi_1)
                                                         _0080_ (net)
                      0.102046    0.000037   12.789684 v _1464_/D (sky130_fd_sc_hd__dfxtp_1)
                                             12.789684   data arrival time

                                 10.000000   10.000000   clock clk (rise edge)
                                  0.000000   10.000000   clock source latency
     1    0.026307    0.194045    0.133893   10.133893 ^ clk (in)
                                                         clk (net)
                      0.194060    0.000000   10.133893 ^ clkbuf_0_clk/A (sky130_fd_sc_hd__clkbuf_16)
     8    0.106104    0.185356    0.375983   10.509876 ^ clkbuf_0_clk/X (sky130_fd_sc_hd__clkbuf_16)
                                                         clknet_0_clk (net)
                      0.185904    0.007162   10.517038 ^ clkbuf_3_3__f_clk/A (sky130_fd_sc_hd__clkbuf_16)
     7    0.039571    0.094048    0.302088   10.819126 ^ clkbuf_3_3__f_clk/X (sky130_fd_sc_hd__clkbuf_16)
                                                         clknet_3_3__leaf_clk (net)
                      0.094066    0.001286   10.820413 ^ _1464_/CLK (sky130_fd_sc_hd__dfxtp_1)
                                 -0.250000   10.570413   clock uncertainty
                                  0.000000   10.570413   clock reconvergence pessimism
                                 -0.275812   10.294600   library setup time
                                             10.294600   data required time
---------------------------------------------------------------------------------------------
                                             10.294600   data required time
                                            -12.789684   data arrival time
---------------------------------------------------------------------------------------------
                                             -2.495084   slack (VIOLATED)




===========================================================================
report_checks --slack_max -0.01
============================================================================
======================= nom_ss_100C_1v60 Corner ===================================

Startpoint: _1428_ (rising edge-triggered flip-flop clocked by clk)
Endpoint: _1464_ (rising edge-triggered flip-flop clocked by clk)
Path Group: clk
Path Type: max

Fanout         Cap        Slew       Delay        Time   Description
---------------------------------------------------------------------------------------------
                                  0.000000    0.000000   clock clk (rise edge)
                                  0.000000    0.000000   clock source latency
     1    0.026307    0.194045    0.133893    0.133893 ^ clk (in)
                                                         clk (net)
                      0.194060    0.000000    0.133893 ^ clkbuf_0_clk/A (sky130_fd_sc_hd__clkbuf_16)
     8    0.106104    0.185356    0.375983    0.509875 ^ clkbuf_0_clk/X (sky130_fd_sc_hd__clkbuf_16)
                                                         clknet_0_clk (net)
                      0.186131    0.008815    0.518691 ^ clkbuf_3_0__f_clk/A (sky130_fd_sc_hd__clkbuf_16)
     9    0.037809    0.091408    0.299909    0.818600 ^ clkbuf_3_0__f_clk/X (sky130_fd_sc_hd__clkbuf_16)
                                                         clknet_3_0__leaf_clk (net)
                      0.091418    0.000994    0.819595 ^ _1428_/CLK (sky130_fd_sc_hd__dfxtp_2)
     3    0.026852    0.226386    0.787486    1.607080 ^ _1428_/Q (sky130_fd_sc_hd__dfxtp_2)
                                                         core_b[3] (net)
                      0.226386    0.000494    1.607574 ^ fanout73/A (sky130_fd_sc_hd__buf_6)
    10    0.049909    0.169650    0.324864    1.932438 ^ fanout73/X (sky130_fd_sc_hd__buf_6)
                                                         net73 (net)
                      0.169789    0.002225    1.934663 ^ fanout72/A (sky130_fd_sc_hd__buf_2)
    10    0.036038    0.285513    0.399484    2.334147 ^ fanout72/X (sky130_fd_sc_hd__buf_2)
                                                         net72 (net)
                      0.285513    0.001102    2.335249 ^ _1015_/B (sky130_fd_sc_hd__and4_1)
     2    0.005577    0.138322    0.479088    2.814337 ^ _1015_/X (sky130_fd_sc_hd__and4_1)
                                                         _0347_ (net)
                      0.138322    0.000142    2.814480 ^ _1017_/A_N (sky130_fd_sc_hd__and2b_1)
     1    0.008594    0.112381    0.434192    3.248672 v _1017_/X (sky130_fd_sc_hd__and2b_1)
                                                         _0349_ (net)
                      0.112381    0.000253    3.248925 v _1018_/B (sky130_fd_sc_hd__xnor2_2)
     3    0.011267    0.297806    0.309613    3.558538 ^ _1018_/Y (sky130_fd_sc_hd__xnor2_2)
                                                         _0350_ (net)
                      0.297806    0.000389    3.558927 ^ _1028_/B1 (sky130_fd_sc_hd__a21o_1)
     2    0.008371    0.132454    0.275856    3.834782 ^ _1028_/X (sky130_fd_sc_hd__a21o_1)
                                                         _0360_ (net)
                      0.132454    0.000229    3.835011 ^ _1030_/B (sky130_fd_sc_hd__nand3_2)
     5    0.023772    0.337861    0.349580    4.184591 v _1030_/Y (sky130_fd_sc_hd__nand3_2)
                                                         _0362_ (net)
                      0.337866    0.001017    4.185608 v _1032_/C (sky130_fd_sc_hd__and3_1)
     3    0.008736    0.119012    0.548096    4.733705 v _1032_/X (sky130_fd_sc_hd__and3_1)
                                                         _0364_ (net)
                      0.119012    0.000214    4.733919 v _1037_/A2 (sky130_fd_sc_hd__o211a_1)
     2    0.005156    0.092682    0.419754    5.153673 v _1037_/X (sky130_fd_sc_hd__o211a_1)
                                                         _0369_ (net)
                      0.092730    0.000101    5.153774 v _1038_/A (sky130_fd_sc_hd__or3_4)
     4    0.014643    0.146591    0.809825    5.963599 v _1038_/X (sky130_fd_sc_hd__or3_4)
                                                         _0370_ (net)
                      0.146591    0.000345    5.963944 v _1041_/A2 (sky130_fd_sc_hd__a211o_1)
     2    0.005062    0.107096    0.594536    6.558481 v _1041_/X (sky130_fd_sc_hd__a211o_1)
                                                         _0373_ (net)
                      0.107096    0.000131    6.558612 v _1125_/D (sky130_fd_sc_hd__and4b_1)
     2    0.006284    0.103628    0.456667    7.015279 v _1125_/X (sky130_fd_sc_hd__and4b_1)
                                                         _0455_ (net)
                      0.103628    0.000163    7.015442 v _1196_/A1 (sky130_fd_sc_hd__a211o_1)
     2    0.009413    0.143902    0.566357    7.581800 v _1196_/X (sky130_fd_sc_hd__a211o_1)
                                                         _0524_ (net)
                      0.143902    0.000402    7.582202 v _1234_/A1 (sky130_fd_sc_hd__a31o_1)
     2    0.009506    0.121253    0.408705    7.990907 v _1234_/X (sky130_fd_sc_hd__a31o_1)
                                                         _0560_ (net)
                      0.121253    0.000218    7.991125 v _1247_/A (sky130_fd_sc_hd__nand2_2)
     1    0.005817    0.093142    0.118990    8.110115 ^ _1247_/Y (sky130_fd_sc_hd__nand2_2)
                                                         _0573_ (net)
                      0.093142    0.000130    8.110245 ^ _1266_/B1 (sky130_fd_sc_hd__o211a_4)
     6    0.040538    0.223506    0.470668    8.580914 ^ _1266_/X (sky130_fd_sc_hd__o211a_4)
                                                         _0591_ (net)
                      0.223576    0.003785    8.584698 ^ fanout53/A (sky130_fd_sc_hd__buf_4)
    10    0.051231    0.235554    0.402430    8.987127 ^ fanout53/X (sky130_fd_sc_hd__buf_4)
                                                         net53 (net)
                      0.235581    0.002605    8.989733 ^ _1293_/B (sky130_fd_sc_hd__xnor2_1)
     2    0.008979    0.183824    0.252664    9.242396 v _1293_/Y (sky130_fd_sc_hd__xnor2_1)
                                                         _0614_ (net)
                      0.183824    0.000229    9.242625 v _1299_/D (sky130_fd_sc_hd__or4_4)
     1    0.003560    0.148009    0.857866   10.100492 v _1299_/X (sky130_fd_sc_hd__or4_4)
                                                         _0619_ (net)
                      0.148009    0.000108   10.100599 v _1300_/B1 (sky130_fd_sc_hd__a311o_1)
     2    0.009543    0.156735    0.693351   10.793951 v _1300_/X (sky130_fd_sc_hd__a311o_1)
                                                         _0620_ (net)
                      0.156735    0.000388   10.794339 v _1329_/A2 (sky130_fd_sc_hd__a21o_1)
     3    0.011400    0.128024    0.420866   11.215205 v _1329_/X (sky130_fd_sc_hd__a21o_1)
                                                         _0645_ (net)
                      0.128024    0.000306   11.215510 v _1353_/A2 (sky130_fd_sc_hd__a21oi_2)
     2    0.013625    0.306693    0.370556   11.586066 ^ _1353_/Y (sky130_fd_sc_hd__a21oi_2)
                                                         _0665_ (net)
                      0.306693    0.000658   11.586725 ^ _1372_/A2 (sky130_fd_sc_hd__o211ai_2)
     2    0.006516    0.181451    0.255235   11.841960 v _1372_/Y (sky130_fd_sc_hd__o211ai_2)
                                                         _0682_ (net)
                      0.181451    0.000203   11.842162 v _1374_/A1 (sky130_fd_sc_hd__a21oi_1)
     3    0.010852    0.411447    0.437998   12.280160 ^ _1374_/Y (sky130_fd_sc_hd__a21oi_1)
                                                         _0684_ (net)
                      0.411447    0.000242   12.280403 ^ _1381_/A2 (sky130_fd_sc_hd__o31a_1)
     1    0.003629    0.094394    0.371517   12.651920 ^ _1381_/X (sky130_fd_sc_hd__o31a_1)
                                                         _0690_ (net)
                      0.094394    0.000084   12.652004 ^ _1383_/A2 (sky130_fd_sc_hd__a211oi_1)
     1    0.001937    0.102046    0.137643   12.789647 v _1383_/Y (sky130_fd_sc_hd__a211oi_1)
                                                         _0080_ (net)
                      0.102046    0.000037   12.789684 v _1464_/D (sky130_fd_sc_hd__dfxtp_1)
                                             12.789684   data arrival time

                                 10.000000   10.000000   clock clk (rise edge)
                                  0.000000   10.000000   clock source latency
     1    0.026307    0.194045    0.133893   10.133893 ^ clk (in)
                                                         clk (net)
                      0.194060    0.000000   10.133893 ^ clkbuf_0_clk/A (sky130_fd_sc_hd__clkbuf_16)
     8    0.106104    0.185356    0.375983   10.509876 ^ clkbuf_0_clk/X (sky130_fd_sc_hd__clkbuf_16)
                                                         clknet_0_clk (net)
                      0.185904    0.007162   10.517038 ^ clkbuf_3_3__f_clk/A (sky130_fd_sc_hd__clkbuf_16)
     7    0.039571    0.094048    0.302088   10.819126 ^ clkbuf_3_3__f_clk/X (sky130_fd_sc_hd__clkbuf_16)
                                                         clknet_3_3__leaf_clk (net)
                      0.094066    0.001286   10.820413 ^ _1464_/CLK (sky130_fd_sc_hd__dfxtp_1)
                                 -0.250000   10.570413   clock uncertainty
                                  0.000000   10.570413   clock reconvergence pessimism
                                 -0.275812   10.294600   library setup time
                                             10.294600   data required time
---------------------------------------------------------------------------------------------
                                             10.294600   data required time
                                            -12.789684   data arrival time
---------------------------------------------------------------------------------------------
                                             -2.495084   slack (VIOLATED)




===========================================================================
 report_check_types -max_slew -max_cap -max_fanout -violators
============================================================================
======================= nom_ss_100C_1v60 Corner ===================================

max slew

Pin                                        Limit        Slew       Slack
------------------------------------------------------------------------
_0701_/Y                                0.750000    0.803216   -0.053216 (VIOLATED)
_0734_/A2                               0.750000    0.803216   -0.053216 (VIOLATED)
max_cap64/A                             0.750000    0.803216   -0.053216 (VIOLATED)
_0770_/B                                0.750000    0.769955   -0.019955 (VIOLATED)
_0780_/B                                0.750000    0.769954   -0.019954 (VIOLATED)
_0778_/B                                0.750000    0.769950   -0.019950 (VIOLATED)
fanout61/A                              0.750000    0.769937   -0.019937 (VIOLATED)
fanout62/A                              0.750000    0.769931   -0.019931 (VIOLATED)
_0723_/Y                                0.750000    0.769926   -0.019926 (VIOLATED)

max fanout

Pin                                   Limit Fanout  Slack
---------------------------------------------------------
clkbuf_3_5__f_clk/X                      10     14     -4 (VIOLATED)
clkbuf_3_6__f_clk/X                      10     14     -4 (VIOLATED)
clkbuf_3_1__f_clk/X                      10     13     -3 (VIOLATED)
clkbuf_3_4__f_clk/X                      10     11        (VIOLATED)



===========================================================================
report_parasitic_annotation -report_unannotated
============================================================================
Found 31 unannotated drivers.
 wdata[10]
 wdata[11]
 wdata[12]
 wdata[13]
 wdata[14]
 wdata[15]
 wdata[16]
 wdata[17]
 wdata[18]
 wdata[19]
 wdata[20]
 wdata[21]
 wdata[22]
 wdata[23]
 wdata[24]
 wdata[25]
 wdata[26]
 wdata[27]
 wdata[28]
 wdata[29]
 wdata[30]
 wdata[31]
 wdata[8]
 wdata[9]
 clkload0/Y
 clkload1/X
 clkload2/Y
 clkload3/Y
 clkload4/Y
 clkload5/Y
 top_117/LO
Found 0 partially unannotated drivers.

===========================================================================
max slew violation count 9
max fanout violation count 4
max cap violation count 0
============================================================================

===========================================================================
check_setup -verbose -unconstrained_endpoints -multiple_clock -no_clock -no_input_delay -loops -generated_clocks
===========================================================================
Warning: There is 1 unconstrained endpoint.
  ready
