
===========================================================================
 report_power
============================================================================
======================= nom_tt_025C_1v80 Corner ===================================

Group                    Internal    Switching      Leakage        Total
                            Power        Power        Power        Power (Watts)
------------------------------------------------------------------------
Sequential           3.367685e-04 2.061495e-05 6.952633e-10 3.573841e-04  94.8%
Combinational        9.797228e-06 9.939511e-06 2.625238e-09 1.973936e-05   5.2%
Clock                0.000000e+00 0.000000e+00 4.212053e-10 4.212053e-10   0.0%
Macro                0.000000e+00 0.000000e+00 0.000000e+00 0.000000e+00   0.0%
Pad                  0.000000e+00 0.000000e+00 0.000000e+00 0.000000e+00   0.0%
------------------------------------------------------------------------
Total                3.465657e-04 3.055447e-05 3.741714e-09 3.771239e-04 100.0%
                            91.9%         8.1%         0.0%
Writing metric power__internal__total: 0.00034656570642255247
Writing metric power__switching__total: 3.055447086808272e-5
Writing metric power__leakage__total: 3.741714049709799e-9
Writing metric power__total: 0.0003771239425987005

