#! /usr/bin/vvp
:ivl_version "11.0 (stable)";
:ivl_delay_selection "TYPICAL";
:vpi_time_precision + 0;
:vpi_module "/usr/lib/x86_64-linux-gnu/ivl/system.vpi";
:vpi_module "/usr/lib/x86_64-linux-gnu/ivl/vhdl_sys.vpi";
:vpi_module "/usr/lib/x86_64-linux-gnu/ivl/vhdl_textio.vpi";
:vpi_module "/usr/lib/x86_64-linux-gnu/ivl/v2005_math.vpi";
:vpi_module "/usr/lib/x86_64-linux-gnu/ivl/va_math.vpi";
:vpi_module "/usr/lib/x86_64-linux-gnu/ivl/v2009.vpi";
S_0x5b39df8c11c0 .scope package, "$unit" "$unit" 2 1;
 .timescale 0 0;
S_0x5b39df8c1370 .scope module, "mac" "mac" 3 1;
 .timescale 0 0;
    .port_info 0 /INPUT 1 "clk";
    .port_info 1 /INPUT 1 "rst";
    .port_info 2 /INPUT 8 "a";
    .port_info 3 /INPUT 8 "b";
    .port_info 4 /OUTPUT 32 "out";
o0x7fb61bedd018 .functor BUFZ 8, C4<zzzzzzzz>; HiZ drive
v0x5b39df8c2bb0_0 .net/s "a", 7 0, o0x7fb61bedd018;  0 drivers
o0x7fb61bedd048 .functor BUFZ 8, C4<zzzzzzzz>; HiZ drive
v0x5b39df8c2fa0_0 .net/s "b", 7 0, o0x7fb61bedd048;  0 drivers
o0x7fb61bedd078 .functor BUFZ 1, C4<z>; HiZ drive
v0x5b39df90a220_0 .net "clk", 0 0, o0x7fb61bedd078;  0 drivers
v0x5b39df90a2f0_0 .var/s "out", 31 0;
o0x7fb61bedd0d8 .functor BUFZ 1, C4<z>; HiZ drive
v0x5b39df90a3d0_0 .net "rst", 0 0, o0x7fb61bedd0d8;  0 drivers
E_0x5b39df8fac00 .event posedge, v0x5b39df90a220_0;
    .scope S_0x5b39df8c1370;
T_0 ;
    %wait E_0x5b39df8fac00;
    %load/vec4 v0x5b39df90a3d0_0;
    %flag_set/vec4 8;
    %jmp/0xz  T_0.0, 8;
    %pushi/vec4 0, 0, 32;
    %assign/vec4 v0x5b39df90a2f0_0, 0;
    %jmp T_0.1;
T_0.0 ;
    %load/vec4 v0x5b39df90a2f0_0;
    %load/vec4 v0x5b39df8c2bb0_0;
    %pad/s 32;
    %load/vec4 v0x5b39df8c2fa0_0;
    %pad/s 32;
    %mul;
    %add;
    %assign/vec4 v0x5b39df90a2f0_0, 0;
T_0.1 ;
    %jmp T_0;
    .thread T_0;
# The file index is used to find the file name in the following table.
:file_names 4;
    "N/A";
    "<interactive>";
    "-";
    "mac_llm_A.v";
