#! /usr/bin/vvp
:ivl_version "11.0 (stable)";
:ivl_delay_selection "TYPICAL";
:vpi_time_precision + 0;
:vpi_module "/usr/lib/x86_64-linux-gnu/ivl/system.vpi";
:vpi_module "/usr/lib/x86_64-linux-gnu/ivl/vhdl_sys.vpi";
:vpi_module "/usr/lib/x86_64-linux-gnu/ivl/vhdl_textio.vpi";
:vpi_module "/usr/lib/x86_64-linux-gnu/ivl/v2005_math.vpi";
:vpi_module "/usr/lib/x86_64-linux-gnu/ivl/va_math.vpi";
:vpi_module "/usr/lib/x86_64-linux-gnu/ivl/v2009.vpi";
S_0x62bbebf48e40 .scope package, "$unit" "$unit" 2 1;
 .timescale 0 0;
S_0x62bbebf48fd0 .scope module, "mac" "mac" 3 3;
 .timescale 0 0;
    .port_info 0 /INPUT 1 "clk";
    .port_info 1 /INPUT 1 "rst";
    .port_info 2 /INPUT 8 "a";
    .port_info 3 /INPUT 8 "b";
    .port_info 4 /OUTPUT 32 "out";
v0x62bbebf49180_0 .net/s *"_ivl_0", 15 0, L_0x62bbebf6c8f0;  1 drivers
v0x62bbebf6c210_0 .net/s *"_ivl_2", 15 0, L_0x62bbebf6c9c0;  1 drivers
o0x7e04db37b078 .functor BUFZ 8, C4<zzzzzzzz>; HiZ drive
v0x62bbebf6c2f0_0 .net/s "a", 7 0, o0x7e04db37b078;  0 drivers
o0x7e04db37b0a8 .functor BUFZ 8, C4<zzzzzzzz>; HiZ drive
v0x62bbebf6c3e0_0 .net/s "b", 7 0, o0x7e04db37b0a8;  0 drivers
o0x7e04db37b0d8 .functor BUFZ 1, C4<z>; HiZ drive
v0x62bbebf6c4c0_0 .net "clk", 0 0, o0x7e04db37b0d8;  0 drivers
v0x62bbebf6c5d0_0 .var/s "out", 31 0;
v0x62bbebf6c6b0_0 .net/s "product", 15 0, L_0x62bbebf6cac0;  1 drivers
o0x7e04db37b168 .functor BUFZ 1, C4<z>; HiZ drive
v0x62bbebf6c790_0 .net "rst", 0 0, o0x7e04db37b168;  0 drivers
E_0x62bbebf5bf50 .event posedge, v0x62bbebf6c4c0_0;
L_0x62bbebf6c8f0 .extend/s 16, o0x7e04db37b078;
L_0x62bbebf6c9c0 .extend/s 16, o0x7e04db37b0a8;
L_0x62bbebf6cac0 .arith/mult 16, L_0x62bbebf6c8f0, L_0x62bbebf6c9c0;
    .scope S_0x62bbebf48fd0;
T_0 ;
    %wait E_0x62bbebf5bf50;
    %load/vec4 v0x62bbebf6c790_0;
    %flag_set/vec4 8;
    %jmp/0xz  T_0.0, 8;
    %pushi/vec4 0, 0, 32;
    %assign/vec4 v0x62bbebf6c5d0_0, 0;
    %jmp T_0.1;
T_0.0 ;
    %load/vec4 v0x62bbebf6c5d0_0;
    %load/vec4 v0x62bbebf6c6b0_0;
    %pad/s 32;
    %add;
    %assign/vec4 v0x62bbebf6c5d0_0, 0;
T_0.1 ;
    %jmp T_0;
    .thread T_0;
# The file index is used to find the file name in the following table.
:file_names 4;
    "N/A";
    "<interactive>";
    "-";
    "mac_llm_B.v";
