
===========================================================================
report_checks -unconstrained
===========================================================================
======================= min_tt_025C_1v80 Corner ===================================

Startpoint: _1425_ (rising edge-triggered flip-flop clocked by clk)
Endpoint: _1462_ (rising edge-triggered flip-flop clocked by clk)
Path Group: clk
Path Type: max

Fanout         Cap        Slew       Delay        Time   Description
---------------------------------------------------------------------------------------------
                                  0.000000    0.000000   clock clk (rise edge)
                                  0.000000    0.000000   clock source latency
     1    0.024950    0.117791    0.081531    0.081531 ^ clk (in)
                                                         clk (net)
                      0.117803    0.000000    0.081531 ^ clkbuf_0_clk/A (sky130_fd_sc_hd__clkbuf_16)
     8    0.101812    0.118042    0.212408    0.293940 ^ clkbuf_0_clk/X (sky130_fd_sc_hd__clkbuf_16)
                                                         clknet_0_clk (net)
                      0.118516    0.006031    0.299970 ^ clkbuf_3_1__f_clk/A (sky130_fd_sc_hd__clkbuf_16)
    13    0.045331    0.064568    0.172593    0.472564 ^ clkbuf_3_1__f_clk/X (sky130_fd_sc_hd__clkbuf_16)
                                                         clknet_3_1__leaf_clk (net)
                      0.064574    0.000684    0.473248 ^ _1425_/CLK (sky130_fd_sc_hd__dfxtp_4)
     3    0.011874    0.040038    0.350202    0.823451 v _1425_/Q (sky130_fd_sc_hd__dfxtp_4)
                                                         core_b[0] (net)
                      0.040038    0.000111    0.823561 v fanout79/A (sky130_fd_sc_hd__buf_8)
     5    0.020330    0.030797    0.121719    0.945280 v fanout79/X (sky130_fd_sc_hd__buf_8)
                                                         net79 (net)
                      0.030805    0.000408    0.945688 v _1019_/C (sky130_fd_sc_hd__and3_4)
     5    0.010747    0.040579    0.179503    1.125191 v _1019_/X (sky130_fd_sc_hd__and3_4)
                                                         _0351_ (net)
                      0.040579    0.000067    1.125258 v rebuffer13/A (sky130_fd_sc_hd__dlymetal6s4s_1)
     2    0.003693    0.042452    0.249019    1.374277 v rebuffer13/X (sky130_fd_sc_hd__dlymetal6s4s_1)
                                                         net129 (net)
                      0.042452    0.000013    1.374290 v _1065_/A1_N (sky130_fd_sc_hd__a2bb2o_1)
     1    0.003502    0.049915    0.251120    1.625410 ^ _1065_/X (sky130_fd_sc_hd__a2bb2o_1)
                                                         _0396_ (net)
                      0.049915    0.000037    1.625448 ^ _1069_/A1 (sky130_fd_sc_hd__a21o_1)
     3    0.013522    0.123774    0.165147    1.790595 ^ _1069_/X (sky130_fd_sc_hd__a21o_1)
                                                         _0400_ (net)
                      0.123774    0.000491    1.791086 ^ rebuffer3/A (sky130_fd_sc_hd__dlymetal6s2s_1)
     1    0.002361    0.053038    0.119316    1.910402 ^ rebuffer3/X (sky130_fd_sc_hd__dlymetal6s2s_1)
                                                         net119 (net)
                      0.053038    0.000024    1.910426 ^ rebuffer2/A (sky130_fd_sc_hd__dlymetal6s2s_1)
     1    0.002753    0.056927    0.099047    2.009473 ^ rebuffer2/X (sky130_fd_sc_hd__dlymetal6s2s_1)
                                                         net118 (net)
                      0.056927    0.000013    2.009485 ^ _1071_/A2 (sky130_fd_sc_hd__a21oi_1)
     2    0.005571    0.086134    0.076984    2.086469 v _1071_/Y (sky130_fd_sc_hd__a21oi_1)
                                                         _0402_ (net)
                      0.086134    0.000068    2.086538 v _1073_/B (sky130_fd_sc_hd__or3b_4)
     3    0.008558    0.074028    0.393068    2.479606 v _1073_/X (sky130_fd_sc_hd__or3b_4)
                                                         _0404_ (net)
                      0.074028    0.000111    2.479717 v _1075_/B (sky130_fd_sc_hd__and3_4)
     2    0.013373    0.044207    0.192830    2.672547 v _1075_/X (sky130_fd_sc_hd__and3_4)
                                                         _0406_ (net)
                      0.044207    0.000159    2.672706 v _1078_/A2 (sky130_fd_sc_hd__o211a_1)
     2    0.008648    0.065683    0.230253    2.902959 v _1078_/X (sky130_fd_sc_hd__o211a_1)
                                                         _0409_ (net)
                      0.065683    0.000123    2.903082 v _1079_/C1 (sky130_fd_sc_hd__a211oi_2)
     5    0.016635    0.358451    0.301029    3.204111 ^ _1079_/Y (sky130_fd_sc_hd__a211oi_2)
                                                         _0410_ (net)
                      0.358451    0.000092    3.204203 ^ _1082_/B1 (sky130_fd_sc_hd__a211o_1)
     3    0.008092    0.081881    0.187332    3.391535 ^ _1082_/X (sky130_fd_sc_hd__a211o_1)
                                                         _0413_ (net)
                      0.081881    0.000082    3.391617 ^ _1126_/B1_N (sky130_fd_sc_hd__a21bo_1)
     2    0.005695    0.046820    0.215331    3.606948 v _1126_/X (sky130_fd_sc_hd__a21bo_1)
                                                         _0456_ (net)
                      0.046820    0.000039    3.606986 v _1196_/B1 (sky130_fd_sc_hd__a211o_1)
     2    0.008910    0.076112    0.298944    3.905930 v _1196_/X (sky130_fd_sc_hd__a211o_1)
                                                         _0524_ (net)
                      0.076112    0.000248    3.906178 v _1234_/A1 (sky130_fd_sc_hd__a31o_1)
     2    0.009354    0.064758    0.213992    4.120170 v _1234_/X (sky130_fd_sc_hd__a31o_1)
                                                         _0560_ (net)
                      0.064758    0.000079    4.120249 v _1247_/A (sky130_fd_sc_hd__nand2_2)
     1    0.005765    0.056830    0.066317    4.186566 ^ _1247_/Y (sky130_fd_sc_hd__nand2_2)
                                                         _0573_ (net)
                      0.056830    0.000038    4.186604 ^ _1266_/B1 (sky130_fd_sc_hd__o211a_4)
     6    0.038985    0.132861    0.229375    4.415980 ^ _1266_/X (sky130_fd_sc_hd__o211a_4)
                                                         _0591_ (net)
                      0.132922    0.002653    4.418633 ^ fanout53/A (sky130_fd_sc_hd__buf_4)
    10    0.050538    0.145023    0.217629    4.636262 ^ fanout53/X (sky130_fd_sc_hd__buf_4)
                                                         net53 (net)
                      0.145037    0.001480    4.637742 ^ _1293_/B (sky130_fd_sc_hd__xnor2_1)
     2    0.008757    0.089062    0.116510    4.754252 v _1293_/Y (sky130_fd_sc_hd__xnor2_1)
                                                         _0614_ (net)
                      0.089062    0.000102    4.754354 v _1299_/D (sky130_fd_sc_hd__or4_4)
     1    0.003344    0.080356    0.416561    5.170915 v _1299_/X (sky130_fd_sc_hd__or4_4)
                                                         _0619_ (net)
                      0.080356    0.000040    5.170954 v _1300_/B1 (sky130_fd_sc_hd__a311o_1)
     2    0.009015    0.083087    0.364002    5.534956 v _1300_/X (sky130_fd_sc_hd__a311o_1)
                                                         _0620_ (net)
                      0.083087    0.000226    5.535182 v _1329_/A2 (sky130_fd_sc_hd__a21o_1)
     3    0.011058    0.066619    0.223927    5.759109 v _1329_/X (sky130_fd_sc_hd__a21o_1)
                                                         _0645_ (net)
                      0.066619    0.000126    5.759234 v _1353_/A2 (sky130_fd_sc_hd__a21oi_2)
     2    0.012944    0.181409    0.209010    5.968244 ^ _1353_/Y (sky130_fd_sc_hd__a21oi_2)
                                                         _0665_ (net)
                      0.181409    0.000367    5.968611 ^ _1355_/A (sky130_fd_sc_hd__nor2_1)
     2    0.008125    0.067582    0.099309    6.067920 v _1355_/Y (sky130_fd_sc_hd__nor2_1)
                                                         _0667_ (net)
                      0.067582    0.000069    6.067988 v _1364_/A1 (sky130_fd_sc_hd__o21ba_1)
     1    0.004957    0.044757    0.197028    6.265016 v _1364_/X (sky130_fd_sc_hd__o21ba_1)
                                                         _0675_ (net)
                      0.044757    0.000055    6.265071 v _1365_/B (sky130_fd_sc_hd__xor2_1)
     1    0.004210    0.071319    0.142403    6.407475 v _1365_/X (sky130_fd_sc_hd__xor2_1)
                                                         _0676_ (net)
                      0.071319    0.000070    6.407545 v _1367_/A2 (sky130_fd_sc_hd__a211oi_1)
     1    0.001979    0.161364    0.214999    6.622544 ^ _1367_/Y (sky130_fd_sc_hd__a211oi_1)
                                                         _0078_ (net)
                      0.161364    0.000017    6.622561 ^ _1462_/D (sky130_fd_sc_hd__dfxtp_1)
                                              6.622561   data arrival time

                                 10.000000   10.000000   clock clk (rise edge)
                                  0.000000   10.000000   clock source latency
     1    0.024950    0.117791    0.081531   10.081532 ^ clk (in)
                                                         clk (net)
                      0.117803    0.000000   10.081532 ^ clkbuf_0_clk/A (sky130_fd_sc_hd__clkbuf_16)
     8    0.101812    0.118042    0.212409   10.293941 ^ clkbuf_0_clk/X (sky130_fd_sc_hd__clkbuf_16)
                                                         clknet_0_clk (net)
                      0.118177    0.003282   10.297222 ^ clkbuf_3_6__f_clk/A (sky130_fd_sc_hd__clkbuf_16)
    14    0.045743    0.064948    0.172760   10.469982 ^ clkbuf_3_6__f_clk/X (sky130_fd_sc_hd__clkbuf_16)
                                                         clknet_3_6__leaf_clk (net)
                      0.064953    0.000652   10.470634 ^ _1462_/CLK (sky130_fd_sc_hd__dfxtp_1)
                                 -0.250000   10.220634   clock uncertainty
                                  0.000000   10.220634   clock reconvergence pessimism
                                 -0.077926   10.142708   library setup time
                                             10.142708   data required time
---------------------------------------------------------------------------------------------
                                             10.142708   data required time
                                             -6.622561   data arrival time
---------------------------------------------------------------------------------------------
                                              3.520147   slack (MET)




===========================================================================
report_checks --slack_max -0.01
============================================================================
======================= min_tt_025C_1v80 Corner ===================================

No paths found.


===========================================================================
 report_check_types -max_slew -max_cap -max_fanout -violators
============================================================================
======================= min_tt_025C_1v80 Corner ===================================

max fanout

Pin                                   Limit Fanout  Slack
---------------------------------------------------------
clkbuf_3_5__f_clk/X                      10     14     -4 (VIOLATED)
clkbuf_3_6__f_clk/X                      10     14     -4 (VIOLATED)
clkbuf_3_1__f_clk/X                      10     13     -3 (VIOLATED)
clkbuf_3_4__f_clk/X                      10     11        (VIOLATED)



===========================================================================
report_parasitic_annotation -report_unannotated
============================================================================
Found 31 unannotated drivers.
 wdata[10]
 wdata[11]
 wdata[12]
 wdata[13]
 wdata[14]
 wdata[15]
 wdata[16]
 wdata[17]
 wdata[18]
 wdata[19]
 wdata[20]
 wdata[21]
 wdata[22]
 wdata[23]
 wdata[24]
 wdata[25]
 wdata[26]
 wdata[27]
 wdata[28]
 wdata[29]
 wdata[30]
 wdata[31]
 wdata[8]
 wdata[9]
 clkload0/Y
 clkload1/X
 clkload2/Y
 clkload3/Y
 clkload4/Y
 clkload5/Y
 top_117/LO
Found 0 partially unannotated drivers.

===========================================================================
max slew violation count 0
max fanout violation count 4
max cap violation count 0
============================================================================

===========================================================================
check_setup -verbose -unconstrained_endpoints -multiple_clock -no_clock -no_input_delay -loops -generated_clocks
===========================================================================
Warning: There is 1 unconstrained endpoint.
  ready
