Clock: clk
Sources: clk 
Generated: no
Virtual: yes
Propagated: no
Period: 10.000000

===========================================================================
report_clock_properties
============================================================================
Clock                   Period          Waveform
----------------------------------------------------
clk                  10.000000    0.000000  5.000000

===========================================================================
report_clock_latency
============================================================================
Clock clk
rise -> rise
    min     max
0.000000 0.000000 source latency
0.465126         network latency _1451_/CLK
        0.474039 network latency _1391_/CLK
---------------
0.465126 0.474039 latency
        0.008912 skew

fall -> fall
    min     max
0.000000 0.000000 source latency
0.407320         network latency _1451_/CLK
        0.414988 network latency _1391_/CLK
---------------
0.407320 0.414988 latency
        0.007668 skew



===========================================================================
report_clock_min_period
============================================================================
clk period_min = 6.48 fmax = 154.32
