┏━━━━━━━━━━━━━━━━━━━━━━┳━━━━━━━━━━┳━━━━━━━━━━┳━━━━━━━━━━┳━━━━━━━━━━┳━━━━━━━━━━━┳━━━━━━━━━━┳━━━━━━━━━━━┳━━━━━━━━━━┳━━━━━━━━━━━┳━━━━━━━━━━┳━━━━━━━━━━━┳━━━━━━━━━━┓
┃                      ┃ Hold     ┃ Reg to   ┃          ┃          ┃ of which  ┃ Setup    ┃           ┃          ┃           ┃ of which ┃           ┃          ┃
┃                      ┃ Worst    ┃ Reg      ┃          ┃ Hold Vio ┃ reg to    ┃ Worst    ┃ Reg to    ┃ Setup    ┃ Setup Vio ┃ reg to   ┃ Max Cap   ┃ Max Slew ┃
┃ Corner/Group         ┃ Slack    ┃ Paths    ┃ Hold TNS ┃ Count    ┃ reg       ┃ Slack    ┃ Reg Paths ┃ TNS      ┃ Count     ┃ reg      ┃ Violatio… ┃ Violati… ┃
┡━━━━━━━━━━━━━━━━━━━━━━╇━━━━━━━━━━╇━━━━━━━━━━╇━━━━━━━━━━╇━━━━━━━━━━╇━━━━━━━━━━━╇━━━━━━━━━━╇━━━━━━━━━━━╇━━━━━━━━━━╇━━━━━━━━━━━╇━━━━━━━━━━╇━━━━━━━━━━━╇━━━━━━━━━━┩
│ Overall              │ 0.0851   │ 0.0851   │ 0.0000   │ 0        │ 0         │ -5.9325  │ -5.9325   │ -85.9593 │ 23        │ 23       │ 2         │ 218      │
│ nom_tt_025C_1v80     │ 0.2553   │ 0.2553   │ 0.0000   │ 0        │ 0         │ 2.1461   │ 2.1461    │ 0.0000   │ 0         │ 0        │ 1         │ 100      │
│ nom_ss_100C_1v60     │ 0.7186   │ 0.7186   │ 0.0000   │ 0        │ 0         │ -5.9325  │ -5.9325   │ -85.9593 │ 23        │ 23       │ 2         │ 218      │
│ nom_ff_n40C_1v95     │ 0.0851   │ 0.0851   │ 0.0000   │ 0        │ 0         │ 5.1354   │ 5.1354    │ 0.0000   │ 0         │ 0        │ 1         │ 100      │
└──────────────────────┴──────────┴──────────┴──────────┴──────────┴───────────┴──────────┴───────────┴──────────┴───────────┴──────────┴───────────┴──────────┘
