OpenROAD 0cfb9a45bfb256c9af1a0500d4c97da0f145f54f 
This program is licensed under the BSD-3 license. See the LICENSE file for details.
Components of this program may be licensed under more restrictive licenses which must be honored.
[INFO ODB-0222] Reading LEF file: /openlane/designs/synth_top/runs/RUN_2026.05.18_03.43.02/tmp/merged.nom.lef
[WARNING ODB-0220] WARNING (LEFPARS-2036): SOURCE statement is obsolete in version 5.6 and later.
The LEF parser will ignore this statement.
To avoid this warning in the future, remove this statement from the LEF file with version 5.6 or later. See file /openlane/designs/synth_top/runs/RUN_2026.05.18_03.43.02/tmp/merged.nom.lef at line 930.

[INFO ODB-0223]     Created 13 technology layers
[INFO ODB-0224]     Created 25 technology vias
[INFO ODB-0225]     Created 441 library cells
[INFO ODB-0226] Finished LEF file:  /openlane/designs/synth_top/runs/RUN_2026.05.18_03.43.02/tmp/merged.nom.lef
[INFO ODB-0127] Reading DEF file: /openlane/designs/synth_top/runs/RUN_2026.05.18_03.43.02/results/routing/synth_top.def
[INFO ODB-0128] Design: synth_top
[INFO ODB-0130]     Created 53 pins.
[INFO ODB-0131]     Created 3985 components and 17604 component-terminals.
[INFO ODB-0132]     Created 2 special nets and 15002 connections.
[INFO ODB-0133]     Created 750 nets and 2602 connections.
[INFO ODB-0134] Finished DEF file: /openlane/designs/synth_top/runs/RUN_2026.05.18_03.43.02/results/routing/synth_top.def
define_corners Typical
read_liberty -corner Typical /home/roshan/.volare/sky130A/libs.ref/sky130_fd_sc_hd/lib/sky130_fd_sc_hd__tt_025C_1v80.lib
Using 1e-12 for capacitance...
Using 1e+03 for resistance...
Using 1e-09 for time...
Using 1e+00 for voltage...
Using 1e-03 for current...
Using 1e-09 for power...
Using 1e-06 for distance...
Using RCX ruleset '/home/roshan/.volare/sky130A/libs.tech/openlane/rules.openrcx.sky130A.nom.calibre'...
[INFO RCX-0431] Defined process_corner X with ext_model_index 0
[INFO RCX-0029] Defined extraction corner X
[INFO RCX-0008] extracting parasitics of synth_top ...
[INFO RCX-0435] Reading extraction model file /home/roshan/.volare/sky130A/libs.tech/openlane/rules.openrcx.sky130A.nom.calibre ...
[INFO RCX-0436] RC segment generation synth_top (max_merge_res 50.0) ...
[INFO RCX-0040] Final 3180 rc segments
[INFO RCX-0439] Coupling Cap extraction synth_top ...
[INFO RCX-0440] Coupling threshhold is 0.1000 fF, coupling capacitance less than 0.1000 fF will be grounded.
[INFO RCX-0043] 6057 wires to be extracted
[INFO RCX-0442] 50% completion -- 3033 wires have been extracted
[INFO RCX-0442] 100% completion -- 6057 wires have been extracted
[INFO RCX-0045] Extract 750 nets, 3930 rsegs, 3930 caps, 5976 ccs
[INFO RCX-0015] Finished extracting synth_top.
Writing result to /openlane/designs/synth_top/runs/RUN_2026.05.18_03.43.02/results/routing/mca/process_corner_nom/synth_top.spef...
Setting global connections for newly added cells…
[WARNING] Did not save OpenROAD database!
Writing extracted parasitics to '/openlane/designs/synth_top/runs/RUN_2026.05.18_03.43.02/results/routing/mca/process_corner_nom/synth_top.spef'…
[INFO RCX-0016] Writing SPEF ...
[INFO RCX-0443] 750 nets finished
[INFO RCX-0017] Finished writing SPEF ...
