OpenROAD 0cfb9a45bfb256c9af1a0500d4c97da0f145f54f 
This program is licensed under the BSD-3 license. See the LICENSE file for details.
Components of this program may be licensed under more restrictive licenses which must be honored.
[INFO]: Reading ODB at '/openlane/designs/synth_top/runs/RUN_2026.05.18_03.43.02/results/routing/synth_top.odb'…
define_corners Typical
read_liberty -corner Typical /home/roshan/.volare/sky130A/libs.ref/sky130_fd_sc_hd/lib/sky130_fd_sc_hd__tt_025C_1v80.lib
Using 1e-12 for capacitance...
Using 1e+03 for resistance...
Using 1e-09 for time...
Using 1e+00 for voltage...
Using 1e-03 for current...
Using 1e-09 for power...
Using 1e-06 for distance...
Reading design constraints file at '/openlane/designs/synth_top/runs/RUN_2026.05.18_03.43.02/tmp/17-synth_top.sdc'…
[INFO]: Setting RC values...
[INFO PSM-0002] Output voltage file is specified as: /openlane/designs/synth_top/runs/RUN_2026.05.18_03.43.02/reports/signoff/32-irdrop-VPWR.rpt.
[WARNING PSM-0019] Voltage on net VPWR is not explicitly set.
[WARNING PSM-0022] Using voltage 1.800V for VDD network.
[INFO PSM-0076] Setting metal node density to be standard cell height times 5.
[INFO PSM-0031] Number of PDN nodes on net VPWR = 1039.
[INFO PSM-0064] Number of voltage sources = 34.
[INFO PSM-0040] All PDN stripes on net VPWR are connected.
########## IR report #################
Corner: Typical
Worstcase voltage: 1.80e+00 V
Average IR drop  : 1.37e-04 V
Worstcase IR drop: 1.45e-03 V
######################################
[INFO PSM-0002] Output voltage file is specified as: /openlane/designs/synth_top/runs/RUN_2026.05.18_03.43.02/reports/signoff/32-irdrop-VGND.rpt.
[WARNING PSM-0019] Voltage on net VGND is not explicitly set.
[WARNING PSM-0021] Using voltage 0.000V for ground network.
[INFO PSM-0076] Setting metal node density to be standard cell height times 5.
[INFO PSM-0031] Number of PDN nodes on net VGND = 1039.
[INFO PSM-0064] Number of voltage sources = 34.
[INFO PSM-0040] All PDN stripes on net VGND are connected.
########## IR report #################
Corner: Typical
Worstcase voltage: 1.35e-03 V
Average IR drop  : 1.37e-04 V
Worstcase IR drop: 1.35e-03 V
######################################
