OpenROAD 0cfb9a45bfb256c9af1a0500d4c97da0f145f54f 
This program is licensed under the BSD-3 license. See the LICENSE file for details.
Components of this program may be licensed under more restrictive licenses which must be honored.
[INFO ODB-0222] Reading LEF file: /openlane/designs/synth_top/runs/RUN_2026.05.18_03.43.02/tmp/merged.nom.lef
[WARNING ODB-0220] WARNING (LEFPARS-2036): SOURCE statement is obsolete in version 5.6 and later.
The LEF parser will ignore this statement.
To avoid this warning in the future, remove this statement from the LEF file with version 5.6 or later. See file /openlane/designs/synth_top/runs/RUN_2026.05.18_03.43.02/tmp/merged.nom.lef at line 930.

[INFO ODB-0223]     Created 13 technology layers
[INFO ODB-0224]     Created 25 technology vias
[INFO ODB-0225]     Created 441 library cells
[INFO ODB-0226] Finished LEF file:  /openlane/designs/synth_top/runs/RUN_2026.05.18_03.43.02/tmp/merged.nom.lef
[INFO ODB-0127] Reading DEF file: /openlane/designs/synth_top/runs/RUN_2026.05.18_03.43.02/tmp/signoff/36-synth_top.p.def
[INFO ODB-0128] Design: synth_top
[INFO ODB-0130]     Created 53 pins.
[INFO ODB-0131]     Created 3985 components and 17604 component-terminals.
[INFO ODB-0132]     Created 2 special nets and 15002 connections.
[INFO ODB-0133]     Created 750 nets and 2602 connections.
[INFO ODB-0134] Finished DEF file: /openlane/designs/synth_top/runs/RUN_2026.05.18_03.43.02/tmp/signoff/36-synth_top.p.def
define_corners Typical
read_liberty -corner Typical /home/roshan/.volare/sky130A/libs.ref/sky130_fd_sc_hd/lib/sky130_fd_sc_hd__tt_025C_1v80.lib
Using 1e-12 for capacitance...
Using 1e+03 for resistance...
Using 1e-09 for time...
Using 1e+00 for voltage...
Using 1e-03 for current...
Using 1e-09 for power...
Using 1e-06 for distance...
Reading design constraints file at '/openlane/designs/synth_top/runs/RUN_2026.05.18_03.43.02/tmp/17-synth_top.sdc'…
[WARNING] Did not save OpenROAD database!
Writing netlist to '/openlane/designs/synth_top/runs/RUN_2026.05.18_03.43.02/tmp/signoff/36-synth_top.nl.v'…
Writing powered netlist to '/openlane/designs/synth_top/runs/RUN_2026.05.18_03.43.02/tmp/signoff/36-synth_top.pnl.v'…
