
===========================================================================
report_checks -unconstrained
===========================================================================
======================= nom_tt_025C_1v80 Corner ===================================

Startpoint: _1425_ (rising edge-triggered flip-flop clocked by clk)
Endpoint: _1462_ (rising edge-triggered flip-flop clocked by clk)
Path Group: clk
Path Type: max

Fanout         Cap        Slew       Delay        Time   Description
---------------------------------------------------------------------------------------------
                                  0.000000    0.000000   clock clk (rise edge)
                                  0.000000    0.000000   clock source latency
     1    0.026307    0.123876    0.086002    0.086002 ^ clk (in)
                                                         clk (net)
                      0.123899    0.000000    0.086002 ^ clkbuf_0_clk/A (sky130_fd_sc_hd__clkbuf_16)
     8    0.106104    0.120325    0.216455    0.302456 ^ clkbuf_0_clk/X (sky130_fd_sc_hd__clkbuf_16)
                                                         clknet_0_clk (net)
                      0.121366    0.008866    0.311322 ^ clkbuf_3_1__f_clk/A (sky130_fd_sc_hd__clkbuf_16)
    13    0.047301    0.066311    0.174697    0.486020 ^ clkbuf_3_1__f_clk/X (sky130_fd_sc_hd__clkbuf_16)
                                                         clknet_3_1__leaf_clk (net)
                      0.066343    0.001386    0.487405 ^ _1425_/CLK (sky130_fd_sc_hd__dfxtp_4)
     3    0.012058    0.040345    0.351100    0.838505 v _1425_/Q (sky130_fd_sc_hd__dfxtp_4)
                                                         core_b[0] (net)
                      0.040345    0.000316    0.838821 v fanout79/A (sky130_fd_sc_hd__buf_8)
     5    0.021326    0.031402    0.122430    0.961250 v fanout79/X (sky130_fd_sc_hd__buf_8)
                                                         net79 (net)
                      0.031440    0.000770    0.962020 v _1019_/C (sky130_fd_sc_hd__and3_4)
     5    0.011022    0.040950    0.180252    1.142272 v _1019_/X (sky130_fd_sc_hd__and3_4)
                                                         _0351_ (net)
                      0.040951    0.000206    1.142477 v rebuffer13/A (sky130_fd_sc_hd__dlymetal6s4s_1)
     2    0.003785    0.042800    0.249555    1.392033 v rebuffer13/X (sky130_fd_sc_hd__dlymetal6s4s_1)
                                                         net129 (net)
                      0.042800    0.000057    1.392090 v _1065_/A1_N (sky130_fd_sc_hd__a2bb2o_1)
     1    0.003646    0.051134    0.252222    1.644312 ^ _1065_/X (sky130_fd_sc_hd__a2bb2o_1)
                                                         _0396_ (net)
                      0.051134    0.000109    1.644421 ^ _1069_/A1 (sky130_fd_sc_hd__a21o_1)
     3    0.014341    0.130593    0.170276    1.814697 ^ _1069_/X (sky130_fd_sc_hd__a21o_1)
                                                         _0400_ (net)
                      0.130594    0.000710    1.815408 ^ rebuffer3/A (sky130_fd_sc_hd__dlymetal6s2s_1)
     1    0.002422    0.053689    0.121098    1.936505 ^ rebuffer3/X (sky130_fd_sc_hd__dlymetal6s2s_1)
                                                         net119 (net)
                      0.053689    0.000069    1.936574 ^ rebuffer2/A (sky130_fd_sc_hd__dlymetal6s2s_1)
     1    0.002792    0.056271    0.099518    2.036093 ^ rebuffer2/X (sky130_fd_sc_hd__dlymetal6s2s_1)
                                                         net118 (net)
                      0.056271    0.000056    2.036149 ^ _1071_/A2 (sky130_fd_sc_hd__a21oi_1)
     2    0.005696    0.088686    0.077417    2.113566 v _1071_/Y (sky130_fd_sc_hd__a21oi_1)
                                                         _0402_ (net)
                      0.088688    0.000164    2.113730 v _1073_/B (sky130_fd_sc_hd__or3b_4)
     3    0.008856    0.074534    0.394922    2.508652 v _1073_/X (sky130_fd_sc_hd__or3b_4)
                                                         _0404_ (net)
                      0.074534    0.000254    2.508906 v _1075_/B (sky130_fd_sc_hd__and3_4)
     2    0.013697    0.044748    0.193567    2.702473 v _1075_/X (sky130_fd_sc_hd__and3_4)
                                                         _0406_ (net)
                      0.044750    0.000353    2.702826 v _1078_/A2 (sky130_fd_sc_hd__o211a_1)
     2    0.008968    0.066408    0.232043    2.934869 v _1078_/X (sky130_fd_sc_hd__o211a_1)
                                                         _0409_ (net)
                      0.066408    0.000273    2.935142 v _1079_/C1 (sky130_fd_sc_hd__a211oi_2)
     5    0.016923    0.350522    0.304459    3.239600 ^ _1079_/Y (sky130_fd_sc_hd__a211oi_2)
                                                         _0410_ (net)
                      0.350522    0.000278    3.239878 ^ _1082_/B1 (sky130_fd_sc_hd__a211o_1)
     3    0.008370    0.084149    0.188204    3.428082 ^ _1082_/X (sky130_fd_sc_hd__a211o_1)
                                                         _0413_ (net)
                      0.084149    0.000192    3.428274 ^ _1126_/B1_N (sky130_fd_sc_hd__a21bo_1)
     2    0.005823    0.047403    0.216585    3.644859 v _1126_/X (sky130_fd_sc_hd__a21bo_1)
                                                         _0456_ (net)
                      0.047403    0.000105    3.644964 v _1196_/B1 (sky130_fd_sc_hd__a211o_1)
     2    0.009355    0.077609    0.301763    3.946728 v _1196_/X (sky130_fd_sc_hd__a211o_1)
                                                         _0524_ (net)
                      0.077610    0.000399    3.947126 v _1234_/A1 (sky130_fd_sc_hd__a31o_1)
     2    0.009427    0.065091    0.214831    4.161957 v _1234_/X (sky130_fd_sc_hd__a31o_1)
                                                         _0560_ (net)
                      0.065091    0.000217    4.162174 v _1247_/A (sky130_fd_sc_hd__nand2_2)
     1    0.005823    0.057331    0.066632    4.228806 ^ _1247_/Y (sky130_fd_sc_hd__nand2_2)
                                                         _0573_ (net)
                      0.057331    0.000130    4.228936 ^ _1266_/B1 (sky130_fd_sc_hd__o211a_4)
     6    0.041033    0.138729    0.233370    4.462306 ^ _1266_/X (sky130_fd_sc_hd__o211a_4)
                                                         _0591_ (net)
                      0.138859    0.003827    4.466133 ^ fanout53/A (sky130_fd_sc_hd__buf_4)
    10    0.052090    0.148718    0.221596    4.687728 ^ fanout53/X (sky130_fd_sc_hd__buf_4)
                                                         net53 (net)
                      0.148837    0.002648    4.690376 ^ _1293_/B (sky130_fd_sc_hd__xnor2_1)
     2    0.008981    0.091297    0.118631    4.809008 v _1293_/Y (sky130_fd_sc_hd__xnor2_1)
                                                         _0614_ (net)
                      0.091297    0.000228    4.809236 v _1299_/D (sky130_fd_sc_hd__or4_4)
     1    0.003495    0.080727    0.418007    5.227243 v _1299_/X (sky130_fd_sc_hd__or4_4)
                                                         _0619_ (net)
                      0.080727    0.000107    5.227349 v _1300_/B1 (sky130_fd_sc_hd__a311o_1)
     2    0.009481    0.085082    0.366290    5.593639 v _1300_/X (sky130_fd_sc_hd__a311o_1)
                                                         _0620_ (net)
                      0.085082    0.000385    5.594025 v _1329_/A2 (sky130_fd_sc_hd__a21o_1)
     3    0.011290    0.067583    0.225465    5.819489 v _1329_/X (sky130_fd_sc_hd__a21o_1)
                                                         _0645_ (net)
                      0.067583    0.000302    5.819791 v _1353_/A2 (sky130_fd_sc_hd__a21oi_2)
     2    0.013659    0.188761    0.214823    6.034615 ^ _1353_/Y (sky130_fd_sc_hd__a21oi_2)
                                                         _0665_ (net)
                      0.188827    0.000615    6.035229 ^ _1355_/A (sky130_fd_sc_hd__nor2_1)
     2    0.008259    0.069501    0.101539    6.136768 v _1355_/Y (sky130_fd_sc_hd__nor2_1)
                                                         _0667_ (net)
                      0.069501    0.000182    6.136950 v _1364_/A1 (sky130_fd_sc_hd__o21ba_1)
     1    0.005040    0.045156    0.198110    6.335060 v _1364_/X (sky130_fd_sc_hd__o21ba_1)
                                                         _0675_ (net)
                      0.045156    0.000158    6.335218 v _1365_/B (sky130_fd_sc_hd__xor2_1)
     1    0.004388    0.072579    0.143347    6.478565 v _1365_/X (sky130_fd_sc_hd__xor2_1)
                                                         _0676_ (net)
                      0.072579    0.000160    6.478725 v _1367_/A2 (sky130_fd_sc_hd__a211oi_1)
     1    0.002013    0.160527    0.216204    6.694929 ^ _1367_/Y (sky130_fd_sc_hd__a211oi_1)
                                                         _0078_ (net)
                      0.160527    0.000057    6.694986 ^ _1462_/D (sky130_fd_sc_hd__dfxtp_1)
                                              6.694986   data arrival time

                                 10.000000   10.000000   clock clk (rise edge)
                                  0.000000   10.000000   clock source latency
     1    0.026307    0.123876    0.086001   10.086001 ^ clk (in)
                                                         clk (net)
                      0.123899    0.000000   10.086001 ^ clkbuf_0_clk/A (sky130_fd_sc_hd__clkbuf_16)
     8    0.106104    0.120325    0.216455   10.302457 ^ clkbuf_0_clk/X (sky130_fd_sc_hd__clkbuf_16)
                                                         clknet_0_clk (net)
                      0.120699    0.005361   10.307818 ^ clkbuf_3_6__f_clk/A (sky130_fd_sc_hd__clkbuf_16)
    14    0.047733    0.066716    0.174780   10.482598 ^ clkbuf_3_6__f_clk/X (sky130_fd_sc_hd__clkbuf_16)
                                                         clknet_3_6__leaf_clk (net)
                      0.066745    0.001311   10.483910 ^ _1462_/CLK (sky130_fd_sc_hd__dfxtp_1)
                                 -0.250000   10.233909   clock uncertainty
                                  0.000000   10.233909   clock reconvergence pessimism
                                 -0.077467   10.156442   library setup time
                                             10.156442   data required time
---------------------------------------------------------------------------------------------
                                             10.156442   data required time
                                             -6.694986   data arrival time
---------------------------------------------------------------------------------------------
                                              3.461455   slack (MET)




===========================================================================
report_checks --slack_max -0.01
============================================================================
======================= nom_tt_025C_1v80 Corner ===================================

No paths found.


===========================================================================
 report_check_types -max_slew -max_cap -max_fanout -violators
============================================================================
======================= nom_tt_025C_1v80 Corner ===================================

max fanout

Pin                                   Limit Fanout  Slack
---------------------------------------------------------
clkbuf_3_5__f_clk/X                      10     14     -4 (VIOLATED)
clkbuf_3_6__f_clk/X                      10     14     -4 (VIOLATED)
clkbuf_3_1__f_clk/X                      10     13     -3 (VIOLATED)
clkbuf_3_4__f_clk/X                      10     11        (VIOLATED)



===========================================================================
report_parasitic_annotation -report_unannotated
============================================================================
Found 31 unannotated drivers.
 wdata[10]
 wdata[11]
 wdata[12]
 wdata[13]
 wdata[14]
 wdata[15]
 wdata[16]
 wdata[17]
 wdata[18]
 wdata[19]
 wdata[20]
 wdata[21]
 wdata[22]
 wdata[23]
 wdata[24]
 wdata[25]
 wdata[26]
 wdata[27]
 wdata[28]
 wdata[29]
 wdata[30]
 wdata[31]
 wdata[8]
 wdata[9]
 clkload0/Y
 clkload1/X
 clkload2/Y
 clkload3/Y
 clkload4/Y
 clkload5/Y
 top_117/LO
Found 0 partially unannotated drivers.

===========================================================================
max slew violation count 0
max fanout violation count 4
max cap violation count 0
============================================================================

===========================================================================
check_setup -verbose -unconstrained_endpoints -multiple_clock -no_clock -no_input_delay -loops -generated_clocks
===========================================================================
Warning: There is 1 unconstrained endpoint.
  ready
