Clock: clk
Sources: clk 
Generated: no
Virtual: yes
Propagated: no
Period: 10.000000

===========================================================================
report_clock_properties
============================================================================
Clock                   Period          Waveform
----------------------------------------------------
clk                  10.000000    0.000000  5.000000

===========================================================================
report_clock_latency
============================================================================
Clock clk
rise -> rise
    min     max
0.000000 0.000000 source latency
0.425321         network latency _1438_/CLK
        0.430576 network latency _1431_/CLK
---------------
0.425321 0.430576 latency
        0.005255 skew

fall -> fall
    min     max
0.000000 0.000000 source latency
0.380826         network latency _1438_/CLK
        0.384712 network latency _1431_/CLK
---------------
0.380826 0.384712 latency
        0.003886 skew



===========================================================================
report_clock_min_period
============================================================================
clk period_min = 7.05 fmax = 141.81
