
===========================================================================
 report_power
============================================================================
======================= nom_tt_025C_1v80 Corner ===================================

Group                    Internal    Switching      Leakage        Total
                            Power        Power        Power        Power (Watts)
------------------------------------------------------------------------
Sequential           3.300669e-04 3.026998e-06 6.585204e-10 3.330945e-04  47.2%
Combinational        1.782459e-05 3.325679e-05 3.105466e-09 5.108449e-05   7.2%
Clock                1.998125e-04 1.213256e-04 5.663512e-10 3.211387e-04  45.5%
Macro                0.000000e+00 0.000000e+00 0.000000e+00 0.000000e+00   0.0%
Pad                  0.000000e+00 0.000000e+00 0.000000e+00 0.000000e+00   0.0%
------------------------------------------------------------------------
Total                5.477042e-04 1.576093e-04 4.330343e-09 7.053179e-04 100.0%
                            77.7%        22.3%         0.0%
Writing metric power__internal__total: 0.0005477042286656797
Writing metric power__switching__total: 0.000157609349116683
Writing metric power__leakage__total: 4.330342751046601e-9
Writing metric power__total: 0.0007053178851492703

