
===========================================================================
report_checks -unconstrained
===========================================================================
======================= min_ff_n40C_1v95 Corner ===================================

Startpoint: _1428_ (rising edge-triggered flip-flop clocked by clk)
Endpoint: _1462_ (rising edge-triggered flip-flop clocked by clk)
Path Group: clk
Path Type: max

Fanout         Cap        Slew       Delay        Time   Description
---------------------------------------------------------------------------------------------
                                  0.000000    0.000000   clock clk (rise edge)
                                  0.000000    0.000000   clock source latency
     1    0.025019    0.088361    0.060994    0.060994 ^ clk (in)
                                                         clk (net)
                      0.088378    0.000000    0.060994 ^ clkbuf_0_clk/A (sky130_fd_sc_hd__clkbuf_16)
     8    0.102364    0.091038    0.145157    0.206151 ^ clkbuf_0_clk/X (sky130_fd_sc_hd__clkbuf_16)
                                                         clknet_0_clk (net)
                      0.091660    0.006001    0.212152 ^ clkbuf_3_0__f_clk/A (sky130_fd_sc_hd__clkbuf_16)
     9    0.038266    0.044429    0.112733    0.324884 ^ clkbuf_3_0__f_clk/X (sky130_fd_sc_hd__clkbuf_16)
                                                         clknet_3_0__leaf_clk (net)
                      0.044449    0.000549    0.325433 ^ _1428_/CLK (sky130_fd_sc_hd__dfxtp_2)
     3    0.025477    0.100850    0.250579    0.576012 ^ _1428_/Q (sky130_fd_sc_hd__dfxtp_2)
                                                         core_b[3] (net)
                      0.100850    0.000154    0.576166 ^ fanout73/A (sky130_fd_sc_hd__buf_6)
    10    0.047671    0.076930    0.110180    0.686346 ^ fanout73/X (sky130_fd_sc_hd__buf_6)
                                                         net73 (net)
                      0.076967    0.001402    0.687749 ^ fanout72/A (sky130_fd_sc_hd__buf_2)
    10    0.035189    0.131376    0.151840    0.839589 ^ fanout72/X (sky130_fd_sc_hd__buf_2)
                                                         net72 (net)
                      0.131380    0.000598    0.840187 ^ _1015_/B (sky130_fd_sc_hd__and4_1)
     2    0.005680    0.055168    0.135734    0.975921 ^ _1015_/X (sky130_fd_sc_hd__and4_1)
                                                         _0347_ (net)
                      0.055168    0.000055    0.975977 ^ _1017_/A_N (sky130_fd_sc_hd__and2b_1)
     1    0.008337    0.040778    0.127393    1.103370 v _1017_/X (sky130_fd_sc_hd__and2b_1)
                                                         _0349_ (net)
                      0.040778    0.000075    1.103444 v _1018_/B (sky130_fd_sc_hd__xnor2_2)
     3    0.011183    0.143216    0.130204    1.233648 ^ _1018_/Y (sky130_fd_sc_hd__xnor2_2)
                                                         _0350_ (net)
                      0.143216    0.000175    1.233823 ^ _1027_/A (sky130_fd_sc_hd__nand3_2)
     2    0.007244    0.057064    0.053623    1.287446 v _1027_/Y (sky130_fd_sc_hd__nand3_2)
                                                         _0359_ (net)
                      0.057064    0.000074    1.287520 v _1031_/A2 (sky130_fd_sc_hd__a21o_1)
     3    0.012343    0.050730    0.149333    1.436853 v _1031_/X (sky130_fd_sc_hd__a21o_1)
                                                         _0363_ (net)
                      0.050731    0.000296    1.437149 v _1032_/B (sky130_fd_sc_hd__and3_1)
     3    0.008554    0.044353    0.127705    1.564854 v _1032_/X (sky130_fd_sc_hd__and3_1)
                                                         _0364_ (net)
                      0.044353    0.000088    1.564942 v _1037_/A2 (sky130_fd_sc_hd__o211a_1)
     2    0.005053    0.035011    0.138759    1.703702 v _1037_/X (sky130_fd_sc_hd__o211a_1)
                                                         _0369_ (net)
                      0.035011    0.000028    1.703730 v _1038_/A (sky130_fd_sc_hd__or3_4)
     4    0.014245    0.056550    0.247508    1.951237 v _1038_/X (sky130_fd_sc_hd__or3_4)
                                                         _0370_ (net)
                      0.056550    0.000149    1.951387 v _1041_/A2 (sky130_fd_sc_hd__a211o_1)
     2    0.005161    0.041387    0.195882    2.147269 v _1041_/X (sky130_fd_sc_hd__a211o_1)
                                                         _0373_ (net)
                      0.041387    0.000058    2.147327 v _1125_/D (sky130_fd_sc_hd__and4b_1)
     2    0.006049    0.039494    0.140839    2.288166 v _1125_/X (sky130_fd_sc_hd__and4b_1)
                                                         _0455_ (net)
                      0.039494    0.000065    2.288230 v _1196_/A1 (sky130_fd_sc_hd__a211o_1)
     2    0.008962    0.054490    0.180368    2.468598 v _1196_/X (sky130_fd_sc_hd__a211o_1)
                                                         _0524_ (net)
                      0.054490    0.000250    2.468848 v _1234_/A1 (sky130_fd_sc_hd__a31o_1)
     2    0.009349    0.047895    0.138137    2.606985 v _1234_/X (sky130_fd_sc_hd__a31o_1)
                                                         _0560_ (net)
                      0.047895    0.000079    2.607064 v _1247_/A (sky130_fd_sc_hd__nand2_2)
     1    0.005883    0.044818    0.047792    2.654857 ^ _1247_/Y (sky130_fd_sc_hd__nand2_2)
                                                         _0573_ (net)
                      0.044818    0.000039    2.654896 ^ _1266_/B1 (sky130_fd_sc_hd__o211a_4)
     6    0.039367    0.099227    0.134314    2.789209 ^ _1266_/X (sky130_fd_sc_hd__o211a_4)
                                                         _0591_ (net)
                      0.099318    0.001726    2.790935 ^ fanout55/A (sky130_fd_sc_hd__buf_12)
     5    0.051208    0.052917    0.097333    2.888268 ^ fanout55/X (sky130_fd_sc_hd__buf_12)
                                                         net55 (net)
                      0.052934    0.000883    2.889151 ^ _1281_/B (sky130_fd_sc_hd__xnor2_4)
     3    0.008503    0.063294    0.041944    2.931096 v _1281_/Y (sky130_fd_sc_hd__xnor2_4)
                                                         _0604_ (net)
                      0.063294    0.000083    2.931179 v _1299_/A (sky130_fd_sc_hd__or4_4)
     1    0.003449    0.056279    0.322219    3.253398 v _1299_/X (sky130_fd_sc_hd__or4_4)
                                                         _0619_ (net)
                      0.056279    0.000041    3.253438 v _1300_/B1 (sky130_fd_sc_hd__a311o_1)
     2    0.009034    0.061200    0.149759    3.403198 v _1300_/X (sky130_fd_sc_hd__a311o_1)
                                                         _0620_ (net)
                      0.061200    0.000226    3.403424 v _1329_/A2 (sky130_fd_sc_hd__a21o_1)
     3    0.011073    0.047210    0.147685    3.551109 v _1329_/X (sky130_fd_sc_hd__a21o_1)
                                                         _0645_ (net)
                      0.047210    0.000126    3.551235 v _1353_/A2 (sky130_fd_sc_hd__a21oi_2)
     2    0.012963    0.132135    0.144835    3.696070 ^ _1353_/Y (sky130_fd_sc_hd__a21oi_2)
                                                         _0665_ (net)
                      0.132135    0.000367    3.696437 ^ _1355_/A (sky130_fd_sc_hd__nor2_1)
     2    0.008114    0.052523    0.055818    3.752255 v _1355_/Y (sky130_fd_sc_hd__nor2_1)
                                                         _0667_ (net)
                      0.052523    0.000068    3.752324 v _1364_/A1 (sky130_fd_sc_hd__o21ba_1)
     1    0.004926    0.032119    0.127064    3.879388 v _1364_/X (sky130_fd_sc_hd__o21ba_1)
                                                         _0675_ (net)
                      0.032119    0.000054    3.879442 v _1365_/B (sky130_fd_sc_hd__xor2_1)
     1    0.004204    0.051762    0.089347    3.968789 v _1365_/X (sky130_fd_sc_hd__xor2_1)
                                                         _0676_ (net)
                      0.051762    0.000070    3.968859 v _1367_/A2 (sky130_fd_sc_hd__a211oi_1)
     1    0.002053    0.114992    0.144873    4.113733 ^ _1367_/Y (sky130_fd_sc_hd__a211oi_1)
                                                         _0078_ (net)
                      0.114992    0.000018    4.113750 ^ _1462_/D (sky130_fd_sc_hd__dfxtp_1)
                                              4.113750   data arrival time

                                 10.000000   10.000000   clock clk (rise edge)
                                  0.000000   10.000000   clock source latency
     1    0.025019    0.088361    0.060994   10.060994 ^ clk (in)
                                                         clk (net)
                      0.088378    0.000000   10.060994 ^ clkbuf_0_clk/A (sky130_fd_sc_hd__clkbuf_16)
     8    0.102364    0.091038    0.145157   10.206151 ^ clkbuf_0_clk/X (sky130_fd_sc_hd__clkbuf_16)
                                                         clknet_0_clk (net)
                      0.091219    0.003298   10.209449 ^ clkbuf_3_6__f_clk/A (sky130_fd_sc_hd__clkbuf_16)
    14    0.046583    0.050177    0.116944   10.326392 ^ clkbuf_3_6__f_clk/X (sky130_fd_sc_hd__clkbuf_16)
                                                         clknet_3_6__leaf_clk (net)
                      0.050184    0.000663   10.327056 ^ _1462_/CLK (sky130_fd_sc_hd__dfxtp_1)
                                 -0.250000   10.077056   clock uncertainty
                                  0.000000   10.077056   clock reconvergence pessimism
                                 -0.035879   10.041177   library setup time
                                             10.041177   data required time
---------------------------------------------------------------------------------------------
                                             10.041177   data required time
                                             -4.113750   data arrival time
---------------------------------------------------------------------------------------------
                                              5.927427   slack (MET)




===========================================================================
report_checks --slack_max -0.01
============================================================================
======================= min_ff_n40C_1v95 Corner ===================================

No paths found.


===========================================================================
 report_check_types -max_slew -max_cap -max_fanout -violators
============================================================================
======================= min_ff_n40C_1v95 Corner ===================================

max fanout

Pin                                   Limit Fanout  Slack
---------------------------------------------------------
clkbuf_3_5__f_clk/X                      10     14     -4 (VIOLATED)
clkbuf_3_6__f_clk/X                      10     14     -4 (VIOLATED)
clkbuf_3_1__f_clk/X                      10     13     -3 (VIOLATED)
clkbuf_3_4__f_clk/X                      10     11        (VIOLATED)



===========================================================================
report_parasitic_annotation -report_unannotated
============================================================================
Found 31 unannotated drivers.
 wdata[10]
 wdata[11]
 wdata[12]
 wdata[13]
 wdata[14]
 wdata[15]
 wdata[16]
 wdata[17]
 wdata[18]
 wdata[19]
 wdata[20]
 wdata[21]
 wdata[22]
 wdata[23]
 wdata[24]
 wdata[25]
 wdata[26]
 wdata[27]
 wdata[28]
 wdata[29]
 wdata[30]
 wdata[31]
 wdata[8]
 wdata[9]
 clkload0/Y
 clkload1/X
 clkload2/Y
 clkload3/Y
 clkload4/Y
 clkload5/Y
 top_117/LO
Found 0 partially unannotated drivers.

===========================================================================
max slew violation count 0
max fanout violation count 4
max cap violation count 0
============================================================================

===========================================================================
check_setup -verbose -unconstrained_endpoints -multiple_clock -no_clock -no_input_delay -loops -generated_clocks
===========================================================================
Warning: There is 1 unconstrained endpoint.
  ready
