
===========================================================================
 report_power
============================================================================
======================= min_ff_n40C_1v95 Corner ===================================

Group                    Internal    Switching      Leakage        Total
                            Power        Power        Power        Power (Watts)
------------------------------------------------------------------------
Sequential           3.829413e-04 3.280624e-06 1.219866e-09 3.862231e-04  45.0%
Combinational        2.942782e-05 4.559084e-05 7.427631e-09 7.502609e-05   8.7%
Clock                2.286895e-04 1.690861e-04 4.292934e-09 3.977799e-04  46.3%
Macro                0.000000e+00 0.000000e+00 0.000000e+00 0.000000e+00   0.0%
Pad                  0.000000e+00 0.000000e+00 0.000000e+00 0.000000e+00   0.0%
------------------------------------------------------------------------
Total                6.410591e-04 2.179575e-04 1.294040e-08 8.590295e-04 100.0%
                            74.6%        25.4%         0.0%

