
===========================================================================
report_checks -unconstrained
===========================================================================
======================= Typical Corner ===================================

Startpoint: b[2] (input port clocked by clk)
Endpoint: _1288_ (rising edge-triggered flip-flop clocked by clk)
Path Group: clk
Path Type: max

Fanout     Cap    Slew   Delay    Time   Description
-----------------------------------------------------------------------------
                  0.15    0.00    0.00   clock clk (rise edge)
                          0.00    0.00   clock network delay (ideal)
                          2.00    2.00 ^ input external delay
                  0.02    0.01    2.01 ^ b[2] (in)
     1    0.00                           b[2] (net)
                  0.02    0.00    2.01 ^ input11/A (sky130_fd_sc_hd__buf_1)
                  0.13    0.14    2.16 ^ input11/X (sky130_fd_sc_hd__buf_1)
     2    0.01                           net11 (net)
                  0.13    0.00    2.16 ^ _0659_/A (sky130_fd_sc_hd__buf_2)
                  0.15    0.22    2.38 ^ _0659_/X (sky130_fd_sc_hd__buf_2)
    10    0.03                           _0042_ (net)
                  0.15    0.00    2.38 ^ _0920_/A (sky130_fd_sc_hd__nand4_1)
                  0.12    0.15    2.53 v _0920_/Y (sky130_fd_sc_hd__nand4_1)
     3    0.01                           _0296_ (net)
                  0.12    0.00    2.53 v _0921_/C (sky130_fd_sc_hd__and3_1)
                  0.05    0.24    2.76 v _0921_/X (sky130_fd_sc_hd__and3_1)
     2    0.01                           _0297_ (net)
                  0.05    0.00    2.76 v _0924_/C (sky130_fd_sc_hd__or4_2)
                  0.13    0.68    3.45 v _0924_/X (sky130_fd_sc_hd__or4_2)
     3    0.01                           _0300_ (net)
                  0.13    0.00    3.45 v _0926_/A2 (sky130_fd_sc_hd__a21o_1)
                  0.04    0.22    3.67 v _0926_/X (sky130_fd_sc_hd__a21o_1)
     2    0.00                           _0302_ (net)
                  0.04    0.00    3.67 v _0929_/A2 (sky130_fd_sc_hd__a21oi_1)
                  0.25    0.26    3.93 ^ _0929_/Y (sky130_fd_sc_hd__a21oi_1)
     3    0.01                           _0305_ (net)
                  0.25    0.00    3.93 ^ _0930_/C (sky130_fd_sc_hd__nor3_1)
                  0.08    0.10    4.03 v _0930_/Y (sky130_fd_sc_hd__nor3_1)
     2    0.01                           _0306_ (net)
                  0.08    0.00    4.03 v _0932_/B1 (sky130_fd_sc_hd__a211oi_1)
                  0.31    0.33    4.35 ^ _0932_/Y (sky130_fd_sc_hd__a211oi_1)
     3    0.01                           _0308_ (net)
                  0.31    0.00    4.35 ^ _0935_/A1 (sky130_fd_sc_hd__o211ai_1)
                  0.10    0.17    4.52 v _0935_/Y (sky130_fd_sc_hd__o211ai_1)
     2    0.00                           _0311_ (net)
                  0.10    0.00    4.52 v _0937_/A2 (sky130_fd_sc_hd__a211o_1)
                  0.06    0.33    4.86 v _0937_/X (sky130_fd_sc_hd__a211o_1)
     2    0.00                           _0313_ (net)
                  0.06    0.00    4.86 v _0975_/B1 (sky130_fd_sc_hd__o21a_1)
                  0.06    0.14    4.99 v _0975_/X (sky130_fd_sc_hd__o21a_1)
     3    0.01                           _0350_ (net)
                  0.06    0.00    4.99 v _1031_/A2 (sky130_fd_sc_hd__a311o_1)
                  0.05    0.32    5.32 v _1031_/X (sky130_fd_sc_hd__a311o_1)
     1    0.00                           _0404_ (net)
                  0.05    0.00    5.32 v _1032_/B1 (sky130_fd_sc_hd__a31o_1)
                  0.08    0.24    5.55 v _1032_/X (sky130_fd_sc_hd__a31o_1)
     3    0.01                           _0405_ (net)
                  0.08    0.00    5.55 v _1058_/A (sky130_fd_sc_hd__xor2_1)
                  0.09    0.18    5.73 v _1058_/X (sky130_fd_sc_hd__xor2_1)
     2    0.00                           _0431_ (net)
                  0.09    0.00    5.73 v _1059_/B (sky130_fd_sc_hd__and2_1)
                  0.05    0.20    5.93 v _1059_/X (sky130_fd_sc_hd__and2_1)
     3    0.01                           _0432_ (net)
                  0.05    0.00    5.93 v _1061_/A (sky130_fd_sc_hd__or2b_1)
                  0.06    0.25    6.18 v _1061_/X (sky130_fd_sc_hd__or2b_1)
     2    0.01                           _0434_ (net)
                  0.06    0.00    6.18 v _1121_/B (sky130_fd_sc_hd__or4b_1)
                  0.12    0.58    6.76 v _1121_/X (sky130_fd_sc_hd__or4b_1)
     3    0.01                           _0492_ (net)
                  0.12    0.00    6.76 v _1146_/A1 (sky130_fd_sc_hd__o211a_1)
                  0.08    0.31    7.07 v _1146_/X (sky130_fd_sc_hd__o211a_1)
     5    0.01                           _0515_ (net)
                  0.08    0.00    7.07 v _1202_/A (sky130_fd_sc_hd__or3_1)
                  0.08    0.41    7.48 v _1202_/X (sky130_fd_sc_hd__or3_1)
     2    0.01                           _0563_ (net)
                  0.08    0.00    7.48 v _1204_/B (sky130_fd_sc_hd__and3_1)
                  0.07    0.22    7.70 v _1204_/X (sky130_fd_sc_hd__and3_1)
     3    0.01                           _0565_ (net)
                  0.07    0.00    7.70 v _1222_/A1 (sky130_fd_sc_hd__o211a_1)
                  0.06    0.26    7.96 v _1222_/X (sky130_fd_sc_hd__o211a_1)
     2    0.01                           _0581_ (net)
                  0.06    0.00    7.96 v _1223_/B (sky130_fd_sc_hd__xor2_1)
                  0.04    0.14    8.10 v _1223_/X (sky130_fd_sc_hd__xor2_1)
     1    0.00                           _0582_ (net)
                  0.04    0.00    8.10 v _1224_/A1 (sky130_fd_sc_hd__mux2_1)
                  0.05    0.29    8.40 v _1224_/X (sky130_fd_sc_hd__mux2_1)
     1    0.00                           _0583_ (net)
                  0.05    0.00    8.40 v _1225_/B (sky130_fd_sc_hd__and2_1)
                  0.04    0.16    8.56 v _1225_/X (sky130_fd_sc_hd__and2_1)
     1    0.00                           _0584_ (net)
                  0.04    0.00    8.56 v _1226_/A (sky130_fd_sc_hd__clkbuf_1)
                  0.02    0.09    8.65 v _1226_/X (sky130_fd_sc_hd__clkbuf_1)
     1    0.00                           _0026_ (net)
                  0.02    0.00    8.65 v _1288_/D (sky130_fd_sc_hd__dfxtp_2)
                                  8.65   data arrival time

                  0.15   10.00   10.00   clock clk (rise edge)
                          0.00   10.00   clock network delay (ideal)
                         -0.25    9.75   clock uncertainty
                          0.00    9.75   clock reconvergence pessimism
                                  9.75 ^ _1288_/CLK (sky130_fd_sc_hd__dfxtp_2)
                         -0.08    9.67   library setup time
                                  9.67   data required time
-----------------------------------------------------------------------------
                                  9.67   data required time
                                 -8.65   data arrival time
-----------------------------------------------------------------------------
                                  1.03   slack (MET)




===========================================================================
report_checks --slack_max -0.01
============================================================================
======================= Typical Corner ===================================

No paths found.


===========================================================================
 report_check_types -max_slew -max_cap -max_fanout -violators
============================================================================
======================= Typical Corner ===================================



===========================================================================
report_parasitic_annotation -report_unannotated
============================================================================
Found 733 unannotated drivers.
 a[0]
 a[1]
 a[2]
 a[3]
 a[4]
 a[5]
 a[6]
 a[7]
 b[0]
 b[1]
 b[2]
 b[3]
 b[4]
 b[5]
 b[6]
 b[7]
 clk
 rst
 valid
 _0631_/X
 _0632_/X
 _0633_/X
 _0634_/X
 _0635_/X
 _0636_/X
 _0637_/X
 _0638_/X
 _0639_/X
 _0640_/Y
 _0641_/X
 _0642_/X
 _0643_/X
 _0644_/X
 _0645_/X
 _0646_/Y
 _0647_/X
 _0648_/X
 _0649_/X
 _0650_/X
 _0651_/Y
 _0652_/X
 _0653_/X
 _0654_/Y
 _0655_/X
 _0656_/X
 _0657_/Y
 _0658_/X
 _0659_/X
 _0660_/X
 _0661_/X
 _0662_/Y
 _0663_/X
 _0664_/X
 _0665_/X
 _0666_/Y
 _0667_/X
 _0668_/X
 _0669_/Y
 _0670_/X
 _0671_/Y
 _0672_/Y
 _0673_/X
 _0674_/Y
 _0675_/X
 _0676_/X
 _0677_/X
 _0678_/X
 _0679_/X
 _0680_/X
 _0681_/Y
 _0682_/Y
 _0683_/X
 _0684_/Y
 _0685_/X
 _0686_/Y
 _0687_/X
 _0688_/Y
 _0689_/X
 _0690_/X
 _0691_/Y
 _0692_/Y
 _0693_/X
 _0694_/X
 _0695_/X
 _0696_/X
 _0697_/X
 _0698_/X
 _0699_/X
 _0700_/X
 _0701_/X
 _0702_/Y
 _0703_/X
 _0704_/Y
 _0705_/X
 _0706_/X
 _0707_/Y
 _0708_/Y
 _0709_/X
 _0710_/X
 _0711_/Y
 _0712_/X
 _0713_/Y
 _0714_/X
 _0715_/Y
 _0716_/X
 _0717_/Y
 _0718_/X
 _0719_/Y
 _0720_/X
 _0721_/X
 _0722_/X
 _0723_/X
 _0724_/Y
 _0725_/Y
 _0726_/Y
 _0727_/X
 _0728_/X
 _0729_/X
 _0730_/X
 _0731_/Y
 _0732_/X
 _0733_/Y
 _0734_/X
 _0735_/Y
 _0736_/Y
 _0737_/X
 _0738_/X
 _0739_/Y
 _0740_/Y
 _0741_/X
 _0742_/X
 _0743_/Y
 _0744_/X
 _0745_/Y
 _0746_/X
 _0747_/X
 _0748_/Y
 _0749_/X
 _0750_/Y
 _0751_/X
 _0752_/Y
 _0753_/Y
 _0754_/X
 _0755_/X
 _0756_/Y
 _0757_/Y
 _0758_/X
 _0759_/X
 _0760_/Y
 _0761_/X
 _0762_/X
 _0763_/Y
 _0764_/Y
 _0765_/Y
 _0766_/Y
 _0767_/Y
 _0768_/X
 _0769_/X
 _0770_/X
 _0771_/Y
 _0772_/Y
 _0773_/Y
 _0774_/X
 _0775_/Y
 _0776_/X
 _0777_/Y
 _0778_/Y
 _0779_/X
 _0780_/Y
 _0781_/Y
 _0782_/X
 _0783_/X
 _0784_/Y
 _0785_/X
 _0786_/Y
 _0787_/X
 _0788_/X
 _0789_/Y
 _0790_/X
 _0791_/X
 _0792_/Y
 _0793_/X
 _0794_/Y
 _0795_/X
 _0796_/X
 _0797_/Y
 _0798_/X
 _0799_/X
 _0800_/X
 _0801_/X
 _0802_/X
 _0803_/X
 _0804_/X
 _0805_/X
 _0806_/Y
 _0807_/Y
 _0808_/X
 _0809_/Y
 _0810_/Y
 _0811_/X
 _0812_/Y
 _0813_/X
 _0814_/Y
 _0815_/Y
 _0816_/Y
 _0817_/X
 _0818_/X
 _0819_/X
 _0820_/X
 _0821_/Y
 _0822_/X
 _0823_/X
 _0824_/X
 _0825_/X
 _0826_/Y
 _0827_/Y
 _0828_/X
 _0829_/X
 _0830_/Y
 _0831_/X
 _0832_/X
 _0833_/Y
 _0834_/X
 _0835_/Y
 _0836_/Y
 _0837_/X
 _0838_/Y
 _0839_/X
 _0840_/Y
 _0841_/X
 _0842_/Y
 _0843_/X
 _0844_/Y
 _0845_/X
 _0846_/X
 _0847_/X
 _0848_/Y
 _0849_/X
 _0850_/Y
 _0851_/Y
 _0852_/Y
 _0853_/Y
 _0854_/X
 _0855_/Y
 _0856_/Y
 _0857_/Y
 _0858_/X
 _0859_/X
 _0860_/X
 _0861_/Y
 _0862_/X
 _0863_/Y
 _0864_/Y
 _0865_/X
 _0866_/X
 _0867_/X
 _0868_/X
 _0869_/X
 _0870_/X
 _0871_/Y
 _0872_/Y
 _0873_/X
 _0874_/X
 _0875_/X
 _0876_/Y
 _0877_/X
 _0878_/Y
 _0879_/X
 _0880_/X
 _0881_/Y
 _0882_/X
 _0883_/X
 _0884_/Y
 _0885_/Y
 _0886_/X
 _0887_/Y
 _0888_/X
 _0889_/Y
 _0890_/X
 _0891_/Y
 _0892_/Y
 _0893_/X
 _0894_/X
 _0895_/X
 _0896_/X
 _0897_/X
 _0898_/X
 _0899_/X
 _0900_/X
 _0901_/Y
 _0902_/X
 _0903_/X
 _0904_/X
 _0905_/X
 _0906_/Y
 _0907_/X
 _0908_/X
 _0909_/X
 _0910_/Y
 _0911_/X
 _0912_/Y
 _0913_/Y
 _0914_/X
 _0915_/X
 _0916_/X
 _0917_/X
 _0918_/X
 _0919_/X
 _0920_/Y
 _0921_/X
 _0922_/Y
 _0923_/Y
 _0924_/X
 _0925_/Y
 _0926_/X
 _0927_/X
 _0928_/X
 _0929_/Y
 _0930_/Y
 _0931_/X
 _0932_/Y
 _0933_/X
 _0934_/X
 _0935_/Y
 _0936_/X
 _0937_/X
 _0938_/X
 _0939_/X
 _0940_/Y
 _0941_/X
 _0942_/X
 _0943_/X
 _0944_/X
 _0945_/Y
 _0946_/X
 _0947_/X
 _0948_/Y
 _0949_/X
 _0950_/X
 _0951_/X
 _0952_/Y
 _0953_/X
 _0954_/Y
 _0955_/X
 _0956_/Y
 _0957_/X
 _0958_/Y
 _0959_/X
 _0960_/X
 _0961_/Y
 _0962_/Y
 _0963_/X
 _0964_/Y
 _0965_/X
 _0966_/Y
 _0967_/Y
 _0968_/Y
 _0969_/X
 _0970_/Y
 _0971_/Y
 _0972_/X
 _0973_/Y
 _0974_/X
 _0975_/X
 _0976_/X
 _0977_/Y
 _0978_/Y
 _0979_/X
 _0980_/X
 _0981_/Y
 _0982_/Y
 _0983_/X
 _0984_/X
 _0985_/Y
 _0986_/Y
 _0987_/Y
 _0988_/X
 _0989_/X
 _0990_/X
 _0991_/X
 _0992_/X
 _0993_/X
 _0994_/X
 _0995_/X
 _0996_/X
 _0997_/X
 _0998_/Y
 _0999_/Y
 _1000_/Y
 _1001_/Y
 _1002_/X
 _1003_/X
 _1004_/Y
 _1005_/Y
 _1006_/X
 _1007_/Y
 _1008_/Y
 _1009_/Y
 _1010_/X
 _1011_/X
 _1012_/Y
 _1013_/X
 _1014_/Y
 _1015_/X
 _1016_/Y
 _1017_/X
 _1018_/Y
 _1019_/X
 _1020_/X
 _1021_/Y
 _1022_/Y
 _1023_/Y
 _1024_/X
 _1025_/X
 _1026_/X
 _1027_/X
 _1028_/Y
 _1029_/Y
 _1030_/X
 _1031_/X
 _1032_/X
 _1033_/Y
 _1034_/Y
 _1035_/X
 _1036_/X
 _1037_/Y
 _1038_/Y
 _1039_/Y
 _1040_/Y
 _1041_/Y
 _1042_/X
 _1043_/Y
 _1044_/X
 _1045_/X
 _1046_/X
 _1047_/Y
 _1048_/Y
 _1049_/Y
 _1050_/Y
 _1051_/Y
 _1052_/X
 _1053_/X
 _1054_/X
 _1055_/X
 _1056_/X
 _1057_/Y
 _1058_/X
 _1059_/X
 _1060_/X
 _1061_/X
 _1062_/X
 _1063_/Y
 _1064_/X
 _1065_/X
 _1066_/X
 _1067_/X
 _1068_/X
 _1069_/Y
 _1070_/X
 _1071_/Y
 _1072_/Y
 _1073_/X
 _1074_/Y
 _1075_/Y
 _1076_/Y
 _1077_/X
 _1078_/Y
 _1079_/Y
 _1080_/X
 _1081_/X
 _1082_/Y
 _1083_/X
 _1084_/Y
 _1085_/X
 _1086_/X
 _1087_/Y
 _1088_/X
 _1089_/Y
 _1090_/Y
 _1091_/X
 _1092_/Y
 _1093_/Y
 _1094_/Y
 _1095_/Y
 _1096_/Y
 _1097_/Y
 _1098_/X
 _1099_/X
 _1100_/X
 _1101_/Y
 _1102_/X
 _1103_/Y
 _1104_/Y
 _1105_/Y
 _1106_/X
 _1107_/Y
 _1108_/X
 _1109_/Y
 _1110_/Y
 _1111_/X
 _1112_/X
 _1113_/Y
 _1114_/X
 _1115_/X
 _1116_/Y
 _1117_/X
 _1118_/X
 _1119_/X
 _1120_/Y
 _1121_/X
 _1122_/Y
 _1123_/Y
 _1124_/X
 _1125_/X
 _1126_/X
 _1127_/X
 _1128_/Y
 _1129_/Y
 _1130_/X
 _1131_/X
 _1132_/X
 _1133_/X
 _1134_/Y
 _1135_/Y
 _1136_/Y
 _1137_/X
 _1138_/Y
 _1139_/X
 _1140_/X
 _1141_/X
 _1142_/X
 _1143_/X
 _1144_/X
 _1145_/Y
 _1146_/X
 _1147_/Y
 _1148_/Y
 _1149_/X
 _1150_/Y
 _1151_/X
 _1152_/Y
 _1153_/X
 _1154_/X
 _1155_/X
 _1156_/Y
 _1157_/X
 _1158_/X
 _1159_/Y
 _1160_/X
 _1161_/Y
 _1162_/X
 _1163_/Y
 _1164_/X
 _1165_/Y
 _1166_/X
 _1167_/Y
 _1168_/Y
 _1169_/X
 _1170_/Y
 _1171_/X
 _1172_/X
 _1173_/Y
 _1174_/X
 _1175_/Y
 _1176_/X
 _1177_/X
 _1178_/X
 _1179_/X
 _1180_/X
 _1181_/X
 _1182_/Y
 _1183_/Y
 _1184_/Y
 _1185_/X
 _1186_/X
 _1187_/Y
 _1188_/Y
 _1189_/X
 _1190_/X
 _1191_/Y
 _1192_/X
 _1193_/X
 _1194_/X
 _1195_/Y
 _1196_/X
 _1197_/Y
 _1198_/X
 _1199_/X
 _1200_/X
 _1201_/X
 _1202_/X
 _1203_/Y
 _1204_/X
 _1205_/Y
 _1206_/X
 _1207_/Y
 _1208_/X
 _1209_/X
 _1210_/X
 _1211_/Y
 _1212_/X
 _1213_/Y
 _1214_/Y
 _1215_/X
 _1216_/Y
 _1217_/X
 _1218_/Y
 _1219_/X
 _1220_/Y
 _1221_/X
 _1222_/X
 _1223_/X
 _1224_/X
 _1225_/X
 _1226_/X
 _1227_/Y
 _1228_/Y
 _1229_/Y
 _1230_/X
 _1231_/X
 _1232_/X
 _1233_/X
 _1234_/Y
 _1235_/Y
 _1236_/X
 _1237_/Y
 _1238_/X
 _1239_/Y
 _1240_/X
 _1241_/X
 _1242_/X
 _1243_/X
 _1244_/Y
 _1245_/X
 _1246_/X
 _1247_/Y
 _1248_/X
 _1249_/Y
 _1250_/X
 _1251_/Y
 _1252_/X
 _1253_/Y
 _1254_/X
 _1255_/X
 _1256_/Y
 _1257_/Y
 _1258_/Y
 _1259_/X
 _1260_/X
 _1261_/X
 _1262_/Q
 _1263_/Q
 _1264_/Q
 _1265_/Q
 _1266_/Q
 _1267_/Q
 _1268_/Q
 _1269_/Q
 _1270_/Q
 _1271_/Q
 _1272_/Q
 _1273_/Q
 _1274_/Q
 _1275_/Q
 _1276_/Q
 _1277_/Q
 _1278_/Q
 _1279_/Q
 _1280_/Q
 _1281_/Q
 _1282_/Q
 _1283_/Q
 _1284_/Q
 _1285_/Q
 _1286_/Q
 _1287_/Q
 _1288_/Q
 _1289_/Q
 _1290_/Q
 _1291_/Q
 _1292_/Q
 _1293_/Q
 input1/X
 input10/X
 input11/X
 input12/X
 input13/X
 input14/X
 input15/X
 input16/X
 input17/X
 input18/X
 input2/X
 input3/X
 input4/X
 input5/X
 input6/X
 input7/X
 input8/X
 input9/X
 max_cap51/X
 output19/X
 output20/X
 output21/X
 output22/X
 output23/X
 output24/X
 output25/X
 output26/X
 output27/X
 output28/X
 output29/X
 output30/X
 output31/X
 output32/X
 output33/X
 output34/X
 output35/X
 output36/X
 output37/X
 output38/X
 output39/X
 output40/X
 output41/X
 output42/X
 output43/X
 output44/X
 output45/X
 output46/X
 output47/X
 output48/X
 output49/X
 output50/X
Found 0 partially unannotated drivers.

===========================================================================
max slew violation count 0
max fanout violation count 0
max cap violation count 0
============================================================================

===========================================================================
check_setup -verbose -unconstrained_endpoints -multiple_clock -no_clock -no_input_delay -loops -generated_clocks
===========================================================================
