Clock: clk
Sources: clk 
Generated: no
Virtual: no
Propagated: no
Period: 10.000000

===========================================================================
report_clock_properties
============================================================================
Clock                   Period          Waveform
----------------------------------------------------
clk                  10.000000    0.000000  5.000000

===========================================================================
report_clock_latency
============================================================================
Clock clk
rise -> rise
    min     max
0.000000 0.000000 source latency
0.697787         network latency _1384_/CLK
        0.697787 network latency _1384_/CLK
---------------
0.697787 0.697787 latency
        0.000000 skew

fall -> fall
    min     max
0.000000 0.000000 source latency
0.394050         network latency _1384_/CLK
        0.394050 network latency _1384_/CLK
---------------
0.394050 0.394050 latency
        0.000000 skew



===========================================================================
report_clock_min_period
============================================================================
clk period_min = 15.93 fmax = 62.76
