
===========================================================================
 report_power
============================================================================
======================= nom_ss_100C_1v60 Corner ===================================

Group                    Internal    Switching      Leakage        Total
                            Power        Power        Power        Power (Watts)
------------------------------------------------------------------------
Sequential           2.557886e-04 1.550346e-05 1.218413e-06 2.725105e-04  94.3%
Combinational        7.768869e-06 5.478848e-06 3.266953e-06 1.651467e-05   5.7%
Clock                0.000000e+00 0.000000e+00 0.000000e+00 0.000000e+00   0.0%
Macro                0.000000e+00 0.000000e+00 0.000000e+00 0.000000e+00   0.0%
Pad                  0.000000e+00 0.000000e+00 0.000000e+00 0.000000e+00   0.0%
------------------------------------------------------------------------
Total                2.635576e-04 2.098232e-05 4.485370e-06 2.890253e-04 100.0%
                            91.2%         7.3%         1.6%

