OpenROAD 0cfb9a45bfb256c9af1a0500d4c97da0f145f54f 
This program is licensed under the BSD-3 license. See the LICENSE file for details.
Components of this program may be licensed under more restrictive licenses which must be honored.
[INFO]: Reading ODB at '/openlane/designs/synth_top/runs/RUN_2026.05.18_03.43.02/results/floorplan/synth_top.odb'…
define_corners Typical
read_liberty -corner Typical /home/roshan/.volare/sky130A/libs.ref/sky130_fd_sc_hd/lib/sky130_fd_sc_hd__tt_025C_1v80.lib
Using 1e-12 for capacitance...
Using 1e+03 for resistance...
Using 1e-09 for time...
Using 1e+00 for voltage...
Using 1e-03 for current...
Using 1e-09 for power...
Using 1e-06 for distance...
Reading design constraints file at '/openlane/designs/synth_top/runs/RUN_2026.05.18_03.43.02/tmp/floorplan/3-initial_fp.sdc'…
[INFO]: Setting RC values...
[INFO]: Setting signal min routing layer to: met1 and clock min routing layer to met1. 
[INFO]: Setting signal max routing layer to: met5 and clock max routing layer to met5. 
[INFO GPL-0002] DBU: 1000
[INFO GPL-0003] SiteSize: 460 2720
[INFO GPL-0004] CoreAreaLxLy: 5520 10880
[INFO GPL-0005] CoreAreaUxUy: 194120 187680
[INFO GPL-0006] NumInstances: 1262
[INFO GPL-0007] NumPlaceInstances: 663
[INFO GPL-0008] NumFixedInstances: 599
[INFO GPL-0009] NumDummyInstances: 0
[INFO GPL-0010] NumNets: 682
[INFO GPL-0011] NumPins: 2515
[INFO GPL-0012] DieAreaLxLy: 0 0
[INFO GPL-0013] DieAreaUxUy: 200000 200000
[INFO GPL-0014] CoreAreaLxLy: 5520 10880
[INFO GPL-0015] CoreAreaUxUy: 194120 187680
[INFO GPL-0016] CoreArea: 33344480000
[INFO GPL-0017] NonPlaceInstsArea: 1074780800
[INFO GPL-0018] PlaceInstsArea: 6591321600
[INFO GPL-0019] Util(%): 20.43
[INFO GPL-0020] StdInstsArea: 6591321600
[INFO GPL-0021] MacroInstsArea: 0
[InitialPlace]  Iter: 1 CG residual: 0.00000011 HPWL: 14877800
[InitialPlace]  Iter: 2 CG residual: 0.00000009 HPWL: 12961458
[InitialPlace]  Iter: 3 CG residual: 0.00000008 HPWL: 12971633
[InitialPlace]  Iter: 4 CG residual: 0.00000010 HPWL: 13013647
[InitialPlace]  Iter: 5 CG residual: 0.00000010 HPWL: 12998813
[INFO GPL-0031] FillerInit: NumGCells: 1985
[INFO GPL-0032] FillerInit: NumGNets: 682
[INFO GPL-0033] FillerInit: NumGPins: 2515
[INFO GPL-0023] TargetDensity: 0.60
[INFO GPL-0024] AveragePlaceInstArea: 9941661
[INFO GPL-0025] IdealBinArea: 16569434
[INFO GPL-0026] IdealBinCnt: 2012
[INFO GPL-0027] TotalBinArea: 33344480000
[INFO GPL-0028] BinCnt: 32 32
[INFO GPL-0029] BinSize: 5894 5525
[INFO GPL-0030] NumBins: 1024
[NesterovSolve] Iter: 1 overflow: 0.93655 HPWL: 10417489
[INFO GPL-0100] worst slack 1.21e-09
[INFO GPL-0103] Weighted 63 nets.
[NesterovSolve] Iter: 10 overflow: 0.773415 HPWL: 12856471
[NesterovSolve] Iter: 20 overflow: 0.772818 HPWL: 12855365
[NesterovSolve] Iter: 30 overflow: 0.772997 HPWL: 12816413
[NesterovSolve] Iter: 40 overflow: 0.773108 HPWL: 12799942
[NesterovSolve] Iter: 50 overflow: 0.773864 HPWL: 12798060
[NesterovSolve] Iter: 60 overflow: 0.773905 HPWL: 12801517
[NesterovSolve] Iter: 70 overflow: 0.773744 HPWL: 12801283
[NesterovSolve] Iter: 80 overflow: 0.773604 HPWL: 12802430
[NesterovSolve] Iter: 90 overflow: 0.773582 HPWL: 12803332
[NesterovSolve] Iter: 100 overflow: 0.77344 HPWL: 12807103
[NesterovSolve] Iter: 110 overflow: 0.773108 HPWL: 12813951
[NesterovSolve] Iter: 120 overflow: 0.772692 HPWL: 12822795
[NesterovSolve] Iter: 130 overflow: 0.771878 HPWL: 12836838
[NesterovSolve] Iter: 140 overflow: 0.770403 HPWL: 12861406
[NesterovSolve] Iter: 150 overflow: 0.768 HPWL: 12904449
[NesterovSolve] Iter: 160 overflow: 0.764394 HPWL: 12969972
[NesterovSolve] Iter: 170 overflow: 0.75859 HPWL: 13066746
[NesterovSolve] Iter: 180 overflow: 0.74866 HPWL: 13204306
[NesterovSolve] Iter: 190 overflow: 0.733923 HPWL: 13385669
[NesterovSolve] Iter: 200 overflow: 0.715229 HPWL: 13640507
[NesterovSolve] Iter: 210 overflow: 0.688823 HPWL: 13913269
[NesterovSolve] Iter: 220 overflow: 0.657484 HPWL: 14142490
[INFO GPL-0100] worst slack 1.21e-09
[INFO GPL-0103] Weighted 68 nets.
[NesterovSolve] Iter: 230 overflow: 0.628048 HPWL: 14341292
[NesterovSolve] Snapshot saved at iter = 235
[NesterovSolve] Iter: 240 overflow: 0.585818 HPWL: 14406174
[NesterovSolve] Iter: 250 overflow: 0.547154 HPWL: 14507232
[NesterovSolve] Iter: 260 overflow: 0.501086 HPWL: 14482094
[INFO GPL-0100] worst slack 1.22e-09
[INFO GPL-0103] Weighted 65 nets.
[NesterovSolve] Iter: 270 overflow: 0.460185 HPWL: 14484660
[NesterovSolve] Iter: 280 overflow: 0.41194 HPWL: 14609057
[NesterovSolve] Iter: 290 overflow: 0.363633 HPWL: 14714496
[NesterovSolve] Iter: 300 overflow: 0.32159 HPWL: 14713288
[NesterovSolve] Iter: 310 overflow: 0.284145 HPWL: 14795007
[INFO GPL-0100] worst slack 1.23e-09
[INFO GPL-0103] Weighted 68 nets.
[NesterovSolve] Iter: 320 overflow: 0.257627 HPWL: 14869365
[NesterovSolve] Iter: 330 overflow: 0.231719 HPWL: 14935602
[NesterovSolve] Iter: 340 overflow: 0.205391 HPWL: 15053189
[INFO GPL-0100] worst slack 1.25e-09
[INFO GPL-0103] Weighted 65 nets.
[INFO GPL-0075] Routability numCall: 1 inflationIterCnt: 1 bloatIterCnt: 0
[INFO GPL-0036] TileLxLy: 0 0
[INFO GPL-0037] TileSize: 6900 6900
[INFO GPL-0038] TileCnt: 28 28
[INFO GPL-0039] numRoutingLayers: 6
[INFO GPL-0040] NumTiles: 784
[INFO GPL-0063] TotalRouteOverflowH2: 0.0
[INFO GPL-0064] TotalRouteOverflowV2: 0.0
[INFO GPL-0065] OverflowTileCnt2: 0
[INFO GPL-0066] 0.5%RC: 1.0
[INFO GPL-0067] 1.0%RC: 1.0
[INFO GPL-0068] 2.0%RC: 0.9697674346524615
[INFO GPL-0069] 5.0%RC: 0.8919811338748572
[INFO GPL-0070] 0.5rcK: 1.0
[INFO GPL-0071] 1.0rcK: 1.0
[INFO GPL-0072] 2.0rcK: 0.0
[INFO GPL-0073] 5.0rcK: 0.0
[INFO GPL-0074] FinalRC: 1.0
[NesterovSolve] Iter: 350 overflow: 0.178118 HPWL: 15119989
[NesterovSolve] Iter: 360 overflow: 0.154884 HPWL: 15236357
[INFO GPL-0100] worst slack 1.23e-09
[INFO GPL-0103] Weighted 66 nets.
[NesterovSolve] Iter: 370 overflow: 0.132253 HPWL: 15298317
[NesterovSolve] Iter: 380 overflow: 0.113609 HPWL: 15405064
[NesterovSolve] Finished with Overflow: 0.099845
Setting global connections for newly added cells…
Writing OpenROAD database to '/openlane/designs/synth_top/runs/RUN_2026.05.18_03.43.02/tmp/placement/7-global.odb'…
Writing netlist to '/openlane/designs/synth_top/runs/RUN_2026.05.18_03.43.02/tmp/placement/7-global.nl.v'…
Writing powered netlist to '/openlane/designs/synth_top/runs/RUN_2026.05.18_03.43.02/tmp/placement/7-global.pnl.v'…
Writing layout to '/openlane/designs/synth_top/runs/RUN_2026.05.18_03.43.02/tmp/placement/7-global.def'…
