
===========================================================================
 report_power
============================================================================
======================= max_tt_025C_1v80 Corner ===================================

Group                    Internal    Switching      Leakage        Total
                            Power        Power        Power        Power (Watts)
------------------------------------------------------------------------
Sequential           3.294086e-04 2.838739e-06 6.608904e-10 3.322480e-04  44.1%
Combinational        2.643831e-05 4.044950e-05 3.718610e-09 6.689154e-05   8.9%
Clock                2.004239e-04 1.535475e-04 3.161653e-09 3.539746e-04  47.0%
Macro                0.000000e+00 0.000000e+00 0.000000e+00 0.000000e+00   0.0%
Pad                  0.000000e+00 0.000000e+00 0.000000e+00 0.000000e+00   0.0%
------------------------------------------------------------------------
Total                5.562706e-04 1.968357e-04 7.541158e-09 7.531139e-04 100.0%
                            73.9%        26.1%         0.0%

