
===========================================================================
report_checks -unconstrained
===========================================================================
======================= nom_ff_n40C_1v95 Corner ===================================

Startpoint: _1428_ (rising edge-triggered flip-flop clocked by clk)
Endpoint: _1462_ (rising edge-triggered flip-flop clocked by clk)
Path Group: clk
Path Type: max

Fanout         Cap        Slew       Delay        Time   Description
---------------------------------------------------------------------------------------------
                                  0.000000    0.000000   clock clk (rise edge)
                                  0.000000    0.000000   clock source latency
     1    0.026376    0.092891    0.064384    0.064384 ^ clk (in)
                                                         clk (net)
                      0.092922    0.000000    0.064384 ^ clkbuf_0_clk/A (sky130_fd_sc_hd__clkbuf_16)
     8    0.106656    0.094249    0.147383    0.211766 ^ clkbuf_0_clk/X (sky130_fd_sc_hd__clkbuf_16)
                                                         clknet_0_clk (net)
                      0.095549    0.008801    0.220567 ^ clkbuf_3_0__f_clk/A (sky130_fd_sc_hd__clkbuf_16)
     9    0.039489    0.045264    0.114250    0.334818 ^ clkbuf_3_0__f_clk/X (sky130_fd_sc_hd__clkbuf_16)
                                                         clknet_3_0__leaf_clk (net)
                      0.045301    0.001048    0.335865 ^ _1428_/CLK (sky130_fd_sc_hd__dfxtp_2)
     3    0.026994    0.106090    0.254395    0.590260 ^ _1428_/Q (sky130_fd_sc_hd__dfxtp_2)
                                                         core_b[3] (net)
                      0.106090    0.000497    0.590757 ^ fanout73/A (sky130_fd_sc_hd__buf_6)
    10    0.050783    0.081298    0.113104    0.703861 ^ fanout73/X (sky130_fd_sc_hd__buf_6)
                                                         net73 (net)
                      0.081389    0.002259    0.706120 ^ fanout72/A (sky130_fd_sc_hd__buf_2)
    10    0.036676    0.136686    0.156200    0.862320 ^ fanout72/X (sky130_fd_sc_hd__buf_2)
                                                         net72 (net)
                      0.136699    0.001126    0.863446 ^ _1015_/B (sky130_fd_sc_hd__and4_1)
     2    0.005853    0.056367    0.137227    1.000673 ^ _1015_/X (sky130_fd_sc_hd__and4_1)
                                                         _0347_ (net)
                      0.056367    0.000151    1.000824 ^ _1017_/A_N (sky130_fd_sc_hd__and2b_1)
     1    0.008377    0.040975    0.127542    1.128366 v _1017_/X (sky130_fd_sc_hd__and2b_1)
                                                         _0349_ (net)
                      0.040976    0.000247    1.128613 v _1018_/B (sky130_fd_sc_hd__xnor2_2)
     3    0.011362    0.144659    0.131279    1.259891 ^ _1018_/Y (sky130_fd_sc_hd__xnor2_2)
                                                         _0350_ (net)
                      0.144659    0.000403    1.260294 ^ _1027_/A (sky130_fd_sc_hd__nand3_2)
     2    0.007328    0.057518    0.053924    1.314218 v _1027_/Y (sky130_fd_sc_hd__nand3_2)
                                                         _0359_ (net)
                      0.057518    0.000188    1.314406 v _1031_/A2 (sky130_fd_sc_hd__a21o_1)
     3    0.013201    0.053162    0.151513    1.465919 v _1031_/X (sky130_fd_sc_hd__a21o_1)
                                                         _0363_ (net)
                      0.053166    0.000504    1.466424 v _1032_/B (sky130_fd_sc_hd__and3_1)
     3    0.008745    0.045013    0.129192    1.595615 v _1032_/X (sky130_fd_sc_hd__and3_1)
                                                         _0364_ (net)
                      0.045013    0.000214    1.595829 v _1037_/A2 (sky130_fd_sc_hd__o211a_1)
     2    0.005110    0.035174    0.139162    1.734991 v _1037_/X (sky130_fd_sc_hd__o211a_1)
                                                         _0369_ (net)
                      0.035174    0.000100    1.735091 v _1038_/A (sky130_fd_sc_hd__or3_4)
     4    0.014580    0.056938    0.248103    1.983195 v _1038_/X (sky130_fd_sc_hd__or3_4)
                                                         _0370_ (net)
                      0.056961    0.000343    1.983538 v _1041_/A2 (sky130_fd_sc_hd__a211o_1)
     2    0.005353    0.042008    0.196758    2.180295 v _1041_/X (sky130_fd_sc_hd__a211o_1)
                                                         _0373_ (net)
                      0.042008    0.000140    2.180435 v _1125_/D (sky130_fd_sc_hd__and4b_1)
     2    0.006236    0.040067    0.141700    2.322136 v _1125_/X (sky130_fd_sc_hd__and4b_1)
                                                         _0455_ (net)
                      0.040067    0.000162    2.322298 v _1196_/A1 (sky130_fd_sc_hd__a211o_1)
     2    0.009407    0.056207    0.182192    2.504490 v _1196_/X (sky130_fd_sc_hd__a211o_1)
                                                         _0524_ (net)
                      0.056209    0.000402    2.504892 v _1234_/A1 (sky130_fd_sc_hd__a31o_1)
     2    0.009422    0.048090    0.138942    2.643834 v _1234_/X (sky130_fd_sc_hd__a31o_1)
                                                         _0560_ (net)
                      0.048090    0.000217    2.644052 v _1247_/A (sky130_fd_sc_hd__nand2_2)
     1    0.005941    0.045323    0.047991    2.692042 ^ _1247_/Y (sky130_fd_sc_hd__nand2_2)
                                                         _0573_ (net)
                      0.045323    0.000132    2.692175 ^ _1266_/B1 (sky130_fd_sc_hd__o211a_4)
     6    0.041415    0.104090    0.137028    2.829203 ^ _1266_/X (sky130_fd_sc_hd__o211a_4)
                                                         _0591_ (net)
                      0.104364    0.003869    2.833072 ^ fanout53/A (sky130_fd_sc_hd__buf_4)
    10    0.052465    0.112426    0.147866    2.980939 ^ fanout53/X (sky130_fd_sc_hd__buf_4)
                                                         net53 (net)
                      0.112519    0.002664    2.983603 ^ _1293_/B (sky130_fd_sc_hd__xnor2_1)
     2    0.008956    0.061457    0.070334    3.053937 v _1293_/Y (sky130_fd_sc_hd__xnor2_1)
                                                         _0614_ (net)
                      0.061457    0.000227    3.054164 v _1299_/D (sky130_fd_sc_hd__or4_4)
     1    0.003600    0.056508    0.246256    3.300420 v _1299_/X (sky130_fd_sc_hd__or4_4)
                                                         _0619_ (net)
                      0.056509    0.000110    3.300530 v _1300_/B1 (sky130_fd_sc_hd__a311o_1)
     2    0.009500    0.062249    0.151474    3.452004 v _1300_/X (sky130_fd_sc_hd__a311o_1)
                                                         _0620_ (net)
                      0.062251    0.000386    3.452390 v _1329_/A2 (sky130_fd_sc_hd__a21o_1)
     3    0.011305    0.047880    0.148537    3.600927 v _1329_/X (sky130_fd_sc_hd__a21o_1)
                                                         _0645_ (net)
                      0.047880    0.000302    3.601230 v _1353_/A2 (sky130_fd_sc_hd__a21oi_2)
     2    0.013678    0.137494    0.148906    3.750135 ^ _1353_/Y (sky130_fd_sc_hd__a21oi_2)
                                                         _0665_ (net)
                      0.137499    0.000616    3.750751 ^ _1355_/A (sky130_fd_sc_hd__nor2_1)
     2    0.008248    0.053753    0.056407    3.807158 v _1355_/Y (sky130_fd_sc_hd__nor2_1)
                                                         _0667_ (net)
                      0.053753    0.000182    3.807340 v _1364_/A1 (sky130_fd_sc_hd__o21ba_1)
     1    0.005009    0.032388    0.127730    3.935070 v _1364_/X (sky130_fd_sc_hd__o21ba_1)
                                                         _0675_ (net)
                      0.032388    0.000157    3.935227 v _1365_/B (sky130_fd_sc_hd__xor2_1)
     1    0.004382    0.052607    0.089985    4.025212 v _1365_/X (sky130_fd_sc_hd__xor2_1)
                                                         _0676_ (net)
                      0.052607    0.000160    4.025372 v _1367_/A2 (sky130_fd_sc_hd__a211oi_1)
     1    0.002087    0.114365    0.145671    4.171043 ^ _1367_/Y (sky130_fd_sc_hd__a211oi_1)
                                                         _0078_ (net)
                      0.114365    0.000060    4.171103 ^ _1462_/D (sky130_fd_sc_hd__dfxtp_1)
                                              4.171103   data arrival time

                                 10.000000   10.000000   clock clk (rise edge)
                                  0.000000   10.000000   clock source latency
     1    0.026376    0.092891    0.064383   10.064384 ^ clk (in)
                                                         clk (net)
                      0.092922    0.000000   10.064384 ^ clkbuf_0_clk/A (sky130_fd_sc_hd__clkbuf_16)
     8    0.106656    0.094249    0.147383   10.211767 ^ clkbuf_0_clk/X (sky130_fd_sc_hd__clkbuf_16)
                                                         clknet_0_clk (net)
                      0.094720    0.005379   10.217146 ^ clkbuf_3_6__f_clk/A (sky130_fd_sc_hd__clkbuf_16)
    14    0.048573    0.051686    0.118609   10.335754 ^ clkbuf_3_6__f_clk/X (sky130_fd_sc_hd__clkbuf_16)
                                                         clknet_3_6__leaf_clk (net)
                      0.051727    0.001333   10.337088 ^ _1462_/CLK (sky130_fd_sc_hd__dfxtp_1)
                                 -0.250000   10.087088   clock uncertainty
                                  0.000000   10.087088   clock reconvergence pessimism
                                 -0.035773   10.051314   library setup time
                                             10.051314   data required time
---------------------------------------------------------------------------------------------
                                             10.051314   data required time
                                             -4.171103   data arrival time
---------------------------------------------------------------------------------------------
                                              5.880212   slack (MET)




===========================================================================
report_checks --slack_max -0.01
============================================================================
======================= nom_ff_n40C_1v95 Corner ===================================

No paths found.


===========================================================================
 report_check_types -max_slew -max_cap -max_fanout -violators
============================================================================
======================= nom_ff_n40C_1v95 Corner ===================================

max fanout

Pin                                   Limit Fanout  Slack
---------------------------------------------------------
clkbuf_3_5__f_clk/X                      10     14     -4 (VIOLATED)
clkbuf_3_6__f_clk/X                      10     14     -4 (VIOLATED)
clkbuf_3_1__f_clk/X                      10     13     -3 (VIOLATED)
clkbuf_3_4__f_clk/X                      10     11        (VIOLATED)



===========================================================================
report_parasitic_annotation -report_unannotated
============================================================================
Found 31 unannotated drivers.
 wdata[10]
 wdata[11]
 wdata[12]
 wdata[13]
 wdata[14]
 wdata[15]
 wdata[16]
 wdata[17]
 wdata[18]
 wdata[19]
 wdata[20]
 wdata[21]
 wdata[22]
 wdata[23]
 wdata[24]
 wdata[25]
 wdata[26]
 wdata[27]
 wdata[28]
 wdata[29]
 wdata[30]
 wdata[31]
 wdata[8]
 wdata[9]
 clkload0/Y
 clkload1/X
 clkload2/Y
 clkload3/Y
 clkload4/Y
 clkload5/Y
 top_117/LO
Found 0 partially unannotated drivers.

===========================================================================
max slew violation count 0
max fanout violation count 4
max cap violation count 0
============================================================================

===========================================================================
check_setup -verbose -unconstrained_endpoints -multiple_clock -no_clock -no_input_delay -loops -generated_clocks
===========================================================================
Warning: There is 1 unconstrained endpoint.
  ready
