#! /usr/bin/vvp
:ivl_version "11.0 (stable)";
:ivl_delay_selection "TYPICAL";
:vpi_time_precision - 12;
:vpi_module "/usr/lib/x86_64-linux-gnu/ivl/system.vpi";
:vpi_module "/usr/lib/x86_64-linux-gnu/ivl/vhdl_sys.vpi";
:vpi_module "/usr/lib/x86_64-linux-gnu/ivl/vhdl_textio.vpi";
:vpi_module "/usr/lib/x86_64-linux-gnu/ivl/v2005_math.vpi";
:vpi_module "/usr/lib/x86_64-linux-gnu/ivl/va_math.vpi";
:vpi_module "/usr/lib/x86_64-linux-gnu/ivl/v2009.vpi";
S_0x605106322160 .scope package, "$unit" "$unit" 2 1;
 .timescale 0 0;
S_0x605106325a60 .scope module, "tb_top" "tb_top" 3 3;
 .timescale -9 -12;
v0x605106360af0_0 .var "addr", 7 0;
v0x605106360c20_0 .var "clk", 0 0;
v0x605106360ce0_0 .var/i "col", 31 0;
v0x605106360d80_0 .var/i "errors", 31 0;
v0x605106360e60_0 .var/i "expected", 31 0;
v0x605106360f90_0 .var/i "k", 31 0;
v0x605106361070_0 .net "rdata", 31 0, v0x60510635f1d0_0;  1 drivers
L_0x71a47ea6f018 .functor BUFT 1, C4<1>, C4<0>, C4<0>, C4<0>;
v0x605106361180_0 .net "ready", 0 0, L_0x71a47ea6f018;  1 drivers
v0x605106361270_0 .var/i "row", 31 0;
v0x6051063613e0_0 .var "rst", 0 0;
v0x605106361480_0 .var "valid", 0 0;
v0x605106361520_0 .var "wdata", 31 0;
v0x605106361630_0 .var "write", 0 0;
S_0x605106325bf0 .scope module, "dut" "top" 3 18, 4 24 0, S_0x605106325a60;
 .timescale 0 0;
    .port_info 0 /INPUT 1 "clk";
    .port_info 1 /INPUT 1 "rst";
    .port_info 2 /INPUT 1 "valid";
    .port_info 3 /OUTPUT 1 "ready";
    .port_info 4 /INPUT 1 "write";
    .port_info 5 /INPUT 8 "addr";
    .port_info 6 /INPUT 32 "wdata";
    .port_info 7 /OUTPUT 32 "rdata";
v0x60510635f780_0 .net "addr", 7 0, v0x605106360af0_0;  1 drivers
v0x60510635f890_0 .net "clk", 0 0, v0x605106360c20_0;  1 drivers
v0x60510635f930_0 .net/s "core_a", 7 0, v0x60510635ef00_0;  1 drivers
v0x60510635fa20_0 .net/s "core_b", 7 0, v0x60510635efa0_0;  1 drivers
v0x60510635fb10_0 .net/s "core_out", 31 0, v0x60510631a6e0_0;  1 drivers
v0x60510635fc70_0 .net "core_valid", 0 0, v0x60510635f130_0;  1 drivers
v0x60510635fd60_0 .net "rdata", 31 0, v0x60510635f1d0_0;  alias, 1 drivers
v0x60510635fe20_0 .net "ready", 0 0, L_0x71a47ea6f018;  alias, 1 drivers
v0x60510635fec0_0 .net "rst", 0 0, v0x6051063613e0_0;  1 drivers
v0x60510635fff0_0 .net "valid", 0 0, v0x605106361480_0;  1 drivers
v0x605106360090_0 .net "wdata", 31 0, v0x605106361520_0;  1 drivers
v0x605106360130_0 .net "write", 0 0, v0x605106361630_0;  1 drivers
S_0x605106330c60 .scope module, "u_compute" "compute_core" 4 57, 5 23 0, S_0x605106325bf0;
 .timescale 0 0;
    .port_info 0 /INPUT 1 "clk";
    .port_info 1 /INPUT 1 "rst";
    .port_info 2 /INPUT 1 "valid";
    .port_info 3 /INPUT 8 "a";
    .port_info 4 /INPUT 8 "b";
    .port_info 5 /OUTPUT 32 "out";
v0x6051063174e0_0 .net/s *"_ivl_0", 15 0, L_0x605106361740;  1 drivers
v0x605106317d60_0 .net/s *"_ivl_2", 15 0, L_0x6051063617e0;  1 drivers
v0x605106316860_0 .net/s "a", 7 0, v0x60510635ef00_0;  alias, 1 drivers
v0x605106316e40_0 .net/s "b", 7 0, v0x60510635efa0_0;  alias, 1 drivers
v0x6051062ebfa0_0 .net "clk", 0 0, v0x605106360c20_0;  alias, 1 drivers
v0x60510631a6e0_0 .var/s "out", 31 0;
v0x60510635e760_0 .net/s "product", 15 0, L_0x605106361880;  1 drivers
v0x60510635e840_0 .net "rst", 0 0, v0x6051063613e0_0;  alias, 1 drivers
v0x60510635e900_0 .net "valid", 0 0, v0x60510635f130_0;  alias, 1 drivers
E_0x605106323f30 .event posedge, v0x6051062ebfa0_0;
L_0x605106361740 .extend/s 16, v0x60510635ef00_0;
L_0x6051063617e0 .extend/s 16, v0x60510635efa0_0;
L_0x605106361880 .arith/mult 16, L_0x605106361740, L_0x6051063617e0;
S_0x60510635ea80 .scope module, "u_interface" "interface_ctrl" 4 42, 6 33 0, S_0x605106325bf0;
 .timescale 0 0;
    .port_info 0 /INPUT 1 "clk";
    .port_info 1 /INPUT 1 "rst";
    .port_info 2 /INPUT 1 "valid";
    .port_info 3 /OUTPUT 1 "ready";
    .port_info 4 /INPUT 1 "write";
    .port_info 5 /INPUT 8 "addr";
    .port_info 6 /INPUT 32 "wdata";
    .port_info 7 /OUTPUT 32 "rdata";
    .port_info 8 /OUTPUT 1 "core_valid";
    .port_info 9 /OUTPUT 8 "core_a";
    .port_info 10 /OUTPUT 8 "core_b";
    .port_info 11 /INPUT 32 "core_out";
v0x60510635ed60_0 .net "addr", 7 0, v0x605106360af0_0;  alias, 1 drivers
v0x60510635ee40_0 .net "clk", 0 0, v0x605106360c20_0;  alias, 1 drivers
v0x60510635ef00_0 .var/s "core_a", 7 0;
v0x60510635efa0_0 .var/s "core_b", 7 0;
v0x60510635f040_0 .net/s "core_out", 31 0, v0x60510631a6e0_0;  alias, 1 drivers
v0x60510635f130_0 .var "core_valid", 0 0;
v0x60510635f1d0_0 .var "rdata", 31 0;
v0x60510635f270_0 .net "ready", 0 0, L_0x71a47ea6f018;  alias, 1 drivers
v0x60510635f310_0 .net "rst", 0 0, v0x6051063613e0_0;  alias, 1 drivers
v0x60510635f3e0_0 .net "valid", 0 0, v0x605106361480_0;  alias, 1 drivers
v0x60510635f480_0 .net "wdata", 31 0, v0x605106361520_0;  alias, 1 drivers
v0x60510635f540_0 .net "write", 0 0, v0x605106361630_0;  alias, 1 drivers
S_0x6051063602a0 .scope task, "host_read" "host_read" 3 60, 3 60 0, S_0x605106325a60;
 .timescale -9 -12;
v0x605106360470_0 .var "read_addr", 7 0;
E_0x6051062eabb0 .event negedge, v0x6051062ebfa0_0;
TD_tb_top.host_read ;
    %wait E_0x6051062eabb0;
    %pushi/vec4 1, 0, 1;
    %store/vec4 v0x605106361480_0, 0, 1;
    %pushi/vec4 0, 0, 1;
    %store/vec4 v0x605106361630_0, 0, 1;
    %load/vec4 v0x605106360470_0;
    %store/vec4 v0x605106360af0_0, 0, 8;
    %wait E_0x6051062eabb0;
    %pushi/vec4 0, 0, 1;
    %store/vec4 v0x605106361480_0, 0, 1;
    %pushi/vec4 0, 0, 8;
    %store/vec4 v0x605106360af0_0, 0, 8;
    %end;
S_0x605106360570 .scope task, "host_write" "host_write" 3 44, 3 44 0, S_0x605106325a60;
 .timescale -9 -12;
v0x605106360750_0 .var "write_addr", 7 0;
v0x605106360830_0 .var "write_data", 31 0;
TD_tb_top.host_write ;
    %wait E_0x6051062eabb0;
    %pushi/vec4 1, 0, 1;
    %store/vec4 v0x605106361480_0, 0, 1;
    %pushi/vec4 1, 0, 1;
    %store/vec4 v0x605106361630_0, 0, 1;
    %load/vec4 v0x605106360750_0;
    %store/vec4 v0x605106360af0_0, 0, 8;
    %load/vec4 v0x605106360830_0;
    %store/vec4 v0x605106361520_0, 0, 32;
    %wait E_0x6051062eabb0;
    %pushi/vec4 0, 0, 1;
    %store/vec4 v0x605106361480_0, 0, 1;
    %pushi/vec4 0, 0, 1;
    %store/vec4 v0x605106361630_0, 0, 1;
    %pushi/vec4 0, 0, 8;
    %store/vec4 v0x605106360af0_0, 0, 8;
    %pushi/vec4 0, 0, 32;
    %store/vec4 v0x605106361520_0, 0, 32;
    %end;
S_0x605106360910 .scope task, "reset_core" "reset_core" 3 31, 3 31 0, S_0x605106325a60;
 .timescale -9 -12;
TD_tb_top.reset_core ;
    %wait E_0x6051062eabb0;
    %pushi/vec4 1, 0, 1;
    %store/vec4 v0x6051063613e0_0, 0, 1;
    %pushi/vec4 0, 0, 1;
    %store/vec4 v0x605106361480_0, 0, 1;
    %pushi/vec4 0, 0, 1;
    %store/vec4 v0x605106361630_0, 0, 1;
    %pushi/vec4 0, 0, 8;
    %store/vec4 v0x605106360af0_0, 0, 8;
    %pushi/vec4 0, 0, 32;
    %store/vec4 v0x605106361520_0, 0, 32;
    %pushi/vec4 2, 0, 32;
T_2.0 %dup/vec4;
    %pushi/vec4 0, 0, 32;
    %cmp/s;
    %jmp/1xz T_2.1, 5;
    %jmp/1 T_2.1, 4;
    %pushi/vec4 1, 0, 32;
    %sub;
    %wait E_0x6051062eabb0;
    %jmp T_2.0;
T_2.1 ;
    %pop/vec4 1;
    %pushi/vec4 0, 0, 1;
    %store/vec4 v0x6051063613e0_0, 0, 1;
    %end;
    .scope S_0x60510635ea80;
T_3 ;
    %wait E_0x605106323f30;
    %load/vec4 v0x60510635f310_0;
    %flag_set/vec4 8;
    %jmp/0xz  T_3.0, 8;
    %pushi/vec4 0, 0, 8;
    %assign/vec4 v0x60510635ef00_0, 0;
    %pushi/vec4 0, 0, 8;
    %assign/vec4 v0x60510635efa0_0, 0;
    %pushi/vec4 0, 0, 1;
    %assign/vec4 v0x60510635f130_0, 0;
    %pushi/vec4 0, 0, 32;
    %assign/vec4 v0x60510635f1d0_0, 0;
    %jmp T_3.1;
T_3.0 ;
    %pushi/vec4 0, 0, 1;
    %assign/vec4 v0x60510635f130_0, 0;
    %load/vec4 v0x60510635f3e0_0;
    %load/vec4 v0x60510635f270_0;
    %and;
    %flag_set/vec4 8;
    %jmp/0xz  T_3.2, 8;
    %load/vec4 v0x60510635f540_0;
    %flag_set/vec4 8;
    %jmp/0xz  T_3.4, 8;
    %load/vec4 v0x60510635ed60_0;
    %dup/vec4;
    %pushi/vec4 0, 0, 8;
    %cmp/u;
    %jmp/1 T_3.6, 6;
    %dup/vec4;
    %pushi/vec4 4, 0, 8;
    %cmp/u;
    %jmp/1 T_3.7, 6;
    %dup/vec4;
    %pushi/vec4 8, 0, 8;
    %cmp/u;
    %jmp/1 T_3.8, 6;
    %jmp T_3.9;
T_3.6 ;
    %load/vec4 v0x60510635f480_0;
    %parti/s 8, 0, 2;
    %assign/vec4 v0x60510635ef00_0, 0;
    %jmp T_3.9;
T_3.7 ;
    %load/vec4 v0x60510635f480_0;
    %parti/s 8, 0, 2;
    %assign/vec4 v0x60510635efa0_0, 0;
    %jmp T_3.9;
T_3.8 ;
    %load/vec4 v0x60510635f480_0;
    %parti/s 1, 0, 2;
    %flag_set/vec4 8;
    %jmp/0xz  T_3.10, 8;
    %pushi/vec4 1, 0, 1;
    %assign/vec4 v0x60510635f130_0, 0;
T_3.10 ;
    %jmp T_3.9;
T_3.9 ;
    %pop/vec4 1;
    %jmp T_3.5;
T_3.4 ;
    %load/vec4 v0x60510635ed60_0;
    %dup/vec4;
    %pushi/vec4 0, 0, 8;
    %cmp/u;
    %jmp/1 T_3.12, 6;
    %dup/vec4;
    %pushi/vec4 4, 0, 8;
    %cmp/u;
    %jmp/1 T_3.13, 6;
    %dup/vec4;
    %pushi/vec4 12, 0, 8;
    %cmp/u;
    %jmp/1 T_3.14, 6;
    %pushi/vec4 0, 0, 32;
    %assign/vec4 v0x60510635f1d0_0, 0;
    %jmp T_3.16;
T_3.12 ;
    %load/vec4 v0x60510635ef00_0;
    %parti/s 1, 7, 4;
    %replicate 24;
    %load/vec4 v0x60510635ef00_0;
    %concat/vec4; draw_concat_vec4
    %assign/vec4 v0x60510635f1d0_0, 0;
    %jmp T_3.16;
T_3.13 ;
    %load/vec4 v0x60510635efa0_0;
    %parti/s 1, 7, 4;
    %replicate 24;
    %load/vec4 v0x60510635efa0_0;
    %concat/vec4; draw_concat_vec4
    %assign/vec4 v0x60510635f1d0_0, 0;
    %jmp T_3.16;
T_3.14 ;
    %load/vec4 v0x60510635f040_0;
    %assign/vec4 v0x60510635f1d0_0, 0;
    %jmp T_3.16;
T_3.16 ;
    %pop/vec4 1;
T_3.5 ;
T_3.2 ;
T_3.1 ;
    %jmp T_3;
    .thread T_3;
    .scope S_0x605106330c60;
T_4 ;
    %wait E_0x605106323f30;
    %load/vec4 v0x60510635e840_0;
    %flag_set/vec4 8;
    %jmp/0xz  T_4.0, 8;
    %pushi/vec4 0, 0, 32;
    %assign/vec4 v0x60510631a6e0_0, 0;
    %jmp T_4.1;
T_4.0 ;
    %load/vec4 v0x60510635e900_0;
    %flag_set/vec4 8;
    %jmp/0xz  T_4.2, 8;
    %load/vec4 v0x60510631a6e0_0;
    %load/vec4 v0x60510635e760_0;
    %parti/s 1, 15, 5;
    %replicate 16;
    %load/vec4 v0x60510635e760_0;
    %concat/vec4; draw_concat_vec4
    %add;
    %assign/vec4 v0x60510631a6e0_0, 0;
T_4.2 ;
T_4.1 ;
    %jmp T_4;
    .thread T_4;
    .scope S_0x605106325a60;
T_5 ;
    %delay 5000, 0;
    %load/vec4 v0x605106360c20_0;
    %inv;
    %store/vec4 v0x605106360c20_0, 0, 1;
    %jmp T_5;
    .thread T_5;
    .scope S_0x605106325a60;
T_6 ;
    %vpi_call/w 3 74 "$dumpfile", "project/m3/sim/cosim_waveform.vcd" {0 0 0};
    %vpi_call/w 3 75 "$dumpvars", 32'sb00000000000000000000000000000000, S_0x605106325a60 {0 0 0};
    %pushi/vec4 0, 0, 1;
    %store/vec4 v0x605106360c20_0, 0, 1;
    %pushi/vec4 1, 0, 1;
    %store/vec4 v0x6051063613e0_0, 0, 1;
    %pushi/vec4 0, 0, 1;
    %store/vec4 v0x605106361480_0, 0, 1;
    %pushi/vec4 0, 0, 1;
    %store/vec4 v0x605106361630_0, 0, 1;
    %pushi/vec4 0, 0, 8;
    %store/vec4 v0x605106360af0_0, 0, 8;
    %pushi/vec4 0, 0, 32;
    %store/vec4 v0x605106361520_0, 0, 32;
    %pushi/vec4 0, 0, 32;
    %store/vec4 v0x605106360d80_0, 0, 32;
    %pushi/vec4 3, 0, 32;
T_6.0 %dup/vec4;
    %pushi/vec4 0, 0, 32;
    %cmp/s;
    %jmp/1xz T_6.1, 5;
    %jmp/1 T_6.1, 4;
    %pushi/vec4 1, 0, 32;
    %sub;
    %wait E_0x605106323f30;
    %jmp T_6.0;
T_6.1 ;
    %pop/vec4 1;
    %pushi/vec4 0, 0, 1;
    %store/vec4 v0x6051063613e0_0, 0, 1;
    %pushi/vec4 0, 0, 32;
    %store/vec4 v0x605106361270_0, 0, 32;
T_6.2 ;
    %load/vec4 v0x605106361270_0;
    %cmpi/s 16, 0, 32;
    %jmp/0xz T_6.3, 5;
    %pushi/vec4 0, 0, 32;
    %store/vec4 v0x605106360ce0_0, 0, 32;
T_6.4 ;
    %load/vec4 v0x605106360ce0_0;
    %cmpi/s 16, 0, 32;
    %jmp/0xz T_6.5, 5;
    %fork TD_tb_top.reset_core, S_0x605106360910;
    %join;
    %pushi/vec4 0, 0, 32;
    %store/vec4 v0x605106360e60_0, 0, 32;
    %pushi/vec4 0, 0, 32;
    %store/vec4 v0x605106360f90_0, 0, 32;
T_6.6 ;
    %load/vec4 v0x605106360f90_0;
    %cmpi/s 16, 0, 32;
    %jmp/0xz T_6.7, 5;
    %pushi/vec4 0, 0, 8;
    %store/vec4 v0x605106360750_0, 0, 8;
    %load/vec4 v0x605106361270_0;
    %load/vec4 v0x605106360f90_0;
    %add;
    %addi 1, 0, 32;
    %store/vec4 v0x605106360830_0, 0, 32;
    %fork TD_tb_top.host_write, S_0x605106360570;
    %join;
    %pushi/vec4 4, 0, 8;
    %store/vec4 v0x605106360750_0, 0, 8;
    %load/vec4 v0x605106360f90_0;
    %load/vec4 v0x605106360ce0_0;
    %add;
    %addi 1, 0, 32;
    %store/vec4 v0x605106360830_0, 0, 32;
    %fork TD_tb_top.host_write, S_0x605106360570;
    %join;
    %pushi/vec4 8, 0, 8;
    %store/vec4 v0x605106360750_0, 0, 8;
    %pushi/vec4 1, 0, 32;
    %store/vec4 v0x605106360830_0, 0, 32;
    %fork TD_tb_top.host_write, S_0x605106360570;
    %join;
    %load/vec4 v0x605106360e60_0;
    %load/vec4 v0x605106361270_0;
    %load/vec4 v0x605106360f90_0;
    %add;
    %addi 1, 0, 32;
    %load/vec4 v0x605106360f90_0;
    %load/vec4 v0x605106360ce0_0;
    %add;
    %addi 1, 0, 32;
    %mul;
    %add;
    %store/vec4 v0x605106360e60_0, 0, 32;
    %wait E_0x605106323f30;
    %load/vec4 v0x605106360f90_0;
    %addi 1, 0, 32;
    %store/vec4 v0x605106360f90_0, 0, 32;
    %jmp T_6.6;
T_6.7 ;
    %pushi/vec4 2, 0, 32;
T_6.8 %dup/vec4;
    %pushi/vec4 0, 0, 32;
    %cmp/s;
    %jmp/1xz T_6.9, 5;
    %jmp/1 T_6.9, 4;
    %pushi/vec4 1, 0, 32;
    %sub;
    %wait E_0x605106323f30;
    %jmp T_6.8;
T_6.9 ;
    %pop/vec4 1;
    %pushi/vec4 12, 0, 8;
    %store/vec4 v0x605106360470_0, 0, 8;
    %fork TD_tb_top.host_read, S_0x6051063602a0;
    %join;
    %wait E_0x605106323f30;
    %load/vec4 v0x605106361070_0;
    %load/vec4 v0x605106360e60_0;
    %cmp/ne;
    %jmp/0xz  T_6.10, 6;
    %load/vec4 v0x605106361070_0;
    %vpi_call/w 3 123 "$display", "FAIL: C[%0d][%0d] expected=%0d got=%0d", v0x605106361270_0, v0x605106360ce0_0, v0x605106360e60_0, S<0,vec4,s32> {1 0 0};
    %load/vec4 v0x605106360d80_0;
    %addi 1, 0, 32;
    %store/vec4 v0x605106360d80_0, 0, 32;
T_6.10 ;
    %load/vec4 v0x605106360ce0_0;
    %addi 1, 0, 32;
    %store/vec4 v0x605106360ce0_0, 0, 32;
    %jmp T_6.4;
T_6.5 ;
    %load/vec4 v0x605106361270_0;
    %addi 1, 0, 32;
    %store/vec4 v0x605106361270_0, 0, 32;
    %jmp T_6.2;
T_6.3 ;
    %load/vec4 v0x605106360d80_0;
    %cmpi/e 0, 0, 32;
    %jmp/0xz  T_6.12, 4;
    %vpi_call/w 3 131 "$display", "PASS: Full 16x16 GEMM-style host-interface-compute-host test passed" {0 0 0};
    %vpi_call/w 3 132 "$display", "Checked 256 output elements with 16 MACs each = 4096 MAC operations" {0 0 0};
    %jmp T_6.13;
T_6.12 ;
    %vpi_call/w 3 134 "$display", "FAIL: Full 16x16 GEMM-style test failed with %0d errors", v0x605106360d80_0 {0 0 0};
T_6.13 ;
    %delay 20000, 0;
    %vpi_call/w 3 138 "$finish" {0 0 0};
    %end;
    .thread T_6;
# The file index is used to find the file name in the following table.
:file_names 7;
    "N/A";
    "<interactive>";
    "-";
    "project/m3/tb/tb_top.sv";
    "project/m3/rtl/top.sv";
    "project/m2/rtl/compute_core.sv";
    "project/m2/rtl/interface_ctrl.sv";
