116. Printing statistics.

=== top ===

   Number of wires:                935
   Number of wire bits:           1142
   Number of public wires:          12
   Number of public wire bits:     126
   Number of ports:                  8
   Number of port bits:             77
   Number of memories:               0
   Number of memory bits:            0
   Number of processes:              0
   Number of cells:               1065
     $_ANDNOT_                     307
     $_AND_                         49
     $_MUX_                        161
     $_NAND_                        33
     $_NOR_                         40
     $_NOT_                         19
     $_ORNOT_                       37
     $_OR_                         134
     $_XNOR_                        33
     $_XOR_                        171
     sky130_fd_sc_hd__dfxtp_2       81

   Area for cell type $_NOT_ is unknown!
   Area for cell type $_AND_ is unknown!
   Area for cell type $_NAND_ is unknown!
   Area for cell type $_OR_ is unknown!
   Area for cell type $_NOR_ is unknown!
   Area for cell type $_XOR_ is unknown!
   Area for cell type $_XNOR_ is unknown!
   Area for cell type $_ANDNOT_ is unknown!
   Area for cell type $_ORNOT_ is unknown!
   Area for cell type $_MUX_ is unknown!

   Chip area for module '\top': 1722.902400
     of which used for sequential elements: 1722.902400 (100.00%)

