Clock: clk
Sources: clk 
Generated: no
Virtual: yes
Propagated: no
Period: 10.000000

===========================================================================
report_clock_properties
============================================================================
Clock                   Period          Waveform
----------------------------------------------------
clk                  10.000000    0.000000  5.000000

===========================================================================
report_clock_latency
============================================================================
Clock clk
rise -> rise
    min     max
0.000000 0.000000 source latency
0.425321         network latency _1438_/CLK
        0.430642 network latency _1463_/CLK
---------------
0.425321 0.430642 latency
        0.005321 skew

fall -> fall
    min     max
0.000000 0.000000 source latency
0.380826         network latency _1438_/CLK
        0.384741 network latency _1463_/CLK
---------------
0.380826 0.384741 latency
        0.003915 skew



===========================================================================
report_clock_min_period
============================================================================
clk period_min = 6.32 fmax = 158.30
