Clock: clk
Sources: clk 
Generated: no
Virtual: yes
Propagated: no
Period: 10.000000

===========================================================================
report_clock_properties
============================================================================
Clock                   Period          Waveform
----------------------------------------------------
clk                  10.000000    0.000000  5.000000

===========================================================================
report_clock_latency
============================================================================
Clock clk
rise -> rise
    min     max
0.000000 0.000000 source latency
0.817084         network latency _1451_/CLK
        0.830376 network latency _1391_/CLK
---------------
0.817084 0.830376 latency
        0.013291 skew

fall -> fall
    min     max
0.000000 0.000000 source latency
0.736830         network latency _1451_/CLK
        0.749299 network latency _1391_/CLK
---------------
0.736830 0.749299 latency
        0.012470 skew



===========================================================================
report_clock_min_period
============================================================================
clk period_min = 12.50 fmax = 80.03
