
===========================================================================
 report_power
============================================================================
======================= nom_ss_100C_1v60 Corner ===================================

Group                    Internal    Switching      Leakage        Total
                            Power        Power        Power        Power (Watts)
------------------------------------------------------------------------
Sequential           2.551966e-04 2.120484e-06 1.123071e-06 2.584402e-04  43.6%
Combinational        2.136288e-05 3.117733e-05 4.080453e-06 5.662066e-05   9.5%
Clock                1.644718e-04 1.133980e-04 2.294014e-07 2.780992e-04  46.9%
Macro                0.000000e+00 0.000000e+00 0.000000e+00 0.000000e+00   0.0%
Pad                  0.000000e+00 0.000000e+00 0.000000e+00 0.000000e+00   0.0%
------------------------------------------------------------------------
Total                4.410314e-04 1.466958e-04 5.432931e-06 5.931601e-04 100.0%
                            74.4%        24.7%         0.9%

