rm -f results.xml
"make" -f Makefile results.xml
make[1]: Entering directory '/home/roshan/hw4ai-codefest/codefest/cf04/cocotb_mac'
mkdir -p sim_build
/usr/bin/iverilog -o sim_build/sim.vvp -s mac -g2012 -f sim_build/cmds.f -s cocotb_iverilog_dump  /home/roshan/hw4ai-codefest/codefest/cf04/cocotb_mac/mac_correct.v sim_build/cocotb_iverilog_dump.v
rm -f results.xml
COCOTB_TEST_MODULES=test_mac COCOTB_TESTCASE= COCOTB_TEST_FILTER= COCOTB_TOPLEVEL=mac TOPLEVEL_LANG=verilog \
         /usr/bin/vvp -M /home/roshan/.local/lib/python3.10/site-packages/cocotb/libs -m libcocotbvpi_icarus   sim_build/sim.vvp -fst  
     -.--ns INFO     gpi                                ..mbed/gpi_embed.cpp:93   in _embed_init_python              Using Python 3.10.14 interpreter at /usr/bin/python3
     -.--ns INFO     gpi                                ../gpi/GpiCommon.cpp:79   in gpi_print_registered_impl       VPI registered
     0.00ns INFO     cocotb                             Running on Icarus Verilog version 11.0 (stable)
     0.00ns WARNING  gpi                                vpi_iterate returned NULL for type vpiInstance for object NULL
     0.00ns INFO     cocotb                             Seeding Python random module with 1777261458
     0.00ns INFO     cocotb                             Initialized cocotb v2.0.1 from /home/roshan/.local/lib/python3.10/site-packages/cocotb
     0.00ns INFO     cocotb                             Running tests
     0.00ns INFO     cocotb.regression                  running test_mac.test_mac_basic (1/2)
   100.00ns INFO     cocotb.regression                  test_mac.test_mac_basic passed
   100.00ns INFO     cocotb.regression                  running test_mac.test_mac_overflow (2/2)
   140.00ns INFO     cocotb.regression                  test_mac.test_mac_overflow passed
   140.00ns INFO     cocotb.regression                  **************************************************************************************
                                                        ** TEST                          STATUS  SIM TIME (ns)  REAL TIME (s)  RATIO (ns/s) **
                                                        **************************************************************************************
                                                        ** test_mac.test_mac_basic        PASS         100.00           0.00      58473.50  **
                                                        ** test_mac.test_mac_overflow     PASS          40.00           0.00     131379.92  **
                                                        **************************************************************************************
                                                        ** TESTS=2 PASS=2 FAIL=0 SKIP=0                140.00           0.01      27991.55  **
                                                        **************************************************************************************
FST info: dumpfile sim_build/mac.fst opened for output.
make[1]: Leaving directory '/home/roshan/hw4ai-codefest/codefest/cf04/cocotb_mac'
