
===========================================================================
report_checks -unconstrained
===========================================================================
======================= Typical Corner ===================================

Startpoint: b[2] (input port clocked by clk)
Endpoint: _1293_ (rising edge-triggered flip-flop clocked by clk)
Path Group: clk
Path Type: max

Fanout     Cap    Slew   Delay    Time   Description
-----------------------------------------------------------------------------
                          0.00    0.00   clock clk (rise edge)
                          0.00    0.00   clock network delay (propagated)
                          2.00    2.00 v input external delay
                  0.01    0.01    2.01 v b[2] (in)
     1    0.01                           b[2] (net)
                  0.01    0.00    2.01 v input11/A (sky130_fd_sc_hd__buf_6)
                  0.03    0.12    2.13 v input11/X (sky130_fd_sc_hd__buf_6)
     2    0.02                           net11 (net)
                  0.03    0.00    2.13 v _0659_/A (sky130_fd_sc_hd__buf_6)
                  0.04    0.13    2.26 v _0659_/X (sky130_fd_sc_hd__buf_6)
     6    0.03                           _0042_ (net)
                  0.04    0.00    2.26 v split3/A (sky130_fd_sc_hd__clkbuf_1)
                  0.05    0.11    2.37 v split3/X (sky130_fd_sc_hd__clkbuf_1)
     2    0.01                           net54 (net)
                  0.05    0.00    2.37 v _0874_/A (sky130_fd_sc_hd__and4_1)
                  0.05    0.17    2.54 v _0874_/X (sky130_fd_sc_hd__and4_1)
     2    0.01                           _0251_ (net)
                  0.05    0.00    2.54 v _0875_/A (sky130_fd_sc_hd__or3b_4)
                  0.07    0.41    2.95 v _0875_/X (sky130_fd_sc_hd__or3b_4)
     2    0.01                           _0252_ (net)
                  0.07    0.00    2.95 v _0877_/A2 (sky130_fd_sc_hd__a211o_1)
                  0.08    0.35    3.30 v _0877_/X (sky130_fd_sc_hd__a211o_1)
     3    0.01                           _0254_ (net)
                  0.08    0.00    3.30 v _0927_/A2 (sky130_fd_sc_hd__a21bo_1)
                  0.04    0.22    3.52 v _0927_/X (sky130_fd_sc_hd__a21bo_1)
     2    0.00                           _0303_ (net)
                  0.04    0.00    3.52 v _0928_/C (sky130_fd_sc_hd__and3_1)
                  0.09    0.24    3.76 v _0928_/X (sky130_fd_sc_hd__and3_1)
     3    0.01                           _0304_ (net)
                  0.09    0.00    3.76 v _0931_/A1 (sky130_fd_sc_hd__o21a_1)
                  0.06    0.23    3.99 v _0931_/X (sky130_fd_sc_hd__o21a_1)
     2    0.01                           _0307_ (net)
                  0.06    0.00    3.99 v _0933_/A2 (sky130_fd_sc_hd__o211a_1)
                  0.05    0.23    4.22 v _0933_/X (sky130_fd_sc_hd__o211a_1)
     2    0.01                           _0309_ (net)
                  0.05    0.00    4.22 v _0934_/C1 (sky130_fd_sc_hd__a211o_1)
                  0.08    0.28    4.50 v _0934_/X (sky130_fd_sc_hd__a211o_1)
     3    0.01                           _0310_ (net)
                  0.08    0.00    4.50 v _0937_/A1 (sky130_fd_sc_hd__a211o_1)
                  0.06    0.30    4.80 v _0937_/X (sky130_fd_sc_hd__a211o_1)
     2    0.01                           _0313_ (net)
                  0.06    0.00    4.80 v _0975_/B1 (sky130_fd_sc_hd__o21a_1)
                  0.07    0.15    4.95 v _0975_/X (sky130_fd_sc_hd__o21a_1)
     3    0.01                           _0350_ (net)
                  0.07    0.00    4.95 v _1031_/A2 (sky130_fd_sc_hd__a311o_1)
                  0.05    0.33    5.27 v _1031_/X (sky130_fd_sc_hd__a311o_1)
     1    0.00                           _0404_ (net)
                  0.05    0.00    5.27 v _1032_/B1 (sky130_fd_sc_hd__a31o_1)
                  0.09    0.25    5.52 v _1032_/X (sky130_fd_sc_hd__a31o_1)
     3    0.01                           _0405_ (net)
                  0.09    0.00    5.52 v _1058_/A (sky130_fd_sc_hd__xor2_1)
                  0.17    0.21    5.73 ^ _1058_/X (sky130_fd_sc_hd__xor2_1)
     2    0.01                           _0431_ (net)
                  0.17    0.00    5.73 ^ _1060_/A (sky130_fd_sc_hd__or2_4)
                  0.03    0.15    5.89 ^ _1060_/X (sky130_fd_sc_hd__or2_4)
     2    0.00                           _0433_ (net)
                  0.03    0.00    5.89 ^ _1061_/B_N (sky130_fd_sc_hd__or2b_4)
                  0.05    0.27    6.16 v _1061_/X (sky130_fd_sc_hd__or2b_4)
     2    0.01                           _0434_ (net)
                  0.05    0.00    6.16 v _1121_/B (sky130_fd_sc_hd__or4b_4)
                  0.10    0.57    6.72 v _1121_/X (sky130_fd_sc_hd__or4b_4)
     3    0.01                           _0492_ (net)
                  0.10    0.00    6.73 v _1146_/A1 (sky130_fd_sc_hd__o211a_4)
                  0.05    0.30    7.03 v _1146_/X (sky130_fd_sc_hd__o211a_4)
     5    0.02                           _0515_ (net)
                  0.05    0.00    7.03 v _1202_/A (sky130_fd_sc_hd__or3_4)
                  0.07    0.41    7.44 v _1202_/X (sky130_fd_sc_hd__or3_4)
     2    0.01                           _0563_ (net)
                  0.07    0.00    7.44 v _1233_/A2 (sky130_fd_sc_hd__a31o_1)
                  0.07    0.26    7.70 v _1233_/X (sky130_fd_sc_hd__a31o_1)
     3    0.01                           _0590_ (net)
                  0.07    0.00    7.70 v _1248_/A1 (sky130_fd_sc_hd__a211o_1)
                  0.08    0.31    8.01 v _1248_/X (sky130_fd_sc_hd__a211o_1)
     2    0.01                           _0603_ (net)
                  0.08    0.00    8.01 v _1253_/A1 (sky130_fd_sc_hd__a21oi_2)
                  0.14    0.18    8.18 ^ _1253_/Y (sky130_fd_sc_hd__a21oi_2)
     3    0.01                           _0608_ (net)
                  0.14    0.00    8.18 ^ _1258_/B (sky130_fd_sc_hd__nor3_1)
                  0.05    0.07    8.26 v _1258_/Y (sky130_fd_sc_hd__nor3_1)
     1    0.00                           _0612_ (net)
                  0.05    0.00    8.26 v _1261_/A2 (sky130_fd_sc_hd__o311a_1)
                  0.05    0.33    8.59 v _1261_/X (sky130_fd_sc_hd__o311a_1)
     1    0.00                           _0031_ (net)
                  0.05    0.00    8.59 v _1293_/D (sky130_fd_sc_hd__dfxtp_1)
                                  8.59   data arrival time

                         10.00   10.00   clock clk (rise edge)
                          0.00   10.00   clock source latency
                  0.13    0.09   10.09 ^ clk (in)
     1    0.03                           clk (net)
                  0.13    0.00   10.09 ^ clkbuf_0_clk/A (sky130_fd_sc_hd__clkbuf_16)
                  0.06    0.17   10.26 ^ clkbuf_0_clk/X (sky130_fd_sc_hd__clkbuf_16)
     4    0.04                           clknet_0_clk (net)
                  0.06    0.00   10.26 ^ clkbuf_2_1__f_clk/A (sky130_fd_sc_hd__clkbuf_16)
                  0.05    0.14   10.39 ^ clkbuf_2_1__f_clk/X (sky130_fd_sc_hd__clkbuf_16)
     8    0.03                           clknet_2_1__leaf_clk (net)
                  0.05    0.00   10.39 ^ _1293_/CLK (sky130_fd_sc_hd__dfxtp_1)
                         -0.25   10.14   clock uncertainty
                          0.00   10.14   clock reconvergence pessimism
                         -0.11   10.03   library setup time
                                 10.03   data required time
-----------------------------------------------------------------------------
                                 10.03   data required time
                                 -8.59   data arrival time
-----------------------------------------------------------------------------
                                  1.45   slack (MET)




===========================================================================
report_checks --slack_max -0.01
============================================================================
======================= Typical Corner ===================================

No paths found.


===========================================================================
 report_check_types -max_slew -max_cap -max_fanout -violators
============================================================================
======================= Typical Corner ===================================



===========================================================================
report_parasitic_annotation -report_unannotated
============================================================================
Found 0 unannotated drivers.
Found 0 partially unannotated drivers.

===========================================================================
max slew violation count 0
max fanout violation count 0
max cap violation count 0
============================================================================

===========================================================================
check_setup -verbose -unconstrained_endpoints -multiple_clock -no_clock -no_input_delay -loops -generated_clocks
===========================================================================
