Instance name,  X location,  Y location,  Voltage 
input13, 175.44, 187.68, 1.79997
FILLER_0_64_357, 175.44, 187.68, 1.79997
FILLER_0_62_357, 175.44, 182.24, 1.79993
FILLER_0_60_357, 175.44, 176.8, 1.79997
FILLER_0_58_357, 175.44, 171.36, 1.8
FILLER_0_56_357, 175.44, 165.92, 1.8
FILLER_0_54_357, 175.44, 160.48, 1.79998
FILLER_0_52_357, 175.44, 155.04, 1.79999
FILLER_0_50_357, 175.44, 149.6, 1.79998
FILLER_0_48_357, 175.44, 144.16, 1.79986
FILLER_0_46_357, 175.44, 138.72, 1.79989
FILLER_0_44_357, 175.44, 133.28, 1.79984
FILLER_0_42_357, 175.44, 127.84, 1.79985
FILLER_0_40_357, 175.44, 122.4, 1.79986
FILLER_0_38_357, 175.44, 116.96, 1.79986
FILLER_0_36_357, 175.44, 111.52, 1.79974
FILLER_0_34_357, 175.44, 106.08, 1.79983
FILLER_0_32_357, 175.44, 100.64, 1.79987
FILLER_0_30_357, 175.44, 95.2, 1.79981
FILLER_0_28_357, 175.44, 89.76, 1.79989
FILLER_0_26_357, 175.44, 84.32, 1.79984
FILLER_0_24_357, 175.44, 78.88, 1.79989
FILLER_0_22_357, 175.44, 73.44, 1.79994
FILLER_0_20_357, 175.44, 68, 1.79995
FILLER_0_18_357, 175.44, 62.56, 1.79996
FILLER_0_16_357, 175.44, 57.12, 1.79999
FILLER_0_14_357, 175.44, 51.68, 1.79998
FILLER_0_12_357, 175.44, 46.24, 1.79999
FILLER_0_10_357, 175.44, 40.8, 1.8
FILLER_0_8_357, 175.44, 35.36, 1.8
FILLER_0_6_357, 175.44, 29.92, 1.8
FILLER_0_4_357, 175.44, 24.48, 1.8
FILLER_0_2_357, 175.44, 19.04, 1.79999
FILLER_0_0_359, 175.44, 13.6, 1.79993
FILLER_0_0_377, 175.44, 13.6, 1.79993
input11, 21.84, 187.68, 1.79997
FILLER_0_64_29, 21.84, 187.68, 1.79997
_1069_, 21.84, 149.6, 1.79994
_1084_, 21.84, 149.6, 1.79994
_1113_, 21.84, 149.6, 1.79994
_1114_, 21.84, 149.6, 1.79994
FILLER_0_51_44, 21.84, 149.6, 1.79994
_1067_, 21.84, 144.16, 1.79982
_1079_, 21.84, 144.16, 1.79982
_1080_, 21.84, 144.16, 1.79982
_1081_, 21.84, 144.16, 1.79982
_1115_, 21.84, 144.16, 1.79982
FILLER_0_48_29, 21.84, 144.16, 1.79982
_1005_, 21.84, 138.72, 1.79986
_1075_, 21.84, 138.72, 1.79986
_1078_, 21.84, 138.72, 1.79986
FILLER_0_47_27, 21.84, 138.72, 1.79986
FILLER_0_47_35, 21.84, 138.72, 1.79986
FILLER_0_48_37, 21.84, 138.72, 1.79986
FILLER_0_48_47, 21.84, 138.72, 1.79986
_1074_, 21.84, 133.28, 1.79984
_1076_, 21.84, 133.28, 1.79984
_1077_, 21.84, 133.28, 1.79984
_1104_, 21.84, 133.28, 1.79984
FILLER_0_45_27, 21.84, 133.28, 1.79984
FILLER_0_45_46, 21.84, 133.28, 1.79984
FILLER_0_46_46, 21.84, 133.28, 1.79984
_0774_, 21.84, 127.84, 1.79985
_1045_, 21.84, 127.84, 1.79985
_1046_, 21.84, 127.84, 1.79985
_1070_, 21.84, 127.84, 1.79985
_1071_, 21.84, 127.84, 1.79985
_1073_, 21.84, 127.84, 1.79985
FILLER_0_44_44, 21.84, 127.84, 1.79985
_0730_, 21.84, 122.4, 1.79986
_0769_, 21.84, 122.4, 1.79986
_0809_, 21.84, 122.4, 1.79986
_0866_, 21.84, 122.4, 1.79986
_0917_, 21.84, 122.4, 1.79986
FILLER_0_40_29, 21.84, 122.4, 1.79986
FILLER_0_41_27, 21.84, 122.4, 1.79986
FILLER_0_42_48, 21.84, 122.4, 1.79986
_0916_, 21.84, 116.96, 1.79984
_0924_, 21.84, 116.96, 1.79984
_0926_, 21.84, 116.96, 1.79984
_0966_, 21.84, 116.96, 1.79984
rebuffer5, 21.84, 116.96, 1.79984
FILLER_0_39_47, 21.84, 116.96, 1.79984
FILLER_0_40_45, 21.84, 116.96, 1.79984
_0659_, 21.84, 111.52, 1.79975
_0928_, 21.84, 111.52, 1.79975
_0929_, 21.84, 111.52, 1.79975
rebuffer7, 21.84, 111.52, 1.79975
FILLER_0_36_32, 21.84, 111.52, 1.79975
FILLER_0_37_28, 21.84, 111.52, 1.79975
FILLER_0_37_46, 21.84, 111.52, 1.79975
FILLER_0_38_38, 21.84, 111.52, 1.79975
_0876_, 21.84, 106.08, 1.79983
_0919_, 21.84, 106.08, 1.79983
_0927_, 21.84, 106.08, 1.79983
rebuffer2, 21.84, 106.08, 1.79983
split3, 21.84, 106.08, 1.79983
FILLER_0_35_40, 21.84, 106.08, 1.79983
FILLER_0_35_46, 21.84, 106.08, 1.79983
_0817_, 21.84, 100.64, 1.79985
_0822_, 21.84, 100.64, 1.79985
_0879_, 21.84, 100.64, 1.79985
_1004_, 21.84, 100.64, 1.79985
FILLER_0_34_37, 21.84, 100.64, 1.79985
_0818_, 21.84, 95.2, 1.79981
_0819_, 21.84, 95.2, 1.79981
_0820_, 21.84, 95.2, 1.79981
_0823_, 21.84, 95.2, 1.79981
_0857_, 21.84, 95.2, 1.79981
_0824_, 21.84, 89.76, 1.79987
_0826_, 21.84, 89.76, 1.79987
_0880_, 21.84, 89.76, 1.79987
_0779_, 21.84, 84.32, 1.79984
_0781_, 21.84, 84.32, 1.79984
_0782_, 21.84, 84.32, 1.79984
_0785_, 21.84, 84.32, 1.79984
_0827_, 21.84, 84.32, 1.79984
FILLER_0_28_39, 21.84, 84.32, 1.79984
_0738_, 21.84, 78.88, 1.79986
_0784_, 21.84, 78.88, 1.79986
FILLER_0_26_36, 21.84, 78.88, 1.79986
_0737_, 21.84, 73.44, 1.79991
_0739_, 21.84, 73.44, 1.79991
_0742_, 21.84, 73.44, 1.79991
_0783_, 21.84, 73.44, 1.79991
FILLER_0_24_37, 21.84, 73.44, 1.79991
_0681_, 21.84, 68, 1.79992
_0712_, 21.84, 68, 1.79992
_0741_, 21.84, 68, 1.79992
FILLER_0_21_38, 21.84, 68, 1.79992
FILLER_0_21_49, 21.84, 68, 1.79992
FILLER_0_22_37, 21.84, 68, 1.79992
_0678_, 21.84, 62.56, 1.79996
_0680_, 21.84, 62.56, 1.79996
_0682_, 21.84, 62.56, 1.79996
_0683_, 21.84, 62.56, 1.79996
_0710_, 21.84, 62.56, 1.79996
_0711_, 21.84, 62.56, 1.79996
FILLER_0_19_35, 21.84, 62.56, 1.79996
_0644_, 21.84, 57.12, 1.79997
FILLER_0_18_41, 21.84, 57.12, 1.79997
FILLER_0_7_45, 21.84, 29.92, 1.79998
PHY_EDGE_ROW_64_Left_129, 5.52, 187.68, 1.79997
PHY_EDGE_ROW_64_Right_64, 194.12, 187.68, 1.79997
FILLER_0_64_403, 194.12, 187.68, 1.79997
FILLER_0_64_53, 34.64, 187.68, 1.79995
FILLER_0_64_107, 60.24, 187.68, 1.7999
output48, 73.04, 187.68, 1.79987
FILLER_0_64_137, 73.04, 187.68, 1.79987
output24, 85.84, 187.68, 1.79987
FILLER_0_64_189, 98.64, 187.68, 1.79988
FILLER_0_64_197, 98.64, 187.68, 1.79988
FILLER_0_64_225, 111.44, 187.68, 1.79989
FILLER_0_64_275, 137.04, 187.68, 1.79992
input9, 149.84, 187.68, 1.79993
FILLER_0_64_305, 149.84, 187.68, 1.79993
output30, 162.64, 187.68, 1.79995
FILLER_0_64_383, 184.78, 187.68, 1.79997
PHY_EDGE_ROW_62_Left_127, 5.52, 182.24, 1.79995
PHY_EDGE_ROW_63_Left_128, 5.52, 182.24, 1.79995
input7, 5.52, 182.24, 1.79995
input17, 5.52, 182.24, 1.79995
PHY_EDGE_ROW_62_Right_62, 194.12, 182.24, 1.7999
PHY_EDGE_ROW_63_Right_63, 194.12, 182.24, 1.7999
output46, 194.12, 182.24, 1.7999
FILLER_0_62_401, 194.12, 182.24, 1.7999
FILLER_0_64_23, 13.68, 182.24, 1.79995
input16, 34.64, 182.24, 1.79991
FILLER_0_63_51, 34.64, 182.24, 1.79991
FILLER_0_64_69, 34.64, 182.24, 1.79991
FILLER_0_64_77, 34.64, 182.24, 1.79991
output47, 47.44, 182.24, 1.79986
FILLER_0_63_105, 47.44, 182.24, 1.79986
FILLER_0_64_97, 47.44, 182.24, 1.79986
FILLER_0_62_133, 73.04, 182.24, 1.7998
FILLER_0_64_159, 73.04, 182.24, 1.7998
FILLER_0_63_161, 85.84, 182.24, 1.79977
output38, 98.64, 182.24, 1.79973
FILLER_0_62_189, 98.64, 182.24, 1.79973
output29, 111.44, 182.24, 1.79973
FILLER_0_63_217, 111.44, 182.24, 1.79973
output25, 124.24, 182.24, 1.79975
FILLER_0_62_245, 124.24, 182.24, 1.79975
FILLER_0_64_265, 124.24, 182.24, 1.79975
FILLER_0_63_273, 137.04, 182.24, 1.79979
FILLER_0_62_301, 149.84, 182.24, 1.79984
FILLER_0_64_327, 149.84, 182.24, 1.79984
FILLER_0_63_329, 162.64, 182.24, 1.79988
output20, 184.78, 182.24, 1.79991
FILLER_0_63_385, 184.78, 182.24, 1.79991
FILLER_0_63_393, 184.78, 182.24, 1.79991
FILLER_0_64_393, 184.78, 182.24, 1.79991
PHY_EDGE_ROW_60_Left_125, 5.52, 176.8, 1.79999
PHY_EDGE_ROW_61_Left_126, 5.52, 176.8, 1.79999
input15, 5.52, 176.8, 1.79999
PHY_EDGE_ROW_60_Right_60, 194.12, 176.8, 1.79994
PHY_EDGE_ROW_61_Right_61, 194.12, 176.8, 1.79994
output27, 194.12, 176.8, 1.79994
FILLER_0_62_77, 34.64, 176.8, 1.79999
FILLER_0_61_105, 47.44, 176.8, 1.79999
FILLER_0_60_133, 73.04, 176.8, 1.79999
FILLER_0_61_161, 85.84, 176.8, 1.79999
FILLER_0_60_189, 98.64, 176.8, 1.79998
FILLER_0_61_217, 111.44, 176.8, 1.79998
FILLER_0_60_245, 124.24, 176.8, 1.79998
FILLER_0_61_273, 137.04, 176.8, 1.79998
FILLER_0_60_301, 149.84, 176.8, 1.79998
FILLER_0_61_329, 162.64, 176.8, 1.79998
FILLER_0_61_385, 184.78, 176.8, 1.79996
PHY_EDGE_ROW_58_Left_123, 5.52, 171.36, 1.8
PHY_EDGE_ROW_59_Left_124, 5.52, 171.36, 1.8
PHY_EDGE_ROW_58_Right_58, 194.12, 171.36, 1.8
PHY_EDGE_ROW_59_Right_59, 194.12, 171.36, 1.8
FILLER_0_58_401, 194.12, 171.36, 1.8
FILLER_0_59_51, 34.64, 171.36, 1.8
FILLER_0_60_77, 34.64, 171.36, 1.8
FILLER_0_59_105, 47.44, 171.36, 1.8
FILLER_0_58_133, 73.04, 171.36, 1.8
FILLER_0_59_161, 85.84, 171.36, 1.8
FILLER_0_58_189, 98.64, 171.36, 1.8
FILLER_0_59_217, 111.44, 171.36, 1.8
FILLER_0_58_245, 124.24, 171.36, 1.8
FILLER_0_59_273, 137.04, 171.36, 1.8
FILLER_0_58_301, 149.84, 171.36, 1.8
FILLER_0_59_329, 162.64, 171.36, 1.8
FILLER_0_59_385, 184.78, 171.36, 1.8
PHY_EDGE_ROW_56_Left_121, 5.52, 165.92, 1.8
PHY_EDGE_ROW_57_Left_122, 5.52, 165.92, 1.8
PHY_EDGE_ROW_56_Right_56, 194.12, 165.92, 1.8
PHY_EDGE_ROW_57_Right_57, 194.12, 165.92, 1.8
FILLER_0_56_401, 194.12, 165.92, 1.8
FILLER_0_57_51, 34.64, 165.92, 1.8
FILLER_0_58_77, 34.64, 165.92, 1.8
FILLER_0_57_105, 47.44, 165.92, 1.8
FILLER_0_56_133, 73.04, 165.92, 1.8
FILLER_0_57_161, 85.84, 165.92, 1.8
FILLER_0_56_189, 98.64, 165.92, 1.8
FILLER_0_57_217, 111.44, 165.92, 1.8
FILLER_0_56_245, 124.24, 165.92, 1.8
FILLER_0_57_273, 137.04, 165.92, 1.8
FILLER_0_56_301, 149.84, 165.92, 1.8
FILLER_0_57_329, 162.64, 165.92, 1.8
FILLER_0_57_385, 184.78, 165.92, 1.8
PHY_EDGE_ROW_54_Left_119, 5.52, 160.48, 1.79999
PHY_EDGE_ROW_55_Left_120, 5.52, 160.48, 1.79999
input6, 5.52, 160.48, 1.79999
PHY_EDGE_ROW_54_Right_54, 194.12, 160.48, 1.79994
PHY_EDGE_ROW_55_Right_55, 194.12, 160.48, 1.79994
output34, 194.12, 160.48, 1.79994
FILLER_0_54_401, 194.12, 160.48, 1.79994
FILLER_0_56_77, 34.64, 160.48, 1.79999
FILLER_0_55_105, 47.44, 160.48, 1.79999
FILLER_0_54_133, 73.04, 160.48, 1.79998
FILLER_0_55_161, 85.84, 160.48, 1.79998
FILLER_0_54_189, 98.64, 160.48, 1.79998
FILLER_0_55_217, 111.44, 160.48, 1.79998
FILLER_0_54_245, 124.24, 160.48, 1.79998
FILLER_0_55_273, 137.04, 160.48, 1.79998
FILLER_0_54_301, 149.84, 160.48, 1.79998
FILLER_0_55_329, 162.64, 160.48, 1.79998
FILLER_0_55_385, 184.78, 160.48, 1.79996
FILLER_0_55_393, 184.78, 160.48, 1.79996
PHY_EDGE_ROW_52_Left_117, 5.52, 155.04, 1.79998
PHY_EDGE_ROW_53_Left_118, 5.52, 155.04, 1.79998
PHY_EDGE_ROW_52_Right_52, 194.12, 155.04, 1.79999
PHY_EDGE_ROW_53_Right_53, 194.12, 155.04, 1.79999
FILLER_0_52_401, 194.12, 155.04, 1.79999
FILLER_0_53_51, 34.64, 155.04, 1.79998
FILLER_0_54_77, 34.64, 155.04, 1.79998
FILLER_0_53_105, 47.44, 155.04, 1.79998
FILLER_0_52_133, 73.04, 155.04, 1.79998
FILLER_0_53_161, 85.84, 155.04, 1.79999
FILLER_0_52_189, 98.64, 155.04, 1.79999
FILLER_0_53_217, 111.44, 155.04, 1.79999
FILLER_0_52_245, 124.24, 155.04, 1.79999
FILLER_0_53_273, 137.04, 155.04, 1.79999
FILLER_0_52_301, 149.84, 155.04, 1.79999
FILLER_0_53_329, 162.64, 155.04, 1.79999
FILLER_0_53_385, 184.78, 155.04, 1.79999
PHY_EDGE_ROW_50_Left_115, 5.52, 149.6, 1.79994
PHY_EDGE_ROW_51_Left_116, 5.52, 149.6, 1.79994
PHY_EDGE_ROW_50_Right_50, 194.12, 149.6, 1.79998
PHY_EDGE_ROW_51_Right_51, 194.12, 149.6, 1.79998
FILLER_0_50_401, 194.12, 149.6, 1.79998
_1110_, 13.68, 149.6, 1.79994
_1111_, 13.68, 149.6, 1.79994
_1131_, 13.68, 149.6, 1.79994
_1133_, 13.68, 149.6, 1.79994
_1087_, 34.64, 149.6, 1.79992
_1101_, 34.64, 149.6, 1.79992
_1102_, 34.64, 149.6, 1.79992
_1116_, 34.64, 149.6, 1.79992
_1117_, 34.64, 149.6, 1.79992
_1134_, 34.64, 149.6, 1.79992
FILLER_0_50_52, 34.64, 149.6, 1.79992
FILLER_0_51_75, 34.64, 149.6, 1.79992
FILLER_0_52_77, 34.64, 149.6, 1.79992
_1041_, 47.44, 149.6, 1.79992
_1042_, 47.44, 149.6, 1.79992
_1043_, 47.44, 149.6, 1.79992
_1082_, 47.44, 149.6, 1.79992
_1083_, 47.44, 149.6, 1.79992
FILLER_0_51_83, 47.44, 149.6, 1.79992
FILLER_0_51_106, 60.24, 149.6, 1.79993
FILLER_0_50_136, 73.04, 149.6, 1.79993
FILLER_0_51_161, 85.84, 149.6, 1.79994
FILLER_0_51_217, 111.44, 149.6, 1.79995
FILLER_0_50_245, 124.24, 149.6, 1.79995
FILLER_0_51_273, 137.04, 149.6, 1.79996
FILLER_0_50_301, 149.84, 149.6, 1.79997
FILLER_0_51_329, 162.64, 149.6, 1.79997
FILLER_0_51_385, 184.78, 149.6, 1.79998
PHY_EDGE_ROW_48_Left_113, 5.52, 144.16, 1.79978
PHY_EDGE_ROW_49_Left_114, 5.52, 144.16, 1.79978
output42, 5.52, 144.16, 1.79978
FILLER_0_50_3, 5.52, 144.16, 1.79978
PHY_EDGE_ROW_48_Right_48, 194.12, 144.16, 1.79982
PHY_EDGE_ROW_49_Right_49, 194.12, 144.16, 1.79982
output28, 194.12, 144.16, 1.79982
FILLER_0_48_401, 194.12, 144.16, 1.79982
_1068_, 13.68, 144.16, 1.7998
_1109_, 13.68, 144.16, 1.7998
_1112_, 13.68, 144.16, 1.7998
_1130_, 13.68, 144.16, 1.7998
FILLER_0_48_15, 13.68, 144.16, 1.7998
_1039_, 34.64, 144.16, 1.79967
_1040_, 34.64, 144.16, 1.79967
_1118_, 34.64, 144.16, 1.79967
FILLER_0_49_51, 34.64, 144.16, 1.79967
FILLER_0_49_77, 34.64, 144.16, 1.79967
FILLER_0_50_71, 34.64, 144.16, 1.79967
_1006_, 47.44, 144.16, 1.79954
_1037_, 47.44, 144.16, 1.79954
_1050_, 47.44, 144.16, 1.79954
FILLER_0_48_81, 47.44, 144.16, 1.79954
FILLER_0_49_105, 47.44, 144.16, 1.79954
_1035_, 60.24, 144.16, 1.79942
_1051_, 60.24, 144.16, 1.79942
_1052_, 60.24, 144.16, 1.79942
_1053_, 60.24, 144.16, 1.79942
_1089_, 73.04, 144.16, 1.7993
_1119_, 73.04, 144.16, 1.7993
_1135_, 73.04, 144.16, 1.7993
_1136_, 85.84, 144.16, 1.79924
_1137_, 85.84, 144.16, 1.79924
_1144_, 85.84, 144.16, 1.79924
FILLER_0_50_177, 85.84, 144.16, 1.79924
FILLER_0_50_188, 85.84, 144.16, 1.79924
_1138_, 98.64, 144.16, 1.79922
_1139_, 98.64, 144.16, 1.79922
_1140_, 98.64, 144.16, 1.79922
_1277_, 98.64, 144.16, 1.79922
FILLER_0_48_190, 98.64, 144.16, 1.79922
_1157_, 111.44, 144.16, 1.79926
_1158_, 111.44, 144.16, 1.79926
_1279_, 111.44, 144.16, 1.79926
FILLER_0_49_221, 111.44, 144.16, 1.79926
_1172_, 124.24, 144.16, 1.79935
_1281_, 124.24, 144.16, 1.79935
FILLER_0_49_271, 124.24, 144.16, 1.79935
FILLER_0_48_302, 149.84, 144.16, 1.7996
FILLER_0_49_329, 162.64, 144.16, 1.79973
FILLER_0_49_385, 184.78, 144.16, 1.79984
FILLER_0_49_393, 184.78, 144.16, 1.79984
PHY_EDGE_ROW_46_Left_111, 5.52, 138.72, 1.79986
PHY_EDGE_ROW_47_Left_112, 5.52, 138.72, 1.79986
PHY_EDGE_ROW_46_Right_46, 194.12, 138.72, 1.79989
PHY_EDGE_ROW_47_Right_47, 194.12, 138.72, 1.79989
FILLER_0_46_401, 194.12, 138.72, 1.79989
_1066_, 13.68, 138.72, 1.79986
_1108_, 13.68, 138.72, 1.79986
_1132_, 13.68, 138.72, 1.79986
_1002_, 34.64, 138.72, 1.79973
_1047_, 34.64, 138.72, 1.79973
_1048_, 34.64, 138.72, 1.79973
_1049_, 34.64, 138.72, 1.79973
FILLER_0_46_60, 34.64, 138.72, 1.79973
FILLER_0_47_53, 34.64, 138.72, 1.79973
FILLER_0_47_57, 34.64, 138.72, 1.79973
FILLER_0_47_67, 34.64, 138.72, 1.79973
_1008_, 47.44, 138.72, 1.7996
_1034_, 47.44, 138.72, 1.7996
FILLER_0_46_85, 47.44, 138.72, 1.7996
FILLER_0_48_97, 47.44, 138.72, 1.7996
_1009_, 60.24, 138.72, 1.79948
_1036_, 60.24, 138.72, 1.79948
_1054_, 60.24, 138.72, 1.79948
_1065_, 60.24, 138.72, 1.79948
_1088_, 60.24, 138.72, 1.79948
FILLER_0_47_106, 60.24, 138.72, 1.79948
FILLER_0_47_119, 60.24, 138.72, 1.79948
_1090_, 73.04, 138.72, 1.79938
_1091_, 73.04, 138.72, 1.79938
_1099_, 73.04, 138.72, 1.79938
_1100_, 73.04, 138.72, 1.79938
_1129_, 73.04, 138.72, 1.79938
_1276_, 73.04, 138.72, 1.79938
FILLER_0_47_135, 73.04, 138.72, 1.79938
FILLER_0_47_151, 73.04, 138.72, 1.79938
_1120_, 85.84, 138.72, 1.79933
_1128_, 85.84, 138.72, 1.79933
_1145_, 85.84, 138.72, 1.79933
FILLER_0_47_163, 85.84, 138.72, 1.79933
FILLER_0_48_182, 85.84, 138.72, 1.79933
_1143_, 98.64, 138.72, 1.79932
_1152_, 98.64, 138.72, 1.79932
_1156_, 98.64, 138.72, 1.79932
FILLER_0_47_192, 98.64, 138.72, 1.79932
FILLER_0_48_216, 98.64, 138.72, 1.79932
_1168_, 111.44, 138.72, 1.79938
_1170_, 111.44, 138.72, 1.79938
FILLER_0_47_218, 111.44, 138.72, 1.79938
FILLER_0_48_240, 111.44, 138.72, 1.79938
_1169_, 124.24, 138.72, 1.79946
_1171_, 124.24, 138.72, 1.79946
FILLER_0_47_273, 137.04, 138.72, 1.79957
FILLER_0_46_301, 149.84, 138.72, 1.79968
FILLER_0_47_329, 162.64, 138.72, 1.79979
FILLER_0_47_385, 184.78, 138.72, 1.79989
PHY_EDGE_ROW_44_Left_109, 5.52, 133.28, 1.79984
PHY_EDGE_ROW_45_Left_110, 5.52, 133.28, 1.79984
FILLER_0_46_3, 5.52, 133.28, 1.79984
PHY_EDGE_ROW_44_Right_44, 194.12, 133.28, 1.79984
PHY_EDGE_ROW_45_Right_45, 194.12, 133.28, 1.79984
FILLER_0_44_401, 194.12, 133.28, 1.79984
_1103_, 13.68, 133.28, 1.79984
_1106_, 13.68, 133.28, 1.79984
_1107_, 13.68, 133.28, 1.79984
FILLER_0_45_15, 13.68, 133.28, 1.79984
_1038_, 34.64, 133.28, 1.79967
_1044_, 34.64, 133.28, 1.79967
_1085_, 34.64, 133.28, 1.79967
_1086_, 34.64, 133.28, 1.79967
FILLER_0_45_73, 34.64, 133.28, 1.79967
_0996_, 47.44, 133.28, 1.79951
_0997_, 47.44, 133.28, 1.79951
_0998_, 47.44, 133.28, 1.79951
_1033_, 47.44, 133.28, 1.79951
FILLER_0_44_85, 47.44, 133.28, 1.79951
FILLER_0_45_84, 47.44, 133.28, 1.79951
FILLER_0_46_105, 47.44, 133.28, 1.79951
FILLER_0_45_125, 60.24, 133.28, 1.79935
FILLER_0_46_130, 60.24, 133.28, 1.79935
_1057_, 73.04, 133.28, 1.79918
_1092_, 73.04, 133.28, 1.79918
_1093_, 73.04, 133.28, 1.79918
FILLER_0_44_136, 73.04, 133.28, 1.79918
_1122_, 85.84, 133.28, 1.79906
_1124_, 85.84, 133.28, 1.79906
_1125_, 85.84, 133.28, 1.79906
_1126_, 85.84, 133.28, 1.79906
_1127_, 85.84, 133.28, 1.79906
_1146_, 85.84, 133.28, 1.79906
FILLER_0_45_163, 85.84, 133.28, 1.79906
FILLER_0_45_169, 85.84, 133.28, 1.79906
FILLER_0_46_187, 85.84, 133.28, 1.79906
_1147_, 98.64, 133.28, 1.79903
_1155_, 98.64, 133.28, 1.79903
_1160_, 98.64, 133.28, 1.79903
FILLER_0_44_193, 98.64, 133.28, 1.79903
FILLER_0_44_197, 98.64, 133.28, 1.79903
FILLER_0_45_194, 98.64, 133.28, 1.79903
FILLER_0_45_205, 98.64, 133.28, 1.79903
FILLER_0_46_209, 98.64, 133.28, 1.79903
_1159_, 111.44, 133.28, 1.79903
_1161_, 111.44, 133.28, 1.79903
_1162_, 111.44, 133.28, 1.79903
_1176_, 111.44, 133.28, 1.79903
_1177_, 111.44, 133.28, 1.79903
FILLER_0_44_219, 111.44, 133.28, 1.79903
FILLER_0_45_219, 111.44, 133.28, 1.79903
FILLER_0_46_242, 111.44, 133.28, 1.79903
_1153_, 124.24, 133.28, 1.79911
_1163_, 124.24, 133.28, 1.79911
_1164_, 124.24, 133.28, 1.79911
_1165_, 124.24, 133.28, 1.79911
_1166_, 124.24, 133.28, 1.79911
_1167_, 124.24, 133.28, 1.79911
_1280_, 124.24, 133.28, 1.79911
FILLER_0_44_253, 124.24, 133.28, 1.79911
FILLER_0_45_273, 137.04, 133.28, 1.79929
FILLER_0_45_329, 162.64, 133.28, 1.79966
FILLER_0_45_385, 184.78, 133.28, 1.79984
PHY_EDGE_ROW_42_Left_107, 5.52, 127.84, 1.79985
PHY_EDGE_ROW_43_Left_108, 5.52, 127.84, 1.79985
PHY_EDGE_ROW_42_Right_42, 194.12, 127.84, 1.79981
PHY_EDGE_ROW_43_Right_43, 194.12, 127.84, 1.79981
output36, 194.12, 127.84, 1.79981
_1072_, 13.68, 127.84, 1.79985
_1105_, 13.68, 127.84, 1.79985
FILLER_0_43_15, 13.68, 127.84, 1.79985
_0958_, 34.64, 127.84, 1.79966
_0994_, 34.64, 127.84, 1.79966
_0995_, 34.64, 127.84, 1.79966
_0999_, 34.64, 127.84, 1.79966
_1000_, 34.64, 127.84, 1.79966
_1001_, 34.64, 127.84, 1.79966
FILLER_0_42_56, 34.64, 127.84, 1.79966
FILLER_0_43_53, 34.64, 127.84, 1.79966
FILLER_0_43_74, 34.64, 127.84, 1.79966
_0957_, 47.44, 127.84, 1.79948
_0959_, 47.44, 127.84, 1.79948
_0965_, 47.44, 127.84, 1.79948
_0993_, 47.44, 127.84, 1.79948
_1007_, 47.44, 127.84, 1.79948
FILLER_0_43_104, 47.44, 127.84, 1.79948
FILLER_0_44_93, 47.44, 127.84, 1.79948
_0967_, 60.24, 127.84, 1.7993
_1010_, 60.24, 127.84, 1.7993
_1011_, 60.24, 127.84, 1.7993
_1013_, 60.24, 127.84, 1.7993
_1056_, 60.24, 127.84, 1.7993
FILLER_0_43_120, 60.24, 127.84, 1.7993
_1014_, 73.04, 127.84, 1.79915
_1058_, 73.04, 127.84, 1.79915
_1094_, 73.04, 127.84, 1.79915
FILLER_0_43_150, 73.04, 127.84, 1.79915
FILLER_0_43_158, 73.04, 127.84, 1.79915
FILLER_0_44_153, 73.04, 127.84, 1.79915
_1061_, 85.84, 127.84, 1.79902
_1096_, 85.84, 127.84, 1.79902
_1123_, 85.84, 127.84, 1.79902
_1141_, 85.84, 127.84, 1.79902
_1142_, 85.84, 127.84, 1.79902
_1275_, 85.84, 127.84, 1.79902
hold10, 85.84, 127.84, 1.79902
FILLER_0_43_165, 85.84, 127.84, 1.79902
FILLER_0_43_169, 85.84, 127.84, 1.79902
FILLER_0_44_176, 85.84, 127.84, 1.79902
_0635_, 98.64, 127.84, 1.79902
_1148_, 98.64, 127.84, 1.79902
_1149_, 98.64, 127.84, 1.79902
_1150_, 98.64, 127.84, 1.79902
_1278_, 98.64, 127.84, 1.79902
FILLER_0_43_204, 98.64, 127.84, 1.79902
_1178_, 111.44, 127.84, 1.79909
hold12, 111.44, 127.84, 1.79909
FILLER_0_42_229, 111.44, 127.84, 1.79909
FILLER_0_44_235, 111.44, 127.84, 1.79909
_1195_, 124.24, 127.84, 1.7992
_1198_, 124.24, 127.84, 1.7992
FILLER_0_42_249, 124.24, 127.84, 1.7992
FILLER_0_43_253, 124.24, 127.84, 1.7992
_1285_, 137.04, 127.84, 1.79934
FILLER_0_44_299, 137.04, 127.84, 1.79934
FILLER_0_43_333, 162.64, 127.84, 1.79968
FILLER_0_43_385, 184.78, 127.84, 1.79983
PHY_EDGE_ROW_40_Left_105, 5.52, 122.4, 1.79985
PHY_EDGE_ROW_41_Left_106, 5.52, 122.4, 1.79985
input3, 5.52, 122.4, 1.79985
PHY_EDGE_ROW_40_Right_40, 194.12, 122.4, 1.79986
PHY_EDGE_ROW_41_Right_41, 194.12, 122.4, 1.79986
FILLER_0_40_401, 194.12, 122.4, 1.79986
FILLER_0_40_15, 13.68, 122.4, 1.79985
FILLER_0_42_19, 13.68, 122.4, 1.79985
_0913_, 34.64, 122.4, 1.79971
_0949_, 34.64, 122.4, 1.79971
_0955_, 34.64, 122.4, 1.79971
_0956_, 34.64, 122.4, 1.79971
FILLER_0_41_51, 34.64, 122.4, 1.79971
FILLER_0_41_60, 34.64, 122.4, 1.79971
FILLER_0_42_75, 34.64, 122.4, 1.79971
_0950_, 47.44, 122.4, 1.79958
_0954_, 47.44, 122.4, 1.79958
_0992_, 47.44, 122.4, 1.79958
FILLER_0_41_83, 47.44, 122.4, 1.79958
FILLER_0_42_102, 47.44, 122.4, 1.79958
_0968_, 60.24, 122.4, 1.79945
_0991_, 60.24, 122.4, 1.79945
_1012_, 60.24, 122.4, 1.79945
_1055_, 60.24, 122.4, 1.79945
FILLER_0_41_113, 60.24, 122.4, 1.79945
FILLER_0_42_125, 60.24, 122.4, 1.79945
_1029_, 73.04, 122.4, 1.79933
_1059_, 73.04, 122.4, 1.79933
_1060_, 73.04, 122.4, 1.79933
FILLER_0_40_135, 73.04, 122.4, 1.79933
FILLER_0_42_150, 73.04, 122.4, 1.79933
_1027_, 85.84, 122.4, 1.79924
_1062_, 85.84, 122.4, 1.79924
_1095_, 85.84, 122.4, 1.79924
_1097_, 85.84, 122.4, 1.79924
_1098_, 85.84, 122.4, 1.79924
_1121_, 85.84, 122.4, 1.79924
FILLER_0_42_178, 85.84, 122.4, 1.79924
_0654_, 98.64, 122.4, 1.79923
_1151_, 98.64, 122.4, 1.79923
hold9, 98.64, 122.4, 1.79923
FILLER_0_41_216, 98.64, 122.4, 1.79923
FILLER_0_42_206, 98.64, 122.4, 1.79923
_1189_, 111.44, 122.4, 1.79924
_1190_, 111.44, 122.4, 1.79924
_1200_, 111.44, 122.4, 1.79924
_1201_, 111.44, 122.4, 1.79924
_1202_, 111.44, 122.4, 1.79924
FILLER_0_40_222, 111.44, 122.4, 1.79924
FILLER_0_41_225, 111.44, 122.4, 1.79924
_1192_, 124.24, 122.4, 1.79929
_1196_, 124.24, 122.4, 1.79929
_1197_, 124.24, 122.4, 1.79929
_1199_, 124.24, 122.4, 1.79929
FILLER_0_40_249, 124.24, 122.4, 1.79929
FILLER_0_41_253, 124.24, 122.4, 1.79929
FILLER_0_41_265, 124.24, 122.4, 1.79929
FILLER_0_42_261, 124.24, 122.4, 1.79929
_1194_, 137.04, 122.4, 1.7994
_1284_, 137.04, 122.4, 1.7994
FILLER_0_41_276, 137.04, 122.4, 1.7994
FILLER_0_42_298, 137.04, 122.4, 1.7994
FILLER_0_40_305, 149.84, 122.4, 1.79955
FILLER_0_41_329, 162.64, 122.4, 1.7997
FILLER_0_41_385, 184.78, 122.4, 1.79986
PHY_EDGE_ROW_38_Left_103, 5.52, 116.96, 1.79984
PHY_EDGE_ROW_39_Left_104, 5.52, 116.96, 1.79984
PHY_EDGE_ROW_38_Right_38, 194.12, 116.96, 1.79986
PHY_EDGE_ROW_39_Right_39, 194.12, 116.96, 1.79986
FILLER_0_38_401, 194.12, 116.96, 1.79986
_0923_, 13.68, 116.96, 1.79984
_0925_, 13.68, 116.96, 1.79984
rebuffer1, 13.68, 116.96, 1.79984
_0633_, 34.64, 116.96, 1.7997
_0701_, 34.64, 116.96, 1.7997
_0865_, 34.64, 116.96, 1.7997
_0914_, 34.64, 116.96, 1.7997
_0915_, 34.64, 116.96, 1.7997
_0951_, 34.64, 116.96, 1.7997
FILLER_0_38_50, 34.64, 116.96, 1.7997
FILLER_0_38_58, 34.64, 116.96, 1.7997
FILLER_0_39_62, 34.64, 116.96, 1.7997
FILLER_0_40_72, 34.64, 116.96, 1.7997
_0952_, 47.44, 116.96, 1.79956
_0953_, 47.44, 116.96, 1.79956
FILLER_0_38_79, 47.44, 116.96, 1.79956
FILLER_0_39_79, 47.44, 116.96, 1.79956
FILLER_0_39_103, 47.44, 116.96, 1.79956
_0969_, 60.24, 116.96, 1.79943
_0970_, 60.24, 116.96, 1.79943
FILLER_0_38_109, 60.24, 116.96, 1.79943
FILLER_0_39_113, 60.24, 116.96, 1.79943
_0989_, 73.04, 116.96, 1.79932
_0990_, 73.04, 116.96, 1.79932
_1015_, 73.04, 116.96, 1.79932
_1016_, 73.04, 116.96, 1.79932
FILLER_0_39_142, 73.04, 116.96, 1.79932
FILLER_0_39_158, 73.04, 116.96, 1.79932
FILLER_0_40_157, 73.04, 116.96, 1.79932
_1021_, 85.84, 116.96, 1.79922
_1063_, 85.84, 116.96, 1.79922
_1064_, 85.84, 116.96, 1.79922
_1274_, 85.84, 116.96, 1.79922
FILLER_0_38_168, 85.84, 116.96, 1.79922
_0675_, 98.64, 116.96, 1.79919
_1173_, 98.64, 116.96, 1.79919
_1174_, 98.64, 116.96, 1.79919
_1175_, 98.64, 116.96, 1.79919
_1179_, 98.64, 116.96, 1.79919
_1182_, 98.64, 116.96, 1.79919
_1183_, 98.64, 116.96, 1.79919
FILLER_0_38_193, 98.64, 116.96, 1.79919
FILLER_0_38_197, 98.64, 116.96, 1.79919
FILLER_0_39_191, 98.64, 116.96, 1.79919
FILLER_0_40_205, 98.64, 116.96, 1.79919
_1181_, 111.44, 116.96, 1.79922
_1187_, 111.44, 116.96, 1.79922
_1188_, 111.44, 116.96, 1.79922
_1191_, 111.44, 116.96, 1.79922
FILLER_0_39_219, 111.44, 116.96, 1.79922
FILLER_0_40_235, 111.44, 116.96, 1.79922
_0655_, 124.24, 116.96, 1.79931
_1193_, 124.24, 116.96, 1.79931
_1217_, 124.24, 116.96, 1.79931
_1287_, 124.24, 116.96, 1.79931
FILLER_0_38_246, 124.24, 116.96, 1.79931
FILLER_0_38_253, 124.24, 116.96, 1.79931
FILLER_0_39_254, 124.24, 116.96, 1.79931
FILLER_0_40_259, 124.24, 116.96, 1.79931
FILLER_0_38_301, 149.84, 116.96, 1.79958
FILLER_0_39_329, 162.64, 116.96, 1.79972
FILLER_0_39_385, 184.78, 116.96, 1.79986
_0922_, 5.52, 111.52, 1.79974
PHY_EDGE_ROW_36_Left_101, 5.52, 111.52, 1.79974
PHY_EDGE_ROW_37_Left_102, 5.52, 111.52, 1.79974
output45, 5.52, 111.52, 1.79974
FILLER_0_38_3, 5.52, 111.52, 1.79974
PHY_EDGE_ROW_36_Right_36, 194.12, 111.52, 1.7997
PHY_EDGE_ROW_37_Right_37, 194.12, 111.52, 1.7997
output33, 194.12, 111.52, 1.7997
_0873_, 13.68, 111.52, 1.79974
_0918_, 13.68, 111.52, 1.79974
_0921_, 13.68, 111.52, 1.79974
rebuffer4, 13.68, 111.52, 1.79974
FILLER_0_37_9, 13.68, 111.52, 1.79974
_0868_, 34.64, 111.52, 1.79951
_0869_, 34.64, 111.52, 1.79951
_0909_, 34.64, 111.52, 1.79951
FILLER_0_36_50, 34.64, 111.52, 1.79951
FILLER_0_37_57, 34.64, 111.52, 1.79951
_0908_, 47.44, 111.52, 1.79928
_0911_, 47.44, 111.52, 1.79928
_0948_, 47.44, 111.52, 1.79928
FILLER_0_36_79, 47.44, 111.52, 1.79928
FILLER_0_37_82, 47.44, 111.52, 1.79928
_0930_, 60.24, 111.52, 1.79904
_0931_, 60.24, 111.52, 1.79904
_0971_, 60.24, 111.52, 1.79904
FILLER_0_36_116, 60.24, 111.52, 1.79904
FILLER_0_38_120, 60.24, 111.52, 1.79904
_1017_, 73.04, 111.52, 1.79883
_1018_, 73.04, 111.52, 1.79883
_1019_, 73.04, 111.52, 1.79883
_1028_, 73.04, 111.52, 1.79883
_1030_, 73.04, 111.52, 1.79883
FILLER_0_37_139, 73.04, 111.52, 1.79883
FILLER_0_37_152, 73.04, 111.52, 1.79883
FILLER_0_38_147, 73.04, 111.52, 1.79883
FILLER_0_38_158, 73.04, 111.52, 1.79883
_0987_, 85.84, 111.52, 1.79865
_1020_, 85.84, 111.52, 1.79865
_1022_, 85.84, 111.52, 1.79865
_1023_, 85.84, 111.52, 1.79865
_1025_, 85.84, 111.52, 1.79865
_1026_, 85.84, 111.52, 1.79865
_1273_, 85.84, 111.52, 1.79865
FILLER_0_36_169, 85.84, 111.52, 1.79865
FILLER_0_37_165, 85.84, 111.52, 1.79865
FILLER_0_38_185, 85.84, 111.52, 1.79865
_1184_, 98.64, 111.52, 1.79855
clkbuf_2_2__f_clk, 98.64, 111.52, 1.79855
FILLER_0_36_193, 98.64, 111.52, 1.79855
FILLER_0_38_214, 98.64, 111.52, 1.79855
_1180_, 111.44, 111.52, 1.79856
_1185_, 111.44, 111.52, 1.79856
_1203_, 111.44, 111.52, 1.79856
_1282_, 111.44, 111.52, 1.79856
clkbuf_2_3__f_clk, 111.44, 111.52, 1.79856
FILLER_0_36_222, 111.44, 111.52, 1.79856
_1212_, 124.24, 111.52, 1.79874
_1215_, 124.24, 111.52, 1.79874
_1216_, 124.24, 111.52, 1.79874
_1225_, 124.24, 111.52, 1.79874
_1233_, 124.24, 111.52, 1.79874
FILLER_0_37_271, 124.24, 111.52, 1.79874
_1288_, 137.04, 111.52, 1.79896
FILLER_0_37_329, 162.64, 111.52, 1.79948
FILLER_0_37_385, 184.78, 111.52, 1.79972
_0871_, 5.52, 106.08, 1.79983
PHY_EDGE_ROW_34_Left_99, 5.52, 106.08, 1.79983
PHY_EDGE_ROW_35_Left_100, 5.52, 106.08, 1.79983
FILLER_0_36_3, 5.52, 106.08, 1.79983
PHY_EDGE_ROW_34_Right_34, 194.12, 106.08, 1.79983
PHY_EDGE_ROW_35_Right_35, 194.12, 106.08, 1.79983
FILLER_0_34_401, 194.12, 106.08, 1.79983
_0870_, 13.68, 106.08, 1.79983
_0874_, 13.68, 106.08, 1.79983
_0875_, 13.68, 106.08, 1.79983
_0877_, 13.68, 106.08, 1.79983
FILLER_0_34_15, 13.68, 106.08, 1.79983
_0867_, 34.64, 106.08, 1.79968
_0878_, 34.64, 106.08, 1.79968
_0881_, 34.64, 106.08, 1.79968
_0882_, 34.64, 106.08, 1.79968
_0907_, 34.64, 106.08, 1.79968
FILLER_0_34_57, 34.64, 106.08, 1.79968
_0859_, 47.44, 106.08, 1.79954
_0861_, 47.44, 106.08, 1.79954
_0910_, 47.44, 106.08, 1.79954
_0912_, 47.44, 106.08, 1.79954
_0947_, 47.44, 106.08, 1.79954
_0905_, 60.24, 106.08, 1.7994
_0932_, 60.24, 106.08, 1.7994
_0933_, 60.24, 106.08, 1.7994
_0934_, 60.24, 106.08, 1.7994
rebuffer6, 60.24, 106.08, 1.7994
_0972_, 73.04, 106.08, 1.79929
_0973_, 73.04, 106.08, 1.79929
_0988_, 73.04, 106.08, 1.79929
_1031_, 73.04, 106.08, 1.79929
FILLER_0_34_141, 73.04, 106.08, 1.79929
FILLER_0_36_155, 73.04, 106.08, 1.79929
_0976_, 85.84, 106.08, 1.7992
_0978_, 85.84, 106.08, 1.7992
_0979_, 85.84, 106.08, 1.7992
_0981_, 85.84, 106.08, 1.7992
_0984_, 85.84, 106.08, 1.7992
_0986_, 85.84, 106.08, 1.7992
_1024_, 85.84, 106.08, 1.7992
FILLER_0_35_161, 85.84, 106.08, 1.7992
FILLER_0_36_185, 85.84, 106.08, 1.7992
_0642_, 98.64, 106.08, 1.79918
_0652_, 98.64, 106.08, 1.79918
_1186_, 98.64, 106.08, 1.79918
FILLER_0_34_191, 98.64, 106.08, 1.79918
FILLER_0_34_197, 98.64, 106.08, 1.79918
_1204_, 111.44, 106.08, 1.79917
_1210_, 111.44, 106.08, 1.79917
FILLER_0_35_219, 111.44, 106.08, 1.79917
FILLER_0_35_242, 111.44, 106.08, 1.79917
_1206_, 124.24, 106.08, 1.79919
_1207_, 124.24, 106.08, 1.79919
_1211_, 124.24, 106.08, 1.79919
_1213_, 124.24, 106.08, 1.79919
_1214_, 124.24, 106.08, 1.79919
_1221_, 124.24, 106.08, 1.79919
_1222_, 124.24, 106.08, 1.79919
_1223_, 124.24, 106.08, 1.79919
_1224_, 124.24, 106.08, 1.79919
FILLER_0_36_263, 124.24, 106.08, 1.79919
_1218_, 137.04, 106.08, 1.79933
_1226_, 137.04, 106.08, 1.79933
_1228_, 137.04, 106.08, 1.79933
FILLER_0_35_276, 137.04, 106.08, 1.79933
FILLER_0_36_298, 137.04, 106.08, 1.79933
FILLER_0_35_332, 162.64, 106.08, 1.79967
FILLER_0_35_385, 184.78, 106.08, 1.79983
_0920_, 5.52, 100.64, 1.79984
PHY_EDGE_ROW_32_Left_97, 5.52, 100.64, 1.79984
PHY_EDGE_ROW_33_Left_98, 5.52, 100.64, 1.79984
PHY_EDGE_ROW_32_Right_32, 194.12, 100.64, 1.79987
PHY_EDGE_ROW_33_Right_33, 194.12, 100.64, 1.79987
FILLER_0_32_401, 194.12, 100.64, 1.79987
_0872_, 13.68, 100.64, 1.79984
_0963_, 13.68, 100.64, 1.79984
_0964_, 13.68, 100.64, 1.79984
rebuffer8, 13.68, 100.64, 1.79984
FILLER_0_34_22, 13.68, 100.64, 1.79984
_0732_, 34.64, 100.64, 1.7997
_0776_, 34.64, 100.64, 1.7997
_0864_, 34.64, 100.64, 1.7997
FILLER_0_32_61, 34.64, 100.64, 1.7997
FILLER_0_33_51, 34.64, 100.64, 1.7997
FILLER_0_33_57, 34.64, 100.64, 1.7997
FILLER_0_34_74, 34.64, 100.64, 1.7997
_0811_, 47.44, 100.64, 1.79955
_0858_, 47.44, 100.64, 1.79955
_0860_, 47.44, 100.64, 1.79955
_0862_, 47.44, 100.64, 1.79955
_0863_, 47.44, 100.64, 1.79955
FILLER_0_32_85, 47.44, 100.64, 1.79955
FILLER_0_33_90, 47.44, 100.64, 1.79955
FILLER_0_33_103, 47.44, 100.64, 1.79955
_0883_, 60.24, 100.64, 1.7994
_0884_, 60.24, 100.64, 1.7994
_0906_, 60.24, 100.64, 1.7994
_0935_, 60.24, 100.64, 1.7994
_0936_, 60.24, 100.64, 1.7994
_0937_, 60.24, 100.64, 1.7994
FILLER_0_34_132, 60.24, 100.64, 1.7994
_0938_, 73.04, 100.64, 1.79929
_0975_, 73.04, 100.64, 1.79929
_0977_, 73.04, 100.64, 1.79929
_1032_, 73.04, 100.64, 1.79929
FILLER_0_32_134, 73.04, 100.64, 1.79929
FILLER_0_33_137, 73.04, 100.64, 1.79929
FILLER_0_33_159, 73.04, 100.64, 1.79929
_0980_, 85.84, 100.64, 1.79921
_0982_, 85.84, 100.64, 1.79921
_0983_, 85.84, 100.64, 1.79921
_0985_, 85.84, 100.64, 1.79921
FILLER_0_33_184, 85.84, 100.64, 1.79921
_0653_, 98.64, 100.64, 1.79917
_1272_, 98.64, 100.64, 1.79917
_1283_, 98.64, 100.64, 1.79917
FILLER_0_32_191, 98.64, 100.64, 1.79917
FILLER_0_32_197, 98.64, 100.64, 1.79917
FILLER_0_33_208, 98.64, 100.64, 1.79917
FILLER_0_33_216, 98.64, 100.64, 1.79917
FILLER_0_34_206, 98.64, 100.64, 1.79917
_1208_, 111.44, 100.64, 1.79922
_1209_, 111.44, 100.64, 1.79922
_1286_, 111.44, 100.64, 1.79922
FILLER_0_33_242, 111.44, 100.64, 1.79922
_1205_, 124.24, 100.64, 1.79933
_1219_, 124.24, 100.64, 1.79933
_1232_, 124.24, 100.64, 1.79933
FILLER_0_32_253, 124.24, 100.64, 1.79933
FILLER_0_33_261, 124.24, 100.64, 1.79933
FILLER_0_33_269, 124.24, 100.64, 1.79933
FILLER_0_34_259, 124.24, 100.64, 1.79933
_1220_, 137.04, 100.64, 1.79945
FILLER_0_33_275, 137.04, 100.64, 1.79945
FILLER_0_33_329, 162.64, 100.64, 1.79973
FILLER_0_33_385, 184.78, 100.64, 1.79987
PHY_EDGE_ROW_30_Left_95, 5.52, 95.2, 1.79977
PHY_EDGE_ROW_31_Left_96, 5.52, 95.2, 1.79977
output21, 5.52, 95.2, 1.79977
FILLER_0_32_3, 5.52, 95.2, 1.79977
PHY_EDGE_ROW_30_Right_30, 194.12, 95.2, 1.7998
PHY_EDGE_ROW_31_Right_31, 194.12, 95.2, 1.7998
input18, 194.12, 95.2, 1.7998
FILLER_0_30_401, 194.12, 95.2, 1.7998
_0960_, 13.68, 95.2, 1.79979
_0962_, 13.68, 95.2, 1.79979
_1003_, 13.68, 95.2, 1.79979
FILLER_0_31_9, 13.68, 95.2, 1.79979
_0775_, 34.64, 95.2, 1.7996
_0808_, 34.64, 95.2, 1.7996
_0816_, 34.64, 95.2, 1.7996
FILLER_0_31_61, 34.64, 95.2, 1.7996
FILLER_0_32_77, 34.64, 95.2, 1.7996
_0777_, 47.44, 95.2, 1.79939
_0812_, 47.44, 95.2, 1.79939
_0813_, 47.44, 95.2, 1.79939
_0856_, 47.44, 95.2, 1.79939
max_cap51, 47.44, 95.2, 1.79939
FILLER_0_31_81, 47.44, 95.2, 1.79939
FILLER_0_31_91, 47.44, 95.2, 1.79939
_0885_, 60.24, 95.2, 1.79919
_0886_, 60.24, 95.2, 1.79919
_0887_, 60.24, 95.2, 1.79919
FILLER_0_30_106, 60.24, 95.2, 1.79919
_0891_, 73.04, 95.2, 1.79901
_0939_, 73.04, 95.2, 1.79901
_0940_, 73.04, 95.2, 1.79901
_0942_, 73.04, 95.2, 1.79901
_0974_, 73.04, 95.2, 1.79901
FILLER_0_31_143, 73.04, 95.2, 1.79901
FILLER_0_31_159, 73.04, 95.2, 1.79901
_0941_, 85.84, 95.2, 1.79885
_0943_, 85.84, 95.2, 1.79885
_0945_, 85.84, 95.2, 1.79885
_0946_, 85.84, 95.2, 1.79885
FILLER_0_31_169, 85.84, 95.2, 1.79885
FILLER_0_31_177, 85.84, 95.2, 1.79885
_1263_, 98.64, 95.2, 1.79874
_1271_, 98.64, 95.2, 1.79874
clkbuf_0_clk, 98.64, 95.2, 1.79874
FILLER_0_30_190, 98.64, 95.2, 1.79874
FILLER_0_30_197, 98.64, 95.2, 1.79874
FILLER_0_32_205, 98.64, 95.2, 1.79874
_0656_, 111.44, 95.2, 1.79878
_1239_, 111.44, 95.2, 1.79878
_1291_, 111.44, 95.2, 1.79878
FILLER_0_31_233, 111.44, 95.2, 1.79878
FILLER_0_32_242, 111.44, 95.2, 1.79878
_1227_, 124.24, 95.2, 1.79888
_1229_, 124.24, 95.2, 1.79888
_1230_, 124.24, 95.2, 1.79888
_1231_, 124.24, 95.2, 1.79888
_1234_, 124.24, 95.2, 1.79888
_1238_, 124.24, 95.2, 1.79888
_1240_, 124.24, 95.2, 1.79888
_1289_, 137.04, 95.2, 1.79908
FILLER_0_31_276, 137.04, 95.2, 1.79908
FILLER_0_32_299, 137.04, 95.2, 1.79908
FILLER_0_30_304, 149.84, 95.2, 1.79933
FILLER_0_31_385, 184.78, 95.2, 1.79981
FILLER_0_31_393, 184.78, 95.2, 1.79981
PHY_EDGE_ROW_28_Left_93, 5.52, 89.76, 1.79987
PHY_EDGE_ROW_29_Left_94, 5.52, 89.76, 1.79987
PHY_EDGE_ROW_28_Right_28, 194.12, 89.76, 1.79989
PHY_EDGE_ROW_29_Right_29, 194.12, 89.76, 1.79989
FILLER_0_28_401, 194.12, 89.76, 1.79989
_0821_, 13.68, 89.76, 1.79987
_0961_, 13.68, 89.76, 1.79987
FILLER_0_28_15, 13.68, 89.76, 1.79987
FILLER_0_29_15, 13.68, 89.76, 1.79987
_0773_, 34.64, 89.76, 1.79974
_0778_, 34.64, 89.76, 1.79974
_0810_, 34.64, 89.76, 1.79974
_0828_, 34.64, 89.76, 1.79974
_0830_, 34.64, 89.76, 1.79974
FILLER_0_29_69, 34.64, 89.76, 1.79974
_0814_, 47.44, 89.76, 1.79962
_0815_, 47.44, 89.76, 1.79962
_0854_, 47.44, 89.76, 1.79962
FILLER_0_29_87, 47.44, 89.76, 1.79962
FILLER_0_29_97, 47.44, 89.76, 1.79962
FILLER_0_29_105, 47.44, 89.76, 1.79962
_0832_, 60.24, 89.76, 1.7995
_0833_, 60.24, 89.76, 1.7995
_0855_, 60.24, 89.76, 1.7995
_0888_, 60.24, 89.76, 1.7995
_0889_, 60.24, 89.76, 1.7995
_0890_, 60.24, 89.76, 1.7995
FILLER_0_29_125, 60.24, 89.76, 1.7995
_0850_, 73.04, 89.76, 1.79941
_0892_, 73.04, 89.76, 1.79941
_0893_, 73.04, 89.76, 1.79941
_0904_, 73.04, 89.76, 1.79941
_1269_, 73.04, 89.76, 1.79941
FILLER_0_28_137, 73.04, 89.76, 1.79941
FILLER_0_29_136, 73.04, 89.76, 1.79941
FILLER_0_30_153, 73.04, 89.76, 1.79941
_0842_, 85.84, 89.76, 1.79936
_0849_, 85.84, 89.76, 1.79936
_0895_, 85.84, 89.76, 1.79936
_0944_, 85.84, 89.76, 1.79936
FILLER_0_28_171, 85.84, 89.76, 1.79936
FILLER_0_29_163, 85.84, 89.76, 1.79936
FILLER_0_29_172, 85.84, 89.76, 1.79936
FILLER_0_29_180, 85.84, 89.76, 1.79936
_0896_, 98.64, 89.76, 1.79934
_0902_, 98.64, 89.76, 1.79934
_1243_, 98.64, 89.76, 1.79934
_1246_, 98.64, 89.76, 1.79934
_1236_, 111.44, 89.76, 1.79935
_1244_, 111.44, 89.76, 1.79935
_1245_, 111.44, 89.76, 1.79935
_1247_, 111.44, 89.76, 1.79935
_1248_, 111.44, 89.76, 1.79935
FILLER_0_29_221, 111.44, 89.76, 1.79935
FILLER_0_29_232, 111.44, 89.76, 1.79935
FILLER_0_30_236, 111.44, 89.76, 1.79935
_1235_, 124.24, 89.76, 1.79941
_1237_, 124.24, 89.76, 1.79941
_1241_, 124.24, 89.76, 1.79941
_1242_, 124.24, 89.76, 1.79941
_1290_, 124.24, 89.76, 1.79941
FILLER_0_28_249, 124.24, 89.76, 1.79941
FILLER_0_29_254, 124.24, 89.76, 1.79941
FILLER_0_28_301, 149.84, 89.76, 1.79965
FILLER_0_29_329, 162.64, 89.76, 1.79977
FILLER_0_29_385, 184.78, 89.76, 1.79989
PHY_EDGE_ROW_26_Left_91, 5.52, 84.32, 1.79983
PHY_EDGE_ROW_27_Left_92, 5.52, 84.32, 1.79983
FILLER_0_27_3, 5.52, 84.32, 1.79983
PHY_EDGE_ROW_26_Right_26, 194.12, 84.32, 1.79984
PHY_EDGE_ROW_27_Right_27, 194.12, 84.32, 1.79984
FILLER_0_26_401, 194.12, 84.32, 1.79984
_0780_, 13.68, 84.32, 1.79983
_0825_, 13.68, 84.32, 1.79983
_0731_, 34.64, 84.32, 1.79967
_0829_, 34.64, 84.32, 1.79967
_0831_, 34.64, 84.32, 1.79967
FILLER_0_26_57, 34.64, 84.32, 1.79967
FILLER_0_27_51, 34.64, 84.32, 1.79967
FILLER_0_27_57, 34.64, 84.32, 1.79967
FILLER_0_27_72, 34.64, 84.32, 1.79967
_0770_, 47.44, 84.32, 1.79951
_0771_, 47.44, 84.32, 1.79951
_0772_, 47.44, 84.32, 1.79951
_0790_, 47.44, 84.32, 1.79951
_0834_, 47.44, 84.32, 1.79951
FILLER_0_26_81, 47.44, 84.32, 1.79951
FILLER_0_26_91, 47.44, 84.32, 1.79951
FILLER_0_27_80, 47.44, 84.32, 1.79951
FILLER_0_27_100, 47.44, 84.32, 1.79951
FILLER_0_28_97, 47.44, 84.32, 1.79951
FILLER_0_28_105, 47.44, 84.32, 1.79951
_0835_, 60.24, 84.32, 1.79937
_0836_, 60.24, 84.32, 1.79937
FILLER_0_27_131, 60.24, 84.32, 1.79937
FILLER_0_28_129, 60.24, 84.32, 1.79937
_0839_, 73.04, 84.32, 1.79923
_0841_, 73.04, 84.32, 1.79923
_0844_, 73.04, 84.32, 1.79923
_0851_, 73.04, 84.32, 1.79923
_0852_, 73.04, 84.32, 1.79923
_0853_, 73.04, 84.32, 1.79923
FILLER_0_27_137, 73.04, 84.32, 1.79923
FILLER_0_28_153, 73.04, 84.32, 1.79923
_0843_, 85.84, 84.32, 1.79912
_0845_, 85.84, 84.32, 1.79912
_0847_, 85.84, 84.32, 1.79912
_0848_, 85.84, 84.32, 1.79912
_0894_, 85.84, 84.32, 1.79912
_0897_, 85.84, 84.32, 1.79912
_0899_, 85.84, 84.32, 1.79912
_0903_, 85.84, 84.32, 1.79912
_0898_, 98.64, 84.32, 1.79906
_0900_, 98.64, 84.32, 1.79906
_0901_, 98.64, 84.32, 1.79906
_1270_, 98.64, 84.32, 1.79906
FILLER_0_27_216, 98.64, 84.32, 1.79906
_1249_, 111.44, 84.32, 1.79904
_1251_, 111.44, 84.32, 1.79904
_1253_, 111.44, 84.32, 1.79904
clkbuf_2_1__f_clk, 111.44, 84.32, 1.79904
FILLER_0_26_218, 111.44, 84.32, 1.79904
_1154_, 124.24, 84.32, 1.79916
_1252_, 124.24, 84.32, 1.79916
_1254_, 124.24, 84.32, 1.79916
FILLER_0_27_248, 124.24, 84.32, 1.79916
FILLER_0_27_273, 137.04, 84.32, 1.79933
FILLER_0_27_329, 162.64, 84.32, 1.79967
FILLER_0_27_385, 184.78, 84.32, 1.79984
PHY_EDGE_ROW_24_Left_89, 5.52, 78.88, 1.79983
PHY_EDGE_ROW_25_Left_90, 5.52, 78.88, 1.79983
output50, 5.52, 78.88, 1.79983
PHY_EDGE_ROW_24_Right_24, 194.12, 78.88, 1.79985
PHY_EDGE_ROW_25_Right_25, 194.12, 78.88, 1.79985
output43, 194.12, 78.88, 1.79985
FILLER_0_24_401, 194.12, 78.88, 1.79985
_0660_, 13.68, 78.88, 1.79984
FILLER_0_24_15, 13.68, 78.88, 1.79984
FILLER_0_25_21, 13.68, 78.88, 1.79984
_0733_, 34.64, 78.88, 1.79975
_0734_, 34.64, 78.88, 1.79975
_0735_, 34.64, 78.88, 1.79975
_0744_, 34.64, 78.88, 1.79975
_0768_, 34.64, 78.88, 1.79975
_0786_, 34.64, 78.88, 1.79975
_0787_, 34.64, 78.88, 1.79975
FILLER_0_24_59, 34.64, 78.88, 1.79975
FILLER_0_25_52, 34.64, 78.88, 1.79975
FILLER_0_25_57, 34.64, 78.88, 1.79975
_0788_, 47.44, 78.88, 1.79965
_0789_, 47.44, 78.88, 1.79965
_0807_, 47.44, 78.88, 1.79965
FILLER_0_25_79, 47.44, 78.88, 1.79965
FILLER_0_26_99, 47.44, 78.88, 1.79965
_0791_, 60.24, 78.88, 1.79956
_0792_, 60.24, 78.88, 1.79956
_0793_, 60.24, 78.88, 1.79956
_0794_, 60.24, 78.88, 1.79956
_0837_, 60.24, 78.88, 1.79956
_0838_, 60.24, 78.88, 1.79956
FILLER_0_26_126, 60.24, 78.88, 1.79956
_0797_, 73.04, 78.88, 1.79949
_0800_, 73.04, 78.88, 1.79949
_0840_, 73.04, 78.88, 1.79949
FILLER_0_24_137, 73.04, 78.88, 1.79949
FILLER_0_25_160, 73.04, 78.88, 1.79949
FILLER_0_26_158, 73.04, 78.88, 1.79949
_0801_, 85.84, 78.88, 1.79944
_0805_, 85.84, 78.88, 1.79944
_0846_, 85.84, 78.88, 1.79944
FILLER_0_26_185, 85.84, 78.88, 1.79944
_0640_, 98.64, 78.88, 1.79941
_0641_, 98.64, 78.88, 1.79941
_0762_, 98.64, 78.88, 1.79941
_0763_, 98.64, 78.88, 1.79941
_0764_, 98.64, 78.88, 1.79941
_1267_, 98.64, 78.88, 1.79941
_1292_, 98.64, 78.88, 1.79941
_1255_, 111.44, 78.88, 1.79944
_1256_, 111.44, 78.88, 1.79944
_1258_, 111.44, 78.88, 1.79944
_1259_, 111.44, 78.88, 1.79944
FILLER_0_24_219, 111.44, 78.88, 1.79944
FILLER_0_24_228, 111.44, 78.88, 1.79944
_1250_, 124.24, 78.88, 1.79951
_1257_, 124.24, 78.88, 1.79951
_1260_, 124.24, 78.88, 1.79951
FILLER_0_25_271, 124.24, 78.88, 1.79951
FILLER_0_25_329, 162.64, 78.88, 1.79979
FILLER_0_25_385, 184.78, 78.88, 1.79987
FILLER_0_25_393, 184.78, 78.88, 1.79987
PHY_EDGE_ROW_22_Left_87, 5.52, 73.44, 1.79991
PHY_EDGE_ROW_23_Left_88, 5.52, 73.44, 1.79991
PHY_EDGE_ROW_22_Right_22, 194.12, 73.44, 1.79994
PHY_EDGE_ROW_23_Right_23, 194.12, 73.44, 1.79994
FILLER_0_22_401, 194.12, 73.44, 1.79994
_0705_, 13.68, 73.44, 1.79991
_0706_, 13.68, 73.44, 1.79991
_0708_, 13.68, 73.44, 1.79991
FILLER_0_23_15, 13.68, 73.44, 1.79991
_0700_, 34.64, 73.44, 1.79984
_0736_, 34.64, 73.44, 1.79984
_0740_, 34.64, 73.44, 1.79984
_0743_, 34.64, 73.44, 1.79984
FILLER_0_22_57, 34.64, 73.44, 1.79984
FILLER_0_23_52, 34.64, 73.44, 1.79984
FILLER_0_24_75, 34.64, 73.44, 1.79984
_0704_, 47.44, 73.44, 1.79977
_0745_, 47.44, 73.44, 1.79977
_0746_, 47.44, 73.44, 1.79977
_0749_, 47.44, 73.44, 1.79977
FILLER_0_22_85, 47.44, 73.44, 1.79977
FILLER_0_24_105, 47.44, 73.44, 1.79977
_0754_, 60.24, 73.44, 1.79971
_0795_, 60.24, 73.44, 1.79971
_0796_, 60.24, 73.44, 1.79971
FILLER_0_22_111, 60.24, 73.44, 1.79971
FILLER_0_23_108, 60.24, 73.44, 1.79971
FILLER_0_23_113, 60.24, 73.44, 1.79971
FILLER_0_23_131, 60.24, 73.44, 1.79971
_0765_, 73.04, 73.44, 1.79966
_0798_, 73.04, 73.44, 1.79966
_0799_, 73.04, 73.44, 1.79966
_1268_, 73.04, 73.44, 1.79966
FILLER_0_22_134, 73.04, 73.44, 1.79966
FILLER_0_24_158, 73.04, 73.44, 1.79966
_0721_, 85.84, 73.44, 1.79965
_0802_, 85.84, 73.44, 1.79965
_0803_, 85.84, 73.44, 1.79965
_0804_, 85.84, 73.44, 1.79965
_0806_, 85.84, 73.44, 1.79965
FILLER_0_24_176, 85.84, 73.44, 1.79965
FILLER_0_24_186, 85.84, 73.44, 1.79965
_0757_, 98.64, 73.44, 1.79965
_0758_, 98.64, 73.44, 1.79965
_0761_, 98.64, 73.44, 1.79965
hold11, 98.64, 73.44, 1.79965
FILLER_0_23_201, 98.64, 73.44, 1.79965
_1261_, 111.44, 73.44, 1.79966
_1293_, 111.44, 73.44, 1.79966
FILLER_0_23_217, 111.44, 73.44, 1.79966
FILLER_0_22_245, 124.24, 73.44, 1.79972
FILLER_0_23_271, 124.24, 73.44, 1.79972
FILLER_0_22_301, 149.84, 73.44, 1.79983
FILLER_0_23_329, 162.64, 73.44, 1.79988
FILLER_0_23_385, 184.78, 73.44, 1.79994
PHY_EDGE_ROW_20_Left_85, 5.52, 68, 1.79991
PHY_EDGE_ROW_21_Left_86, 5.52, 68, 1.79991
PHY_EDGE_ROW_20_Right_20, 194.12, 68, 1.79995
PHY_EDGE_ROW_21_Right_21, 194.12, 68, 1.79995
FILLER_0_20_401, 194.12, 68, 1.79995
_0707_, 13.68, 68, 1.79991
_0709_, 13.68, 68, 1.79991
FILLER_0_20_15, 13.68, 68, 1.79991
FILLER_0_21_15, 13.68, 68, 1.79991
_0658_, 34.64, 68, 1.79983
_0702_, 34.64, 68, 1.79983
_0703_, 34.64, 68, 1.79983
FILLER_0_21_57, 34.64, 68, 1.79983
FILLER_0_21_71, 34.64, 68, 1.79983
_0714_, 47.44, 68, 1.79975
_0715_, 47.44, 68, 1.79975
_0747_, 47.44, 68, 1.79975
_0748_, 47.44, 68, 1.79975
_0750_, 47.44, 68, 1.79975
_0751_, 47.44, 68, 1.79975
FILLER_0_21_79, 47.44, 68, 1.79975
_0717_, 60.24, 68, 1.79968
_0752_, 60.24, 68, 1.79968
_0753_, 60.24, 68, 1.79968
_0766_, 60.24, 68, 1.79968
_0767_, 60.24, 68, 1.79968
FILLER_0_21_108, 60.24, 68, 1.79968
FILLER_0_21_113, 60.24, 68, 1.79968
_0755_, 73.04, 68, 1.79963
_0756_, 73.04, 68, 1.79963
FILLER_0_20_134, 73.04, 68, 1.79963
FILLER_0_20_141, 73.04, 68, 1.79963
FILLER_0_22_159, 73.04, 68, 1.79963
_0722_, 85.84, 68, 1.79957
_0726_, 85.84, 68, 1.79957
_0759_, 85.84, 68, 1.79957
_0760_, 85.84, 68, 1.79957
clkbuf_2_0__f_clk, 85.84, 68, 1.79957
FILLER_0_21_161, 85.84, 68, 1.79957
_0728_, 98.64, 68, 1.79963
FILLER_0_21_218, 111.44, 68, 1.79968
FILLER_0_20_245, 124.24, 68, 1.79973
FILLER_0_21_273, 137.04, 68, 1.79979
FILLER_0_20_301, 149.84, 68, 1.79984
FILLER_0_21_329, 162.64, 68, 1.79989
FILLER_0_21_385, 184.78, 68, 1.79995
PHY_EDGE_ROW_18_Left_83, 5.52, 62.56, 1.79995
PHY_EDGE_ROW_19_Left_84, 5.52, 62.56, 1.79995
PHY_EDGE_ROW_18_Right_18, 194.12, 62.56, 1.79993
PHY_EDGE_ROW_19_Right_19, 194.12, 62.56, 1.79993
output39, 194.12, 62.56, 1.79993
FILLER_0_18_401, 194.12, 62.56, 1.79993
_0643_, 13.68, 62.56, 1.79995
_0679_, 13.68, 62.56, 1.79995
FILLER_0_19_15, 13.68, 62.56, 1.79995
FILLER_0_19_25, 13.68, 62.56, 1.79995
_0661_, 34.64, 62.56, 1.79991
_0677_, 34.64, 62.56, 1.79991
_0684_, 34.64, 62.56, 1.79991
_0713_, 34.64, 62.56, 1.79991
FILLER_0_19_53, 34.64, 62.56, 1.79991
FILLER_0_19_57, 34.64, 62.56, 1.79991
FILLER_0_20_66, 34.64, 62.56, 1.79991
_0634_, 47.44, 62.56, 1.79988
_0645_, 47.44, 62.56, 1.79988
_0716_, 47.44, 62.56, 1.79988
FILLER_0_18_85, 47.44, 62.56, 1.79988
FILLER_0_19_78, 47.44, 62.56, 1.79988
FILLER_0_19_89, 47.44, 62.56, 1.79988
FILLER_0_19_97, 47.44, 62.56, 1.79988
FILLER_0_20_105, 47.44, 62.56, 1.79988
_0647_, 60.24, 62.56, 1.79985
_0688_, 60.24, 62.56, 1.79985
_0690_, 60.24, 62.56, 1.79985
_0718_, 60.24, 62.56, 1.79985
_0719_, 60.24, 62.56, 1.79985
_0720_, 60.24, 62.56, 1.79985
FILLER_0_18_106, 60.24, 62.56, 1.79985
FILLER_0_19_107, 60.24, 62.56, 1.79985
FILLER_0_19_113, 60.24, 62.56, 1.79985
FILLER_0_19_127, 60.24, 62.56, 1.79985
_0632_, 73.04, 62.56, 1.79983
_0648_, 73.04, 62.56, 1.79983
_0649_, 73.04, 62.56, 1.79983
_0651_, 73.04, 62.56, 1.79983
_0671_, 73.04, 62.56, 1.79983
FILLER_0_18_133, 73.04, 62.56, 1.79983
FILLER_0_18_145, 73.04, 62.56, 1.79983
_0650_, 85.84, 62.56, 1.79982
_0723_, 85.84, 62.56, 1.79982
_0727_, 85.84, 62.56, 1.79982
_1266_, 85.84, 62.56, 1.79982
FILLER_0_19_162, 85.84, 62.56, 1.79982
FILLER_0_19_169, 85.84, 62.56, 1.79982
FILLER_0_19_178, 85.84, 62.56, 1.79982
_0729_, 98.64, 62.56, 1.79984
FILLER_0_18_190, 98.64, 62.56, 1.79984
FILLER_0_18_245, 124.24, 62.56, 1.79988
FILLER_0_19_273, 137.04, 62.56, 1.7999
FILLER_0_18_301, 149.84, 62.56, 1.79992
FILLER_0_19_329, 162.64, 62.56, 1.79994
FILLER_0_19_385, 184.78, 62.56, 1.79994
FILLER_0_19_393, 184.78, 62.56, 1.79994
PHY_EDGE_ROW_16_Left_81, 5.52, 57.12, 1.79997
PHY_EDGE_ROW_17_Left_82, 5.52, 57.12, 1.79997
PHY_EDGE_ROW_16_Right_16, 194.12, 57.12, 1.79999
PHY_EDGE_ROW_17_Right_17, 194.12, 57.12, 1.79999
FILLER_0_16_401, 194.12, 57.12, 1.79999
_0662_, 34.64, 57.12, 1.79994
_0685_, 34.64, 57.12, 1.79994
_0687_, 34.64, 57.12, 1.79994
_0698_, 34.64, 57.12, 1.79994
_0699_, 34.64, 57.12, 1.79994
FILLER_0_17_51, 34.64, 57.12, 1.79994
FILLER_0_17_69, 34.64, 57.12, 1.79994
_0646_, 47.44, 57.12, 1.79992
_0663_, 47.44, 57.12, 1.79992
_0664_, 47.44, 57.12, 1.79992
_0666_, 47.44, 57.12, 1.79992
_0667_, 47.44, 57.12, 1.79992
FILLER_0_17_98, 47.44, 57.12, 1.79992
FILLER_0_18_93, 47.44, 57.12, 1.79992
_0672_, 60.24, 57.12, 1.7999
_0689_, 60.24, 57.12, 1.7999
_0691_, 60.24, 57.12, 1.7999
FILLER_0_17_124, 60.24, 57.12, 1.7999
_0636_, 73.04, 57.12, 1.79989
_0637_, 73.04, 57.12, 1.79989
_0638_, 73.04, 57.12, 1.79989
_0673_, 73.04, 57.12, 1.79989
_0674_, 73.04, 57.12, 1.79989
FILLER_0_16_137, 73.04, 57.12, 1.79989
_0696_, 85.84, 57.12, 1.79989
_0724_, 85.84, 57.12, 1.79989
FILLER_0_17_165, 85.84, 57.12, 1.79989
FILLER_0_17_169, 85.84, 57.12, 1.79989
FILLER_0_17_178, 85.84, 57.12, 1.79989
_0631_, 98.64, 57.12, 1.79988
_1265_, 98.64, 57.12, 1.79988
FILLER_0_17_204, 98.64, 57.12, 1.79988
FILLER_0_17_214, 98.64, 57.12, 1.79988
FILLER_0_16_249, 124.24, 57.12, 1.79992
FILLER_0_17_273, 137.04, 57.12, 1.79993
FILLER_0_16_301, 149.84, 57.12, 1.79995
FILLER_0_17_329, 162.64, 57.12, 1.79997
FILLER_0_17_385, 184.78, 57.12, 1.79999
PHY_EDGE_ROW_14_Left_79, 5.52, 51.68, 1.79997
PHY_EDGE_ROW_15_Left_80, 5.52, 51.68, 1.79997
PHY_EDGE_ROW_14_Right_14, 194.12, 51.68, 1.79998
PHY_EDGE_ROW_15_Right_15, 194.12, 51.68, 1.79998
FILLER_0_14_401, 194.12, 51.68, 1.79998
_0676_, 34.64, 51.68, 1.79993
_0686_, 34.64, 51.68, 1.79993
FILLER_0_15_51, 34.64, 51.68, 1.79993
FILLER_0_16_70, 34.64, 51.68, 1.79993
_0665_, 47.44, 51.68, 1.7999
FILLER_0_15_105, 47.44, 51.68, 1.7999
FILLER_0_16_97, 47.44, 51.68, 1.7999
_0668_, 60.24, 51.68, 1.79986
_0669_, 60.24, 51.68, 1.79986
_0670_, 60.24, 51.68, 1.79986
_0693_, 60.24, 51.68, 1.79986
FILLER_0_15_113, 60.24, 51.68, 1.79986
_0657_, 73.04, 51.68, 1.79984
_1262_, 73.04, 51.68, 1.79984
_1264_, 73.04, 51.68, 1.79984
FILLER_0_14_133, 73.04, 51.68, 1.79984
FILLER_0_15_153, 73.04, 51.68, 1.79984
_0639_, 85.84, 51.68, 1.79984
_0692_, 85.84, 51.68, 1.79984
_0694_, 85.84, 51.68, 1.79984
_0695_, 85.84, 51.68, 1.79984
_0725_, 85.84, 51.68, 1.79984
FILLER_0_15_164, 85.84, 51.68, 1.79984
_0697_, 98.64, 51.68, 1.79986
FILLER_0_14_189, 98.64, 51.68, 1.79986
FILLER_0_15_217, 111.44, 51.68, 1.79988
FILLER_0_14_245, 124.24, 51.68, 1.7999
FILLER_0_15_273, 137.04, 51.68, 1.79992
FILLER_0_14_301, 149.84, 51.68, 1.79994
FILLER_0_15_329, 162.64, 51.68, 1.79996
FILLER_0_15_385, 184.78, 51.68, 1.79998
PHY_EDGE_ROW_12_Left_77, 5.52, 46.24, 1.79995
PHY_EDGE_ROW_13_Left_78, 5.52, 46.24, 1.79995
output23, 5.52, 46.24, 1.79995
PHY_EDGE_ROW_12_Right_12, 194.12, 46.24, 1.79999
PHY_EDGE_ROW_13_Right_13, 194.12, 46.24, 1.79999
input5, 194.12, 46.24, 1.79999
FILLER_0_14_21, 13.68, 46.24, 1.79996
FILLER_0_13_51, 34.64, 46.24, 1.79998
FILLER_0_14_77, 34.64, 46.24, 1.79998
FILLER_0_13_105, 47.44, 46.24, 1.79998
FILLER_0_12_133, 73.04, 46.24, 1.79998
FILLER_0_13_161, 85.84, 46.24, 1.79998
FILLER_0_12_189, 98.64, 46.24, 1.79999
FILLER_0_13_217, 111.44, 46.24, 1.79999
FILLER_0_12_245, 124.24, 46.24, 1.79999
FILLER_0_13_273, 137.04, 46.24, 1.79999
FILLER_0_12_301, 149.84, 46.24, 1.79999
FILLER_0_13_329, 162.64, 46.24, 1.79999
FILLER_0_13_385, 184.78, 46.24, 1.79999
PHY_EDGE_ROW_10_Left_75, 5.52, 40.8, 1.8
PHY_EDGE_ROW_11_Left_76, 5.52, 40.8, 1.8
PHY_EDGE_ROW_10_Right_10, 194.12, 40.8, 1.8
PHY_EDGE_ROW_11_Right_11, 194.12, 40.8, 1.8
FILLER_0_10_401, 194.12, 40.8, 1.8
FILLER_0_11_51, 34.64, 40.8, 1.8
FILLER_0_12_77, 34.64, 40.8, 1.8
FILLER_0_11_105, 47.44, 40.8, 1.8
FILLER_0_10_133, 73.04, 40.8, 1.8
FILLER_0_11_161, 85.84, 40.8, 1.8
FILLER_0_10_189, 98.64, 40.8, 1.8
FILLER_0_11_217, 111.44, 40.8, 1.8
FILLER_0_10_245, 124.24, 40.8, 1.8
FILLER_0_11_273, 137.04, 40.8, 1.8
FILLER_0_10_301, 149.84, 40.8, 1.8
FILLER_0_11_329, 162.64, 40.8, 1.8
FILLER_0_11_385, 184.78, 40.8, 1.8
PHY_EDGE_ROW_8_Left_73, 5.52, 35.36, 1.8
PHY_EDGE_ROW_9_Left_74, 5.52, 35.36, 1.8
PHY_EDGE_ROW_8_Right_8, 194.12, 35.36, 1.8
PHY_EDGE_ROW_9_Right_9, 194.12, 35.36, 1.8
FILLER_0_8_401, 194.12, 35.36, 1.8
FILLER_0_9_51, 34.64, 35.36, 1.8
FILLER_0_10_77, 34.64, 35.36, 1.8
FILLER_0_9_105, 47.44, 35.36, 1.8
FILLER_0_8_133, 73.04, 35.36, 1.8
FILLER_0_9_161, 85.84, 35.36, 1.8
FILLER_0_8_189, 98.64, 35.36, 1.8
FILLER_0_9_217, 111.44, 35.36, 1.8
FILLER_0_8_245, 124.24, 35.36, 1.8
FILLER_0_9_273, 137.04, 35.36, 1.8
FILLER_0_8_301, 149.84, 35.36, 1.8
FILLER_0_9_329, 162.64, 35.36, 1.8
FILLER_0_9_385, 184.78, 35.36, 1.8
PHY_EDGE_ROW_6_Left_71, 5.52, 29.92, 1.79995
PHY_EDGE_ROW_7_Left_72, 5.52, 29.92, 1.79995
output22, 5.52, 29.92, 1.79995
PHY_EDGE_ROW_6_Right_6, 194.12, 29.92, 1.79999
PHY_EDGE_ROW_7_Right_7, 194.12, 29.92, 1.79999
input14, 194.12, 29.92, 1.79999
FILLER_0_6_401, 194.12, 29.92, 1.79999
FILLER_0_7_53, 34.64, 29.92, 1.79998
FILLER_0_8_77, 34.64, 29.92, 1.79998
FILLER_0_7_105, 47.44, 29.92, 1.79998
FILLER_0_6_133, 73.04, 29.92, 1.79999
FILLER_0_7_161, 85.84, 29.92, 1.79999
FILLER_0_6_189, 98.64, 29.92, 1.79999
FILLER_0_7_217, 111.44, 29.92, 1.79999
FILLER_0_6_245, 124.24, 29.92, 1.79999
FILLER_0_7_273, 137.04, 29.92, 1.79999
FILLER_0_6_301, 149.84, 29.92, 1.79999
FILLER_0_7_329, 162.64, 29.92, 1.8
FILLER_0_7_385, 184.78, 29.92, 1.79999
FILLER_0_7_393, 184.78, 29.92, 1.79999
PHY_EDGE_ROW_4_Left_69, 5.52, 24.48, 1.8
PHY_EDGE_ROW_5_Left_70, 5.52, 24.48, 1.8
PHY_EDGE_ROW_4_Right_4, 194.12, 24.48, 1.8
PHY_EDGE_ROW_5_Right_5, 194.12, 24.48, 1.8
FILLER_0_4_401, 194.12, 24.48, 1.8
FILLER_0_5_51, 34.64, 24.48, 1.8
FILLER_0_6_77, 34.64, 24.48, 1.8
FILLER_0_5_105, 47.44, 24.48, 1.8
FILLER_0_4_133, 73.04, 24.48, 1.8
FILLER_0_5_161, 85.84, 24.48, 1.8
FILLER_0_4_189, 98.64, 24.48, 1.8
FILLER_0_5_217, 111.44, 24.48, 1.8
FILLER_0_4_245, 124.24, 24.48, 1.8
FILLER_0_5_273, 137.04, 24.48, 1.8
FILLER_0_4_301, 149.84, 24.48, 1.8
FILLER_0_5_329, 162.64, 24.48, 1.8
FILLER_0_5_385, 184.78, 24.48, 1.8
PHY_EDGE_ROW_2_Left_67, 5.52, 19.04, 1.79999
PHY_EDGE_ROW_3_Left_68, 5.52, 19.04, 1.79999
PHY_EDGE_ROW_2_Right_2, 194.12, 19.04, 1.79999
PHY_EDGE_ROW_3_Right_3, 194.12, 19.04, 1.79999
FILLER_0_2_401, 194.12, 19.04, 1.79999
FILLER_0_3_51, 34.64, 19.04, 1.79999
FILLER_0_4_77, 34.64, 19.04, 1.79999
FILLER_0_3_105, 47.44, 19.04, 1.79999
FILLER_0_2_133, 73.04, 19.04, 1.79999
FILLER_0_3_161, 85.84, 19.04, 1.79999
FILLER_0_2_189, 98.64, 19.04, 1.79999
FILLER_0_3_217, 111.44, 19.04, 1.79999
FILLER_0_2_245, 124.24, 19.04, 1.79999
FILLER_0_3_273, 137.04, 19.04, 1.79999
FILLER_0_2_301, 149.84, 19.04, 1.79999
FILLER_0_3_329, 162.64, 19.04, 1.79999
FILLER_0_3_385, 184.78, 19.04, 1.79999
PHY_EDGE_ROW_0_Left_65, 5.52, 13.6, 1.79983
PHY_EDGE_ROW_1_Left_66, 5.52, 13.6, 1.79983
input10, 5.52, 13.6, 1.79983
output32, 5.52, 13.6, 1.79983
PHY_EDGE_ROW_0_Right_0, 194.12, 13.6, 1.79989
PHY_EDGE_ROW_1_Right_1, 194.12, 13.6, 1.79989
input8, 194.12, 13.6, 1.79989
input12, 194.12, 13.6, 1.79989
output31, 13.68, 13.6, 1.79985
ANTENNA_2, 13.68, 13.6, 1.79985
FILLER_0_0_9, 13.68, 13.6, 1.79985
FILLER_0_0_23, 13.68, 13.6, 1.79985
output40, 34.64, 13.6, 1.79981
FILLER_0_0_53, 34.64, 13.6, 1.79981
FILLER_0_0_75, 34.64, 13.6, 1.79981
FILLER_0_2_77, 34.64, 13.6, 1.79981
output41, 47.44, 13.6, 1.79976
FILLER_0_0_105, 47.44, 13.6, 1.79976
FILLER_0_1_105, 47.44, 13.6, 1.79976
output35, 60.24, 13.6, 1.79972
output26, 73.04, 13.6, 1.79971
ANTENNA_1, 73.04, 13.6, 1.79971
FILLER_0_0_133, 73.04, 13.6, 1.79971
FILLER_0_0_141, 73.04, 13.6, 1.79971
output44, 85.84, 13.6, 1.79972
FILLER_0_0_181, 85.84, 13.6, 1.79972
FILLER_0_1_161, 85.84, 13.6, 1.79972
FILLER_0_0_191, 98.64, 13.6, 1.79973
input4, 111.44, 13.6, 1.79974
FILLER_0_0_221, 111.44, 13.6, 1.79974
FILLER_0_0_243, 111.44, 13.6, 1.79974
FILLER_0_1_217, 111.44, 13.6, 1.79974
output49, 124.24, 13.6, 1.79976
FILLER_0_0_271, 124.24, 13.6, 1.79976
input2, 137.04, 13.6, 1.7998
FILLER_0_1_273, 137.04, 13.6, 1.7998
input1, 149.84, 13.6, 1.79984
FILLER_0_0_301, 149.84, 13.6, 1.79984
FILLER_0_0_309, 149.84, 13.6, 1.79984
output19, 162.64, 13.6, 1.79988
FILLER_0_0_349, 162.64, 13.6, 1.79988
FILLER_0_1_329, 162.64, 13.6, 1.79988
output37, 184.78, 13.6, 1.7999
FILLER_0_0_387, 184.78, 13.6, 1.7999
FILLER_0_0_393, 184.78, 13.6, 1.7999
FILLER_0_1_385, 184.78, 13.6, 1.7999
FILLER_0_1_393, 184.78, 13.6, 1.7999

