Instance name,  X location,  Y location,  Voltage 
input13, 178.74, 184.96, 8.48596e-05
FILLER_0_64_383, 178.74, 184.96, 8.48596e-05
output37, 178.74, 10.88, 7.5291e-05
FILLER_0_0_377, 178.74, 10.88, 7.5291e-05
input11, 25.14, 184.96, 6.62964e-05
FILLER_0_64_53, 25.14, 184.96, 6.62964e-05
FILLER_0_63_51, 25.14, 179.52, 4.99513e-06
FILLER_0_59_51, 25.14, 168.64, 1.62151e-06
FILLER_0_57_51, 25.14, 163.2, 1.02945e-06
FILLER_0_53_51, 25.14, 152.32, 2.50437e-05
_1079_, 25.14, 146.88, 0.000125411
_1080_, 25.14, 146.88, 0.000125411
_1081_, 25.14, 146.88, 0.000125411
_1084_, 25.14, 146.88, 0.000125411
_1101_, 25.14, 146.88, 0.000125411
_1114_, 25.14, 146.88, 0.000125411
_1115_, 25.14, 146.88, 0.000125411
FILLER_0_50_52, 25.14, 146.88, 0.000125411
FILLER_0_51_44, 25.14, 146.88, 0.000125411
_1005_, 25.14, 141.44, 0.000170408
_1039_, 25.14, 141.44, 0.000170408
_1078_, 25.14, 141.44, 0.000170408
FILLER_0_47_35, 25.14, 141.44, 0.000170408
FILLER_0_48_37, 25.14, 141.44, 0.000170408
FILLER_0_48_47, 25.14, 141.44, 0.000170408
FILLER_0_49_51, 25.14, 141.44, 0.000170408
_1048_, 25.14, 136, 0.00013418
_1076_, 25.14, 136, 0.00013418
_1077_, 25.14, 136, 0.00013418
FILLER_0_46_46, 25.14, 136, 0.00013418
FILLER_0_47_53, 25.14, 136, 0.00013418
_1044_, 25.14, 130.56, 0.000142283
_1046_, 25.14, 130.56, 0.000142283
_1070_, 25.14, 130.56, 0.000142283
_1085_, 25.14, 130.56, 0.000142283
FILLER_0_44_44, 25.14, 130.56, 0.000142283
FILLER_0_45_46, 25.14, 130.56, 0.000142283
_0730_, 25.14, 125.12, 0.00015006
_0769_, 25.14, 125.12, 0.00015006
_0774_, 25.14, 125.12, 0.00015006
_0809_, 25.14, 125.12, 0.00015006
_0866_, 25.14, 125.12, 0.00015006
_1045_, 25.14, 125.12, 0.00015006
FILLER_0_42_48, 25.14, 125.12, 0.00015006
FILLER_0_42_56, 25.14, 125.12, 0.00015006
FILLER_0_43_53, 25.14, 125.12, 0.00015006
_0916_, 25.14, 119.68, 0.000198884
_0917_, 25.14, 119.68, 0.000198884
_0926_, 25.14, 119.68, 0.000198884
_0966_, 25.14, 119.68, 0.000198884
FILLER_0_40_45, 25.14, 119.68, 0.000198884
FILLER_0_41_51, 25.14, 119.68, 0.000198884
_0659_, 25.14, 114.24, 0.000161227
_0928_, 25.14, 114.24, 0.000161227
_0929_, 25.14, 114.24, 0.000161227
FILLER_0_38_38, 25.14, 114.24, 0.000161227
FILLER_0_38_50, 25.14, 114.24, 0.000161227
FILLER_0_39_47, 25.14, 114.24, 0.000161227
_0927_, 25.14, 108.8, 0.000227011
rebuffer2, 25.14, 108.8, 0.000227011
FILLER_0_35_40, 25.14, 108.8, 0.000227011
FILLER_0_36_32, 25.14, 108.8, 0.000227011
FILLER_0_36_50, 25.14, 108.8, 0.000227011
FILLER_0_37_46, 25.14, 108.8, 0.000227011
_0878_, 25.14, 103.36, 0.000185865
_0879_, 25.14, 103.36, 0.000185865
_0882_, 25.14, 103.36, 0.000185865
split3, 25.14, 103.36, 0.000185865
FILLER_0_34_37, 25.14, 103.36, 0.000185865
FILLER_0_35_46, 25.14, 103.36, 0.000185865
_0817_, 25.14, 97.92, 0.000143015
_0818_, 25.14, 97.92, 0.000143015
_0820_, 25.14, 97.92, 0.000143015
_0822_, 25.14, 97.92, 0.000143015
_0857_, 25.14, 97.92, 0.000143015
FILLER_0_33_51, 25.14, 97.92, 0.000143015
_0819_, 25.14, 92.48, 0.000182132
_0782_, 25.14, 87.04, 0.000144274
_0827_, 25.14, 87.04, 0.000144274
_0828_, 25.14, 87.04, 0.000144274
_0880_, 25.14, 87.04, 0.000144274
FILLER_0_28_39, 25.14, 87.04, 0.000144274
_0784_, 25.14, 81.6, 0.000176146
_0785_, 25.14, 81.6, 0.000176146
FILLER_0_26_36, 25.14, 81.6, 0.000176146
FILLER_0_27_51, 25.14, 81.6, 0.000176146
_0737_, 25.14, 76.16, 0.000138299
_0739_, 25.14, 76.16, 0.000138299
_0744_, 25.14, 76.16, 0.000138299
_0783_, 25.14, 76.16, 0.000138299
FILLER_0_24_37, 25.14, 76.16, 0.000138299
FILLER_0_25_52, 25.14, 76.16, 0.000138299
_0740_, 25.14, 70.72, 0.000104621
_0741_, 25.14, 70.72, 0.000104621
FILLER_0_21_38, 25.14, 70.72, 0.000104621
FILLER_0_22_37, 25.14, 70.72, 0.000104621
FILLER_0_23_52, 25.14, 70.72, 0.000104621
_0678_, 25.14, 65.28, 6.19302e-05
_0680_, 25.14, 65.28, 6.19302e-05
_0681_, 25.14, 65.28, 6.19302e-05
_0710_, 25.14, 65.28, 6.19302e-05
FILLER_0_19_35, 25.14, 65.28, 6.19302e-05
FILLER_0_21_49, 25.14, 65.28, 6.19302e-05
_0644_, 25.14, 59.84, 2.65914e-05
_0677_, 25.14, 59.84, 2.65914e-05
_0682_, 25.14, 59.84, 2.65914e-05
_0683_, 25.14, 59.84, 2.65914e-05
FILLER_0_18_41, 25.14, 59.84, 2.65914e-05
FILLER_0_19_53, 25.14, 59.84, 2.65914e-05
FILLER_0_17_51, 25.14, 54.4, 3.65602e-05
FILLER_0_15_51, 25.14, 48.96, 3.1423e-05
FILLER_0_13_51, 25.14, 43.52, 2.79346e-06
FILLER_0_11_51, 25.14, 38.08, 1.69104e-06
FILLER_0_9_51, 25.14, 32.64, 9.16575e-07
FILLER_0_7_45, 25.14, 27.2, 1.78746e-05
FILLER_0_7_53, 25.14, 27.2, 1.78746e-05
FILLER_0_5_51, 25.14, 21.76, 5.97966e-06
FILLER_0_3_51, 25.14, 16.32, 1.19661e-05
FILLER_0_0_53, 25.14, 10.88, 0.000118253
PHY_EDGE_ROW_63_Left_128, 5.52, 184.96, 7.30618e-05
PHY_EDGE_ROW_64_Left_129, 5.52, 184.96, 7.30618e-05
input7, 5.52, 184.96, 7.30618e-05
input17, 5.52, 184.96, 7.30618e-05
PHY_EDGE_ROW_63_Right_63, 194.12, 184.96, 9.93853e-05
PHY_EDGE_ROW_64_Right_64, 194.12, 184.96, 9.93853e-05
FILLER_0_64_403, 194.12, 184.96, 9.93853e-05
FILLER_0_64_23, 15.33, 184.96, 6.96791e-05
FILLER_0_64_29, 15.33, 184.96, 6.96791e-05
input16, 37.94, 184.96, 0.000136453
FILLER_0_64_69, 37.94, 184.96, 0.000136453
FILLER_0_64_77, 37.94, 184.96, 0.000136453
output47, 50.74, 184.96, 0.000203941
FILLER_0_64_97, 50.74, 184.96, 0.000203941
FILLER_0_64_107, 50.74, 184.96, 0.000203941
FILLER_0_64_137, 63.54, 184.96, 0.000260703
output48, 76.34, 184.96, 0.000317464
FILLER_0_64_159, 76.34, 184.96, 0.000317464
output24, 89.14, 184.96, 0.000358041
FILLER_0_64_189, 89.14, 184.96, 0.000358041
output38, 101.94, 184.96, 0.000377398
FILLER_0_64_197, 101.94, 184.96, 0.000377398
output29, 114.74, 184.96, 0.000370391
FILLER_0_64_225, 114.74, 184.96, 0.000370391
output25, 127.54, 184.96, 0.000337047
FILLER_0_64_265, 127.54, 184.96, 0.000337047
FILLER_0_64_275, 127.54, 184.96, 0.000337047
FILLER_0_64_305, 140.34, 184.96, 0.000277367
input9, 153.14, 184.96, 0.000217687
FILLER_0_64_327, 153.14, 184.96, 0.000217687
output30, 165.94, 184.96, 0.000154602
FILLER_0_64_357, 165.94, 184.96, 0.000154602
output20, 186.43, 184.96, 9.93853e-05
FILLER_0_63_385, 186.43, 184.96, 9.93853e-05
FILLER_0_63_393, 186.43, 184.96, 9.93853e-05
FILLER_0_64_393, 186.43, 184.96, 9.93853e-05
PHY_EDGE_ROW_61_Left_126, 5.52, 179.52, 4.99516e-06
PHY_EDGE_ROW_62_Left_127, 5.52, 179.52, 4.99516e-06
PHY_EDGE_ROW_61_Right_61, 194.12, 179.52, 1.79944e-05
PHY_EDGE_ROW_62_Right_62, 194.12, 179.52, 1.79944e-05
FILLER_0_62_77, 37.94, 179.52, 5.66595e-06
FILLER_0_63_105, 50.74, 179.52, 6.33677e-06
FILLER_0_62_133, 63.54, 179.52, 7.00757e-06
FILLER_0_63_161, 76.34, 179.52, 7.67836e-06
FILLER_0_62_189, 89.14, 179.52, 8.34914e-06
FILLER_0_63_217, 101.94, 179.52, 9.01991e-06
FILLER_0_62_245, 114.74, 179.52, 9.69067e-06
FILLER_0_63_273, 127.54, 179.52, 1.03614e-05
FILLER_0_62_301, 140.34, 179.52, 1.10322e-05
FILLER_0_63_329, 153.14, 179.52, 1.17029e-05
FILLER_0_62_357, 165.94, 179.52, 1.23736e-05
output46, 186.43, 179.52, 1.79944e-05
FILLER_0_61_385, 186.43, 179.52, 1.79944e-05
FILLER_0_62_401, 186.43, 179.52, 1.79944e-05
PHY_EDGE_ROW_59_Left_124, 5.52, 174.08, 9.14862e-06
PHY_EDGE_ROW_60_Left_125, 5.52, 174.08, 9.14862e-06
input15, 5.52, 174.08, 9.14862e-06
PHY_EDGE_ROW_59_Right_59, 194.12, 174.08, 4.03928e-05
PHY_EDGE_ROW_60_Right_60, 194.12, 174.08, 4.03928e-05
FILLER_0_60_77, 37.94, 174.08, 7.51433e-06
FILLER_0_61_105, 50.74, 174.08, 9.07779e-06
FILLER_0_60_133, 63.54, 174.08, 1.06412e-05
FILLER_0_61_161, 76.34, 174.08, 1.22047e-05
FILLER_0_60_189, 89.14, 174.08, 1.37681e-05
FILLER_0_61_217, 101.94, 174.08, 1.53315e-05
FILLER_0_60_245, 114.74, 174.08, 1.68949e-05
FILLER_0_61_273, 127.54, 174.08, 1.84583e-05
FILLER_0_60_301, 140.34, 174.08, 2.00217e-05
FILLER_0_61_329, 153.14, 174.08, 2.15851e-05
FILLER_0_60_357, 165.94, 174.08, 2.31484e-05
output27, 186.43, 174.08, 4.03928e-05
FILLER_0_59_385, 186.43, 174.08, 4.03928e-05
PHY_EDGE_ROW_57_Left_122, 5.52, 168.64, 1.62154e-06
PHY_EDGE_ROW_58_Left_123, 5.52, 168.64, 1.62154e-06
PHY_EDGE_ROW_57_Right_57, 194.12, 168.64, 2.69585e-06
PHY_EDGE_ROW_58_Right_58, 194.12, 168.64, 2.69585e-06
FILLER_0_58_77, 37.94, 168.64, 1.71109e-06
FILLER_0_59_105, 50.74, 168.64, 1.80066e-06
FILLER_0_58_133, 63.54, 168.64, 1.89023e-06
FILLER_0_59_161, 76.34, 168.64, 1.97978e-06
FILLER_0_58_189, 89.14, 168.64, 2.06932e-06
FILLER_0_59_217, 101.94, 168.64, 2.15885e-06
FILLER_0_58_245, 114.74, 168.64, 2.24837e-06
FILLER_0_59_273, 127.54, 168.64, 2.33788e-06
FILLER_0_58_301, 140.34, 168.64, 2.42738e-06
FILLER_0_59_329, 153.14, 168.64, 2.51686e-06
FILLER_0_58_357, 165.94, 168.64, 2.60634e-06
FILLER_0_57_385, 186.43, 168.64, 2.69583e-06
FILLER_0_58_401, 186.43, 168.64, 2.69583e-06
PHY_EDGE_ROW_55_Left_120, 5.52, 163.2, 1.02948e-06
PHY_EDGE_ROW_56_Left_121, 5.52, 163.2, 1.02948e-06
PHY_EDGE_ROW_55_Right_55, 194.12, 163.2, 4.4303e-05
PHY_EDGE_ROW_56_Right_56, 194.12, 163.2, 4.4303e-05
output34, 194.12, 163.2, 4.4303e-05
FILLER_0_56_77, 37.94, 163.2, 2.34668e-06
FILLER_0_57_105, 50.74, 163.2, 3.66391e-06
FILLER_0_56_133, 63.54, 163.2, 4.98112e-06
FILLER_0_57_161, 76.34, 163.2, 6.29832e-06
FILLER_0_56_189, 89.14, 163.2, 7.61552e-06
FILLER_0_57_217, 101.94, 163.2, 8.9327e-06
FILLER_0_56_245, 114.74, 163.2, 1.02499e-05
FILLER_0_57_273, 127.54, 163.2, 1.1567e-05
FILLER_0_56_301, 140.34, 163.2, 1.28842e-05
FILLER_0_57_329, 153.14, 163.2, 1.42013e-05
FILLER_0_56_357, 165.94, 163.2, 1.55184e-05
FILLER_0_55_385, 186.43, 163.2, 3.05693e-05
FILLER_0_55_393, 186.43, 163.2, 3.05693e-05
FILLER_0_56_401, 186.43, 163.2, 3.05693e-05
PHY_EDGE_ROW_53_Left_118, 5.52, 157.76, 1.28294e-05
PHY_EDGE_ROW_54_Left_119, 5.52, 157.76, 1.28294e-05
input6, 5.52, 157.76, 1.28294e-05
PHY_EDGE_ROW_53_Right_53, 194.12, 157.76, 5.75098e-06
PHY_EDGE_ROW_54_Right_54, 194.12, 157.76, 5.75098e-06
FILLER_0_54_77, 37.94, 157.76, 9.0625e-06
FILLER_0_55_105, 50.74, 157.76, 8.7615e-06
FILLER_0_54_133, 63.54, 157.76, 8.46049e-06
FILLER_0_55_161, 76.34, 157.76, 8.15948e-06
FILLER_0_54_189, 89.14, 157.76, 7.85845e-06
FILLER_0_55_217, 101.94, 157.76, 7.55741e-06
FILLER_0_54_245, 114.74, 157.76, 7.25636e-06
FILLER_0_55_273, 127.54, 157.76, 6.9553e-06
FILLER_0_54_301, 140.34, 157.76, 6.65422e-06
FILLER_0_55_329, 153.14, 157.76, 6.35314e-06
FILLER_0_54_357, 165.94, 157.76, 6.05205e-06
FILLER_0_53_385, 186.43, 157.76, 5.75097e-06
FILLER_0_54_401, 186.43, 157.76, 5.75097e-06
PHY_EDGE_ROW_51_Left_116, 5.52, 152.32, 2.61784e-05
PHY_EDGE_ROW_52_Left_117, 5.52, 152.32, 2.61784e-05
PHY_EDGE_ROW_51_Right_51, 194.12, 152.32, 1.2847e-05
PHY_EDGE_ROW_52_Right_52, 194.12, 152.32, 1.2847e-05
_1131_, 15.33, 152.32, 2.61784e-05
_1087_, 37.94, 152.32, 3.56864e-05
_1102_, 37.94, 152.32, 3.56864e-05
_1117_, 37.94, 152.32, 3.56864e-05
FILLER_0_52_77, 37.94, 152.32, 3.56864e-05
_1042_, 50.74, 152.32, 3.62646e-05
_1043_, 50.74, 152.32, 3.62646e-05
FILLER_0_53_105, 50.74, 152.32, 3.62646e-05
FILLER_0_52_133, 63.54, 152.32, 3.39228e-05
FILLER_0_53_161, 76.34, 152.32, 3.15811e-05
FILLER_0_52_189, 89.14, 152.32, 2.92394e-05
FILLER_0_53_217, 101.94, 152.32, 2.68976e-05
FILLER_0_52_245, 114.74, 152.32, 2.45559e-05
FILLER_0_53_273, 127.54, 152.32, 2.22141e-05
FILLER_0_52_301, 140.34, 152.32, 1.98723e-05
FILLER_0_53_329, 153.14, 152.32, 1.75305e-05
FILLER_0_52_357, 165.94, 152.32, 1.51887e-05
FILLER_0_51_385, 186.43, 152.32, 1.28469e-05
FILLER_0_52_401, 186.43, 152.32, 1.28469e-05
PHY_EDGE_ROW_49_Left_114, 5.52, 146.88, 0.000135982
PHY_EDGE_ROW_50_Left_115, 5.52, 146.88, 0.000135982
FILLER_0_50_3, 5.52, 146.88, 0.000135982
PHY_EDGE_ROW_49_Right_49, 194.12, 146.88, 8.43876e-05
PHY_EDGE_ROW_50_Right_50, 194.12, 146.88, 8.43876e-05
_1068_, 15.33, 146.88, 0.000135981
_1069_, 15.33, 146.88, 0.000135981
_1110_, 15.33, 146.88, 0.000135981
_1111_, 15.33, 146.88, 0.000135981
_1112_, 15.33, 146.88, 0.000135981
_1113_, 15.33, 146.88, 0.000135981
_1133_, 15.33, 146.88, 0.000135981
_1040_, 37.94, 146.88, 0.000225894
_1041_, 37.94, 146.88, 0.000225894
_1082_, 37.94, 146.88, 0.000225894
_1116_, 37.94, 146.88, 0.000225894
_1118_, 37.94, 146.88, 0.000225894
_1134_, 37.94, 146.88, 0.000225894
FILLER_0_50_71, 37.94, 146.88, 0.000225894
FILLER_0_51_75, 37.94, 146.88, 0.000225894
FILLER_0_51_83, 37.94, 146.88, 0.000225894
_1006_, 50.74, 146.88, 0.000300636
_1050_, 50.74, 146.88, 0.000300636
_1083_, 50.74, 146.88, 0.000300636
FILLER_0_51_106, 50.74, 146.88, 0.000300636
_1051_, 63.54, 146.88, 0.000366031
FILLER_0_50_136, 63.54, 146.88, 0.000366031
_1119_, 76.34, 146.88, 0.000429296
FILLER_0_51_161, 76.34, 146.88, 0.000429296
_1136_, 89.14, 146.88, 0.000477498
_1144_, 89.14, 146.88, 0.000477498
FILLER_0_50_177, 89.14, 146.88, 0.000477498
FILLER_0_50_188, 89.14, 146.88, 0.000477498
_1140_, 101.94, 146.88, 0.000503754
_1277_, 101.94, 146.88, 0.000503754
FILLER_0_51_217, 101.94, 146.88, 0.000503754
_1279_, 114.74, 146.88, 0.000488115
FILLER_0_50_245, 114.74, 146.88, 0.000488115
_1281_, 127.54, 146.88, 0.000432343
FILLER_0_51_273, 127.54, 146.88, 0.000432343
FILLER_0_50_301, 140.34, 146.88, 0.000345354
FILLER_0_51_329, 153.14, 146.88, 0.000258365
FILLER_0_50_357, 165.94, 146.88, 0.000171376
FILLER_0_49_385, 186.43, 146.88, 8.43876e-05
FILLER_0_49_393, 186.43, 146.88, 8.43876e-05
FILLER_0_50_401, 186.43, 146.88, 8.43876e-05
_1109_, 5.52, 141.44, 0.000213031
PHY_EDGE_ROW_47_Left_112, 5.52, 141.44, 0.000213031
PHY_EDGE_ROW_48_Left_113, 5.52, 141.44, 0.000213031
output42, 5.52, 141.44, 0.000213031
PHY_EDGE_ROW_47_Right_47, 194.12, 141.44, 0.000145475
PHY_EDGE_ROW_48_Right_48, 194.12, 141.44, 0.000145475
_1066_, 15.33, 141.44, 0.000193314
_1067_, 15.33, 141.44, 0.000193314
_1130_, 15.33, 141.44, 0.000193314
FILLER_0_48_15, 15.33, 141.44, 0.000193314
FILLER_0_48_29, 15.33, 141.44, 0.000193314
_1002_, 37.94, 141.44, 0.000322263
_1037_, 37.94, 141.44, 0.000322263
FILLER_0_47_57, 37.94, 141.44, 0.000322263
FILLER_0_47_67, 37.94, 141.44, 0.000322263
FILLER_0_48_81, 37.94, 141.44, 0.000322263
FILLER_0_49_77, 37.94, 141.44, 0.000322263
_1008_, 50.74, 141.44, 0.000471228
_1035_, 50.74, 141.44, 0.000471228
FILLER_0_48_97, 50.74, 141.44, 0.000471228
FILLER_0_49_105, 50.74, 141.44, 0.000471228
_1036_, 63.54, 141.44, 0.000616004
_1052_, 63.54, 141.44, 0.000616004
_1053_, 63.54, 141.44, 0.000616004
_1054_, 63.54, 141.44, 0.000616004
_1065_, 63.54, 141.44, 0.000616004
_1088_, 63.54, 141.44, 0.000616004
_1089_, 63.54, 141.44, 0.000616004
FILLER_0_47_119, 63.54, 141.44, 0.000616004
_1090_, 76.34, 141.44, 0.000736089
_1135_, 76.34, 141.44, 0.000736089
_1276_, 76.34, 141.44, 0.000736089
FILLER_0_47_151, 76.34, 141.44, 0.000736089
_1120_, 89.14, 141.44, 0.000789703
_1128_, 89.14, 141.44, 0.000789703
_1137_, 89.14, 141.44, 0.000789703
_1138_, 89.14, 141.44, 0.000789703
_1145_, 89.14, 141.44, 0.000789703
FILLER_0_48_182, 89.14, 141.44, 0.000789703
FILLER_0_48_190, 89.14, 141.44, 0.000789703
_1139_, 101.94, 141.44, 0.00077765
_1143_, 101.94, 141.44, 0.00077765
_1152_, 101.94, 141.44, 0.00077765
_1158_, 101.94, 141.44, 0.00077765
FILLER_0_48_216, 101.94, 141.44, 0.00077765
FILLER_0_49_221, 101.94, 141.44, 0.00077765
_1157_, 114.74, 141.44, 0.000705986
_1168_, 114.74, 141.44, 0.000705986
_1170_, 114.74, 141.44, 0.000705986
FILLER_0_48_240, 114.74, 141.44, 0.000705986
_1171_, 127.54, 141.44, 0.000598975
_1172_, 127.54, 141.44, 0.000598975
FILLER_0_49_271, 127.54, 141.44, 0.000598975
FILLER_0_48_302, 140.34, 141.44, 0.00048167
FILLER_0_49_329, 153.14, 141.44, 0.000364364
FILLER_0_48_357, 165.94, 141.44, 0.000247058
output28, 186.43, 141.44, 0.000145475
FILLER_0_47_385, 186.43, 141.44, 0.000145475
FILLER_0_48_401, 186.43, 141.44, 0.000145475
PHY_EDGE_ROW_45_Left_110, 5.52, 136, 0.000140215
PHY_EDGE_ROW_46_Left_111, 5.52, 136, 0.000140215
FILLER_0_46_3, 5.52, 136, 0.000140215
PHY_EDGE_ROW_45_Right_45, 194.12, 136, 0.000114746
PHY_EDGE_ROW_46_Right_46, 194.12, 136, 0.000114746
_1075_, 15.33, 136, 0.000140215
_1103_, 15.33, 136, 0.000140215
_1106_, 15.33, 136, 0.000140215
_1108_, 15.33, 136, 0.000140215
_1132_, 15.33, 136, 0.000140215
FILLER_0_45_15, 15.33, 136, 0.000140215
FILLER_0_47_27, 15.33, 136, 0.000140215
_1038_, 37.94, 136, 0.000274686
_1047_, 37.94, 136, 0.000274686
_1049_, 37.94, 136, 0.000274686
_1086_, 37.94, 136, 0.000274686
FILLER_0_46_60, 37.94, 136, 0.000274686
_0997_, 50.74, 136, 0.000410341
_0998_, 50.74, 136, 0.000410341
_1009_, 50.74, 136, 0.000410341
_1033_, 50.74, 136, 0.000410341
_1034_, 50.74, 136, 0.000410341
FILLER_0_46_85, 50.74, 136, 0.000410341
FILLER_0_46_105, 50.74, 136, 0.000410341
FILLER_0_47_106, 50.74, 136, 0.000410341
_1091_, 63.54, 136, 0.00053695
_1099_, 63.54, 136, 0.00053695
FILLER_0_45_125, 63.54, 136, 0.00053695
FILLER_0_46_130, 63.54, 136, 0.00053695
FILLER_0_47_135, 63.54, 136, 0.00053695
_1093_, 76.34, 136, 0.000655908
_1100_, 76.34, 136, 0.000655908
_1129_, 76.34, 136, 0.000655908
FILLER_0_47_163, 76.34, 136, 0.000655908
_1125_, 89.14, 136, 0.000739656
_1126_, 89.14, 136, 0.000739656
_1127_, 89.14, 136, 0.000739656
_1146_, 89.14, 136, 0.000739656
FILLER_0_45_169, 89.14, 136, 0.000739656
FILLER_0_46_187, 89.14, 136, 0.000739656
FILLER_0_47_192, 89.14, 136, 0.000739656
_1147_, 101.94, 136, 0.000748059
_1156_, 101.94, 136, 0.000748059
_1160_, 101.94, 136, 0.000748059
FILLER_0_45_205, 101.94, 136, 0.000748059
FILLER_0_46_209, 101.94, 136, 0.000748059
FILLER_0_47_218, 101.94, 136, 0.000748059
_1159_, 114.74, 136, 0.000712312
_1161_, 114.74, 136, 0.000712312
_1177_, 114.74, 136, 0.000712312
FILLER_0_46_242, 114.74, 136, 0.000712312
_1165_, 127.54, 136, 0.000640816
_1167_, 127.54, 136, 0.000640816
_1169_, 127.54, 136, 0.000640816
_1280_, 127.54, 136, 0.000640816
FILLER_0_47_273, 127.54, 136, 0.000640816
FILLER_0_46_301, 140.34, 136, 0.000509298
FILLER_0_47_329, 153.14, 136, 0.000377781
FILLER_0_46_357, 165.94, 136, 0.000246263
FILLER_0_45_385, 186.43, 136, 0.000114746
FILLER_0_46_401, 186.43, 136, 0.000114746
PHY_EDGE_ROW_43_Left_108, 5.52, 130.56, 0.000144484
PHY_EDGE_ROW_44_Left_109, 5.52, 130.56, 0.000144484
PHY_EDGE_ROW_43_Right_43, 194.12, 130.56, 0.0001475
PHY_EDGE_ROW_44_Right_44, 194.12, 130.56, 0.0001475
_1074_, 15.33, 130.56, 0.000144484
_1104_, 15.33, 130.56, 0.000144484
_1105_, 15.33, 130.56, 0.000144484
_1107_, 15.33, 130.56, 0.000144484
FILLER_0_43_15, 15.33, 130.56, 0.000144484
FILLER_0_45_27, 15.33, 130.56, 0.000144484
_0994_, 37.94, 130.56, 0.000317081
_0995_, 37.94, 130.56, 0.000317081
_0996_, 37.94, 130.56, 0.000317081
_1000_, 37.94, 130.56, 0.000317081
_1001_, 37.94, 130.56, 0.000317081
FILLER_0_45_73, 37.94, 130.56, 0.000317081
FILLER_0_45_84, 37.94, 130.56, 0.000317081
_0959_, 50.74, 130.56, 0.00048644
_0965_, 50.74, 130.56, 0.00048644
_1007_, 50.74, 130.56, 0.00048644
FILLER_0_44_85, 50.74, 130.56, 0.00048644
FILLER_0_44_93, 50.74, 130.56, 0.00048644
_1010_, 63.54, 130.56, 0.000650319
_1013_, 63.54, 130.56, 0.000650319
_1057_, 63.54, 130.56, 0.000650319
FILLER_0_43_120, 63.54, 130.56, 0.000650319
FILLER_0_44_136, 63.54, 130.56, 0.000650319
_1092_, 76.34, 130.56, 0.000793413
_1094_, 76.34, 130.56, 0.000793413
_1122_, 76.34, 130.56, 0.000793413
FILLER_0_43_150, 76.34, 130.56, 0.000793413
FILLER_0_44_153, 76.34, 130.56, 0.000793413
FILLER_0_45_163, 76.34, 130.56, 0.000793413
_1124_, 89.14, 130.56, 0.000908065
_1141_, 89.14, 130.56, 0.000908065
_1142_, 89.14, 130.56, 0.000908065
hold10, 89.14, 130.56, 0.000908065
FILLER_0_43_169, 89.14, 130.56, 0.000908065
FILLER_0_44_176, 89.14, 130.56, 0.000908065
FILLER_0_44_193, 89.14, 130.56, 0.000908065
FILLER_0_45_194, 89.14, 130.56, 0.000908065
_1148_, 101.94, 130.56, 0.000984089
_1149_, 101.94, 130.56, 0.000984089
_1150_, 101.94, 130.56, 0.000984089
_1155_, 101.94, 130.56, 0.000984089
_1278_, 101.94, 130.56, 0.000984089
FILLER_0_43_204, 101.94, 130.56, 0.000984089
FILLER_0_44_197, 101.94, 130.56, 0.000984089
FILLER_0_44_219, 101.94, 130.56, 0.000984089
FILLER_0_45_219, 101.94, 130.56, 0.000984089
_1162_, 114.74, 130.56, 0.000980562
_1163_, 114.74, 130.56, 0.000980562
_1164_, 114.74, 130.56, 0.000980562
_1166_, 114.74, 130.56, 0.000980562
_1176_, 114.74, 130.56, 0.000980562
_1178_, 114.74, 130.56, 0.000980562
hold12, 114.74, 130.56, 0.000980562
FILLER_0_44_235, 114.74, 130.56, 0.000980562
_1153_, 127.54, 130.56, 0.000866227
_1198_, 127.54, 130.56, 0.000866227
FILLER_0_43_253, 127.54, 130.56, 0.000866227
FILLER_0_44_253, 127.54, 130.56, 0.000866227
FILLER_0_45_273, 127.54, 130.56, 0.000866227
_1285_, 140.34, 130.56, 0.000713719
FILLER_0_44_299, 140.34, 130.56, 0.000713719
FILLER_0_45_329, 153.14, 130.56, 0.000524979
FILLER_0_44_357, 165.94, 130.56, 0.00033624
FILLER_0_43_385, 186.43, 130.56, 0.0001475
FILLER_0_44_401, 186.43, 130.56, 0.0001475
PHY_EDGE_ROW_41_Left_106, 5.52, 125.12, 0.000155036
PHY_EDGE_ROW_42_Left_107, 5.52, 125.12, 0.000155036
input3, 5.52, 125.12, 0.000155036
PHY_EDGE_ROW_41_Right_41, 194.12, 125.12, 0.000144564
PHY_EDGE_ROW_42_Right_42, 194.12, 125.12, 0.000144564
_1071_, 15.33, 125.12, 0.000153098
_1072_, 15.33, 125.12, 0.000153098
_1073_, 15.33, 125.12, 0.000153098
FILLER_0_42_19, 15.33, 125.12, 0.000153098
_0913_, 37.94, 125.12, 0.000295774
_0956_, 37.94, 125.12, 0.000295774
_0958_, 37.94, 125.12, 0.000295774
_0993_, 37.94, 125.12, 0.000295774
_0999_, 37.94, 125.12, 0.000295774
FILLER_0_41_60, 37.94, 125.12, 0.000295774
FILLER_0_42_75, 37.94, 125.12, 0.000295774
FILLER_0_43_74, 37.94, 125.12, 0.000295774
_0957_, 50.74, 125.12, 0.000436579
_0967_, 50.74, 125.12, 0.000436579
_0992_, 50.74, 125.12, 0.000436579
_1011_, 50.74, 125.12, 0.000436579
FILLER_0_42_102, 50.74, 125.12, 0.000436579
FILLER_0_43_104, 50.74, 125.12, 0.000436579
_0968_, 63.54, 125.12, 0.000569895
_1012_, 63.54, 125.12, 0.000569895
_1014_, 63.54, 125.12, 0.000569895
_1055_, 63.54, 125.12, 0.000569895
_1056_, 63.54, 125.12, 0.000569895
FILLER_0_41_113, 63.54, 125.12, 0.000569895
FILLER_0_42_125, 63.54, 125.12, 0.000569895
_1058_, 76.34, 125.12, 0.000678936
_1059_, 76.34, 125.12, 0.000678936
_1061_, 76.34, 125.12, 0.000678936
_1123_, 76.34, 125.12, 0.000678936
FILLER_0_42_150, 76.34, 125.12, 0.000678936
FILLER_0_43_158, 76.34, 125.12, 0.000678936
FILLER_0_43_165, 76.34, 125.12, 0.000678936
_1096_, 89.14, 125.12, 0.000732959
_1097_, 89.14, 125.12, 0.000732959
_1098_, 89.14, 125.12, 0.000732959
_1121_, 89.14, 125.12, 0.000732959
_1275_, 89.14, 125.12, 0.000732959
FILLER_0_42_178, 89.14, 125.12, 0.000732959
_0635_, 101.94, 125.12, 0.000695984
_0654_, 101.94, 125.12, 0.000695984
_1151_, 101.94, 125.12, 0.000695984
FILLER_0_42_206, 101.94, 125.12, 0.000695984
_1200_, 114.74, 125.12, 0.00064891
_1201_, 114.74, 125.12, 0.00064891
_1202_, 114.74, 125.12, 0.00064891
FILLER_0_41_225, 114.74, 125.12, 0.00064891
FILLER_0_42_229, 114.74, 125.12, 0.00064891
FILLER_0_42_249, 114.74, 125.12, 0.00064891
_1195_, 127.54, 125.12, 0.000579796
_1197_, 127.54, 125.12, 0.000579796
_1199_, 127.54, 125.12, 0.000579796
FILLER_0_41_253, 127.54, 125.12, 0.000579796
FILLER_0_41_265, 127.54, 125.12, 0.000579796
FILLER_0_42_261, 127.54, 125.12, 0.000579796
FILLER_0_42_298, 140.34, 125.12, 0.000467079
FILLER_0_43_333, 153.14, 125.12, 0.000354362
FILLER_0_42_357, 165.94, 125.12, 0.000241644
output36, 186.43, 125.12, 0.000144564
FILLER_0_41_385, 186.43, 125.12, 0.000144564
PHY_EDGE_ROW_39_Left_104, 5.52, 119.68, 0.000199824
PHY_EDGE_ROW_40_Left_105, 5.52, 119.68, 0.000199824
PHY_EDGE_ROW_39_Right_39, 194.12, 119.68, 0.000187028
PHY_EDGE_ROW_40_Right_40, 194.12, 119.68, 0.000187028
_0925_, 15.33, 119.68, 0.000199824
FILLER_0_40_15, 15.33, 119.68, 0.000199824
FILLER_0_40_29, 15.33, 119.68, 0.000199824
FILLER_0_41_27, 15.33, 119.68, 0.000199824
_0701_, 37.94, 119.68, 0.000395557
_0914_, 37.94, 119.68, 0.000395557
_0915_, 37.94, 119.68, 0.000395557
_0949_, 37.94, 119.68, 0.000395557
_0951_, 37.94, 119.68, 0.000395557
_0955_, 37.94, 119.68, 0.000395557
FILLER_0_39_62, 37.94, 119.68, 0.000395557
FILLER_0_40_72, 37.94, 119.68, 0.000395557
FILLER_0_41_83, 37.94, 119.68, 0.000395557
_0950_, 50.74, 119.68, 0.000584454
_0952_, 50.74, 119.68, 0.000584454
_0953_, 50.74, 119.68, 0.000584454
_0954_, 50.74, 119.68, 0.000584454
_0991_, 50.74, 119.68, 0.000584454
_0970_, 63.54, 119.68, 0.000763781
FILLER_0_39_113, 63.54, 119.68, 0.000763781
FILLER_0_40_135, 63.54, 119.68, 0.000763781
_1015_, 76.34, 119.68, 0.000931748
_1016_, 76.34, 119.68, 0.000931748
_1027_, 76.34, 119.68, 0.000931748
_1029_, 76.34, 119.68, 0.000931748
_1060_, 76.34, 119.68, 0.000931748
_1062_, 76.34, 119.68, 0.000931748
_1095_, 76.34, 119.68, 0.000931748
FILLER_0_39_142, 76.34, 119.68, 0.000931748
FILLER_0_40_157, 76.34, 119.68, 0.000931748
_1063_, 89.14, 119.68, 0.00102745
_1274_, 89.14, 119.68, 0.00102745
_0675_, 101.94, 119.68, 0.00107947
_1175_, 101.94, 119.68, 0.00107947
_1179_, 101.94, 119.68, 0.00107947
_1182_, 101.94, 119.68, 0.00107947
_1183_, 101.94, 119.68, 0.00107947
hold9, 101.94, 119.68, 0.00107947
FILLER_0_40_205, 101.94, 119.68, 0.00107947
FILLER_0_40_222, 101.94, 119.68, 0.00107947
FILLER_0_41_216, 101.94, 119.68, 0.00107947
_1187_, 114.74, 119.68, 0.00105643
_1189_, 114.74, 119.68, 0.00105643
_1190_, 114.74, 119.68, 0.00105643
_1191_, 114.74, 119.68, 0.00105643
_1192_, 114.74, 119.68, 0.00105643
FILLER_0_40_235, 114.74, 119.68, 0.00105643
FILLER_0_40_249, 114.74, 119.68, 0.00105643
_0655_, 127.54, 119.68, 0.000968517
_1193_, 127.54, 119.68, 0.000968517
_1194_, 127.54, 119.68, 0.000968517
_1196_, 127.54, 119.68, 0.000968517
_1284_, 127.54, 119.68, 0.000968517
_1287_, 127.54, 119.68, 0.000968517
FILLER_0_39_254, 127.54, 119.68, 0.000968517
FILLER_0_40_259, 127.54, 119.68, 0.000968517
FILLER_0_41_276, 127.54, 119.68, 0.000968517
FILLER_0_40_305, 140.34, 119.68, 0.000773145
FILLER_0_41_329, 153.14, 119.68, 0.000577772
FILLER_0_40_357, 165.94, 119.68, 0.0003824
FILLER_0_39_385, 186.43, 119.68, 0.000187028
FILLER_0_40_401, 186.43, 119.68, 0.000187028
_0922_, 5.52, 114.24, 0.000168672
PHY_EDGE_ROW_37_Left_102, 5.52, 114.24, 0.000168672
PHY_EDGE_ROW_38_Left_103, 5.52, 114.24, 0.000168672
FILLER_0_38_3, 5.52, 114.24, 0.000168672
PHY_EDGE_ROW_37_Right_37, 194.12, 114.24, 0.000132941
PHY_EDGE_ROW_38_Right_38, 194.12, 114.24, 0.000132941
_0918_, 15.33, 114.24, 0.000168096
_0921_, 15.33, 114.24, 0.000168096
_0923_, 15.33, 114.24, 0.000168096
_0924_, 15.33, 114.24, 0.000168096
rebuffer1, 15.33, 114.24, 0.000168096
rebuffer5, 15.33, 114.24, 0.000168096
_0633_, 37.94, 114.24, 0.000294685
_0865_, 37.94, 114.24, 0.000294685
_0868_, 37.94, 114.24, 0.000294685
FILLER_0_37_57, 37.94, 114.24, 0.000294685
FILLER_0_38_58, 37.94, 114.24, 0.000294685
FILLER_0_38_79, 37.94, 114.24, 0.000294685
FILLER_0_39_79, 37.94, 114.24, 0.000294685
_0911_, 50.74, 114.24, 0.000422545
_0969_, 50.74, 114.24, 0.000422545
FILLER_0_38_109, 50.74, 114.24, 0.000422545
FILLER_0_39_103, 50.74, 114.24, 0.000422545
_0930_, 63.54, 114.24, 0.000541788
_0931_, 63.54, 114.24, 0.000541788
_0971_, 63.54, 114.24, 0.000541788
_0989_, 63.54, 114.24, 0.000541788
FILLER_0_38_120, 63.54, 114.24, 0.000541788
_0990_, 76.34, 114.24, 0.00063654
_1017_, 76.34, 114.24, 0.00063654
_1021_, 76.34, 114.24, 0.00063654
_1028_, 76.34, 114.24, 0.00063654
FILLER_0_37_152, 76.34, 114.24, 0.00063654
FILLER_0_38_147, 76.34, 114.24, 0.00063654
FILLER_0_38_158, 76.34, 114.24, 0.00063654
FILLER_0_39_158, 76.34, 114.24, 0.00063654
_0987_, 89.14, 114.24, 0.000706634
_1022_, 89.14, 114.24, 0.000706634
_1023_, 89.14, 114.24, 0.000706634
_1025_, 89.14, 114.24, 0.000706634
_1026_, 89.14, 114.24, 0.000706634
_1064_, 89.14, 114.24, 0.000706634
FILLER_0_38_168, 89.14, 114.24, 0.000706634
FILLER_0_38_185, 89.14, 114.24, 0.000706634
FILLER_0_38_193, 89.14, 114.24, 0.000706634
FILLER_0_39_191, 89.14, 114.24, 0.000706634
_1173_, 101.94, 114.24, 0.000723472
_1174_, 101.94, 114.24, 0.000723472
_1181_, 101.94, 114.24, 0.000723472
_1184_, 101.94, 114.24, 0.000723472
FILLER_0_38_197, 101.94, 114.24, 0.000723472
FILLER_0_38_214, 101.94, 114.24, 0.000723472
FILLER_0_39_219, 101.94, 114.24, 0.000723472
_1188_, 114.74, 114.24, 0.000701516
_1203_, 114.74, 114.24, 0.000701516
_1282_, 114.74, 114.24, 0.000701516
FILLER_0_38_246, 114.74, 114.24, 0.000701516
_1215_, 127.54, 114.24, 0.000614657
_1216_, 127.54, 114.24, 0.000614657
_1217_, 127.54, 114.24, 0.000614657
_1225_, 127.54, 114.24, 0.000614657
FILLER_0_38_253, 127.54, 114.24, 0.000614657
FILLER_0_38_301, 140.34, 114.24, 0.000494228
FILLER_0_39_329, 153.14, 114.24, 0.000373799
FILLER_0_38_357, 165.94, 114.24, 0.00025337
FILLER_0_37_385, 186.43, 114.24, 0.000132941
FILLER_0_38_401, 186.43, 114.24, 0.000132941
_0873_, 5.52, 108.8, 0.000243327
PHY_EDGE_ROW_35_Left_100, 5.52, 108.8, 0.000243327
PHY_EDGE_ROW_36_Left_101, 5.52, 108.8, 0.000243327
output45, 5.52, 108.8, 0.000243327
FILLER_0_36_3, 5.52, 108.8, 0.000243327
FILLER_0_37_9, 5.52, 108.8, 0.000243327
PHY_EDGE_ROW_35_Right_35, 194.12, 108.8, 0.000270611
PHY_EDGE_ROW_36_Right_36, 194.12, 108.8, 0.000270611
_0874_, 15.33, 108.8, 0.000236087
_0875_, 15.33, 108.8, 0.000236087
rebuffer4, 15.33, 108.8, 0.000236087
rebuffer7, 15.33, 108.8, 0.000236087
FILLER_0_37_28, 15.33, 108.8, 0.000236087
_0867_, 37.94, 108.8, 0.00045297
_0869_, 37.94, 108.8, 0.00045297
_0881_, 37.94, 108.8, 0.00045297
_0907_, 37.94, 108.8, 0.00045297
_0909_, 37.94, 108.8, 0.00045297
FILLER_0_36_79, 37.94, 108.8, 0.00045297
FILLER_0_37_82, 37.94, 108.8, 0.00045297
_0861_, 50.74, 108.8, 0.000669194
_0908_, 50.74, 108.8, 0.000669194
_0910_, 50.74, 108.8, 0.000669194
_0912_, 50.74, 108.8, 0.000669194
_0947_, 50.74, 108.8, 0.000669194
_0948_, 50.74, 108.8, 0.000669194
_0932_, 63.54, 108.8, 0.000878196
_0933_, 63.54, 108.8, 0.000878196
rebuffer6, 63.54, 108.8, 0.000878196
FILLER_0_36_116, 63.54, 108.8, 0.000878196
FILLER_0_37_139, 63.54, 108.8, 0.000878196
_0988_, 76.34, 108.8, 0.00107174
_1018_, 76.34, 108.8, 0.00107174
_1019_, 76.34, 108.8, 0.00107174
_1020_, 76.34, 108.8, 0.00107174
_1030_, 76.34, 108.8, 0.00107174
_1031_, 76.34, 108.8, 0.00107174
FILLER_0_36_155, 76.34, 108.8, 0.00107174
FILLER_0_37_165, 76.34, 108.8, 0.00107174
_0978_, 89.14, 108.8, 0.00123562
_0981_, 89.14, 108.8, 0.00123562
_0986_, 89.14, 108.8, 0.00123562
_1024_, 89.14, 108.8, 0.00123562
_1273_, 89.14, 108.8, 0.00123562
FILLER_0_36_169, 89.14, 108.8, 0.00123562
FILLER_0_36_185, 89.14, 108.8, 0.00123562
FILLER_0_36_193, 89.14, 108.8, 0.00123562
_0642_, 101.94, 108.8, 0.00134056
_1180_, 101.94, 108.8, 0.00134056
_1185_, 101.94, 108.8, 0.00134056
clkbuf_2_2__f_clk, 101.94, 108.8, 0.00134056
FILLER_0_36_222, 101.94, 108.8, 0.00134056
_1204_, 114.74, 108.8, 0.00134577
_1233_, 114.74, 108.8, 0.00134577
clkbuf_2_3__f_clk, 114.74, 108.8, 0.00134577
_1212_, 127.54, 108.8, 0.00121813
_1213_, 127.54, 108.8, 0.00121813
_1221_, 127.54, 108.8, 0.00121813
_1222_, 127.54, 108.8, 0.00121813
_1224_, 127.54, 108.8, 0.00121813
FILLER_0_36_263, 127.54, 108.8, 0.00121813
FILLER_0_37_271, 127.54, 108.8, 0.00121813
_1226_, 140.34, 108.8, 0.0010115
_1288_, 140.34, 108.8, 0.0010115
FILLER_0_36_298, 140.34, 108.8, 0.0010115
FILLER_0_37_329, 153.14, 108.8, 0.000759322
FILLER_0_36_357, 165.94, 108.8, 0.000507143
output33, 186.43, 108.8, 0.000270611
FILLER_0_35_385, 186.43, 108.8, 0.000270611
_0870_, 5.52, 103.36, 0.000194809
_0871_, 5.52, 103.36, 0.000194809
PHY_EDGE_ROW_33_Left_98, 5.52, 103.36, 0.000194809
PHY_EDGE_ROW_34_Left_99, 5.52, 103.36, 0.000194809
PHY_EDGE_ROW_33_Right_33, 194.12, 103.36, 0.000157725
PHY_EDGE_ROW_34_Right_34, 194.12, 103.36, 0.000157725
_0876_, 15.33, 103.36, 0.000193504
_0877_, 15.33, 103.36, 0.000193504
_0919_, 15.33, 103.36, 0.000193504
_0963_, 15.33, 103.36, 0.000193504
rebuffer8, 15.33, 103.36, 0.000193504
FILLER_0_34_15, 15.33, 103.36, 0.000193504
FILLER_0_34_22, 15.33, 103.36, 0.000193504
_0732_, 37.94, 103.36, 0.000373816
_0776_, 37.94, 103.36, 0.000373816
_0864_, 37.94, 103.36, 0.000373816
FILLER_0_33_57, 37.94, 103.36, 0.000373816
FILLER_0_34_57, 37.94, 103.36, 0.000373816
FILLER_0_34_74, 37.94, 103.36, 0.000373816
_0858_, 50.74, 103.36, 0.000560344
_0859_, 50.74, 103.36, 0.000560344
_0860_, 50.74, 103.36, 0.000560344
_0862_, 50.74, 103.36, 0.000560344
_0863_, 50.74, 103.36, 0.000560344
_0905_, 50.74, 103.36, 0.000560344
FILLER_0_33_90, 50.74, 103.36, 0.000560344
_0883_, 63.54, 103.36, 0.000739364
_0906_, 63.54, 103.36, 0.000739364
_0934_, 63.54, 103.36, 0.000739364
_0935_, 63.54, 103.36, 0.000739364
_0937_, 63.54, 103.36, 0.000739364
_0972_, 63.54, 103.36, 0.000739364
_0973_, 63.54, 103.36, 0.000739364
FILLER_0_34_132, 63.54, 103.36, 0.000739364
_0975_, 76.34, 103.36, 0.000871433
_0976_, 76.34, 103.36, 0.000871433
_0977_, 76.34, 103.36, 0.000871433
_0979_, 76.34, 103.36, 0.000871433
_1032_, 76.34, 103.36, 0.000871433
FILLER_0_34_141, 76.34, 103.36, 0.000871433
FILLER_0_35_161, 76.34, 103.36, 0.000871433
_0980_, 89.14, 103.36, 0.000949892
_0982_, 89.14, 103.36, 0.000949892
_0983_, 89.14, 103.36, 0.000949892
_0984_, 89.14, 103.36, 0.000949892
_0985_, 89.14, 103.36, 0.000949892
FILLER_0_34_191, 89.14, 103.36, 0.000949892
_0652_, 101.94, 103.36, 0.000983275
_1186_, 101.94, 103.36, 0.000983275
_1283_, 101.94, 103.36, 0.000983275
FILLER_0_33_208, 101.94, 103.36, 0.000983275
FILLER_0_34_197, 101.94, 103.36, 0.000983275
FILLER_0_34_206, 101.94, 103.36, 0.000983275
FILLER_0_35_219, 101.94, 103.36, 0.000983275
_1206_, 114.74, 103.36, 0.000955974
_1208_, 114.74, 103.36, 0.000955974
_1210_, 114.74, 103.36, 0.000955974
_1214_, 114.74, 103.36, 0.000955974
_1286_, 114.74, 103.36, 0.000955974
FILLER_0_35_242, 114.74, 103.36, 0.000955974
_1207_, 127.54, 103.36, 0.000847798
_1211_, 127.54, 103.36, 0.000847798
_1218_, 127.54, 103.36, 0.000847798
_1219_, 127.54, 103.36, 0.000847798
_1223_, 127.54, 103.36, 0.000847798
_1228_, 127.54, 103.36, 0.000847798
_1232_, 127.54, 103.36, 0.000847798
FILLER_0_33_261, 127.54, 103.36, 0.000847798
FILLER_0_34_259, 127.54, 103.36, 0.000847798
FILLER_0_35_276, 127.54, 103.36, 0.000847798
FILLER_0_35_332, 153.14, 103.36, 0.000502761
FILLER_0_34_357, 165.94, 103.36, 0.000330243
FILLER_0_33_385, 186.43, 103.36, 0.000157725
FILLER_0_34_401, 186.43, 103.36, 0.000157725
_0872_, 5.52, 97.92, 0.000150858
_0920_, 5.52, 97.92, 0.000150858
PHY_EDGE_ROW_31_Left_96, 5.52, 97.92, 0.000150858
PHY_EDGE_ROW_32_Left_97, 5.52, 97.92, 0.000150858
FILLER_0_32_3, 5.52, 97.92, 0.000150858
PHY_EDGE_ROW_31_Right_31, 194.12, 97.92, 0.000141842
PHY_EDGE_ROW_32_Right_32, 194.12, 97.92, 0.000141842
input18, 194.12, 97.92, 0.000141842
_0964_, 15.33, 97.92, 0.000149359
_1003_, 15.33, 97.92, 0.000149359
_1004_, 15.33, 97.92, 0.000149359
_0775_, 37.94, 97.92, 0.000312193
_0808_, 37.94, 97.92, 0.000312193
_0811_, 37.94, 97.92, 0.000312193
_0816_, 37.94, 97.92, 0.000312193
FILLER_0_31_61, 37.94, 97.92, 0.000312193
FILLER_0_32_61, 37.94, 97.92, 0.000312193
FILLER_0_32_77, 37.94, 97.92, 0.000312193
_0812_, 50.74, 97.92, 0.000477814
_0856_, 50.74, 97.92, 0.000477814
_0884_, 50.74, 97.92, 0.000477814
max_cap51, 50.74, 97.92, 0.000477814
FILLER_0_31_91, 50.74, 97.92, 0.000477814
FILLER_0_32_85, 50.74, 97.92, 0.000477814
FILLER_0_33_103, 50.74, 97.92, 0.000477814
_0885_, 63.54, 97.92, 0.000638548
_0887_, 63.54, 97.92, 0.000638548
_0936_, 63.54, 97.92, 0.000638548
FILLER_0_32_134, 63.54, 97.92, 0.000638548
FILLER_0_33_137, 63.54, 97.92, 0.000638548
_0938_, 76.34, 97.92, 0.000786703
_0939_, 76.34, 97.92, 0.000786703
_0942_, 76.34, 97.92, 0.000786703
FILLER_0_31_143, 76.34, 97.92, 0.000786703
FILLER_0_33_159, 76.34, 97.92, 0.000786703
_0943_, 89.14, 97.92, 0.000904458
_0945_, 89.14, 97.92, 0.000904458
_0946_, 89.14, 97.92, 0.000904458
_1272_, 89.14, 97.92, 0.000904458
FILLER_0_31_169, 89.14, 97.92, 0.000904458
FILLER_0_31_177, 89.14, 97.92, 0.000904458
FILLER_0_32_191, 89.14, 97.92, 0.000904458
FILLER_0_33_184, 89.14, 97.92, 0.000904458
_0653_, 101.94, 97.92, 0.000957717
_1209_, 101.94, 97.92, 0.000957717
_1263_, 101.94, 97.92, 0.000957717
clkbuf_0_clk, 101.94, 97.92, 0.000957717
FILLER_0_32_197, 101.94, 97.92, 0.000957717
FILLER_0_32_205, 101.94, 97.92, 0.000957717
FILLER_0_33_216, 101.94, 97.92, 0.000957717
_0656_, 114.74, 97.92, 0.000879822
_1205_, 114.74, 97.92, 0.000879822
FILLER_0_31_233, 114.74, 97.92, 0.000879822
FILLER_0_32_242, 114.74, 97.92, 0.000879822
FILLER_0_33_242, 114.74, 97.92, 0.000879822
_1220_, 127.54, 97.92, 0.000794072
_1227_, 127.54, 97.92, 0.000794072
_1229_, 127.54, 97.92, 0.000794072
_1230_, 127.54, 97.92, 0.000794072
FILLER_0_32_253, 127.54, 97.92, 0.000794072
FILLER_0_33_269, 127.54, 97.92, 0.000794072
FILLER_0_33_275, 127.54, 97.92, 0.000794072
_1289_, 140.34, 97.92, 0.000659429
FILLER_0_32_299, 140.34, 97.92, 0.000659429
FILLER_0_33_329, 153.14, 97.92, 0.000485677
FILLER_0_32_357, 165.94, 97.92, 0.000311925
FILLER_0_31_385, 186.43, 97.92, 0.000140008
FILLER_0_31_393, 186.43, 97.92, 0.000140008
FILLER_0_32_401, 186.43, 97.92, 0.000140008
PHY_EDGE_ROW_29_Left_94, 5.52, 92.48, 0.000225115
PHY_EDGE_ROW_30_Left_95, 5.52, 92.48, 0.000225115
output21, 5.52, 92.48, 0.000225115
FILLER_0_31_9, 5.52, 92.48, 0.000225115
PHY_EDGE_ROW_29_Right_29, 194.12, 92.48, 0.000151347
PHY_EDGE_ROW_30_Right_30, 194.12, 92.48, 0.000151347
_0821_, 15.33, 92.48, 0.000205133
_0823_, 15.33, 92.48, 0.000205133
_0960_, 15.33, 92.48, 0.000205133
_0962_, 15.33, 92.48, 0.000205133
FILLER_0_29_15, 15.33, 92.48, 0.000205133
_0777_, 37.94, 92.48, 0.000355145
_0778_, 37.94, 92.48, 0.000355145
_0810_, 37.94, 92.48, 0.000355145
FILLER_0_29_69, 37.94, 92.48, 0.000355145
FILLER_0_31_81, 37.94, 92.48, 0.000355145
_0813_, 50.74, 92.48, 0.000523509
_0814_, 50.74, 92.48, 0.000523509
_0815_, 50.74, 92.48, 0.000523509
_0854_, 50.74, 92.48, 0.000523509
FILLER_0_29_87, 50.74, 92.48, 0.000523509
FILLER_0_29_97, 50.74, 92.48, 0.000523509
FILLER_0_30_106, 50.74, 92.48, 0.000523509
_0886_, 63.54, 92.48, 0.000686117
_0888_, 63.54, 92.48, 0.000686117
_0889_, 63.54, 92.48, 0.000686117
FILLER_0_29_125, 63.54, 92.48, 0.000686117
_0891_, 76.34, 92.48, 0.000828842
_0893_, 76.34, 92.48, 0.000828842
_0904_, 76.34, 92.48, 0.000828842
_0940_, 76.34, 92.48, 0.000828842
_0941_, 76.34, 92.48, 0.000828842
_0974_, 76.34, 92.48, 0.000828842
_1269_, 76.34, 92.48, 0.000828842
FILLER_0_30_153, 76.34, 92.48, 0.000828842
FILLER_0_31_159, 76.34, 92.48, 0.000828842
_0842_, 89.14, 92.48, 0.000913189
_0944_, 89.14, 92.48, 0.000913189
_1271_, 89.14, 92.48, 0.000913189
FILLER_0_29_172, 89.14, 92.48, 0.000913189
FILLER_0_29_180, 89.14, 92.48, 0.000913189
FILLER_0_30_190, 89.14, 92.48, 0.000913189
_0902_, 101.94, 92.48, 0.000955078
_1246_, 101.94, 92.48, 0.000955078
_1291_, 101.94, 92.48, 0.000955078
FILLER_0_30_197, 101.94, 92.48, 0.000955078
_1234_, 114.74, 92.48, 0.000936886
_1238_, 114.74, 92.48, 0.000936886
_1239_, 114.74, 92.48, 0.000936886
_1245_, 114.74, 92.48, 0.000936886
_1247_, 114.74, 92.48, 0.000936886
_1248_, 114.74, 92.48, 0.000936886
FILLER_0_29_232, 114.74, 92.48, 0.000936886
FILLER_0_30_236, 114.74, 92.48, 0.000936886
_1231_, 127.54, 92.48, 0.000832976
_1240_, 127.54, 92.48, 0.000832976
_1241_, 127.54, 92.48, 0.000832976
_1242_, 127.54, 92.48, 0.000832976
_1290_, 127.54, 92.48, 0.000832976
FILLER_0_29_254, 127.54, 92.48, 0.000832976
FILLER_0_31_276, 127.54, 92.48, 0.000832976
FILLER_0_30_304, 140.34, 92.48, 0.000662569
FILLER_0_30_357, 165.94, 92.48, 0.000321755
FILLER_0_29_385, 186.43, 92.48, 0.000151347
FILLER_0_30_401, 186.43, 92.48, 0.000151347
PHY_EDGE_ROW_27_Left_92, 5.52, 87.04, 0.000150013
PHY_EDGE_ROW_28_Left_93, 5.52, 87.04, 0.000150013
PHY_EDGE_ROW_27_Right_27, 194.12, 87.04, 0.00011535
PHY_EDGE_ROW_28_Right_28, 194.12, 87.04, 0.00011535
_0780_, 15.33, 87.04, 0.000150013
_0824_, 15.33, 87.04, 0.000150013
_0825_, 15.33, 87.04, 0.000150013
_0826_, 15.33, 87.04, 0.000150013
_0961_, 15.33, 87.04, 0.000150013
FILLER_0_28_15, 15.33, 87.04, 0.000150013
_0773_, 37.94, 87.04, 0.00026823
_0829_, 37.94, 87.04, 0.00026823
_0830_, 37.94, 87.04, 0.00026823
_0831_, 37.94, 87.04, 0.00026823
FILLER_0_27_57, 37.94, 87.04, 0.00026823
_0771_, 50.74, 87.04, 0.000380681
_0772_, 50.74, 87.04, 0.000380681
_0832_, 50.74, 87.04, 0.000380681
_0855_, 50.74, 87.04, 0.000380681
FILLER_0_28_97, 50.74, 87.04, 0.000380681
FILLER_0_28_105, 50.74, 87.04, 0.000380681
FILLER_0_29_105, 50.74, 87.04, 0.000380681
_0833_, 63.54, 87.04, 0.000486196
_0835_, 63.54, 87.04, 0.000486196
_0836_, 63.54, 87.04, 0.000486196
_0890_, 63.54, 87.04, 0.000486196
FILLER_0_28_129, 63.54, 87.04, 0.000486196
FILLER_0_28_137, 63.54, 87.04, 0.000486196
FILLER_0_29_136, 63.54, 87.04, 0.000486196
_0849_, 76.34, 87.04, 0.000575213
_0850_, 76.34, 87.04, 0.000575213
_0852_, 76.34, 87.04, 0.000575213
_0853_, 76.34, 87.04, 0.000575213
_0892_, 76.34, 87.04, 0.000575213
FILLER_0_28_153, 76.34, 87.04, 0.000575213
FILLER_0_29_163, 76.34, 87.04, 0.000575213
_0845_, 89.14, 87.04, 0.000649151
_0894_, 89.14, 87.04, 0.000649151
_0895_, 89.14, 87.04, 0.000649151
_0896_, 89.14, 87.04, 0.000649151
_0897_, 89.14, 87.04, 0.000649151
_0903_, 89.14, 87.04, 0.000649151
FILLER_0_28_171, 89.14, 87.04, 0.000649151
_1243_, 101.94, 87.04, 0.000665207
_1244_, 101.94, 87.04, 0.000665207
_1270_, 101.94, 87.04, 0.000665207
FILLER_0_29_221, 101.94, 87.04, 0.000665207
_1235_, 114.74, 87.04, 0.000635292
_1236_, 114.74, 87.04, 0.000635292
_1237_, 114.74, 87.04, 0.000635292
_1253_, 114.74, 87.04, 0.000635292
FILLER_0_28_249, 114.74, 87.04, 0.000635292
_1154_, 127.54, 87.04, 0.000561522
FILLER_0_28_301, 140.34, 87.04, 0.000449979
FILLER_0_29_329, 153.14, 87.04, 0.000338436
FILLER_0_28_357, 165.94, 87.04, 0.000226893
FILLER_0_27_385, 186.43, 87.04, 0.00011535
FILLER_0_28_401, 186.43, 87.04, 0.00011535
PHY_EDGE_ROW_25_Left_90, 5.52, 81.6, 0.000178173
PHY_EDGE_ROW_26_Left_91, 5.52, 81.6, 0.000178173
FILLER_0_27_3, 5.52, 81.6, 0.000178173
PHY_EDGE_ROW_25_Right_25, 194.12, 81.6, 0.000197694
PHY_EDGE_ROW_26_Right_26, 194.12, 81.6, 0.000197694
output43, 194.12, 81.6, 0.000197694
_0779_, 15.33, 81.6, 0.000178173
_0781_, 15.33, 81.6, 0.000178173
FILLER_0_25_21, 15.33, 81.6, 0.000178173
_0731_, 37.94, 81.6, 0.000343552
_0733_, 37.94, 81.6, 0.000343552
_0734_, 37.94, 81.6, 0.000343552
_0735_, 37.94, 81.6, 0.000343552
_0768_, 37.94, 81.6, 0.000343552
_0770_, 37.94, 81.6, 0.000343552
_0787_, 37.94, 81.6, 0.000343552
FILLER_0_25_57, 37.94, 81.6, 0.000343552
FILLER_0_26_57, 37.94, 81.6, 0.000343552
FILLER_0_26_81, 37.94, 81.6, 0.000343552
FILLER_0_27_72, 37.94, 81.6, 0.000343552
FILLER_0_27_80, 37.94, 81.6, 0.000343552
_0789_, 50.74, 81.6, 0.00050195
_0790_, 50.74, 81.6, 0.00050195
_0807_, 50.74, 81.6, 0.00050195
_0834_, 50.74, 81.6, 0.00050195
FILLER_0_26_91, 50.74, 81.6, 0.00050195
FILLER_0_26_99, 50.74, 81.6, 0.00050195
FILLER_0_27_100, 50.74, 81.6, 0.00050195
_0792_, 63.54, 81.6, 0.000644147
_0837_, 63.54, 81.6, 0.000644147
_0838_, 63.54, 81.6, 0.000644147
_0839_, 63.54, 81.6, 0.000644147
_0851_, 63.54, 81.6, 0.000644147
FILLER_0_26_126, 63.54, 81.6, 0.000644147
FILLER_0_27_131, 63.54, 81.6, 0.000644147
FILLER_0_27_137, 63.54, 81.6, 0.000644147
_0800_, 76.34, 81.6, 0.000761416
_0840_, 76.34, 81.6, 0.000761416
_0841_, 76.34, 81.6, 0.000761416
_0843_, 76.34, 81.6, 0.000761416
_0844_, 76.34, 81.6, 0.000761416
_0847_, 76.34, 81.6, 0.000761416
FILLER_0_26_158, 76.34, 81.6, 0.000761416
_0801_, 89.14, 81.6, 0.000847383
_0848_, 89.14, 81.6, 0.000847383
_0898_, 89.14, 81.6, 0.000847383
_0899_, 89.14, 81.6, 0.000847383
_0900_, 89.14, 81.6, 0.000847383
FILLER_0_26_185, 89.14, 81.6, 0.000847383
_0640_, 101.94, 81.6, 0.00090308
_0641_, 101.94, 81.6, 0.00090308
_0764_, 101.94, 81.6, 0.00090308
_0901_, 101.94, 81.6, 0.00090308
_1251_, 101.94, 81.6, 0.00090308
_1292_, 101.94, 81.6, 0.00090308
FILLER_0_26_218, 101.94, 81.6, 0.00090308
FILLER_0_27_216, 101.94, 81.6, 0.00090308
_1249_, 114.74, 81.6, 0.000907785
_1254_, 114.74, 81.6, 0.000907785
_1255_, 114.74, 81.6, 0.000907785
_1258_, 114.74, 81.6, 0.000907785
clkbuf_2_1__f_clk, 114.74, 81.6, 0.000907785
FILLER_0_27_248, 114.74, 81.6, 0.000907785
_1252_, 127.54, 81.6, 0.000781276
_1257_, 127.54, 81.6, 0.000781276
FILLER_0_27_273, 127.54, 81.6, 0.000781276
FILLER_0_27_329, 153.14, 81.6, 0.000475713
FILLER_0_26_357, 165.94, 81.6, 0.000322932
FILLER_0_25_385, 186.43, 81.6, 0.000183922
FILLER_0_25_393, 186.43, 81.6, 0.000183922
FILLER_0_26_401, 186.43, 81.6, 0.000183922
PHY_EDGE_ROW_23_Left_88, 5.52, 76.16, 0.000182564
PHY_EDGE_ROW_24_Left_89, 5.52, 76.16, 0.000182564
output50, 5.52, 76.16, 0.000182564
PHY_EDGE_ROW_23_Right_23, 194.12, 76.16, 8.81152e-05
PHY_EDGE_ROW_24_Right_24, 194.12, 76.16, 8.81152e-05
_0660_, 15.33, 76.16, 0.000162541
_0706_, 15.33, 76.16, 0.000162541
_0738_, 15.33, 76.16, 0.000162541
FILLER_0_23_15, 15.33, 76.16, 0.000162541
FILLER_0_24_15, 15.33, 76.16, 0.000162541
_0736_, 37.94, 76.16, 0.00023009
_0743_, 37.94, 76.16, 0.00023009
_0786_, 37.94, 76.16, 0.00023009
FILLER_0_24_59, 37.94, 76.16, 0.00023009
FILLER_0_24_75, 37.94, 76.16, 0.00023009
FILLER_0_25_79, 37.94, 76.16, 0.00023009
_0745_, 50.74, 76.16, 0.000317703
_0746_, 50.74, 76.16, 0.000317703
_0788_, 50.74, 76.16, 0.000317703
_0791_, 50.74, 76.16, 0.000317703
_0793_, 50.74, 76.16, 0.000317703
FILLER_0_24_105, 50.74, 76.16, 0.000317703
_0794_, 63.54, 76.16, 0.000393559
_0795_, 63.54, 76.16, 0.000393559
_0796_, 63.54, 76.16, 0.000393559
FILLER_0_23_113, 63.54, 76.16, 0.000393559
FILLER_0_24_137, 63.54, 76.16, 0.000393559
_0797_, 76.34, 76.16, 0.000453721
_0799_, 76.34, 76.16, 0.000453721
_0846_, 76.34, 76.16, 0.000453721
_1268_, 76.34, 76.16, 0.000453721
FILLER_0_24_158, 76.34, 76.16, 0.000453721
FILLER_0_25_160, 76.34, 76.16, 0.000453721
_0762_, 89.14, 76.16, 0.000479888
_0802_, 89.14, 76.16, 0.000479888
_0803_, 89.14, 76.16, 0.000479888
_0804_, 89.14, 76.16, 0.000479888
_0805_, 89.14, 76.16, 0.000479888
_0806_, 89.14, 76.16, 0.000479888
FILLER_0_24_176, 89.14, 76.16, 0.000479888
FILLER_0_24_186, 89.14, 76.16, 0.000479888
_0763_, 101.94, 76.16, 0.000485248
_1267_, 101.94, 76.16, 0.000485248
hold11, 101.94, 76.16, 0.000485248
FILLER_0_23_201, 101.94, 76.16, 0.000485248
FILLER_0_24_219, 101.94, 76.16, 0.000485248
_1250_, 114.74, 76.16, 0.000463018
_1256_, 114.74, 76.16, 0.000463018
_1259_, 114.74, 76.16, 0.000463018
_1293_, 114.74, 76.16, 0.000463018
FILLER_0_24_228, 114.74, 76.16, 0.000463018
_1260_, 127.54, 76.16, 0.000390326
FILLER_0_25_271, 127.54, 76.16, 0.000390326
FILLER_0_25_329, 153.14, 76.16, 0.000239221
FILLER_0_24_357, 165.94, 76.16, 0.000163668
FILLER_0_23_385, 186.43, 76.16, 8.81152e-05
FILLER_0_24_401, 186.43, 76.16, 8.81152e-05
PHY_EDGE_ROW_21_Left_86, 5.52, 70.72, 0.000107932
PHY_EDGE_ROW_22_Left_87, 5.52, 70.72, 0.000107932
PHY_EDGE_ROW_21_Right_21, 194.12, 70.72, 6.79626e-05
PHY_EDGE_ROW_22_Right_22, 194.12, 70.72, 6.79626e-05
_0705_, 15.33, 70.72, 0.000107932
_0707_, 15.33, 70.72, 0.000107932
_0708_, 15.33, 70.72, 0.000107932
_0709_, 15.33, 70.72, 0.000107932
_0742_, 15.33, 70.72, 0.000107932
FILLER_0_21_15, 15.33, 70.72, 0.000107932
_0658_, 37.94, 70.72, 0.000194707
_0700_, 37.94, 70.72, 0.000194707
_0702_, 37.94, 70.72, 0.000194707
_0703_, 37.94, 70.72, 0.000194707
_0704_, 37.94, 70.72, 0.000194707
FILLER_0_21_57, 37.94, 70.72, 0.000194707
FILLER_0_22_57, 37.94, 70.72, 0.000194707
_0748_, 50.74, 70.72, 0.000277329
_0749_, 50.74, 70.72, 0.000277329
_0750_, 50.74, 70.72, 0.000277329
FILLER_0_22_85, 50.74, 70.72, 0.000277329
FILLER_0_22_111, 50.74, 70.72, 0.000277329
FILLER_0_23_108, 50.74, 70.72, 0.000277329
_0717_, 63.54, 70.72, 0.000352682
_0753_, 63.54, 70.72, 0.000352682
_0754_, 63.54, 70.72, 0.000352682
_0766_, 63.54, 70.72, 0.000352682
_0767_, 63.54, 70.72, 0.000352682
_0798_, 63.54, 70.72, 0.000352682
FILLER_0_21_113, 63.54, 70.72, 0.000352682
FILLER_0_22_134, 63.54, 70.72, 0.000352682
FILLER_0_23_131, 63.54, 70.72, 0.000352682
_0755_, 76.34, 70.72, 0.000411235
_0756_, 76.34, 70.72, 0.000411235
_0765_, 76.34, 70.72, 0.000411235
FILLER_0_22_159, 76.34, 70.72, 0.000411235
_0721_, 89.14, 70.72, 0.000464979
_0757_, 89.14, 70.72, 0.000464979
_0758_, 89.14, 70.72, 0.000464979
_0760_, 89.14, 70.72, 0.000464979
_0761_, 89.14, 70.72, 0.000464979
clkbuf_2_0__f_clk, 89.14, 70.72, 0.000464979
FILLER_0_23_217, 101.94, 70.72, 0.000414519
_1261_, 114.74, 70.72, 0.000364059
FILLER_0_22_245, 114.74, 70.72, 0.000364059
FILLER_0_23_271, 127.54, 70.72, 0.00030484
FILLER_0_22_301, 140.34, 70.72, 0.00024562
FILLER_0_23_329, 153.14, 70.72, 0.000186401
FILLER_0_22_357, 165.94, 70.72, 0.000127182
FILLER_0_21_385, 186.43, 70.72, 6.79626e-05
FILLER_0_22_401, 186.43, 70.72, 6.79626e-05
PHY_EDGE_ROW_19_Left_84, 5.52, 65.28, 6.89703e-05
PHY_EDGE_ROW_20_Left_85, 5.52, 65.28, 6.89703e-05
PHY_EDGE_ROW_19_Right_19, 194.12, 65.28, 3.1491e-05
PHY_EDGE_ROW_20_Right_20, 194.12, 65.28, 3.1491e-05
_0643_, 15.33, 65.28, 6.89703e-05
_0679_, 15.33, 65.28, 6.89703e-05
_0712_, 15.33, 65.28, 6.89703e-05
FILLER_0_19_15, 15.33, 65.28, 6.89703e-05
FILLER_0_20_15, 15.33, 65.28, 6.89703e-05
_0684_, 37.94, 65.28, 0.000107581
_0713_, 37.94, 65.28, 0.000107581
_0714_, 37.94, 65.28, 0.000107581
_0747_, 37.94, 65.28, 0.000107581
FILLER_0_19_57, 37.94, 65.28, 0.000107581
FILLER_0_20_66, 37.94, 65.28, 0.000107581
FILLER_0_21_71, 37.94, 65.28, 0.000107581
FILLER_0_21_79, 37.94, 65.28, 0.000107581
_0715_, 50.74, 65.28, 0.000147051
_0751_, 50.74, 65.28, 0.000147051
FILLER_0_19_89, 50.74, 65.28, 0.000147051
FILLER_0_19_97, 50.74, 65.28, 0.000147051
FILLER_0_20_105, 50.74, 65.28, 0.000147051
FILLER_0_21_108, 50.74, 65.28, 0.000147051
_0718_, 63.54, 65.28, 0.000180206
_0719_, 63.54, 65.28, 0.000180206
_0720_, 63.54, 65.28, 0.000180206
_0752_, 63.54, 65.28, 0.000180206
FILLER_0_19_113, 63.54, 65.28, 0.000180206
FILLER_0_20_134, 63.54, 65.28, 0.000180206
_0632_, 76.34, 65.28, 0.000203792
_0649_, 76.34, 65.28, 0.000203792
_0651_, 76.34, 65.28, 0.000203792
_0722_, 76.34, 65.28, 0.000203792
_0759_, 76.34, 65.28, 0.000203792
FILLER_0_20_141, 76.34, 65.28, 0.000203792
FILLER_0_21_161, 76.34, 65.28, 0.000203792
_0723_, 89.14, 65.28, 0.000209756
_0726_, 89.14, 65.28, 0.000209756
_0728_, 89.14, 65.28, 0.000209756
_1266_, 89.14, 65.28, 0.000209756
FILLER_0_19_169, 89.14, 65.28, 0.000209756
FILLER_0_19_178, 89.14, 65.28, 0.000209756
_0729_, 101.94, 65.28, 0.000185311
FILLER_0_21_218, 101.94, 65.28, 0.000185311
FILLER_0_20_245, 114.74, 65.28, 0.000159674
FILLER_0_21_273, 127.54, 65.28, 0.000134038
FILLER_0_20_301, 140.34, 65.28, 0.000108401
FILLER_0_21_329, 153.14, 65.28, 8.27643e-05
FILLER_0_20_357, 165.94, 65.28, 5.71277e-05
FILLER_0_19_385, 186.43, 65.28, 3.1491e-05
FILLER_0_19_393, 186.43, 65.28, 3.1491e-05
FILLER_0_20_401, 186.43, 65.28, 3.1491e-05
PHY_EDGE_ROW_17_Left_82, 5.52, 59.84, 2.7255e-05
PHY_EDGE_ROW_18_Left_83, 5.52, 59.84, 2.7255e-05
PHY_EDGE_ROW_17_Right_17, 194.12, 59.84, 4.22601e-05
PHY_EDGE_ROW_18_Right_18, 194.12, 59.84, 4.22601e-05
_0711_, 15.33, 59.84, 2.72549e-05
FILLER_0_19_25, 15.33, 59.84, 2.72549e-05
_0634_, 37.94, 59.84, 5.38681e-05
_0661_, 37.94, 59.84, 5.38681e-05
_0662_, 37.94, 59.84, 5.38681e-05
_0685_, 37.94, 59.84, 5.38681e-05
_0698_, 37.94, 59.84, 5.38681e-05
_0699_, 37.94, 59.84, 5.38681e-05
_0716_, 37.94, 59.84, 5.38681e-05
FILLER_0_17_69, 37.94, 59.84, 5.38681e-05
FILLER_0_19_78, 37.94, 59.84, 5.38681e-05
_0645_, 50.74, 59.84, 6.8932e-05
_0646_, 50.74, 59.84, 6.8932e-05
_0664_, 50.74, 59.84, 6.8932e-05
_0666_, 50.74, 59.84, 6.8932e-05
_0688_, 50.74, 59.84, 6.8932e-05
FILLER_0_17_98, 50.74, 59.84, 6.8932e-05
FILLER_0_18_85, 50.74, 59.84, 6.8932e-05
FILLER_0_18_93, 50.74, 59.84, 6.8932e-05
FILLER_0_18_106, 50.74, 59.84, 6.8932e-05
FILLER_0_19_107, 50.74, 59.84, 6.8932e-05
_0647_, 63.54, 59.84, 7.83524e-05
_0648_, 63.54, 59.84, 7.83524e-05
_0690_, 63.54, 59.84, 7.83524e-05
_0691_, 63.54, 59.84, 7.83524e-05
FILLER_0_17_124, 63.54, 59.84, 7.83524e-05
FILLER_0_18_133, 63.54, 59.84, 7.83524e-05
FILLER_0_19_127, 63.54, 59.84, 7.83524e-05
_0636_, 76.34, 59.84, 8.01269e-05
_0637_, 76.34, 59.84, 8.01269e-05
_0650_, 76.34, 59.84, 8.01269e-05
_0671_, 76.34, 59.84, 8.01269e-05
FILLER_0_18_145, 76.34, 59.84, 8.01269e-05
FILLER_0_19_162, 76.34, 59.84, 8.01269e-05
_0724_, 89.14, 59.84, 7.87241e-05
_0727_, 89.14, 59.84, 7.87241e-05
FILLER_0_17_169, 89.14, 59.84, 7.87241e-05
FILLER_0_17_178, 89.14, 59.84, 7.87241e-05
FILLER_0_18_190, 89.14, 59.84, 7.87241e-05
_0631_, 101.94, 59.84, 7.40479e-05
FILLER_0_17_204, 101.94, 59.84, 7.40479e-05
FILLER_0_18_245, 114.74, 59.84, 6.61366e-05
FILLER_0_19_273, 127.54, 59.84, 5.82253e-05
FILLER_0_18_301, 140.34, 59.84, 5.03139e-05
FILLER_0_19_329, 153.14, 59.84, 4.24026e-05
FILLER_0_18_357, 165.94, 59.84, 3.44912e-05
output39, 186.43, 59.84, 4.22601e-05
FILLER_0_17_385, 186.43, 59.84, 4.22601e-05
FILLER_0_18_401, 186.43, 59.84, 4.22601e-05
PHY_EDGE_ROW_15_Left_80, 5.52, 54.4, 3.65603e-05
PHY_EDGE_ROW_16_Left_81, 5.52, 54.4, 3.65603e-05
PHY_EDGE_ROW_15_Right_15, 194.12, 54.4, 2.07988e-05
PHY_EDGE_ROW_16_Right_16, 194.12, 54.4, 2.07988e-05
_0663_, 37.94, 54.4, 7.97064e-05
_0676_, 37.94, 54.4, 7.97064e-05
_0686_, 37.94, 54.4, 7.97064e-05
_0687_, 37.94, 54.4, 7.97064e-05
FILLER_0_16_70, 37.94, 54.4, 7.97064e-05
_0665_, 50.74, 54.4, 0.000116049
_0667_, 50.74, 54.4, 0.000116049
_0689_, 50.74, 54.4, 0.000116049
FILLER_0_16_97, 50.74, 54.4, 0.000116049
_0668_, 63.54, 54.4, 0.000149664
_0669_, 63.54, 54.4, 0.000149664
_0670_, 63.54, 54.4, 0.000149664
_0672_, 63.54, 54.4, 0.000149664
_0693_, 63.54, 54.4, 0.000149664
FILLER_0_15_113, 63.54, 54.4, 0.000149664
FILLER_0_16_137, 63.54, 54.4, 0.000149664
_0638_, 76.34, 54.4, 0.000173319
_0657_, 76.34, 54.4, 0.000173319
_0673_, 76.34, 54.4, 0.000173319
_0674_, 76.34, 54.4, 0.000173319
_1262_, 76.34, 54.4, 0.000173319
FILLER_0_15_153, 76.34, 54.4, 0.000173319
FILLER_0_17_165, 76.34, 54.4, 0.000173319
_0692_, 89.14, 54.4, 0.000177816
_0694_, 89.14, 54.4, 0.000177816
_0695_, 89.14, 54.4, 0.000177816
_0696_, 89.14, 54.4, 0.000177816
_0725_, 89.14, 54.4, 0.000177816
_1265_, 101.94, 54.4, 0.000170323
FILLER_0_17_214, 101.94, 54.4, 0.000170323
FILLER_0_16_249, 114.74, 54.4, 0.000145402
FILLER_0_17_273, 127.54, 54.4, 0.000120481
FILLER_0_16_301, 140.34, 54.4, 9.55607e-05
FILLER_0_17_329, 153.14, 54.4, 7.06401e-05
FILLER_0_16_357, 165.94, 54.4, 4.57194e-05
FILLER_0_15_385, 186.43, 54.4, 2.07988e-05
FILLER_0_16_401, 186.43, 54.4, 2.07988e-05
PHY_EDGE_ROW_13_Left_78, 5.52, 48.96, 6.84422e-05
PHY_EDGE_ROW_14_Left_79, 5.52, 48.96, 6.84422e-05
output23, 5.52, 48.96, 6.84422e-05
PHY_EDGE_ROW_13_Right_13, 194.12, 48.96, 6.77383e-06
PHY_EDGE_ROW_14_Right_14, 194.12, 48.96, 6.77383e-06
FILLER_0_14_21, 15.33, 48.96, 4.99326e-05
FILLER_0_14_77, 37.94, 48.96, 4.28554e-05
FILLER_0_15_105, 50.74, 48.96, 5.42878e-05
_1264_, 63.54, 48.96, 6.57202e-05
FILLER_0_14_133, 63.54, 48.96, 6.57202e-05
_0639_, 76.34, 48.96, 6.02829e-05
FILLER_0_15_164, 76.34, 48.96, 6.02829e-05
_0697_, 89.14, 48.96, 5.44431e-05
FILLER_0_14_189, 89.14, 48.96, 5.44431e-05
FILLER_0_15_217, 101.94, 48.96, 4.76332e-05
FILLER_0_14_245, 114.74, 48.96, 4.08233e-05
FILLER_0_15_273, 127.54, 48.96, 3.40135e-05
FILLER_0_14_301, 140.34, 48.96, 2.72036e-05
FILLER_0_15_329, 153.14, 48.96, 2.03936e-05
FILLER_0_14_357, 165.94, 48.96, 1.35837e-05
FILLER_0_13_385, 186.43, 48.96, 6.77382e-06
FILLER_0_14_401, 186.43, 48.96, 6.77382e-06
PHY_EDGE_ROW_11_Left_76, 5.52, 43.52, 2.7935e-06
PHY_EDGE_ROW_12_Left_77, 5.52, 43.52, 2.7935e-06
PHY_EDGE_ROW_11_Right_11, 194.12, 43.52, 7.09665e-06
PHY_EDGE_ROW_12_Right_12, 194.12, 43.52, 7.09665e-06
FILLER_0_12_77, 37.94, 43.52, 2.93646e-06
FILLER_0_13_105, 50.74, 43.52, 3.07944e-06
FILLER_0_12_133, 63.54, 43.52, 3.22241e-06
FILLER_0_13_161, 76.34, 43.52, 3.36537e-06
FILLER_0_12_189, 89.14, 43.52, 3.50832e-06
FILLER_0_13_217, 101.94, 43.52, 3.65126e-06
FILLER_0_12_245, 114.74, 43.52, 3.79419e-06
FILLER_0_13_273, 127.54, 43.52, 3.93711e-06
FILLER_0_12_301, 140.34, 43.52, 4.08001e-06
FILLER_0_13_329, 153.14, 43.52, 4.22291e-06
FILLER_0_12_357, 165.94, 43.52, 4.36579e-06
input5, 186.43, 43.52, 7.09664e-06
FILLER_0_11_385, 186.43, 43.52, 7.09664e-06
PHY_EDGE_ROW_9_Left_74, 5.52, 38.08, 1.69107e-06
PHY_EDGE_ROW_10_Left_75, 5.52, 38.08, 1.69107e-06
PHY_EDGE_ROW_9_Right_9, 194.12, 38.08, 9.07453e-07
PHY_EDGE_ROW_10_Right_10, 194.12, 38.08, 9.07453e-07
FILLER_0_10_77, 37.94, 38.08, 1.6258e-06
FILLER_0_11_105, 50.74, 38.08, 1.56054e-06
FILLER_0_10_133, 63.54, 38.08, 1.49528e-06
FILLER_0_11_161, 76.34, 38.08, 1.43e-06
FILLER_0_10_189, 89.14, 38.08, 1.36472e-06
FILLER_0_11_217, 101.94, 38.08, 1.29942e-06
FILLER_0_10_245, 114.74, 38.08, 1.23411e-06
FILLER_0_11_273, 127.54, 38.08, 1.1688e-06
FILLER_0_10_301, 140.34, 38.08, 1.10347e-06
FILLER_0_11_329, 153.14, 38.08, 1.03813e-06
FILLER_0_10_357, 165.94, 38.08, 9.72776e-07
FILLER_0_9_385, 186.43, 38.08, 9.0744e-07
FILLER_0_10_401, 186.43, 38.08, 9.0744e-07
PHY_EDGE_ROW_7_Left_72, 5.52, 32.64, 9.16608e-07
PHY_EDGE_ROW_8_Left_73, 5.52, 32.64, 9.16608e-07
PHY_EDGE_ROW_7_Right_7, 194.12, 32.64, 6.12337e-06
PHY_EDGE_ROW_8_Right_8, 194.12, 32.64, 6.12337e-06
input14, 194.12, 32.64, 6.12337e-06
FILLER_0_8_77, 37.94, 32.64, 1.05875e-06
FILLER_0_9_105, 50.74, 32.64, 1.20091e-06
FILLER_0_8_133, 63.54, 32.64, 1.34306e-06
FILLER_0_9_161, 76.34, 32.64, 1.4852e-06
FILLER_0_8_189, 89.14, 32.64, 1.62733e-06
FILLER_0_9_217, 101.94, 32.64, 1.76945e-06
FILLER_0_8_245, 114.74, 32.64, 1.91155e-06
FILLER_0_9_273, 127.54, 32.64, 2.05365e-06
FILLER_0_8_301, 140.34, 32.64, 2.19574e-06
FILLER_0_9_329, 153.14, 32.64, 2.33781e-06
FILLER_0_8_357, 165.94, 32.64, 2.47988e-06
FILLER_0_7_385, 186.43, 32.64, 4.37266e-06
FILLER_0_7_393, 186.43, 32.64, 4.37266e-06
FILLER_0_8_401, 186.43, 32.64, 4.37266e-06
PHY_EDGE_ROW_5_Left_70, 5.52, 27.2, 5.50767e-05
PHY_EDGE_ROW_6_Left_71, 5.52, 27.2, 5.50767e-05
output22, 5.52, 27.2, 5.50767e-05
PHY_EDGE_ROW_5_Right_5, 194.12, 27.2, 1.09302e-06
PHY_EDGE_ROW_6_Right_6, 194.12, 27.2, 1.09302e-06
FILLER_0_6_77, 37.94, 27.2, 1.64762e-05
FILLER_0_7_105, 50.74, 27.2, 1.50777e-05
FILLER_0_6_133, 63.54, 27.2, 1.36793e-05
FILLER_0_7_161, 76.34, 27.2, 1.22809e-05
FILLER_0_6_189, 89.14, 27.2, 1.08824e-05
FILLER_0_7_217, 101.94, 27.2, 9.48396e-06
FILLER_0_6_245, 114.74, 27.2, 8.08549e-06
FILLER_0_7_273, 127.54, 27.2, 6.68701e-06
FILLER_0_6_301, 140.34, 27.2, 5.28852e-06
FILLER_0_7_329, 153.14, 27.2, 3.89002e-06
FILLER_0_6_357, 165.94, 27.2, 2.4915e-06
FILLER_0_5_385, 186.43, 27.2, 1.09301e-06
FILLER_0_6_401, 186.43, 27.2, 1.09301e-06
PHY_EDGE_ROW_3_Left_68, 5.52, 21.76, 5.97969e-06
PHY_EDGE_ROW_4_Left_69, 5.52, 21.76, 5.97969e-06
PHY_EDGE_ROW_3_Right_3, 194.12, 21.76, 4.0479e-06
PHY_EDGE_ROW_4_Right_4, 194.12, 21.76, 4.0479e-06
FILLER_0_4_77, 37.94, 21.76, 5.81874e-06
FILLER_0_5_105, 50.74, 21.76, 5.6578e-06
FILLER_0_4_133, 63.54, 21.76, 5.49686e-06
FILLER_0_5_161, 76.34, 21.76, 5.3359e-06
FILLER_0_4_189, 89.14, 21.76, 5.17493e-06
FILLER_0_5_217, 101.94, 21.76, 5.01395e-06
FILLER_0_4_245, 114.74, 21.76, 4.85297e-06
FILLER_0_5_273, 127.54, 21.76, 4.69197e-06
FILLER_0_4_301, 140.34, 21.76, 4.53096e-06
FILLER_0_5_329, 153.14, 21.76, 4.36993e-06
FILLER_0_4_357, 165.94, 21.76, 4.2089e-06
FILLER_0_3_385, 186.43, 21.76, 4.04789e-06
FILLER_0_4_401, 186.43, 21.76, 4.04789e-06
PHY_EDGE_ROW_1_Left_66, 5.52, 16.32, 1.19661e-05
PHY_EDGE_ROW_2_Left_67, 5.52, 16.32, 1.19661e-05
PHY_EDGE_ROW_1_Right_1, 194.12, 16.32, 8.08886e-06
PHY_EDGE_ROW_2_Right_2, 194.12, 16.32, 8.08886e-06
FILLER_0_2_77, 37.94, 16.32, 1.1643e-05
FILLER_0_3_105, 50.74, 16.32, 1.132e-05
FILLER_0_2_133, 63.54, 16.32, 1.09969e-05
FILLER_0_3_161, 76.34, 16.32, 1.06738e-05
FILLER_0_2_189, 89.14, 16.32, 1.03507e-05
FILLER_0_3_217, 101.94, 16.32, 1.00276e-05
FILLER_0_2_245, 114.74, 16.32, 9.70453e-06
FILLER_0_3_273, 127.54, 16.32, 9.38141e-06
FILLER_0_2_301, 140.34, 16.32, 9.05828e-06
FILLER_0_3_329, 153.14, 16.32, 8.73513e-06
FILLER_0_2_357, 165.94, 16.32, 8.41198e-06
FILLER_0_1_385, 186.43, 16.32, 8.08885e-06
FILLER_0_1_393, 186.43, 16.32, 8.08885e-06
FILLER_0_2_401, 186.43, 16.32, 8.08885e-06
PHY_EDGE_ROW_0_Left_65, 5.52, 10.88, 0.000182478
input10, 5.52, 10.88, 0.000182478
output32, 5.52, 10.88, 0.000182478
FILLER_0_0_9, 5.52, 10.88, 0.000182478
PHY_EDGE_ROW_0_Right_0, 194.12, 10.88, 8.08196e-05
output31, 15.33, 10.88, 0.000160392
ANTENNA_2, 15.33, 10.88, 0.000160392
FILLER_0_0_23, 15.33, 10.88, 0.000160392
output40, 37.94, 10.88, 0.00019111
FILLER_0_0_75, 37.94, 10.88, 0.00019111
output41, 50.74, 10.88, 0.000237535
FILLER_0_0_105, 50.74, 10.88, 0.000237535
FILLER_0_1_105, 50.74, 10.88, 0.000237535
output35, 63.54, 10.88, 0.000278861
FILLER_0_0_133, 63.54, 10.88, 0.000278861
output26, 76.34, 10.88, 0.000293859
ANTENNA_1, 76.34, 10.88, 0.000293859
FILLER_0_0_141, 76.34, 10.88, 0.000293859
FILLER_0_1_161, 76.34, 10.88, 0.000293859
output44, 89.14, 10.88, 0.000285799
FILLER_0_0_181, 89.14, 10.88, 0.000285799
FILLER_0_0_191, 89.14, 10.88, 0.000285799
FILLER_0_0_221, 101.94, 10.88, 0.000271501
FILLER_0_1_217, 101.94, 10.88, 0.000271501
input4, 114.74, 10.88, 0.000257204
FILLER_0_0_243, 114.74, 10.88, 0.000257204
output49, 127.54, 10.88, 0.000238996
FILLER_0_0_271, 127.54, 10.88, 0.000238996
FILLER_0_1_273, 127.54, 10.88, 0.000238996
input2, 140.34, 10.88, 0.000203495
FILLER_0_0_301, 140.34, 10.88, 0.000203495
input1, 153.14, 10.88, 0.000164168
FILLER_0_0_309, 153.14, 10.88, 0.000164168
FILLER_0_1_329, 153.14, 10.88, 0.000164168
output19, 165.94, 10.88, 0.000121126
FILLER_0_0_349, 165.94, 10.88, 0.000121126
FILLER_0_0_359, 165.94, 10.88, 0.000121126
input8, 186.43, 10.88, 8.08196e-05
input12, 186.43, 10.88, 8.08196e-05
FILLER_0_0_387, 186.43, 10.88, 8.08196e-05
FILLER_0_0_393, 186.43, 10.88, 8.08196e-05

