Clock: clk
Sources: clk 
Generated: no
Virtual: yes
Propagated: no
Period: 10.000000

===========================================================================
report_clock_properties
============================================================================
Clock                   Period          Waveform
----------------------------------------------------
clk                  10.000000    0.000000  5.000000

===========================================================================
report_clock_latency
============================================================================
Clock clk
rise -> rise
    min     max
0.000000 0.000000 source latency
0.337273         network latency _1451_/CLK
        0.353703 network latency _1391_/CLK
---------------
0.337273 0.353703 latency
        0.016430 skew

fall -> fall
    min     max
0.000000 0.000000 source latency
0.289996         network latency _1451_/CLK
        0.305288 network latency _1391_/CLK
---------------
0.289996 0.305288 latency
        0.015292 skew



===========================================================================
report_clock_min_period
============================================================================
clk period_min = 4.17 fmax = 239.86
